TOTAL_MEASUREMENTS 4
AVERAGE_TEMPERATURE 15.00
MIN_TEMPERATURE 12.00
MAX_TEMPERATURE 18.00
AVERAGE_HUMIDITY 43.00
MIN_HUMIDITY 40.00
MAX_HUMIDITY 46.00
AVERAGE_PRESSURE 1001.50
MIN_PRESSURE 1000.00
MAX_PRESSURE 1003.00
TOTAL_RAINFALL 3.50
MAX_RAINFALL 2.50
AVERAGE_WIND_SPEED 3.50
MAX_WIND_SPEED 5.00
EXTREME_TEMPERATURE_EVENTS 0
HOTTEST_MEASUREMENT 18.00 0 190
COLDEST_MEASUREMENT 12.00 0 50
BUSIEST_INTERVAL 0 1
TOP_STATIONS
0 4 15.00 3.50
