TOTAL_MEASUREMENTS 1
AVERAGE_TEMPERATURE 22.50
MIN_TEMPERATURE 22.50
MAX_TEMPERATURE 22.50
AVERAGE_HUMIDITY 55.00
MIN_HUMIDITY 55.00
MAX_HUMIDITY 55.00
AVERAGE_PRESSURE 1013.00
MIN_PRESSURE 1013.00
MAX_PRESSURE 1013.00
TOTAL_RAINFALL 0.00
MAX_RAINFALL 0.00
AVERAGE_WIND_SPEED 3.20
MAX_WIND_SPEED 3.20
EXTREME_TEMPERATURE_EVENTS 0
HOTTEST_MEASUREMENT 22.50 1 1700000000
COLDEST_MEASUREMENT 22.50 1 1700000000
BUSIEST_INTERVAL 28333333 1
TOP_STATIONS
1 1 22.50 0.00
