TOTAL_MEASUREMENTS 20
AVERAGE_TEMPERATURE 13.12
MIN_TEMPERATURE 7.40
MAX_TEMPERATURE 29.39
AVERAGE_HUMIDITY 46.62
MIN_HUMIDITY 29.23
MAX_HUMIDITY 78.33
AVERAGE_PRESSURE 1012.18
MIN_PRESSURE 996.67
MAX_PRESSURE 1024.40
TOTAL_RAINFALL 10.23
MAX_RAINFALL 6.07
AVERAGE_WIND_SPEED 6.42
MAX_WIND_SPEED 15.19
EXTREME_TEMPERATURE_EVENTS 0
HOTTEST_MEASUREMENT 29.39 3 1700000039
COLDEST_MEASUREMENT 7.40 0 1700000462
BUSIEST_INTERVAL 28333333 3
TOP_STATIONS
0 10 11.22 0.00
1 8 12.32 10.23
3 2 25.77 0.00
