TOTAL_MEASUREMENTS 50000000
AVERAGE_TEMPERATURE 19.31
MIN_TEMPERATURE -19.87
MAX_TEMPERATURE 56.63
AVERAGE_HUMIDITY 57.26
MIN_HUMIDITY 0.00
MAX_HUMIDITY 100.00
AVERAGE_PRESSURE 1004.58
MIN_PRESSURE 964.93
MAX_PRESSURE 1044.68
TOTAL_RAINFALL 24010894.48
MAX_RAINFALL 48.07
AVERAGE_WIND_SPEED 5.59
MAX_WIND_SPEED 41.12
EXTREME_TEMPERATURE_EVENTS 2672179
HOTTEST_MEASUREMENT 56.63 4 1701176484
COLDEST_MEASUREMENT -19.87 3253 1700701726
BUSIEST_INTERVAL 28341035 2689
TOP_STATIONS
0 501016 22.70 78389.09
1 206573 28.93 116642.43
2 159337 9.08 121774.11
3 133829 29.33 85607.32
4 117784 33.77 51260.09
5 106455 19.05 46161.06
6 97670 26.24 82824.47
7 91144 9.81 27882.30
8 85658 14.73 68337.03
9 81318 24.83 45890.54
