TOTAL_MEASUREMENTS 1000000
AVERAGE_TEMPERATURE 20.34
MIN_TEMPERATURE -15.94
MAX_TEMPERATURE 54.35
AVERAGE_HUMIDITY 55.89
MIN_HUMIDITY 2.92
MAX_HUMIDITY 100.00
AVERAGE_PRESSURE 1003.80
MIN_PRESSURE 967.81
MAX_PRESSURE 1041.44
TOTAL_RAINFALL 494530.00
MAX_RAINFALL 43.41
AVERAGE_WIND_SPEED 5.58
MAX_WIND_SPEED 33.78
EXTREME_TEMPERATURE_EVENTS 48798
HOTTEST_MEASUREMENT 54.35 226 1700044871
COLDEST_MEASUREMENT -15.94 56 1700006575
BUSIEST_INTERVAL 28334460 784
TOP_STATIONS
0 44678 22.69 7134.59
1 18475 28.88 10658.98
2 14171 9.11 11157.62
3 11983 29.29 7498.34
4 10571 33.70 4641.00
5 9584 19.02 4271.16
6 8943 26.20 7419.91
7 8155 9.76 2652.69
8 7542 14.73 6097.36
9 7311 24.85 4120.33
