TOTAL_MEASUREMENTS 20000000
AVERAGE_TEMPERATURE 19.42
MIN_TEMPERATURE -17.54
MAX_TEMPERATURE 55.89
AVERAGE_HUMIDITY 57.10
MIN_HUMIDITY 0.00
MAX_HUMIDITY 100.00
AVERAGE_PRESSURE 1004.47
MIN_PRESSURE 966.66
MAX_PRESSURE 1042.70
TOTAL_RAINFALL 9647887.96
MAX_RAINFALL 50.80
AVERAGE_WIND_SPEED 5.58
MAX_WIND_SPEED 37.98
EXTREME_TEMPERATURE_EVENTS 1075158
HOTTEST_MEASUREMENT 55.89 3996 1700570061
COLDEST_MEASUREMENT -17.54 2107 1700007733
BUSIEST_INTERVAL 28334752 2158
TOP_STATIONS
0 283316 22.68 44633.93
1 117286 28.92 66107.31
2 89517 9.05 68777.36
3 75551 29.29 48052.88
4 66726 33.74 28416.33
5 60495 19.01 25883.27
6 55254 26.25 46498.60
7 51452 9.79 15814.63
8 48521 14.72 38223.91
9 46136 24.88 26665.00
