TOTAL_MEASUREMENTS 5000000
AVERAGE_TEMPERATURE 19.75
MIN_TEMPERATURE -16.53
MAX_TEMPERATURE 54.97
AVERAGE_HUMIDITY 56.79
MIN_HUMIDITY 0.95
MAX_HUMIDITY 100.00
AVERAGE_PRESSURE 1004.20
MIN_PRESSURE 965.19
MAX_PRESSURE 1042.30
TOTAL_RAINFALL 2423529.98
MAX_RAINFALL 46.03
AVERAGE_WIND_SPEED 5.59
MAX_WIND_SPEED 36.04
EXTREME_TEMPERATURE_EVENTS 258291
HOTTEST_MEASUREMENT 54.97 415 1700134956
COLDEST_MEASUREMENT -16.53 308 1700094002
BUSIEST_INTERVAL 28335810 1285
TOP_STATIONS
0 112045 22.67 17439.25
1 46222 28.98 25665.98
2 35303 9.13 26068.95
3 29973 29.37 19279.74
4 26312 33.74 11457.37
5 23891 19.06 10064.26
6 21963 26.24 18107.06
7 20707 9.82 6384.52
8 19420 14.69 15317.78
9 18026 24.94 10568.48
