22:26:41 [server] DocumentService listening on 0.0.0.0:50151
22:26:45 [server] created report.txt           (11 chars) by ipv4:172.16.0.12:48802
22:26:50 [server] subscribe report.txt         by client2 (now 1)
22:26:54 [server] edit    report.txt           v1    pos=6    +12  chars by client1 -> 1 subscriber(s)
22:26:56 [server] edit    report.txt           v2    pos=0    +5   chars by client1 -> 1 subscriber(s)
22:27:03 [server] unsubscribe report.txt       by client2 (now 0)
22:27:03 [server] created concurrent2.txt      (11 chars) by ipv4:172.16.0.12:45640
22:27:03 [server] subscribe concurrent2.txt    by observer (now 1)
22:27:03 [server] edit    concurrent2.txt      v1    pos=6    +8   chars by client2 -> 1 subscriber(s)
22:27:03 [server] edit    concurrent2.txt      v2    pos=6    +12  chars by client1 -> 1 subscriber(s)
22:27:03 [server] unsubscribe concurrent2.txt  by observer (now 0)
22:27:04 [server] created concurrent8.txt      (11 chars) by ipv4:172.16.0.13:54524
22:27:04 [server] subscribe concurrent8.txt    by observer (now 1)
22:27:04 [server] edit    concurrent8.txt      v1    pos=6    +8   chars by client5 -> 1 subscriber(s)
22:27:04 [server] edit    concurrent8.txt      v2    pos=6    +8   chars by client8 -> 1 subscriber(s)
22:27:04 [server] edit    concurrent8.txt      v3    pos=6    +8   chars by client2 -> 1 subscriber(s)
22:27:04 [server] edit    concurrent8.txt      v4    pos=6    +12  chars by client1 -> 1 subscriber(s)
22:27:04 [server] edit    concurrent8.txt      v5    pos=6    +8   chars by client4 -> 1 subscriber(s)
22:27:04 [server] edit    concurrent8.txt      v6    pos=6    +8   chars by client3 -> 1 subscriber(s)
22:27:04 [server] edit    concurrent8.txt      v7    pos=6    +8   chars by client7 -> 1 subscriber(s)
22:27:04 [server] edit    concurrent8.txt      v8    pos=6    +8   chars by client6 -> 1 subscriber(s)
22:27:04 [server] unsubscribe concurrent8.txt  by observer (now 0)
22:27:04 [server] unsubscribe report.txt       by client2 (now 0)
22:27:04 [server] unsubscribe concurrent2.txt  by observer (now 0)
22:27:05 [server] created test_1789491425304.txt (11 chars) by ipv4:172.16.0.13:54530
22:27:05 [server] subscribe test_1789491425304.txt by tester (now 1)
22:27:05 [server] unsubscribe concurrent8.txt  by observer (now 0)
22:27:05 [server] edit    test_1789491425304.txt v1    pos=6    +12  chars by c1 -> 1 subscriber(s)
22:27:05 [server] edit    test_1789491425304.txt v2    pos=0    +3   chars by c1 -> 1 subscriber(s)
22:27:05 [server] edit    test_1789491425304.txt v3    pos=26   +1   chars by c1 -> 1 subscriber(s)
22:27:05 [server] edit    test_1789491425304.txt v4    pos=3    +0   chars by c1 -> 1 subscriber(s)
22:27:06 [server] unsubscribe test_1789491425304.txt by tester (now 0)
22:27:06 [server] edit    test_1789491425304.txt v5    pos=0    +1   chars by c1 -> 0 subscriber(s)
22:27:06 [server] unsubscribe test_1789491425304.txt by tester (now 0)
