TOTAL_MEASUREMENTS 0
AVERAGE_TEMPERATURE 0.00
MIN_TEMPERATURE 0.00
MAX_TEMPERATURE 0.00
AVERAGE_HUMIDITY 0.00
MIN_HUMIDITY 0.00
MAX_HUMIDITY 0.00
AVERAGE_PRESSURE 0.00
MIN_PRESSURE 0.00
MAX_PRESSURE 0.00
TOTAL_RAINFALL 0.00
MAX_RAINFALL 0.00
AVERAGE_WIND_SPEED 0.00
MAX_WIND_SPEED 0.00
EXTREME_TEMPERATURE_EVENTS 0
HOTTEST_MEASUREMENT 0.00 0 0
COLDEST_MEASUREMENT 0.00 0 0
BUSIEST_INTERVAL 0 0
TOP_STATIONS
