TOTAL_MEASUREMENTS 3
AVERAGE_TEMPERATURE 6.00
MIN_TEMPERATURE 5.00
MAX_TEMPERATURE 7.00
AVERAGE_HUMIDITY 21.00
MIN_HUMIDITY 20.00
MAX_HUMIDITY 22.00
AVERAGE_PRESSURE 991.00
MIN_PRESSURE 990.00
MAX_PRESSURE 992.00
TOTAL_RAINFALL 3.00
MAX_RAINFALL 3.00
AVERAGE_WIND_SPEED 2.00
MAX_WIND_SPEED 3.00
EXTREME_TEMPERATURE_EVENTS 0
HOTTEST_MEASUREMENT 7.00 2 130
COLDEST_MEASUREMENT 5.00 4 10
BUSIEST_INTERVAL 0 1
TOP_STATIONS
4 2 5.50 0.00
2 1 7.00 3.00
