0 0
1 INF
2 INF
3 INF
4 INF
5 INF
6 INF
7 INF
8 INF
9 INF
10 INF
11 INF
12 INF
13 INF
14 INF
15 INF
16 INF
17 INF
18 INF
19 INF
20 INF
21 INF
22 INF
23 INF
24 INF
25 INF
26 INF
27 INF
28 INF
29 INF
30 INF
31 INF
32 INF
33 INF
34 INF
35 INF
36 INF
37 INF
38 INF
39 INF
40 INF
41 INF
42 INF
43 INF
44 INF
45 INF
46 INF
47 INF
48 INF
49 INF
50 INF
51 INF
52 INF
53 INF
54 INF
55 INF
56 INF
57 INF
58 INF
59 INF
60 INF
61 INF
62 INF
63 INF
64 INF
65 INF
66 INF
67 INF
68 INF
69 INF
70 INF
71 INF
72 INF
73 INF
74 INF
75 INF
76 INF
77 INF
78 INF
79 INF
80 INF
81 INF
82 INF
83 INF
84 INF
85 INF
86 INF
87 INF
88 INF
89 INF
90 INF
91 INF
92 INF
93 INF
94 INF
95 INF
96 INF
97 INF
98 INF
99 INF
100 INF
101 INF
102 INF
103 INF
104 INF
105 INF
106 INF
107 INF
108 INF
109 INF
110 INF
111 INF
112 INF
113 INF
114 INF
115 INF
116 INF
117 INF
118 INF
119 INF
120 INF
121 INF
122 INF
123 INF
124 INF
125 INF
126 INF
127 INF
128 INF
129 INF
130 INF
131 INF
132 INF
133 INF
134 INF
135 518
136 INF
137 INF
138 INF
139 INF
140 INF
141 INF
142 INF
143 INF
144 INF
145 INF
146 INF
147 INF
148 INF
149 INF
150 INF
151 INF
152 INF
153 INF
154 INF
155 INF
156 INF
157 INF
158 INF
159 INF
160 INF
161 INF
162 INF
163 INF
164 INF
165 INF
166 INF
167 INF
168 INF
169 INF
170 INF
171 INF
172 INF
173 INF
174 INF
175 INF
176 INF
177 INF
178 INF
179 INF
180 886
181 176
182 INF
183 INF
184 INF
185 INF
186 INF
187 INF
188 INF
189 INF
190 624
191 INF
192 INF
193 INF
194 INF
195 INF
196 INF
197 INF
198 INF
199 INF
200 862
201 INF
202 INF
203 813
204 INF
205 INF
206 INF
207 INF
208 INF
209 INF
210 INF
211 INF
212 INF
213 INF
214 INF
215 1189
216 INF
217 INF
218 INF
219 INF
220 INF
221 1491
222 INF
223 INF
224 INF
225 INF
226 INF
227 INF
228 INF
229 INF
230 INF
231 630
232 882
233 863
234 INF
235 INF
236 INF
237 INF
238 393
239 INF
240 INF
241 INF
242 INF
243 1845
244 INF
245 INF
246 INF
247 INF
248 INF
249 INF
250 INF
251 INF
252 INF
253 INF
254 INF
255 INF
256 INF
257 INF
258 INF
259 INF
260 INF
261 INF
262 INF
263 INF
264 INF
265 INF
266 INF
267 INF
268 INF
269 INF
270 INF
271 INF
272 INF
273 INF
274 INF
275 INF
276 INF
277 INF
278 INF
279 INF
280 INF
281 INF
282 INF
283 INF
284 INF
285 1402
286 INF
287 INF
288 INF
289 1034
290 INF
291 INF
292 300
293 594
294 INF
295 INF
296 INF
297 INF
298 INF
299 INF
300 1624
301 INF
302 INF
303 1792
304 INF
305 INF
306 781
307 INF
308 INF
309 INF
310 648
311 1129
312 479
313 INF
314 INF
315 INF
316 INF
317 INF
318 INF
319 INF
320 1487
321 INF
322 INF
323 INF
324 772
325 INF
326 INF
327 1790
328 INF
329 INF
330 1030
331 INF
332 INF
333 INF
334 INF
335 INF
336 684
337 964
338 2181
339 INF
340 1085
341 INF
342 INF
343 1032
344 INF
345 INF
346 INF
347 1572
348 INF
349 1066
350 1189
351 INF
352 828
353 1716
354 1102
355 2141
356 INF
357 INF
358 INF
359 INF
360 INF
361 1991
362 1041
363 INF
364 2109
365 INF
366 1679
367 INF
368 INF
369 1535
370 INF
371 766
372 1634
373 INF
374 INF
375 INF
376 1553
377 INF
378 1833
379 779
380 INF
381 INF
382 INF
383 INF
384 INF
385 1452
386 639
387 INF
388 1942
389 INF
390 2262
391 1115
392 INF
393 785
394 873
395 INF
396 INF
397 INF
398 2418
399 756
400 1492
401 1215
402 2087
403 1837
404 INF
405 1550
406 545
407 1392
408 1257
409 862
410 1195
411 1050
412 2721
413 INF
414 INF
415 INF
416 2369
417 1620
418 1052
419 2154
420 1556
421 INF
422 1651
423 935
424 2148
425 2032
426 1415
427 1179
428 INF
429 1383
430 841
431 1308
432 1375
433 1547
434 INF
435 1555
436 856
437 1040
438 958
439 843
440 INF
441 1936
442 1200
443 1608
444 1160
445 975
446 INF
447 1609
448 1446
449 INF
450 INF
451 790
452 1924
453 INF
454 1677
455 1201
456 1326
457 INF
458 1935
459 1216
460 1573
461 735
462 2378
463 2469
464 2564
465 INF
466 1136
467 855
468 991
469 1723
470 2233
471 790
472 1541
473 1136
474 2004
475 1551
476 1568
477 2483
478 2524
479 1144
480 INF
481 1199
482 2954
483 912
484 1262
485 1736
486 1083
487 2644
488 1917
489 1148
490 INF
491 1739
492 1499
493 2338
494 1160
495 1538
496 1505
497 1632
498 2029
499 2347
500 947
501 1424
502 INF
503 2043
504 1634
505 1428
506 1466
507 1332
508 1306
509 1339
510 1559
511 1666
512 1261
513 1094
514 1550
515 1621
516 1484
517 2044
518 1678
519 2367
520 918
521 1466
522 1125
523 862
524 1710
525 1290
526 1231
527 1679
528 2259
529 1248
530 1535
531 2112
532 2461
533 1323
534 2085
535 1914
536 1690
537 1772
538 1553
539 2250
540 1652
541 2105
542 1026
543 1693
544 1430
545 1840
546 2189
547 2017
548 971
549 1738
550 1549
551 2553
552 2165
553 1782
554 1349
555 1426
556 1213
557 1814
558 1564
559 1495
560 1647
561 1499
562 1608
563 1606
564 1412
565 1097
566 1356
567 1682
568 1056
569 1696
570 1031
571 1649
572 1518
573 884
574 1306
575 1427
576 1744
577 1563
578 1659
579 1085
580 2069
581 1440
582 1496
583 1479
584 1303
585 1179
586 1444
587 1552
588 2271
589 1612
590 1048
591 972
592 1590
593 1356
594 1698
595 1172
596 1674
597 1696
598 2049
599 1533
600 1987
601 1611
602 1257
603 1263
604 1605
605 1880
606 1327
607 1763
608 2674
609 1686
610 1224
611 1866
612 1501
613 1467
614 1505
615 1555
616 2176
617 1853
618 1349
619 INF
620 1715
621 1227
622 1261
623 2202
624 1978
625 1051
626 1896
627 1733
628 1321
629 1129
630 1707
631 1804
632 1378
633 1461
634 2069
635 1497
636 1743
637 1354
638 1871
639 1406
640 1781
641 1994
642 1466
643 1894
644 1435
645 2178
646 1469
647 1711
648 1820
649 1675
650 2187
651 1962
652 1086
653 INF
654 1955
655 1190
656 1370
657 1135
658 2009
659 1155
660 1869
661 1599
662 1250
663 1448
664 1337
665 1026
666 1796
667 1318
668 1415
669 2035
670 1896
671 2085
672 1532
673 957
674 1855
675 2275
676 1748
677 1639
678 1673
679 1424
680 1207
681 1406
682 1498
683 1069
684 1629
685 1337
686 1194
687 1684
688 1797
689 1994
690 1753
691 1645
692 1232
693 1691
694 1270
695 1298
696 2134
697 957
698 2054
699 INF
700 2061
701 1778
702 1494
703 1427
704 1593
705 1520
706 1318
707 1593
708 1519
709 2485
710 1769
711 1517
712 1421
713 1505
714 1998
715 2082
716 1469
717 1537
718 1441
719 1382
720 1510
721 1440
722 1230
723 1939
724 1791
725 1399
726 1862
727 1567
728 1701
729 1745
730 1472
731 1636
732 1934
733 2294
734 2569
735 1101
736 1965
737 1355
738 1660
739 1635
740 1803
741 1928
742 1982
743 1633
744 INF
745 1554
746 1236
747 1630
748 2100
749 1828
750 1629
751 1326
752 2323
753 1709
754 1967
755 1531
756 1769
757 1935
758 1331
759 2045
760 2077
761 1740
762 1544
763 1912
764 1096
765 1687
766 2271
767 1668
768 1541
769 2158
770 1475
771 1749
772 1238
773 1348
774 1416
775 2010
776 1636
777 1440
778 1876
779 1953
780 1849
781 1561
782 1569
783 1764
784 1256
785 2334
786 1319
787 INF
788 1269
789 2035
790 2313
791 1473
792 1768
793 1557
794 1828
795 1522
796 2017
797 1381
798 1825
799 1531
800 1591
801 1858
802 1766
803 1392
804 1866
805 2054
806 1200
807 1812
808 2078
809 1678
810 1429
811 2398
812 1119
813 INF
814 1740
815 1660
816 1729
817 1830
818 2088
819 1561
820 1633
821 1715
822 2504
823 1755
824 2100
825 1413
826 1692
827 1583
828 1998
829 1832
830 1941
831 2275
832 2264
833 2002
834 1667
835 1487
836 1724
837 2286
838 1682
839 2009
840 1819
841 1796
842 2031
843 2649
844 2066
845 1958
846 1523
847 1654
848 1817
849 1569
850 1689
851 1932
852 2730
853 1633
854 1706
855 1989
856 2047
857 1532
858 2320
859 1822
860 1912
861 1553
862 2378
863 1441
864 2149
865 1862
866 1706
867 1421
868 2022
869 1307
870 1885
871 1656
872 1781
873 1884
874 1852
875 1858
876 1828
877 1407
878 1478
879 1789
880 1535
881 1639
882 1646
883 2023
884 1626
885 1872
886 1621
887 2859
888 1406
889 1586
890 1558
891 2839
892 1561
893 1950
894 1696
895 2345
896 1731
897 1586
898 1354
899 1778
900 2098
901 1505
902 1743
903 1916
904 2002
905 1585
906 2415
907 1728
908 1798
909 1933
910 1958
911 1603
912 2661
913 2106
914 2046
915 2145
916 1776
917 1624
918 2492
919 1753
920 2163
921 1898
922 1838
923 1485
924 2273
925 2060
926 2044
927 1939
928 1232
929 1459
930 1996
931 1930
932 1849
933 2116
934 1575
935 1905
936 2002
937 2191
938 1801
939 1885
940 1402
941 1665
942 2502
943 2424
944 1646
945 2531
946 1945
947 1506
948 1905
949 2239
950 1919
951 1739
952 1777
953 1867
954 1661
955 1919
956 2061
957 1394
958 1448
959 1427
960 1793
961 1548
962 1802
963 1874
964 1954
965 1608
966 1565
967 1867
968 1697
969 2168
970 2246
971 1890
972 1797
973 1802
974 1867
975 2206
976 2083
977 2088
978 3256
979 2305
980 2021
981 1783
982 1829
983 1805
984 1688
985 2048
986 2392
987 1762
988 1594
989 1649
990 2492
991 1208
992 1254
993 1441
994 1534
995 2038
996 1884
997 1753
998 1818
999 2043
1000 1726
1001 2130
1002 2336
1003 1659
1004 1969
1005 2170
1006 1790
1007 3048
1008 INF
1009 2360
1010 1400
1011 1999
1012 2076
1013 1930
1014 2092
1015 2249
1016 2021
1017 2190
1018 2180
1019 1930
1020 2197
1021 2072
1022 2068
1023 2130
1024 2218
1025 2593
1026 1779
1027 1292
1028 1602
1029 1689
1030 2029
1031 1682
1032 2689
1033 1660
1034 1783
1035 1639
1036 1968
1037 1847
1038 1933
1039 1998
1040 1512
1041 2037
1042 2131
1043 1725
1044 1701
1045 1909
1046 2068
1047 1844
1048 1554
1049 1987
1050 2568
1051 2579
1052 1578
1053 1953
1054 2190
1055 1948
1056 1682
1057 1886
1058 1799
1059 1571
1060 1679
1061 1708
1062 2078
1063 1956
1064 INF
1065 1924
1066 2481
1067 1582
1068 1700
1069 1537
1070 1970
1071 1932
1072 2342
1073 2132
1074 1551
1075 1841
1076 2061
1077 2400
1078 1456
1079 1892
1080 1890
1081 1384
1082 1801
1083 2050
1084 1677
1085 3023
1086 1877
1087 1610
1088 1921
1089 1586
1090 2001
1091 1819
1092 1706
1093 1529
1094 1732
1095 2256
1096 2050
1097 1369
1098 1841
1099 2393
1100 1901
1101 1873
1102 2749
1103 1846
1104 1818
1105 2313
1106 2155
1107 2010
1108 2322
1109 1711
1110 2243
1111 1767
1112 2290
1113 2188
1114 1712
1115 1886
1116 2276
1117 1851
1118 1805
1119 2407
1120 1937
1121 1969
1122 1845
1123 1819
1124 INF
1125 3397
1126 1814
1127 1753
1128 1988
1129 2070
1130 1713
1131 2453
1132 1731
1133 1780
1134 2111
1135 1719
1136 2047
1137 1727
1138 1953
1139 2087
1140 2232
1141 1638
1142 2303
1143 1832
1144 2062
1145 2125
1146 1365
1147 2103
1148 1692
1149 INF
1150 2251
1151 1637
1152 1798
1153 2393
1154 1575
1155 2042
1156 1940
1157 1926
1158 1603
1159 INF
1160 1705
1161 1693
1162 2101
1163 2712
1164 2518
1165 2138
1166 1643
1167 1887
1168 2257
1169 2482
1170 2274
1171 1954
1172 1973
1173 2115
1174 1966
1175 2047
1176 1806
1177 1719
1178 1696
1179 2089
1180 2140
1181 2068
1182 1488
1183 2151
1184 1791
1185 2446
1186 2249
1187 2023
1188 1906
1189 1702
1190 2424
1191 1749
1192 2370
1193 2224
1194 1634
1195 2044
1196 2452
1197 2009
1198 2232
1199 1459
1200 1995
1201 2068
1202 2201
1203 2151
1204 1820
1205 1895
1206 2228
1207 2036
1208 2320
1209 2123
1210 2395
1211 1828
1212 1779
1213 1737
1214 2213
1215 1793
1216 2265
1217 2219
1218 2443
1219 2232
1220 2098
1221 1783
1222 1678
1223 1680
1224 1965
1225 2458
1226 2394
1227 2304
1228 1887
1229 2710
1230 2147
1231 2272
1232 2100
1233 INF
1234 1573
1235 2357
1236 2473
1237 2118
1238 2306
1239 2122
1240 2770
1241 2035
1242 1723
1243 2931
1244 2069
1245 2745
1246 2504
1247 2660
1248 2137
1249 2181
1250 2318
1251 1808
1252 2176
1253 2104
1254 1789
1255 1745
1256 2041
1257 2446
1258 2128
1259 2462
1260 2213
1261 2119
1262 2389
1263 1664
1264 2214
1265 2281
1266 2711
1267 2391
1268 2021
1269 2201
1270 1957
1271 1972
1272 2068
1273 2634
1274 2059
1275 2417
1276 2219
1277 2106
1278 2397
1279 2286
1280 2774
1281 1817
1282 1854
1283 2219
1284 2282
1285 2444
1286 1718
1287 1807
1288 2306
1289 2245
1290 1940
1291 2358
1292 3078
1293 2146
1294 2157
1295 2464
1296 2786
1297 2105
1298 2162
1299 2254
1300 2258
1301 1978
1302 2528
1303 2199
1304 2395
1305 1816
1306 2141
1307 1806
1308 2137
1309 2268
1310 2149
1311 1881
1312 1788
1313 2618
1314 2653
1315 2335
1316 2555
1317 2253
1318 3390
1319 1898
1320 1818
1321 2123
1322 2814
1323 2327
1324 2440
1325 2502
1326 2597
1327 INF
1328 2323
1329 2671
1330 2049
1331 1866
1332 2305
1333 1783
1334 2239
1335 2019
1336 2447
1337 2759
1338 2255
1339 2413
1340 1723
1341 2377
1342 2606
1343 1990
1344 2027
1345 2006
1346 2497
1347 2688
1348 2657
1349 1949
1350 2331
1351 2301
1352 2390
1353 1835
1354 1906
1355 2341
1356 2259
1357 1885
1358 2507
1359 2143
1360 2490
1361 2763
1362 2051
1363 2670
1364 2525
1365 2531
1366 2230
1367 3353
1368 1745
1369 2236
1370 2250
1371 2555
1372 2205
1373 2570
1374 2268
1375 1722
1376 2169
1377 2195
1378 2412
1379 2086
1380 2397
1381 2851
1382 2112
1383 2580
1384 1786
1385 2271
1386 2466
1387 2060
1388 1722
1389 2379
1390 1908
1391 2565
1392 2090
1393 2282
1394 2642
1395 2111
1396 2358
1397 2094
1398 2062
1399 3247
1400 2123
1401 2581
1402 2983
1403 2281
1404 2224
1405 2349
1406 1835
1407 2347
1408 2246
1409 2366
1410 2437
1411 2392
1412 1852
1413 2355
1414 3339
1415 2397
1416 2164
1417 1916
1418 2165
1419 2376
1420 2246
1421 2484
1422 2353
1423 2595
1424 2222
1425 2587
1426 2998
1427 2212
1428 2843
1429 2088
1430 2291
1431 2493
1432 1955
1433 1938
1434 2185
1435 2154
1436 2365
1437 2238
1438 2308
1439 1960
1440 INF
1441 2264
1442 1993
1443 2128
1444 1843
1445 2214
1446 1852
1447 2803
1448 2549
1449 2184
1450 2470
1451 1906
1452 2305
1453 2186
1454 2861
1455 2927
1456 2455
1457 2450
1458 2340
1459 2734
1460 2417
1461 2577
1462 1881
1463 2227
1464 2130
1465 2294
1466 2363
1467 2487
1468 2061
1469 2106
1470 2333
1471 3045
1472 2360
1473 2217
1474 2349
1475 2177
1476 2534
1477 2163
1478 2412
1479 2383
1480 2300
1481 2491
1482 2595
1483 1846
1484 2410
1485 2190
1486 2409
1487 2222
1488 2319
1489 2799
1490 2836
1491 2659
1492 2096
1493 2474
1494 3089
1495 2586
1496 2611
1497 2163
1498 3024
1499 1926
1500 2346
1501 2415
1502 2318
1503 2123
1504 1995
1505 3038
1506 2295
1507 2635
1508 2046
1509 2742
1510 2486
1511 2348
1512 2621
1513 1927
1514 2053
1515 2146
1516 2612
1517 2230
1518 3253
1519 2701
1520 2532
1521 3164
1522 2504
1523 2662
1524 2038
1525 2284
1526 2462
1527 3208
1528 2040
1529 2701
1530 2301
1531 INF
1532 2322
1533 2588
1534 2345
1535 2468
1536 2357
1537 1936
1538 3210
1539 2463
1540 1874
1541 2363
1542 2429
1543 2465
1544 2817
1545 2412
1546 2749
1547 2567
1548 2440
1549 2326
1550 2109
1551 3291
1552 2858
1553 2358
1554 2166
1555 2429
1556 1949
1557 INF
1558 2738
1559 2735
1560 2681
1561 2683
1562 2637
1563 2178
1564 2233
1565 2687
1566 2281
1567 2597
1568 2779
1569 2377
1570 2007
1571 2513
1572 2817
1573 2409
1574 2494
1575 2386
1576 2027
1577 2704
1578 2656
1579 2254
1580 2262
1581 2520
1582 2441
1583 2266
1584 2384
1585 2217
1586 2832
1587 2498
1588 2425
1589 2380
1590 3139
1591 2569
1592 1925
1593 2707
1594 2506
1595 2442
1596 2083
1597 2634
1598 2453
1599 2388
1600 2305
1601 2515
1602 2492
1603 2838
1604 2449
1605 2974
1606 2635
1607 2390
1608 2459
1609 2913
1610 2564
1611 2898
1612 2727
1613 2640
1614 2215
1615 2343
1616 2696
1617 2427
1618 2721
1619 3022
1620 INF
1621 2986
1622 INF
1623 2574
1624 2425
1625 2913
1626 2266
1627 2841
1628 2651
1629 2554
1630 2557
1631 2605
1632 2713
1633 2126
1634 2533
1635 2040
1636 2298
1637 2648
1638 2434
1639 2104
1640 2713
1641 2134
1642 1929
1643 3826
1644 INF
1645 2682
1646 2999
1647 2380
1648 2600
1649 2386
1650 2772
1651 2385
1652 2251
1653 2336
1654 2626
1655 2449
1656 2017
1657 2425
1658 2044
1659 2072
1660 2929
1661 3237
1662 2302
1663 2360
1664 2497
1665 2411
1666 2561
1667 2651
1668 2389
1669 2215
1670 2791
1671 2629
1672 2453
1673 INF
1674 3009
1675 2993
1676 2359
1677 2363
1678 2791
1679 2049
1680 2556
1681 2496
1682 2318
1683 3023
1684 2739
1685 2427
1686 2571
1687 2361
1688 2515
1689 3090
1690 2836
1691 2353
1692 2470
1693 2617
1694 2255
1695 2375
1696 3432
1697 2621
1698 2817
1699 3013
1700 2788
1701 2651
1702 2783
1703 2439
1704 3234
1705 2472
1706 2746
1707 2236
1708 2502
1709 2909
1710 2365
1711 3035
1712 2643
1713 2465
1714 2473
1715 INF
1716 2640
1717 2605
1718 2551
1719 3149
1720 2248
1721 2871
1722 2477
1723 2595
1724 3159
1725 2808
1726 3040
1727 2909
1728 2818
1729 3032
1730 2074
1731 2725
1732 2673
1733 2468
1734 2581
1735 2451
1736 2584
1737 2821
1738 3393
1739 2487
1740 2653
1741 2592
1742 3568
1743 2338
1744 INF
1745 2685
1746 2821
1747 2612
1748 2180
1749 2978
1750 2806
1751 3006
1752 3000
1753 3107
1754 2597
1755 2405
1756 3339
1757 2667
1758 2139
1759 2814
1760 2539
1761 2277
1762 2414
1763 2461
1764 2513
1765 2872
1766 3085
1767 3013
1768 2637
1769 2975
1770 2148
1771 2760
1772 2491
1773 2141
1774 2371
1775 2499
1776 2592
1777 3052
1778 2680
1779 2875
1780 2842
1781 3169
1782 2622
1783 3111
1784 2544
1785 2164
1786 2855
1787 2806
1788 2751
1789 2661
1790 INF
1791 2311
1792 2757
1793 2419
1794 2493
1795 2693
1796 3192
1797 2641
1798 2508
1799 2319
1800 2525
1801 2884
1802 2959
1803 2723
1804 3160
1805 3297
1806 3285
1807 2762
1808 2836
1809 3131
1810 2819
1811 2820
1812 3721
1813 2092
1814 2814
1815 3150
1816 2602
1817 2446
1818 2569
1819 2674
1820 3066
1821 2765
1822 2931
1823 3025
1824 INF
1825 2898
1826 3101
1827 2574
1828 2398
1829 3749
1830 2879
1831 2865
1832 2951
1833 3243
1834 2590
1835 2510
1836 3453
1837 2313
1838 3396
1839 2736
1840 2504
1841 2603
1842 2724
1843 2858
1844 2766
1845 2592
1846 3098
1847 2481
1848 3242
1849 2776
1850 2999
1851 2632
1852 2458
1853 3486
1854 2539
1855 2723
1856 2705
1857 2471
1858 2479
1859 2374
1860 2811
1861 2754
1862 3042
1863 2849
1864 2803
1865 2833
1866 2999
1867 3212
1868 2635
1869 3011
1870 3111
1871 2638
1872 3005
1873 2987
1874 INF
1875 2793
1876 2552
1877 2360
1878 2790
1879 2802
1880 3420
1881 2810
1882 3421
1883 3035
1884 2773
1885 2953
1886 2765
1887 3039
1888 2354
1889 2899
1890 2555
1891 2825
1892 2821
1893 4043
1894 2468
1895 2605
1896 2687
1897 2605
1898 2778
1899 3460
1900 3122
1901 2908
1902 2738
1903 INF
1904 2454
1905 2955
1906 2957
1907 3482
1908 2559
1909 2574
1910 3014
1911 2516
1912 2440
1913 2775
1914 2465
1915 2844
1916 3053
1917 3521
1918 2852
1919 2693
1920 3633
1921 2812
1922 3030
1923 2721
1924 3179
1925 2597
1926 2808
1927 2420
1928 2766
1929 2889
1930 3144
1931 3058
1932 3106
1933 2806
1934 3082
1935 3273
1936 2794
1937 3059
1938 2669
1939 2501
1940 3280
1941 2874
1942 3262
1943 2888
1944 2684
1945 2483
1946 3069
1947 2795
1948 2684
1949 2929
1950 2606
1951 2839
1952 3010
1953 2702
1954 2598
1955 3206
1956 2694
1957 3144
1958 2945
1959 INF
1960 2766
1961 2957
1962 2680
1963 2733
1964 2803
1965 2701
1966 2733
1967 2655
1968 2711
1969 INF
1970 INF
1971 3185
1972 3243
1973 3085
1974 2374
1975 3193
1976 3256
1977 2617
1978 3102
1979 2840
1980 2652
1981 3092
1982 3116
1983 3362
1984 3704
1985 2961
1986 2943
1987 3278
1988 2947
1989 3217
1990 2606
1991 2895
1992 2797
1993 4079
1994 3594
1995 2742
1996 2834
1997 3293
1998 3121
1999 3975
2000 INF
2001 2659
2002 3043
2003 2666
2004 2900
2005 2975
2006 3232
2007 3314
2008 3818
2009 2692
2010 2783
2011 2622
2012 3159
2013 3083
2014 2640
2015 3303
2016 3106
2017 2611
2018 3050
2019 3278
2020 2982
2021 3054
2022 2788
2023 2891
2024 3019
2025 3344
2026 3158
2027 3430
2028 3261
2029 3159
2030 2740
2031 2675
2032 3418
2033 3159
2034 3300
2035 2952
2036 3069
2037 3019
2038 2798
2039 3153
2040 2477
2041 2835
2042 2706
2043 3014
2044 3037
2045 2885
2046 3161
2047 2754
2048 3129
2049 3071
2050 2818
2051 3553
2052 3153
2053 3810
2054 2845
2055 3145
2056 2828
2057 3203
2058 2749
2059 3189
2060 2925
2061 3086
2062 3102
2063 3161
2064 3254
2065 2899
2066 2889
2067 2764
2068 3542
2069 3175
2070 3250
2071 2759
2072 3234
2073 3135
2074 3392
2075 2898
2076 2865
2077 3284
2078 2907
2079 3954
2080 3105
2081 3263
2082 2517
2083 3636
2084 4061
2085 INF
2086 3116
2087 3430
2088 3264
2089 INF
2090 2847
2091 3241
2092 3050
2093 3099
2094 3317
2095 2783
2096 3541
2097 2879
2098 3300
2099 3004
2100 3362
2101 5056
2102 2999
2103 3257
2104 2763
2105 2917
2106 3159
2107 3676
2108 3120
2109 3163
2110 3324
2111 3255
2112 2702
2113 3312
2114 3092
2115 3186
2116 2693
2117 3171
2118 2931
2119 2797
2120 3730
2121 3376
2122 3594
2123 2899
2124 2739
2125 3192
2126 4098
2127 3614
2128 2928
2129 3597
2130 3474
2131 3472
2132 3456
2133 3252
2134 3265
2135 3342
2136 3015
2137 3509
2138 3587
2139 3318
2140 2721
2141 3460
2142 2772
2143 2910
2144 3195
2145 3224
2146 3306
2147 2822
2148 2828
2149 3527
2150 3049
2151 2740
2152 3786
2153 3480
2154 3069
2155 3392
2156 3134
2157 3373
2158 2917
2159 2733
2160 INF
2161 3553
2162 2531
2163 2932
2164 3423
2165 3308
2166 3251
2167 3204
2168 3196
2169 3357
2170 3181
2171 3140
2172 3347
2173 3377
2174 2848
2175 3607
2176 3123
2177 2958
2178 3360
2179 3154
2180 3493
2181 2809
2182 2682
2183 3059
2184 3026
2185 3288
2186 3176
2187 3322
2188 3201
2189 3197
2190 2831
2191 4161
2192 2933
2193 3712
2194 3216
2195 3329
2196 3397
2197 3309
2198 3089
2199 3209
2200 3299
2201 3486
2202 3434
2203 3151
2204 3544
2205 2851
2206 3774
2207 3025
2208 3454
2209 3406
2210 3014
2211 2814
2212 3129
2213 3959
2214 2970
2215 2974
2216 3346
2217 2839
2218 2895
2219 2829
2220 3209
2221 4289
2222 3999
2223 2962
2224 3267
2225 3386
2226 3185
2227 3172
2228 3320
2229 3761
2230 2958
2231 3041
2232 3764
2233 3543
2234 3584
2235 3223
2236 3328
2237 2928
2238 3345
2239 3277
2240 3578
2241 3083
2242 3243
2243 3714
2244 3250
2245 3520
2246 INF
2247 2935
2248 3653
2249 3886
2250 3585
2251 2864
2252 3519
2253 3459
2254 2962
2255 3260
2256 3589
2257 2821
2258 3700
2259 3393
2260 3223
2261 3155
2262 INF
2263 INF
2264 3168
2265 2842
2266 3394
2267 3369
2268 3069
2269 3349
2270 3192
2271 INF
2272 3739
2273 3597
2274 INF
2275 2878
2276 3519
2277 3016
2278 2864
2279 2872
2280 3678
2281 2747
2282 3096
2283 3388
2284 4289
2285 3130
2286 2875
2287 3681
2288 3522
2289 3258
2290 3243
2291 2930
2292 2779
2293 2982
2294 2575
2295 3475
2296 3444
2297 3317
2298 3621
2299 3604
2300 3440
2301 4203
2302 3009
2303 2976
2304 3367
2305 3241
2306 3894
2307 4991
2308 3770
2309 3743
2310 4005
2311 3227
2312 3528
2313 3471
2314 3418
2315 3129
2316 3065
2317 3054
2318 3034
2319 3062
2320 3066
2321 3329
2322 3087
2323 3500
2324 3032
2325 3527
2326 3707
2327 3041
2328 3128
2329 4232
2330 3332
2331 3518
2332 3148
2333 3143
2334 3718
2335 2932
2336 3106
2337 3346
2338 3470
2339 4672
2340 3398
2341 3484
2342 3093
2343 3113
2344 3474
2345 3251
2346 3361
2347 3638
2348 4128
2349 3237
2350 3920
2351 4194
2352 4110
2353 3256
2354 2846
2355 3119
2356 3661
2357 3155
2358 3155
2359 2958
2360 3015
2361 3372
2362 3488
2363 3335
2364 3018
2365 3572
2366 2809
2367 3529
2368 2946
2369 3241
2370 3366
2371 INF
2372 3466
2373 2933
2374 3062
2375 2915
2376 3243
2377 3475
2378 4013
2379 3151
2380 3171
2381 3315
2382 3052
2383 3179
2384 3352
2385 3732
2386 3098
2387 3372
2388 4089
2389 3340
2390 3302
2391 3179
2392 3217
2393 3278
2394 3302
2395 3336
2396 2842
2397 3949
2398 3281
2399 3427
2400 3702
2401 INF
2402 3478
2403 3590
2404 2954
2405 3322
2406 3642
2407 3258
2408 3533
2409 3770
2410 3066
2411 3614
2412 3381
2413 3850
2414 3867
2415 3624
2416 2944
2417 3834
2418 3315
2419 3692
2420 3625
2421 5017
2422 3663
2423 3467
2424 4130
2425 2858
2426 3652
2427 3596
2428 3140
2429 3601
2430 3119
2431 3324
2432 3835
2433 3358
2434 3261
2435 3063
2436 3753
2437 3332
2438 3331
2439 3734
2440 3495
2441 3514
2442 3102
2443 3123
2444 3721
2445 3412
2446 3406
2447 3581
2448 3612
2449 3362
2450 3892
2451 3557
2452 3213
2453 INF
2454 3896
2455 3731
2456 3173
2457 3475
2458 3502
2459 3272
2460 3522
2461 3456
2462 3315
2463 3727
2464 3691
2465 3603
2466 3019
2467 3326
2468 3961
2469 3707
2470 3574
2471 3522
2472 3233
2473 3997
2474 3098
2475 3458
2476 3477
2477 3124
2478 3260
2479 3335
2480 3275
2481 3091
2482 3858
2483 3002
2484 3823
2485 3428
2486 3355
2487 3585
2488 3547
2489 3653
2490 4429
2491 3565
2492 4027
2493 3212
2494 3064
2495 3182
2496 4479
2497 3587
2498 3643
2499 3325
2500 4991
2501 3188
2502 3469
2503 3626
2504 3183
2505 3885
2506 4072
2507 3784
2508 3499
2509 3666
2510 3949
2511 3278
2512 3785
2513 4270
2514 3845
2515 3746
2516 3320
2517 3481
2518 3630
2519 3570
2520 3349
2521 3565
2522 3679
2523 3197
2524 3486
2525 3195
2526 4182
2527 3730
2528 3729
2529 3722
2530 3888
2531 3110
2532 3986
2533 3718
2534 4018
2535 3758
2536 3768
2537 3393
2538 3969
2539 3373
2540 3326
2541 3282
2542 3533
2543 3156
2544 3037
2545 3395
2546 3677
2547 4463
2548 3800
2549 3729
2550 3505
2551 3580
2552 3793
2553 3371
2554 3669
2555 3401
2556 3350
2557 2997
2558 3641
2559 3356
2560 3557
2561 3170
2562 3600
2563 3300
2564 4164
2565 3940
2566 3270
2567 3362
2568 4497
2569 3601
2570 3457
2571 3942
2572 3803
2573 3596
2574 INF
2575 3145
2576 3325
2577 3303
2578 3618
2579 3419
2580 3626
2581 3590
2582 4263
2583 3182
2584 4126
2585 3584
2586 3935
2587 3122
2588 3747
2589 3792
2590 3121
2591 3310
2592 3442
2593 3513
2594 3653
2595 3249
2596 3493
2597 4454
2598 3384
2599 3448
2600 3747
2601 4086
2602 4234
2603 3377
2604 3789
2605 3737
2606 3276
2607 3516
2608 3849
2609 3889
2610 3733
2611 3902
2612 3581
2613 3453
2614 3393
2615 3685
2616 3676
2617 3735
2618 3866
2619 3683
2620 3686
2621 3590
2622 3387
2623 3221
2624 3582
2625 4440
2626 3618
2627 3427
2628 INF
2629 3748
2630 3466
2631 3858
2632 3772
2633 3578
2634 3617
2635 3213
2636 4011
2637 3414
2638 3977
2639 3405
2640 3866
2641 3976
2642 3233
2643 3688
2644 3554
2645 3440
2646 4279
2647 3768
2648 5001
2649 3568
2650 4507
2651 3714
2652 3888
2653 3504
2654 3690
2655 3044
2656 4017
2657 3697
2658 3892
2659 3765
2660 3708
2661 3862
2662 4277
2663 3790
2664 3407
2665 3633
2666 3447
2667 4186
2668 3752
2669 3538
2670 3606
2671 3442
2672 3540
2673 3260
2674 3977
2675 3559
2676 3964
2677 3203
2678 3462
2679 3469
2680 3298
2681 3291
2682 3451
2683 3603
2684 3825
2685 3317
2686 3803
2687 3432
2688 3676
2689 4000
2690 3945
2691 3039
2692 3874
2693 3818
2694 INF
2695 3084
2696 3372
2697 3890
2698 3784
2699 4033
2700 4316
2701 3730
2702 3842
2703 3471
2704 3743
2705 3806
2706 4183
2707 3463
2708 3239
2709 3662
2710 4169
2711 3674
2712 3408
2713 3712
2714 3936
2715 3165
2716 4643
2717 3729
2718 3652
2719 3635
2720 3808
2721 3922
2722 3646
2723 4375
2724 3928
2725 4228
2726 3178
2727 3766
2728 3876
2729 3680
2730 4154
2731 INF
2732 4120
2733 3530
2734 3770
2735 3790
2736 3707
2737 3665
2738 3566
2739 3812
2740 3351
2741 3562
2742 4495
2743 3916
2744 INF
2745 4091
2746 3432
2747 3906
2748 3441
2749 3507
2750 3943
2751 3637
2752 3647
2753 3305
2754 3849
2755 3130
2756 3707
2757 3905
2758 3492
2759 4129
2760 3587
2761 3831
2762 3576
2763 3812
2764 3810
2765 3538
2766 4059
2767 4162
2768 3661
2769 4150
2770 3774
2771 3735
2772 3603
2773 3842
2774 3789
2775 3446
2776 3692
2777 3610
2778 3894
2779 4657
2780 5365
2781 4101
2782 3666
2783 3809
2784 3614
2785 3547
2786 3409
2787 4016
2788 3781
2789 3507
2790 4023
2791 3847
2792 4277
2793 4399
2794 3683
2795 3462
2796 3588
2797 3304
2798 3687
2799 4340
2800 3886
2801 3693
2802 3551
2803 4346
2804 3577
2805 3532
2806 3900
2807 3283
2808 3893
2809 3634
2810 4388
2811 4517
2812 3771
2813 3985
2814 3829
2815 3850
2816 3474
2817 4174
2818 3734
2819 4063
2820 3815
2821 3465
2822 3831
2823 4142
2824 3783
2825 3991
2826 4115
2827 3574
2828 4147
2829 4204
2830 3931
2831 3519
2832 4218
2833 3923
2834 3803
2835 3659
2836 3280
2837 3538
2838 4132
2839 3665
2840 3725
2841 3606
2842 3737
2843 3719
2844 3799
2845 4426
2846 3687
2847 3919
2848 4263
2849 4949
2850 4312
2851 3422
2852 3680
2853 4023
2854 3715
2855 3771
2856 3517
2857 3908
2858 3654
2859 3596
2860 4100
2861 3750
2862 3829
2863 4223
2864 4475
2865 3908
2866 3727
2867 4048
2868 3918
2869 3977
2870 4017
2871 3692
2872 4229
2873 3685
2874 3992
2875 3904
2876 4207
2877 INF
2878 3891
2879 3853
2880 3604
2881 4409
2882 3681
2883 4137
2884 3744
2885 3570
2886 3864
2887 4045
2888 3477
2889 3719
2890 3955
2891 4156
2892 3951
2893 4492
2894 3545
2895 4547
2896 3803
2897 4260
2898 4268
2899 3518
2900 4080
2901 4026
2902 4528
2903 4513
2904 3741
2905 3590
2906 3665
2907 3652
2908 4065
2909 3476
2910 3619
2911 4345
2912 4224
2913 3986
2914 4224
2915 4234
2916 5168
2917 3688
2918 4239
2919 4153
2920 4013
2921 INF
2922 4203
2923 4001
2924 4183
2925 3821
2926 4464
2927 3769
2928 4195
2929 3707
2930 3865
2931 4069
2932 3795
2933 INF
2934 4413
2935 3812
2936 3603
2937 4057
2938 3938
2939 3949
2940 4657
2941 3563
2942 4027
2943 4667
2944 3726
2945 4593
2946 3789
2947 4177
2948 4079
2949 4007
2950 4209
2951 4253
2952 3917
2953 4348
2954 4223
2955 4370
2956 3675
2957 4258
2958 3647
2959 3923
2960 4264
2961 3677
2962 3874
2963 4069
2964 4149
2965 4184
2966 3715
2967 3800
2968 4078
2969 3896
2970 4033
2971 4558
2972 3829
2973 3781
2974 4418
2975 3591
2976 3928
2977 4441
2978 3916
2979 4471
2980 4009
2981 4130
2982 4259
2983 3798
2984 4502
2985 3803
2986 4278
2987 3562
2988 INF
2989 3767
2990 3874
2991 3913
2992 4287
2993 3911
2994 4399
2995 3684
2996 4037
2997 4282
2998 3491
2999 3788
3000 4288
3001 4243
3002 4111
3003 INF
3004 4122
3005 4143
3006 4935
3007 3682
3008 3934
3009 INF
3010 3967
3011 4755
3012 3670
3013 INF
3014 3760
3015 4235
3016 4355
3017 3959
3018 4134
3019 4058
3020 3788
3021 4637
3022 4496
3023 4550
3024 4453
3025 4375
3026 4166
3027 3822
3028 4414
3029 4011
3030 4379
3031 4423
3032 3762
3033 4242
3034 4237
3035 4568
3036 4028
3037 4192
3038 4397
3039 4057
3040 3813
3041 4198
3042 3797
3043 4714
3044 3924
3045 4217
3046 4143
3047 3701
3048 4746
3049 3796
3050 3876
3051 3760
3052 4495
3053 4312
3054 3871
3055 3995
3056 4305
3057 4105
3058 3975
3059 3862
3060 4106
3061 4588
3062 3927
3063 4260
3064 4090
3065 4455
3066 4180
3067 4408
3068 3673
3069 4927
3070 3903
3071 4830
3072 4155
3073 3880
3074 4070
3075 4597
3076 4054
3077 3765
3078 4558
3079 3972
3080 4583
3081 4186
3082 4143
3083 3724
3084 INF
3085 4155
3086 4269
3087 4180
3088 3931
3089 4289
3090 4180
3091 4271
3092 4134
3093 3697
3094 3896
3095 4082
3096 3936
3097 3939
3098 4186
3099 INF
3100 3738
3101 5264
3102 4595
3103 4037
3104 4334
3105 4810
3106 4739
3107 3686
3108 4282
3109 3998
3110 3802
3111 4638
3112 4693
3113 4397
3114 4299
3115 3914
3116 3957
3117 4091
3118 4462
3119 4583
3120 4395
3121 4566
3122 4420
3123 4076
3124 4276
3125 3956
3126 4085
3127 4123
3128 3925
3129 3765
3130 4140
3131 4128
3132 3926
3133 4312
3134 4023
3135 3913
3136 4388
3137 4181
3138 4110
3139 4369
3140 INF
3141 3894
3142 3904
3143 4659
3144 4133
3145 4479
3146 4148
3147 4457
3148 3912
3149 4243
3150 4296
3151 4089
3152 4187
3153 4566
3154 4319
3155 4543
3156 3897
3157 4103
3158 4424
3159 4026
3160 4525
3161 5171
3162 4016
3163 4444
3164 4038
3165 4330
3166 4269
3167 4508
3168 4044
3169 4302
3170 4409
3171 4138
3172 4150
3173 4389
3174 4002
3175 4725
3176 4092
3177 4213
3178 4322
3179 4991
3180 4022
3181 4180
3182 4059
3183 4315
3184 3833
3185 4258
3186 4187
3187 3994
3188 4936
3189 4441
3190 3870
3191 3981
3192 4853
3193 4427
3194 INF
3195 4191
3196 4457
3197 4652
3198 4310
3199 4244
3200 4635
3201 4323
3202 3980
3203 4077
3204 4504
3205 4519
3206 4435
3207 4363
3208 4850
3209 4284
3210 3780
3211 4673
3212 3920
3213 4789
3214 4660
3215 5161
3216 4725
3217 4084
3218 4490
3219 3809
3220 5162
3221 4274
3222 4358
3223 4470
3224 4646
3225 4499
3226 4340
3227 4202
3228 4705
3229 4284
3230 3852
3231 4261
3232 4297
3233 4376
3234 4482
3235 4450
3236 4366
3237 4147
3238 3842
3239 3707
3240 4088
3241 5013
3242 4402
3243 4646
3244 4127
3245 4842
3246 4744
3247 4679
3248 4765
3249 4269
3250 5595
3251 4514
3252 4087
3253 4008
3254 4519
3255 4541
3256 4084
3257 4089
3258 4219
3259 4529
3260 4403
3261 4013
3262 4745
3263 4716
3264 4416
3265 4803
3266 4236
3267 4301
3268 4132
3269 4127
3270 4421
3271 4584
3272 4017
3273 4162
3274 INF
3275 4016
3276 3905
3277 4044
3278 4350
3279 4090
3280 4264
3281 4374
3282 4443
3283 5405
3284 4048
3285 4210
3286 4149
3287 3861
3288 4104
3289 4511
3290 4531
3291 4148
3292 4044
3293 5005
3294 4650
3295 4285
3296 4327
3297 4363
3298 4189
3299 4191
3300 4427
3301 4302
3302 4346
3303 5525
3304 5346
3305 4256
3306 4382
3307 4574
3308 4541
3309 4500
3310 4341
3311 4122
3312 4175
3313 4637
3314 4230
3315 4503
3316 4691
3317 4346
3318 4468
3319 4357
3320 4317
3321 4758
3322 4789
3323 5057
3324 4254
3325 4529
3326 3978
3327 4580
3328 4363
3329 4753
3330 4725
3331 4364
3332 4267
3333 4158
3334 4434
3335 4722
3336 4443
3337 4648
3338 4299
3339 4712
3340 4567
3341 4590
3342 4151
3343 4531
3344 4352
3345 4592
3346 4444
3347 4699
3348 4132
3349 4167
3350 4602
3351 4734
3352 4782
3353 4507
3354 4496
3355 4510
3356 4464
3357 4419
3358 4727
3359 4178
3360 4555
3361 4581
3362 5066
3363 4181
3364 4545
3365 4407
3366 5492
3367 5217
3368 4522
3369 4454
3370 4630
3371 4392
3372 4522
3373 4258
3374 4314
3375 5038
3376 4674
3377 4008
3378 4871
3379 5323
3380 4210
3381 3956
3382 4420
3383 4206
3384 4610
3385 3864
3386 4899
3387 4652
3388 4154
3389 4506
3390 4831
3391 4841
3392 3996
3393 4090
3394 3855
3395 4341
3396 4593
3397 4419
3398 4240
3399 4552
3400 4885
3401 4326
3402 4287
3403 4504
3404 4699
3405 5044
3406 4504
3407 4589
3408 5263
3409 4533
3410 4469
3411 4488
3412 4397
3413 4590
3414 INF
3415 4598
3416 5050
3417 4653
3418 4518
3419 4338
3420 4363
3421 4426
3422 4637
3423 4957
3424 5214
3425 4107
3426 4701
3427 4413
3428 4080
3429 4495
3430 4806
3431 4502
3432 4762
3433 4997
3434 4515
3435 4692
3436 4542
3437 4667
3438 4790
3439 4640
3440 4335
3441 4796
3442 4575
3443 4308
3444 5616
3445 4622
3446 4605
3447 4358
3448 4534
3449 4918
3450 4188
3451 4019
3452 4621
3453 4347
3454 4693
3455 4980
3456 4371
3457 4552
3458 4669
3459 4667
3460 4857
3461 4749
3462 5044
3463 4267
3464 4652
3465 INF
3466 4488
3467 4348
3468 4858
3469 4559
3470 4751
3471 4373
3472 4508
3473 4764
3474 3870
3475 4149
3476 4259
3477 5023
3478 4317
3479 4700
3480 4866
3481 4615
3482 4248
3483 5088
3484 4442
3485 4655
3486 4582
3487 4734
3488 4834
3489 4185
3490 4684
3491 4782
3492 4992
3493 4352
3494 4404
3495 4265
3496 4743
3497 4492
3498 5058
3499 5027
3500 4538
3501 5474
3502 4353
3503 4644
3504 5432
3505 4816
3506 4733
3507 5161
3508 4851
3509 4366
3510 4564
3511 4779
3512 4485
3513 4352
3514 5074
3515 4675
3516 4505
3517 4998
3518 4730
3519 4696
3520 4448
3521 4730
3522 5183
3523 4334
3524 5531
3525 4342
3526 5104
3527 4684
3528 4365
3529 4884
3530 4355
3531 4675
3532 4538
3533 5007
3534 4406
3535 4955
3536 5254
3537 4842
3538 5241
3539 4763
3540 4706
3541 4550
3542 4563
3543 4599
3544 4658
3545 4861
3546 4658
3547 4957
3548 4653
3549 4587
3550 4586
3551 4997
3552 4786
3553 5020
3554 4988
3555 4304
3556 4967
3557 4949
3558 4401
3559 4355
3560 4647
3561 4189
3562 4346
3563 INF
3564 4429
3565 INF
3566 4801
3567 4815
3568 4681
3569 4354
3570 4901
3571 4787
3572 4503
3573 5370
3574 4637
3575 5118
3576 4570
3577 5429
3578 4844
3579 4332
3580 4609
3581 5041
3582 5161
3583 4940
3584 4661
3585 5296
3586 4623
3587 4583
3588 4210
3589 5036
3590 5385
3591 4329
3592 4856
3593 4532
3594 4362
3595 5222
3596 4518
3597 5380
3598 4442
3599 4542
3600 4397
3601 4575
3602 5114
3603 4727
3604 5284
3605 5644
3606 INF
3607 5099
3608 5095
3609 4448
3610 4789
3611 4758
3612 4515
3613 4416
3614 4684
3615 4965
3616 4920
3617 4511
3618 4224
3619 4981
3620 4789
3621 4981
3622 5189
3623 4613
3624 4718
3625 4886
3626 4562
3627 4771
3628 5014
3629 5026
3630 5655
3631 4528
3632 4372
3633 5301
3634 5116
3635 4795
3636 5026
3637 4755
3638 4200
3639 4618
3640 4848
3641 4768
3642 5045
3643 5105
3644 4613
3645 4899
3646 4755
3647 5328
3648 4698
3649 4391
3650 4714
3651 4741
3652 5039
3653 4740
3654 5291
3655 4890
3656 4913
3657 4452
3658 5208
3659 4678
3660 4786
3661 4477
3662 4372
3663 4458
3664 4969
3665 4864
3666 4390
3667 4742
3668 4378
3669 5407
3670 4959
3671 4892
3672 5004
3673 4730
3674 4501
3675 4662
3676 4359
3677 4745
3678 4493
3679 5172
3680 5320
3681 4537
3682 4730
3683 4836
3684 4412
3685 4574
3686 4655
3687 4643
3688 4919
3689 4647
3690 5046
3691 5706
3692 4790
3693 5023
3694 4952
3695 4366
3696 5186
3697 4670
3698 4357
3699 4985
3700 4923
3701 5226
3702 4955
3703 4705
3704 4354
3705 4726
3706 4768
3707 4654
3708 4833
3709 4566
3710 4599
3711 4624
3712 4926
3713 4521
3714 4948
3715 4709
3716 4706
3717 4951
3718 4733
3719 4941
3720 5434
3721 5039
3722 5115
3723 4928
3724 4926
3725 4725
3726 4620
3727 4593
3728 4600
3729 4614
3730 5406
3731 4463
3732 5277
3733 4551
3734 5060
3735 4901
3736 5023
3737 5000
3738 5663
3739 4860
3740 4629
3741 5772
3742 4712
3743 4715
3744 4421
3745 4351
3746 4680
3747 5156
3748 4896
3749 5986
3750 4930
3751 4729
3752 5084
3753 5565
3754 4417
3755 4849
3756 5172
3757 4468
3758 5205
3759 5406
3760 4948
3761 5129
3762 4582
3763 5147
3764 4901
3765 4774
3766 5184
3767 5373
3768 5008
3769 4752
3770 5728
3771 4486
3772 4667
3773 4451
3774 4615
3775 5525
3776 5306
3777 4685
3778 4538
3779 INF
3780 4744
3781 4268
3782 5016
3783 4889
3784 4951
3785 4826
3786 4558
3787 5123
3788 4774
3789 5064
3790 6038
3791 5110
3792 5433
3793 4730
3794 4795
3795 4550
3796 5146
3797 5485
3798 4878
3799 5425
3800 4796
3801 INF
3802 4661
3803 4479
3804 5282
3805 4780
3806 4851
3807 5164
3808 4968
3809 4742
3810 5505
3811 4542
3812 4810
3813 4930
3814 5073
3815 5228
3816 4571
3817 4742
3818 4487
3819 INF
3820 5175
3821 4667
3822 4557
3823 5094
3824 4722
3825 5070
3826 4936
3827 5144
3828 4855
3829 4868
3830 4763
3831 4870
3832 5020
3833 6138
3834 4921
3835 4373
3836 5904
3837 5459
3838 5351
3839 5300
3840 5183
3841 5284
3842 4885
3843 5006
3844 5065
3845 5294
3846 5340
3847 4461
3848 6651
3849 4669
3850 4727
3851 5395
3852 5468
3853 INF
3854 4860
3855 4996
3856 5103
3857 4947
3858 4813
3859 4722
3860 4458
3861 4974
3862 4729
3863 6408
3864 5244
3865 4789
3866 5253
3867 5299
3868 5685
3869 4943
3870 5524
3871 4598
3872 5152
3873 5023
3874 5596
3875 4819
3876 4301
3877 5172
3878 4855
3879 4317
3880 4827
3881 5160
3882 4994
3883 4920
3884 4831
3885 6010
3886 5134
3887 5133
3888 4891
3889 5349
3890 4905
3891 5081
3892 4908
3893 5015
3894 4724
3895 5153
3896 4522
3897 4759
3898 5709
3899 5301
3900 4674
3901 5024
3902 4932
3903 4736
3904 4710
3905 5494
3906 5060
3907 5090
3908 4868
3909 4959
3910 5012
3911 5102
3912 5007
3913 4985
3914 5694
3915 5555
3916 5939
3917 4785
3918 4776
3919 4596
3920 5750
3921 5221
3922 5081
3923 5432
3924 4646
3925 5013
3926 4326
3927 4868
3928 4544
3929 4523
3930 4913
3931 4908
3932 5541
3933 4742
3934 5465
3935 5058
3936 4696
3937 5629
3938 5348
3939 4984
3940 4789
3941 5003
3942 5432
3943 5192
3944 5400
3945 5431
3946 5575
3947 4965
3948 5035
3949 4765
3950 5159
3951 4911
3952 4893
3953 5131
3954 4381
3955 5210
3956 4939
3957 4638
3958 4462
3959 5251
3960 4452
3961 4921
3962 4886
3963 4942
3964 5197
3965 4916
3966 5098
3967 INF
3968 4807
3969 4652
3970 4591
3971 5281
3972 5138
3973 4493
3974 5251
3975 5054
3976 4698
3977 7170
3978 4850
3979 5269
3980 4876
3981 4577
3982 4675
3983 5093
3984 5516
3985 5343
3986 4633
3987 5967
3988 5047
3989 5078
3990 5685
3991 5467
3992 5012
3993 5620
3994 4797
3995 4879
3996 5126
3997 5092
3998 5076
3999 5619
4000 4924
4001 4716
4002 4859
4003 5296
4004 5274
4005 4788
4006 4943
4007 5053
4008 5484
4009 5168
4010 5367
4011 4734
4012 5454
4013 5221
4014 5348
4015 INF
4016 5204
4017 4754
4018 4761
4019 5007
4020 5165
4021 5287
4022 4789
4023 INF
4024 4704
4025 5222
4026 4865
4027 5276
4028 5300
4029 5228
4030 5589
4031 5262
4032 4894
4033 5563
4034 4776
4035 4532
4036 4943
4037 5032
4038 5368
4039 5089
4040 5240
4041 5423
4042 5175
4043 4953
4044 4863
4045 5835
4046 5134
4047 4945
4048 5377
4049 6451
4050 4983
4051 5260
4052 5102
4053 4784
4054 4819
4055 5543
4056 4520
4057 4923
4058 5026
4059 5710
4060 5010
4061 4498
4062 5176
4063 4920
4064 INF
4065 4974
4066 5317
4067 5796
4068 4689
4069 5250
4070 4965
4071 4900
4072 5347
4073 4807
4074 4822
4075 5414
4076 5043
4077 5206
4078 5346
4079 5212
4080 5161
4081 5152
4082 4735
4083 5072
4084 5042
4085 5193
4086 5017
4087 5973
4088 5148
4089 4875
4090 5023
4091 5024
4092 5245
4093 5236
4094 4900
4095 5293
4096 5053
4097 4621
4098 4986
4099 4413
4100 5475
4101 4916
4102 5321
4103 6290
4104 5150
4105 5053
4106 5172
4107 5183
4108 5120
4109 5138
4110 4598
4111 4712
4112 4915
4113 5074
4114 4540
4115 4804
4116 4950
4117 5261
4118 4978
4119 5203
4120 5114
4121 5457
4122 5064
4123 4726
4124 5351
4125 5540
4126 5272
4127 5215
4128 4822
4129 4597
4130 5506
4131 4989
4132 4852
4133 5770
4134 5490
4135 5312
4136 5120
4137 4943
4138 5045
4139 5148
4140 5298
4141 4781
4142 5438
4143 5221
4144 5669
4145 4957
4146 5725
4147 4991
4148 5250
4149 5059
4150 5037
4151 5121
4152 5990
4153 INF
4154 5382
4155 5133
4156 5442
4157 5345
4158 5047
4159 5225
4160 5723
4161 4871
4162 4841
4163 5713
4164 4543
4165 5355
4166 5186
4167 5025
4168 5215
4169 5095
4170 5159
4171 5486
4172 5185
4173 5044
4174 5220
4175 4731
4176 5146
4177 5365
4178 5170
4179 5841
4180 4955
4181 5235
4182 5043
4183 5090
4184 5051
4185 5427
4186 5113
4187 4994
4188 5686
4189 5019
4190 5008
4191 5620
4192 5081
4193 5033
4194 5489
4195 5018
4196 4894
4197 5475
4198 5237
4199 4896
4200 4982
4201 5283
4202 5158
4203 5337
4204 5605
4205 5738
4206 5437
4207 5023
4208 4997
4209 5163
4210 5245
4211 5227
4212 5680
4213 5415
4214 5103
4215 5302
4216 5283
4217 5482
4218 5231
4219 5452
4220 5639
4221 5903
4222 5210
4223 5249
4224 5419
4225 5619
4226 4712
4227 5534
4228 5577
4229 INF
4230 5578
4231 5201
4232 5617
4233 5625
4234 4735
4235 4964
4236 4752
4237 5297
4238 5217
4239 5277
4240 5230
4241 5311
4242 5171
4243 4804
4244 5352
4245 5369
4246 5460
4247 INF
4248 5234
4249 5403
4250 5515
4251 5644
4252 4862
4253 5558
4254 5671
4255 5048
4256 5306
4257 5860
4258 5226
4259 4702
4260 5042
4261 5145
4262 5767
4263 4566
4264 4549
4265 4958
4266 4988
4267 5252
4268 5251
4269 5270
4270 5308
4271 5006
4272 5428
4273 5307
4274 5344
4275 5407
4276 5122
4277 5057
4278 5398
4279 5650
4280 5758
4281 5175
4282 5044
4283 5084
4284 5595
4285 6023
4286 4636
4287 5188
4288 5006
4289 5105
4290 5211
4291 5839
4292 5377
4293 4909
4294 5464
4295 5525
4296 6054
4297 5330
4298 5345
4299 5486
4300 5345
4301 5153
4302 5742
4303 5372
4304 5320
4305 5187
4306 5262
4307 5075
4308 5436
4309 5455
4310 6197
4311 5676
4312 5235
4313 5385
4314 5484
4315 5716
4316 5758
4317 6360
4318 5174
4319 5825
4320 5499
4321 4855
4322 5327
4323 5720
4324 5637
4325 4813
4326 5136
4327 5524
4328 4806
4329 5517
4330 5842
4331 5487
4332 5326
4333 5562
4334 5115
4335 5249
4336 5293
4337 5283
4338 4597
4339 5248
4340 5743
4341 5663
4342 5164
4343 4763
4344 5650
4345 5530
4346 4930
4347 5539
4348 5391
4349 5322
4350 5011
4351 5798
4352 5871
4353 5429
4354 5209
4355 5594
4356 5207
4357 INF
4358 5202
4359 4578
4360 5359
4361 6500
4362 5580
4363 5377
4364 6062
4365 5277
4366 5254
4367 5110
4368 5106
4369 5547
4370 5420
4371 5146
4372 5545
4373 5412
4374 5573
4375 5529
4376 5218
4377 5161
4378 5548
4379 5542
4380 5302
4381 5824
4382 4941
4383 6182
4384 5372
4385 5322
4386 5201
4387 5473
4388 5460
4389 5127
4390 5642
4391 5387
4392 5301
4393 5122
4394 5167
4395 5943
4396 5564
4397 6057
4398 5304
4399 5149
4400 5842
4401 5508
4402 5792
4403 5815
4404 INF
4405 5359
4406 5581
4407 5380
4408 5391
4409 5439
4410 5524
4411 5010
4412 5426
4413 5743
4414 5986
4415 5331
4416 5625
4417 5360
4418 4783
4419 5252
4420 6017
4421 6220
4422 5260
4423 5593
4424 6075
4425 5563
4426 5340
4427 6320
4428 5262
4429 5513
4430 5685
4431 5541
4432 6141
4433 5519
4434 5521
4435 5511
4436 5694
4437 5028
4438 5562
4439 5697
4440 5761
4441 6235
4442 5434
4443 5338
4444 6089
4445 5525
4446 5970
4447 5126
4448 5969
4449 5470
4450 4954
4451 5505
4452 5247
4453 6116
4454 4922
4455 5255
4456 5299
4457 5457
4458 5087
4459 5475
4460 5735
4461 5640
4462 5589
4463 5718
4464 5434
4465 5316
4466 5691
4467 5837
4468 5582
4469 5415
4470 5336
4471 5562
4472 5164
4473 6349
4474 5429
4475 5096
4476 5769
4477 5557
4478 4788
4479 5466
4480 5412
4481 5271
4482 4845
4483 4771
4484 6031
4485 5295
4486 5394
4487 5534
4488 5737
4489 5234
4490 5976
4491 6061
4492 5672
4493 5612
4494 5226
4495 5412
4496 5586
4497 5439
4498 5715
4499 4888
4500 5212
4501 5812
4502 5979
4503 5501
4504 5420
4505 5352
4506 4945
4507 5547
4508 5430
4509 5546
4510 5691
4511 5622
4512 5018
4513 5342
4514 5623
4515 5020
4516 5939
4517 5461
4518 5748
4519 5956
4520 5008
4521 5645
4522 5516
4523 5672
4524 5350
4525 5256
4526 5534
4527 5501
4528 5657
4529 6016
4530 5510
4531 5607
4532 5137
4533 6012
4534 5590
4535 6133
4536 6035
4537 5723
4538 6103
4539 5706
4540 5417
4541 5538
4542 5667
4543 5876
4544 5694
4545 5680
4546 5785
4547 5354
4548 5487
4549 5702
4550 5567
4551 5731
4552 5652
4553 5368
4554 5705
4555 5285
4556 5867
4557 5466
4558 5541
4559 5197
4560 5386
4561 5131
4562 5424
4563 5260
4564 5840
4565 5534
4566 5752
4567 5562
4568 5647
4569 5969
4570 5726
4571 5594
4572 5462
4573 4884
4574 5520
4575 5608
4576 5963
4577 5689
4578 5399
4579 5883
4580 4829
4581 5647
4582 5412
4583 6463
4584 5726
4585 5735
4586 5717
4587 5590
4588 INF
4589 5624
4590 5723
4591 5142
4592 5022
4593 5408
4594 6557
4595 5273
4596 5332
4597 5171
4598 5495
4599 5565
4600 5456
4601 5814
4602 5425
4603 5931
4604 5774
4605 5971
4606 5857
4607 5316
4608 5652
4609 5855
4610 5638
4611 5248
4612 5312
4613 5803
4614 5426
4615 5836
4616 5732
4617 5763
4618 5832
4619 5547
4620 5988
4621 5654
4622 5487
4623 5651
4624 5903
4625 6153
4626 6052
4627 5794
4628 5427
4629 5517
4630 5296
4631 5424
4632 5713
4633 6258
4634 5853
4635 6089
4636 6375
4637 5748
4638 5856
4639 5612
4640 5463
4641 5783
4642 5502
4643 5078
4644 5250
4645 5084
4646 6288
4647 6522
4648 5750
4649 5925
4650 6180
4651 5781
4652 5610
4653 5329
4654 5374
4655 INF
4656 5649
4657 INF
4658 6039
4659 5691
4660 5675
4661 5585
4662 5610
4663 5831
4664 6453
4665 5476
4666 5379
4667 5683
4668 5833
4669 5347
4670 5530
4671 INF
4672 5137
4673 5491
4674 5818
4675 6188
4676 5766
4677 5939
4678 5636
4679 5292
4680 6087
4681 5955
4682 5719
4683 5579
4684 5414
4685 6919
4686 5687
4687 6059
4688 5517
4689 6083
4690 5441
4691 5520
4692 6042
4693 6008
4694 5496
4695 5984
4696 5399
4697 5730
4698 6216
4699 5616
4700 6154
4701 5952
4702 5817
4703 INF
4704 5978
4705 5474
4706 5491
4707 5474
4708 5966
4709 5826
4710 6086
4711 6298
4712 5461
4713 5552
4714 5611
4715 5765
4716 5935
4717 5814
4718 5760
4719 5859
4720 5806
4721 5775
4722 5764
4723 6410
4724 6610
4725 5827
4726 6731
4727 5749
4728 5802
4729 INF
4730 6393
4731 5744
4732 5808
4733 5804
4734 6002
4735 5389
4736 5670
4737 5758
4738 6616
4739 6708
4740 5624
4741 5255
4742 5700
4743 5890
4744 5647
4745 5919
4746 5542
4747 5666
4748 5132
4749 6095
4750 6083
4751 5954
4752 5816
4753 6168
4754 5722
4755 5585
4756 6227
4757 5763
4758 5897
4759 6007
4760 6169
4761 6098
4762 5535
4763 5491
4764 6803
4765 6470
4766 5897
4767 5609
4768 6553
4769 5808
4770 6120
4771 6073
4772 5546
4773 6045
4774 6027
4775 5613
4776 6397
4777 5388
4778 5781
4779 5938
4780 6398
4781 5945
4782 5746
4783 5721
4784 5601
4785 5754
4786 6391
4787 6208
4788 5994
4789 5517
4790 5615
4791 5802
4792 5509
4793 6046
4794 5539
4795 5949
4796 INF
4797 5522
4798 5610
4799 5963
4800 5709
4801 6344
4802 6048
4803 6111
4804 6448
4805 5733
4806 5997
4807 5836
4808 5703
4809 6494
4810 5918
4811 5625
4812 5905
4813 6232
4814 6192
4815 5909
4816 6391
4817 6256
4818 5929
4819 5757
4820 5992
4821 5511
4822 5774
4823 5459
4824 6067
4825 5768
4826 5704
4827 INF
4828 5865
4829 5840
4830 6311
4831 5322
4832 5871
4833 5593
4834 5965
4835 5519
4836 6348
4837 6001
4838 5820
4839 6234
4840 6190
4841 INF
4842 5965
4843 6209
4844 5905
4845 5995
4846 5493
4847 6270
4848 5504
4849 5730
4850 5940
4851 7464
4852 5849
4853 6341
4854 6235
4855 5343
4856 6182
4857 5979
4858 6451
4859 5728
4860 5956
4861 6034
4862 5788
4863 6301
4864 6244
4865 6424
4866 5929
4867 6216
4868 5789
4869 5543
4870 6055
4871 6152
4872 5532
4873 6413
4874 5673
4875 6267
4876 6556
4877 5807
4878 5300
4879 6430
4880 6133
4881 5811
4882 6108
4883 5876
4884 5851
4885 6075
4886 5800
4887 5717
4888 5937
4889 5572
4890 5752
4891 5908
4892 6286
4893 5857
4894 5737
4895 6106
4896 6660
4897 5791
4898 6123
4899 6434
4900 6270
4901 5880
4902 6135
4903 6955
4904 6416
4905 5797
4906 6053
4907 6413
4908 5652
4909 6317
4910 5914
4911 5568
4912 6006
4913 5567
4914 5644
4915 6230
4916 5940
4917 6211
4918 5570
4919 5454
4920 6037
4921 5918
4922 5553
4923 5734
4924 5450
4925 6209
4926 6732
4927 6678
4928 5570
4929 6481
4930 5860
4931 5654
4932 6805
4933 6132
4934 5905
4935 6355
4936 6694
4937 INF
4938 6083
4939 6400
4940 5943
4941 5561
4942 6381
4943 6639
4944 6121
4945 5714
4946 5906
4947 5756
4948 5729
4949 6234
4950 6503
4951 6232
4952 6266
4953 6001
4954 6037
4955 6193
4956 6103
4957 6297
4958 5984
4959 5889
4960 5872
4961 6627
4962 6160
4963 6102
4964 6656
4965 5941
4966 6032
4967 INF
4968 5648
4969 5743
4970 5852
4971 6349
4972 6001
4973 6043
4974 6232
4975 5669
4976 6212
4977 6109
4978 6151
4979 5830
4980 6520
4981 6260
4982 5950
4983 6516
4984 5945
4985 5939
4986 5539
4987 6211
4988 6010
4989 5950
4990 5968
4991 6014
4992 5644
4993 6392
4994 INF
4995 6186
4996 5663
4997 6099
4998 6296
4999 6448
5000 7053
5001 5882
5002 6717
5003 6292
5004 5539
5005 5701
5006 5783
5007 5683
5008 6443
5009 5734
5010 6170
5011 6278
5012 6120
5013 6254
5014 INF
5015 6493
5016 6120
5017 6255
5018 5979
5019 6045
5020 5967
5021 INF
5022 5730
5023 6481
5024 6556
5025 5877
5026 6485
5027 6174
5028 6149
5029 6385
5030 5703
5031 6400
5032 5955
5033 6513
5034 5902
5035 6086
5036 5946
5037 5880
5038 5736
5039 7445
5040 6548
5041 6209
5042 6196
5043 6112
5044 6070
5045 5998
5046 5640
5047 5623
5048 5728
5049 6003
5050 6054
5051 6391
5052 6165
5053 5810
5054 6286
5055 6028
5056 5779
5057 6227
5058 6572
5059 6225
5060 6435
5061 5957
5062 5926
5063 6211
5064 6241
5065 6359
5066 6001
5067 6132
5068 6194
5069 6682
5070 5889
5071 6876
5072 6032
5073 5702
5074 6090
5075 6889
5076 5945
5077 6135
5078 6147
5079 6057
5080 5954
5081 6349
5082 6108
5083 5964
5084 INF
5085 6334
5086 6065
5087 6019
5088 5832
5089 5534
5090 6530
5091 6769
5092 6157
5093 6676
5094 6229
5095 5628
5096 6757
5097 6395
5098 6694
5099 6182
5100 5824
5101 6177
5102 5975
5103 6249
5104 6644
5105 6398
5106 5535
5107 5973
5108 6174
5109 6005
5110 5932
5111 5816
5112 6843
5113 6888
5114 INF
5115 INF
5116 5842
5117 6198
5118 5794
5119 5866
5120 6302
5121 6276
5122 6458
5123 6256
5124 6417
5125 6644
5126 6181
5127 6382
5128 5938
5129 INF
5130 6112
5131 6547
5132 6179
5133 5886
5134 5645
5135 6147
5136 5988
5137 6245
5138 6366
5139 7124
5140 5992
5141 5818
5142 6159
5143 6510
5144 6224
5145 6889
5146 7034
5147 5856
5148 6149
5149 5786
5150 6018
5151 6315
5152 6423
5153 6569
5154 5722
5155 6034
5156 6446
5157 6876
5158 5910
5159 6308
5160 5949
5161 6147
5162 6299
5163 6349
5164 6691
5165 6472
5166 6015
5167 6456
5168 7052
5169 6471
5170 5717
5171 6455
5172 6159
5173 6261
5174 6690
5175 6316
5176 5952
5177 6101
5178 6296
5179 6536
5180 6359
5181 6299
5182 6404
5183 6169
5184 6071
5185 6358
5186 6575
5187 6392
5188 5755
5189 6154
5190 6865
5191 6509
5192 6172
5193 5778
5194 6014
5195 6728
5196 5958
5197 6147
5198 6367
5199 6159
5200 6316
5201 6443
5202 6541
5203 6830
5204 6613
5205 6686
5206 6105
5207 6879
5208 6219
5209 6445
5210 6428
5211 6258
5212 5990
5213 6367
5214 6384
5215 6070
5216 6042
5217 6100
5218 5969
5219 6327
5220 6253
5221 6305
5222 7412
5223 6591
5224 5789
5225 6278
5226 6251
5227 6770
5228 6404
5229 6825
5230 6742
5231 6018
5232 INF
5233 6282
5234 6064
5235 6235
5236 6954
5237 6411
5238 6124
5239 6021
5240 6028
5241 6481
5242 6458
5243 6453
5244 6417
5245 5917
5246 6176
5247 5882
5248 6067
5249 6400
5250 7078
5251 6037
5252 5710
5253 6440
5254 6845
5255 6198
5256 INF
5257 6437
5258 6332
5259 6534
5260 6138
5261 6369
5262 6397
5263 6025
5264 6404
5265 6335
5266 6301
5267 6093
5268 6315
5269 INF
5270 6688
5271 6032
5272 6207
5273 6594
5274 5757
5275 6609
5276 5733
5277 6290
5278 6740
5279 6198
5280 6004
5281 5941
5282 INF
5283 6112
5284 6661
5285 5964
5286 5991
5287 6400
5288 6265
5289 6213
5290 6323
5291 6500
5292 6007
5293 6493
5294 6430
5295 6716
5296 5977
5297 6357
5298 6268
5299 6273
5300 6213
5301 6601
5302 6287
5303 6797
5304 6061
5305 6326
5306 6182
5307 6601
5308 6442
5309 6602
5310 6534
5311 6099
5312 6112
5313 6401
5314 6797
5315 6573
5316 6535
5317 5955
5318 6194
5319 6547
5320 6597
5321 5952
5322 INF
5323 6241
5324 6303
5325 6303
5326 6445
5327 7025
5328 5991
5329 6383
5330 6554
5331 6928
5332 6204
5333 6816
5334 6460
5335 6571
5336 6630
5337 6545
5338 7278
5339 6313
5340 INF
5341 6320
5342 6605
5343 6401
5344 6415
5345 6706
5346 7514
5347 6567
5348 6137
5349 6235
5350 6336
5351 6620
5352 6496
5353 6285
5354 6435
5355 6129
5356 6409
5357 6555
5358 6414
5359 6535
5360 6502
5361 6058
5362 6989
5363 6575
5364 6376
5365 6493
5366 6031
5367 6513
5368 6222
5369 6087
5370 6302
5371 6121
5372 6367
5373 6685
5374 6171
5375 6946
5376 6308
5377 6450
5378 6164
5379 6450
5380 6533
5381 6209
5382 6501
5383 6389
5384 6434
5385 5846
5386 6176
5387 6466
5388 6535
5389 5961
5390 6358
5391 5912
5392 6838
5393 6128
5394 6260
5395 6260
5396 6276
5397 6502
5398 6077
5399 6327
5400 5991
5401 6013
5402 INF
5403 6761
5404 6597
5405 6384
5406 6603
5407 6445
5408 6484
5409 6470
5410 6543
5411 6187
5412 6019
5413 6753
5414 6215
5415 6272
5416 6979
5417 5909
5418 7001
5419 6662
5420 6509
5421 6288
5422 6670
5423 6828
5424 6925
5425 6449
5426 6711
5427 6444
5428 6330
5429 6589
5430 6125
5431 6576
5432 6651
5433 6560
5434 6292
5435 6829
5436 6746
5437 6624
5438 6394
5439 7430
5440 6550
5441 6845
5442 6397
5443 6224
5444 6541
5445 6064
5446 6544
5447 6755
5448 6170
5449 6341
5450 6458
5451 6511
5452 6353
5453 6607
5454 6568
5455 6674
5456 7022
5457 6557
5458 6709
5459 6448
5460 7227
5461 6656
5462 6602
5463 6676
5464 6977
5465 6503
5466 6340
5467 6511
5468 6795
5469 6397
5470 6882
5471 6988
5472 6647
5473 6281
5474 6303
5475 6671
5476 6538
5477 6436
5478 6240
5479 6256
5480 7270
5481 6618
5482 6480
5483 7561
5484 6342
5485 6680
5486 6190
5487 6381
5488 6612
5489 6643
5490 6905
5491 6855
5492 6180
5493 6822
5494 6629
5495 6693
5496 6678
5497 6643
5498 6580
5499 6529
5500 7008
5501 6567
5502 6576
5503 6394
5504 6744
5505 6473
5506 6085
5507 6411
5508 6986
5509 6816
5510 6881
5511 7075
5512 7067
5513 6140
5514 6567
5515 7024
5516 6036
5517 6778
5518 7269
5519 6196
5520 6798
5521 6408
5522 6861
5523 6452
5524 6489
5525 6843
5526 6830
5527 6804
5528 6706
5529 6268
5530 6810
5531 6565
5532 7377
5533 6386
5534 6875
5535 6697
5536 7524
5537 6473
5538 7254
5539 6892
5540 6958
5541 6072
5542 6428
5543 6877
5544 6806
5545 6225
5546 6002
5547 6698
5548 6859
5549 6820
5550 6860
5551 6442
5552 7013
5553 6762
5554 6395
5555 6428
5556 7034
5557 6333
5558 6646
5559 6619
5560 7770
5561 6286
5562 6302
5563 6776
5564 6634
5565 6512
5566 6555
5567 7202
5568 6775
5569 6939
5570 6053
5571 6135
5572 6910
5573 6678
5574 6688
5575 6937
5576 6502
5577 7633
5578 6739
5579 6571
5580 6616
5581 7426
5582 6522
5583 6674
5584 6814
5585 6559
5586 6552
5587 6872
5588 6743
5589 6713
5590 6726
5591 7160
5592 6417
5593 7045
5594 6916
5595 6538
5596 6548
5597 6373
5598 6865
5599 6856
5600 6682
5601 6909
5602 6250
5603 6213
5604 6912
5605 6383
5606 6733
5607 INF
5608 7102
5609 7187
5610 7088
5611 6415
5612 7336
5613 7102
5614 6745
5615 6922
5616 6539
5617 6656
5618 7153
5619 6961
5620 7123
5621 6818
5622 7188
5623 6848
5624 6575
5625 6597
5626 6680
5627 6538
5628 6847
5629 6660
5630 6690
5631 7265
5632 6163
5633 6717
5634 6762
5635 7024
5636 7004
5637 6660
5638 6454
5639 INF
5640 6150
5641 6479
5642 7396
5643 6789
5644 6789
5645 6647
5646 6839
5647 7637
5648 7724
5649 6127
5650 6657
5651 6244
5652 6905
5653 6813
5654 6757
5655 6721
5656 6416
5657 6755
5658 6686
5659 6948
5660 6631
5661 7007
5662 INF
5663 6930
5664 7128
5665 6724
5666 6511
5667 7239
5668 6220
5669 6400
5670 6802
5671 6999
5672 7117
5673 6672
5674 6693
5675 6375
5676 6896
5677 6411
5678 6717
5679 6863
5680 6792
5681 6867
5682 6612
5683 7536
5684 6746
5685 7048
5686 7137
5687 6856
5688 INF
5689 6380
5690 6756
5691 6634
5692 7117
5693 6867
5694 6439
5695 6441
5696 6613
5697 6558
5698 6938
5699 7464
5700 6243
5701 6835
5702 6708
5703 6611
5704 INF
5705 6869
5706 6688
5707 7113
5708 7145
5709 6670
5710 6885
5711 6768
5712 6989
5713 6877
5714 6837
5715 7061
5716 6621
5717 6570
5718 6884
5719 INF
5720 6787
5721 6638
5722 6995
5723 6634
5724 6961
5725 7002
5726 7587
5727 7264
5728 7206
5729 7314
5730 INF
5731 7292
5732 6944
5733 INF
5734 7016
5735 7020
5736 6699
5737 6802
5738 7076
5739 6509
5740 7308
5741 6255
5742 7163
5743 7048
5744 6812
5745 6854
5746 7541
5747 7325
5748 6300
5749 6743
5750 6566
5751 7348
5752 7005
5753 6936
5754 7013
5755 7065
5756 6594
5757 7300
5758 6644
5759 6835
5760 7004
5761 6637
5762 7388
5763 6757
5764 6832
5765 6642
5766 7148
5767 7000
5768 6688
5769 6651
5770 6970
5771 6648
5772 6446
5773 6593
5774 6469
5775 6752
5776 6888
5777 6729
5778 6871
5779 6994
5780 6766
5781 6781
5782 6790
5783 6457
5784 6702
5785 6848
5786 6570
5787 6627
5788 6731
5789 7507
5790 6694
5791 6659
5792 6343
5793 6603
5794 6504
5795 7060
5796 6703
5797 6637
5798 6886
5799 7250
5800 7051
5801 6268
5802 INF
5803 7032
5804 6764
5805 7143
5806 7201
5807 6473
5808 7179
5809 6796
5810 7902
5811 6635
5812 6689
5813 6880
5814 7098
5815 6805
5816 6933
5817 INF
5818 7554
5819 6954
5820 6872
5821 6994
5822 6920
5823 6723
5824 6637
5825 6708
5826 6472
5827 8201
5828 6819
5829 6486
5830 6741
5831 6546
5832 6513
5833 7007
5834 7651
5835 6753
5836 7612
5837 6992
5838 6962
5839 7381
5840 7083
5841 6933
5842 6803
5843 7210
5844 7944
5845 6921
5846 7422
5847 7123
5848 7350
5849 7290
5850 6789
5851 7075
5852 7078
5853 7113
5854 6990
5855 7174
5856 6886
5857 6337
5858 7149
5859 6655
5860 7199
5861 7185
5862 7115
5863 7549
5864 7378
5865 6803
5866 6857
5867 6784
5868 6725
5869 6812
5870 7635
5871 7003
5872 6964
5873 6847
5874 7580
5875 6713
5876 7344
5877 6729
5878 6673
5879 6935
5880 6472
5881 6435
5882 6464
5883 7319
5884 7117
5885 6878
5886 7427
5887 6942
5888 6792
5889 7519
5890 6656
5891 7188
5892 7259
5893 7585
5894 6842
5895 7544
5896 7187
5897 7584
5898 6678
5899 7107
5900 7103
5901 7045
5902 6774
5903 6873
5904 6882
5905 6914
5906 7563
5907 8292
5908 6651
5909 6660
5910 7026
5911 7143
5912 6905
5913 7028
5914 6921
5915 INF
5916 7368
5917 7024
5918 7086
5919 6946
5920 7353
5921 6922
5922 6926
5923 7112
5924 7366
5925 8051
5926 7138
5927 6834
5928 6819
5929 8047
5930 6955
5931 6846
5932 6697
5933 6886
5934 INF
5935 6956
5936 7681
5937 6864
5938 7427
5939 7234
5940 7556
5941 7267
5942 7193
5943 7145
5944 6915
5945 INF
5946 7440
5947 7656
5948 6928
5949 7130
5950 7045
5951 6981
5952 7243
5953 6701
5954 7172
5955 7007
5956 7286
5957 6996
5958 6858
5959 7120
5960 7298
5961 6978
5962 7227
5963 7329
5964 6932
5965 7252
5966 7034
5967 7443
5968 7034
5969 7254
5970 6599
5971 6911
5972 8391
5973 7278
5974 7803
5975 6919
5976 7547
5977 7586
5978 6885
5979 7125
5980 7047
5981 6965
5982 7211
5983 7605
5984 6610
5985 6618
5986 6992
5987 6734
5988 7220
5989 7280
5990 7127
5991 7020
5992 7163
5993 7310
5994 7913
5995 6832
5996 6950
5997 7436
5998 7023
5999 7146
6000 7213
6001 7109
6002 7171
6003 7382
6004 6685
6005 6934
6006 7143
6007 INF
6008 7214
6009 7509
6010 7404
6011 7000
6012 7267
6013 6730
6014 6810
6015 6924
6016 7814
6017 7325
6018 7136
6019 6957
6020 7264
6021 7812
6022 7936
6023 7549
6024 7038
6025 7393
6026 7190
6027 7072
6028 7183
6029 6897
6030 6968
6031 7168
6032 7790
6033 6992
6034 7538
6035 7045
6036 6743
6037 7263
6038 7002
6039 7385
6040 7252
6041 7003
6042 7006
6043 7013
6044 7070
6045 6668
6046 7194
6047 7707
6048 7134
6049 7159
6050 7216
6051 6879
6052 7301
6053 7262
6054 7374
6055 7560
6056 7016
6057 7183
6058 6620
6059 7278
6060 6796
6061 7764
6062 7772
6063 7095
6064 7150
6065 7303
6066 7275
6067 7092
6068 7280
6069 7036
6070 7596
6071 7000
6072 7251
6073 7165
6074 7202
6075 7486
6076 7415
6077 6951
6078 7521
6079 7498
6080 7108
6081 6902
6082 7108
6083 INF
6084 7311
6085 6918
6086 6879
6087 7239
6088 7294
6089 7482
6090 7933
6091 7108
6092 7022
6093 7403
6094 7236
6095 7466
6096 7447
6097 7659
6098 7086
6099 7446
6100 7471
6101 7596
6102 7201
6103 6809
6104 7530
6105 7022
6106 7315
6107 7468
6108 7293
6109 7118
6110 7705
6111 7540
6112 7609
6113 7263
6114 8066
6115 7288
6116 7352
6117 7253
6118 7358
6119 7735
6120 8264
6121 7426
6122 7342
6123 7352
6124 6790
6125 7075
6126 7464
6127 7411
6128 7321
6129 7745
6130 7366
6131 7617
6132 7296
6133 7238
6134 6919
6135 7105
6136 7232
6137 7375
6138 7777
6139 7554
6140 7478
6141 7345
6142 7019
6143 7689
6144 7157
6145 6771
6146 7269
6147 7113
6148 INF
6149 7482
6150 7382
6151 7148
6152 INF
6153 7080
6154 7217
6155 7194
6156 7636
6157 7707
6158 7666
6159 7469
6160 7190
6161 7386
6162 7035
6163 7890
6164 7848
6165 7191
6166 7166
6167 7801
6168 7183
6169 7329
6170 7643
6171 7550
6172 7380
6173 6979
6174 7361
6175 7255
6176 8067
6177 7768
6178 7004
6179 7977
6180 7280
6181 7308
6182 7219
6183 7143
6184 7470
6185 7041
6186 6945
6187 7224
6188 7406
6189 7643
6190 7087
6191 7489
6192 7259
6193 7262
6194 7440
6195 8406
6196 7592
6197 7250
6198 7512
6199 7193
6200 7315
6201 7617
6202 7756
6203 7489
6204 7319
6205 7651
6206 7421
6207 7130
6208 7714
6209 7092
6210 7351
6211 INF
6212 7528
6213 7646
6214 7184
6215 7937
6216 7500
6217 7160
6218 7416
6219 7497
6220 7604
6221 7477
6222 8267
6223 7614
6224 7381
6225 7416
6226 7360
6227 7087
6228 6971
6229 7407
6230 7200
6231 8082
6232 7467
6233 7223
6234 9404
6235 7197
6236 8399
6237 7632
6238 7739
6239 7445
6240 7202
6241 8045
6242 6868
6243 7487
6244 7848
6245 7343
6246 7537
6247 7902
6248 7297
6249 7262
6250 7158
6251 7297
6252 7586
6253 7515
6254 7653
6255 7688
6256 6810
6257 7718
6258 7617
6259 7917
6260 7652
6261 7325
6262 7350
6263 7544
6264 7803
6265 7213
6266 7253
6267 7165
6268 7712
6269 8008
6270 7206
6271 7577
6272 7589
6273 7652
6274 7463
6275 7743
6276 7766
6277 7206
6278 7388
6279 7541
6280 7687
6281 7329
6282 7908
6283 7544
6284 7298
6285 8440
6286 7613
6287 7643
6288 7291
6289 7512
6290 7757
6291 7544
6292 7234
6293 7515
6294 7292
6295 7495
6296 7545
6297 7415
6298 7528
6299 7500
6300 7788
6301 7683
6302 7241
6303 7894
6304 8013
6305 7696
6306 8169
6307 7752
6308 7428
6309 7894
6310 8101
6311 7229
6312 7317
6313 7909
6314 7715
6315 7822
6316 7398
6317 7512
6318 7922
6319 7739
6320 7709
6321 7500
6322 7404
6323 7753
6324 7376
6325 7878
6326 7541
6327 7739
6328 7348
6329 7778
6330 7435
6331 7287
6332 7805
6333 7607
6334 7629
6335 7777
6336 7372
6337 7305
6338 7646
6339 7919
6340 7313
6341 7536
6342 7426
6343 7513
6344 7655
6345 7975
6346 7233
6347 7627
6348 7571
6349 7572
6350 7743
6351 8076
6352 7944
6353 7674
6354 7622
6355 7481
6356 7968
6357 7523
6358 7615
6359 7309
6360 8119
6361 7659
6362 8004
6363 8139
6364 7479
6365 7504
6366 7792
6367 7571
6368 8500
6369 8144
6370 7971
6371 7697
6372 8052
6373 7352
6374 6873
6375 7462
6376 7474
6377 7585
6378 7412
6379 6931
6380 7391
6381 7861
6382 7215
6383 7882
6384 7340
6385 7349
6386 7681
6387 7927
6388 7526
6389 7659
6390 7513
6391 7765
6392 7591
6393 7365
6394 8231
6395 8080
6396 7457
6397 7595
6398 7987
6399 7700
6400 7326
6401 7865
6402 7935
6403 8906
6404 8201
6405 7941
6406 7084
6407 7700
6408 7450
6409 7488
6410 7471
6411 7916
6412 7381
6413 7661
6414 7867
6415 7440
6416 7666
6417 7428
6418 7416
6419 8087
6420 7813
6421 8079
6422 7829
6423 7509
6424 7499
6425 7735
6426 7809
6427 7610
6428 7746
6429 7951
6430 8383
6431 7657
6432 7547
6433 8076
6434 7505
6435 7828
6436 7457
6437 7704
6438 INF
6439 7797
6440 7721
6441 7723
6442 7650
6443 7442
6444 7693
6445 7457
6446 7715
6447 7589
6448 7393
6449 7678
6450 7743
6451 7806
6452 7719
6453 7656
6454 7341
6455 8216
6456 7670
6457 7956
6458 8158
6459 7561
6460 7670
6461 6956
6462 8185
6463 7567
6464 7847
6465 7429
6466 7818
6467 7819
6468 8016
6469 8211
6470 7414
6471 7523
6472 7606
6473 7501
6474 7293
6475 7694
6476 7985
6477 6978
6478 7466
6479 7678
6480 7802
6481 7820
6482 7896
6483 7731
6484 7732
6485 7864
6486 7262
6487 7661
6488 7695
6489 7597
6490 8146
6491 7700
6492 7818
6493 7747
6494 8041
6495 7588
6496 7904
6497 7743
6498 7579
6499 8793
6500 7631
6501 7527
6502 7728
6503 7351
6504 8010
6505 7770
6506 7461
6507 7753
6508 7651
6509 7901
6510 8503
6511 7639
6512 7547
6513 7837
6514 7780
6515 7659
6516 7888
6517 8022
6518 8063
6519 7735
6520 7897
6521 7820
6522 7935
6523 7634
6524 7750
6525 7760
6526 INF
6527 7569
6528 7177
6529 7937
6530 7793
6531 7886
6532 7854
6533 8154
6534 7620
6535 7902
6536 7231
6537 8364
6538 7836
6539 7480
6540 7618
6541 7762
6542 8973
6543 8013
6544 7687
6545 7431
6546 7908
6547 7947
6548 8013
6549 8282
6550 7466
6551 8305
6552 7970
6553 7925
6554 7925
6555 8070
6556 7799
6557 8013
6558 7665
6559 INF
6560 7732
6561 7654
6562 8034
6563 7756
6564 7530
6565 7433
6566 7483
6567 8226
6568 8002
6569 8701
6570 7747
6571 8049
6572 8526
6573 7726
6574 7616
6575 7238
6576 8318
6577 7458
6578 8371
6579 7537
6580 8362
6581 7696
6582 7762
6583 7618
6584 7740
6585 8067
6586 8066
6587 7943
6588 7645
6589 7630
6590 8040
6591 7631
6592 7417
6593 7691
6594 7478
6595 8256
6596 7813
6597 7689
6598 7865
6599 7505
6600 7923
6601 7559
6602 8170
6603 7775
6604 7656
6605 7990
6606 7787
6607 7758
6608 7900
6609 7763
6610 8590
6611 7403
6612 7869
6613 8201
6614 8186
6615 7740
6616 7638
6617 7393
6618 9057
6619 7662
6620 7922
6621 8297
6622 8124
6623 7777
6624 8409
6625 7637
6626 7922
6627 7796
6628 7689
6629 8002
6630 8182
6631 8096
6632 8260
6633 7961
6634 7830
6635 7701
6636 7835
6637 8069
6638 7651
6639 8238
6640 7806
6641 8159
6642 8078
6643 8448
6644 7983
6645 7892
6646 INF
6647 7918
6648 7598
6649 7886
6650 7774
6651 7954
6652 7998
6653 7679
6654 7716
6655 9007
6656 8514
6657 7686
6658 7616
6659 8205
6660 7923
6661 7646
6662 7773
6663 7739
6664 7545
6665 7840
6666 7992
6667 7870
6668 7924
6669 7904
6670 7885
6671 8364
6672 8087
6673 7561
6674 8214
6675 7655
6676 7991
6677 8170
6678 7198
6679 7977
6680 7506
6681 8066
6682 8517
6683 7961
6684 7869
6685 8075
6686 7402
6687 7774
6688 7988
6689 8370
6690 7702
6691 7908
6692 7817
6693 8228
6694 7505
6695 7899
6696 7433
6697 7688
6698 8212
6699 8069
6700 7505
6701 7905
6702 8052
6703 8414
6704 7565
6705 7936
6706 7864
6707 7981
6708 7572
6709 8099
6710 8312
6711 7750
6712 7987
6713 7861
6714 8431
6715 8016
6716 7606
6717 8042
6718 8867
6719 7833
6720 7768
6721 8476
6722 7695
6723 7809
6724 7924
6725 8183
6726 7983
6727 7598
6728 7954
6729 7474
6730 7864
6731 8149
6732 7401
6733 7540
6734 7905
6735 8334
6736 8168
6737 7828
6738 7972
6739 7849
6740 7959
6741 8426
6742 7934
6743 7711
6744 8250
6745 8196
6746 7623
6747 7989
6748 7984
6749 9158
6750 7570
6751 7927
6752 8206
6753 8090
6754 8276
6755 8213
6756 8306
6757 7960
6758 8205
6759 7577
6760 7783
6761 8073
6762 8124
6763 7630
6764 INF
6765 7480
6766 7772
6767 8368
6768 8110
6769 8355
6770 7716
6771 7968
6772 8140
6773 7833
6774 7713
6775 8206
6776 7946
6777 8108
6778 8282
6779 8568
6780 7629
6781 8089
6782 8033
6783 7422
6784 8040
6785 8264
6786 7649
6787 7555
6788 7952
6789 7885
6790 7951
6791 8527
6792 7696
6793 7660
6794 8062
6795 8010
6796 7858
6797 8203
6798 8414
6799 7992
6800 8561
6801 INF
6802 8072
6803 7844
6804 8017
6805 8283
6806 8228
6807 7936
6808 7877
6809 7949
6810 7940
6811 8416
6812 7865
6813 8043
6814 8050
6815 7877
6816 8003
6817 7716
6818 8384
6819 8007
6820 7916
6821 7684
6822 8196
6823 8161
6824 7988
6825 8843
6826 8081
6827 8494
6828 8231
6829 8093
6830 8550
6831 7837
6832 8241
6833 7628
6834 8351
6835 8466
6836 7956
6837 8259
6838 7947
6839 7651
6840 7819
6841 7871
6842 7578
6843 7997
6844 8194
6845 8228
6846 8086
6847 7880
6848 8067
6849 7867
6850 8072
6851 7723
6852 8562
6853 8235
6854 7995
6855 7989
6856 7874
6857 8236
6858 8226
6859 8028
6860 7889
6861 8146
6862 8185
6863 8649
6864 7975
6865 7809
6866 8118
6867 7804
6868 8224
6869 8007
6870 8113
6871 8973
6872 8057
6873 7812
6874 8423
6875 8598
6876 7804
6877 8511
6878 7966
6879 8012
6880 7858
6881 7797
6882 8396
6883 8202
6884 8026
6885 8329
6886 8567
6887 8561
6888 8592
6889 7944
6890 7991
6891 8186
6892 8052
6893 8076
6894 8112
6895 7912
6896 8128
6897 8299
6898 8486
6899 8064
6900 8104
6901 7980
6902 8080
6903 8193
6904 8871
6905 8029
6906 INF
6907 8322
6908 8022
6909 8420
6910 8021
6911 8023
6912 8362
6913 8205
6914 8482
6915 8765
6916 8005
6917 8164
6918 7908
6919 8014
6920 8169
6921 INF
6922 8035
6923 7941
6924 8314
6925 8453
6926 7866
6927 8236
6928 8306
6929 8342
6930 8196
6931 8020
6932 8564
6933 8004
6934 8460
6935 8077
6936 8116
6937 8155
6938 7885
6939 8278
6940 8031
6941 8001
6942 8702
6943 8368
6944 8397
6945 8476
6946 8163
6947 8621
6948 7975
6949 8866
6950 8188
6951 8332
6952 8316
6953 8299
6954 8331
6955 8251
6956 7606
6957 8243
6958 8270
6959 7929
6960 8187
6961 7698
6962 7949
6963 8370
6964 8368
6965 8018
6966 8305
6967 8607
6968 8030
6969 8458
6970 7997
6971 8392
6972 8083
6973 8340
6974 8488
6975 8462
6976 8140
6977 8699
6978 8140
6979 8131
6980 7953
6981 8475
6982 7692
6983 8511
6984 8177
6985 8608
6986 8611
6987 8210
6988 8380
6989 8839
6990 8240
6991 8600
6992 7989
6993 8377
6994 8116
6995 8342
6996 8150
6997 8332
6998 8224
6999 8385
7000 8541
7001 8462
7002 8449
7003 8413
7004 8129
7005 8340
7006 8005
7007 8080
7008 7997
7009 8711
7010 8414
7011 8041
7012 8365
7013 8479
7014 8268
7015 8206
7016 8373
7017 8040
7018 8712
7019 8485
7020 8709
7021 8352
7022 7707
7023 8118
7024 8132
7025 8490
7026 8416
7027 8618
7028 INF
7029 8156
7030 8291
7031 8540
7032 8471
7033 8074
7034 8134
7035 8558
7036 8404
7037 8025
7038 8343
7039 8035
7040 INF
7041 8250
7042 8567
7043 8427
7044 8890
7045 8178
7046 8043
7047 8332
7048 8393
7049 8112
7050 8208
7051 8665
7052 8353
7053 8518
7054 9096
7055 8738
7056 8069
7057 8305
7058 8977
7059 8352
7060 8212
7061 8421
7062 8126
7063 8548
7064 7948
7065 8871
7066 8417
7067 8718
7068 8171
7069 8525
7070 8313
7071 7919
7072 INF
7073 8643
7074 8535
7075 8513
7076 8122
7077 9010
7078 8493
7079 8215
7080 8156
7081 8044
7082 8329
7083 INF
7084 8721
7085 8312
7086 8355
7087 8907
7088 8058
7089 8308
7090 8798
7091 8515
7092 8317
7093 8187
7094 8574
7095 8304
7096 8389
7097 8300
7098 8101
7099 8922
7100 8230
7101 8538
7102 8805
7103 8635
7104 8737
7105 8827
7106 8662
7107 8488
7108 8463
7109 8548
7110 8534
7111 8297
7112 8468
7113 8622
7114 8656
7115 8650
7116 8348
7117 8846
7118 INF
7119 8393
7120 8423
7121 8252
7122 8501
7123 8732
7124 8393
7125 8882
7126 9235
7127 8245
7128 INF
7129 8208
7130 8530
7131 8702
7132 8705
7133 8694
7134 8317
7135 8370
7136 INF
7137 8640
7138 8569
7139 8368
7140 8583
7141 8349
7142 8298
7143 8419
7144 8244
7145 8473
7146 8474
7147 8705
7148 8368
7149 8798
7150 8088
7151 8304
7152 8348
7153 8856
7154 8215
7155 8475
7156 8180
7157 8819
7158 8984
7159 8184
7160 8418
7161 8034
7162 8279
7163 8196
7164 9121
7165 8589
7166 8237
7167 7874
7168 8443
7169 8209
7170 8143
7171 8835
7172 8609
7173 8275
7174 8081
7175 8842
7176 8612
7177 8507
7178 8425
7179 8431
7180 8547
7181 8284
7182 8106
7183 INF
7184 8460
7185 8821
7186 8438
7187 8322
7188 8122
7189 8190
7190 8208
7191 8732
7192 8633
7193 8935
7194 8217
7195 8740
7196 8352
7197 8528
7198 8918
7199 8468
7200 8199
7201 8976
7202 9312
7203 8372
7204 9289
7205 8192
7206 8124
7207 8325
7208 8521
7209 8394
7210 8832
7211 INF
7212 8280
7213 8418
7214 9467
7215 8436
7216 8885
7217 8761
7218 8569
7219 8256
7220 8697
7221 8287
7222 8200
7223 8217
7224 8280
7225 8396
7226 8815
7227 8271
7228 8878
7229 8490
7230 INF
7231 8689
7232 8731
7233 8739
7234 8722
7235 8730
7236 8456
7237 8366
7238 8885
7239 8639
7240 9360
7241 8670
7242 9140
7243 9219
7244 8723
7245 8646
7246 8852
7247 8555
7248 8483
7249 8289
7250 7896
7251 9048
7252 8354
7253 8582
7254 8628
7255 9096
7256 8847
7257 8242
7258 8974
7259 8853
7260 9210
7261 8704
7262 8869
7263 8370
7264 8581
7265 8328
7266 7935
7267 8729
7268 8702
7269 8679
7270 8905
7271 8405
7272 8315
7273 8578
7274 8983
7275 8598
7276 8151
7277 8684
7278 8530
7279 8998
7280 8575
7281 8692
7282 8752
7283 8445
7284 8398
7285 8767
7286 8872
7287 8521
7288 9514
7289 8600
7290 8323
7291 8805
7292 8321
7293 8697
7294 8316
7295 8485
7296 8340
7297 8649
7298 8448
7299 8357
7300 8304
7301 8502
7302 8929
7303 8577
7304 8447
7305 8473
7306 8763
7307 8958
7308 8799
7309 8493
7310 8659
7311 9208
7312 8369
7313 8887
7314 8482
7315 8721
7316 8755
7317 8845
7318 8981
7319 8578
7320 8742
7321 9189
7322 8461
7323 8257
7324 9232
7325 9393
7326 8922
7327 8622
7328 8037
7329 8159
7330 8763
7331 8584
7332 8582
7333 9046
7334 9994
7335 8836
7336 8421
7337 8368
7338 8720
7339 8641
7340 8681
7341 8336
7342 8922
7343 8476
7344 8435
7345 8425
7346 8426
7347 8178
7348 8430
7349 9414
7350 9007
7351 8916
7352 8292
7353 8048
7354 7954
7355 8943
7356 8392
7357 9240
7358 8752
7359 8752
7360 8083
7361 8563
7362 8744
7363 8916
7364 8326
7365 8442
7366 8772
7367 8783
7368 8359
7369 8787
7370 8588
7371 8413
7372 8477
7373 8546
7374 8485
7375 8640
7376 8931
7377 8931
7378 9457
7379 8460
7380 9096
7381 9013
7382 8776
7383 9145
7384 9372
7385 8419
7386 8512
7387 8788
7388 8118
7389 8971
7390 8636
7391 8749
7392 8787
7393 8227
7394 8918
7395 8720
7396 8466
7397 8719
7398 8463
7399 8515
7400 8271
7401 8915
7402 8956
7403 8482
7404 8392
7405 8561
7406 8640
7407 8508
7408 9077
7409 8549
7410 8987
7411 9812
7412 8666
7413 8932
7414 8701
7415 8787
7416 8570
7417 8548
7418 8343
7419 8919
7420 8662
7421 8482
7422 9122
7423 8866
7424 8170
7425 8835
7426 8450
7427 9043
7428 8488
7429 9034
7430 9364
7431 8120
7432 8318
7433 8774
7434 8826
7435 8797
7436 8854
7437 8810
7438 9173
7439 8562
7440 8586
7441 8519
7442 8717
7443 8989
7444 8611
7445 8984
7446 8508
7447 8529
7448 8945
7449 8685
7450 8548
7451 8441
7452 10259
7453 8278
7454 8564
7455 8542
7456 8519
7457 8789
7458 8536
7459 8685
7460 8606
7461 8126
7462 9059
7463 8827
7464 8998
7465 INF
7466 8825
7467 8750
7468 8896
7469 8986
7470 8999
7471 8372
7472 8215
7473 8808
7474 8404
7475 8547
7476 8593
7477 8854
7478 8758
7479 8470
7480 9933
7481 8793
7482 8524
7483 8838
7484 8619
7485 8522
7486 8778
7487 8939
7488 8476
7489 8827
7490 9077
7491 9090
7492 9344
7493 8994
7494 8513
7495 8213
7496 8850
7497 8491
7498 8936
7499 8356
7500 9265
7501 8864
7502 8780
7503 8886
7504 INF
7505 8136
7506 9066
7507 8564
7508 8606
7509 9092
7510 8496
7511 8644
7512 8967
7513 9065
7514 9034
7515 8862
7516 8368
7517 8914
7518 8815
7519 8810
7520 8984
7521 8531
7522 8932
7523 8694
7524 8656
7525 8565
7526 8816
7527 8435
7528 8836
7529 9086
7530 8409
7531 8822
7532 8379
7533 8965
7534 9229
7535 9045
7536 8533
7537 9152
7538 9241
7539 8499
7540 8302
7541 9041
7542 8872
7543 9092
7544 8681
7545 8997
7546 8406
7547 8534
7548 8381
7549 8821
7550 9787
7551 8594
7552 8404
7553 9200
7554 8759
7555 8923
7556 9020
7557 8970
7558 8872
7559 9496
7560 8615
7561 8134
7562 8622
7563 9027
7564 8582
7565 9606
7566 9437
7567 8285
7568 8468
7569 8726
7570 9065
7571 8551
7572 9160
7573 8939
7574 8682
7575 8657
7576 8823
7577 9053
7578 9035
7579 8452
7580 8710
7581 9064
7582 8482
7583 8527
7584 9119
7585 9328
7586 8933
7587 9464
7588 8725
7589 8999
7590 8273
7591 8677
7592 9050
7593 9168
7594 8581
7595 8986
7596 8846
7597 8203
7598 9312
7599 8590
7600 8882
7601 8993
7602 9076
7603 8700
7604 8569
7605 8506
7606 9547
7607 8551
7608 8650
7609 9012
7610 9450
7611 8660
7612 9135
7613 8511
7614 9167
7615 9003
7616 9176
7617 8944
7618 9489
7619 8956
7620 8521
7621 9052
7622 8753
7623 8748
7624 8911
7625 9816
7626 8827
7627 9646
7628 8703
7629 8634
7630 8637
7631 9728
7632 8870
7633 8681
7634 9120
7635 8565
7636 9332
7637 9578
7638 9098
7639 8537
7640 8898
7641 8967
7642 8969
7643 9244
7644 9320
7645 8931
7646 9114
7647 8646
7648 8837
7649 9310
7650 8793
7651 INF
7652 8912
7653 8845
7654 8930
7655 9014
7656 8823
7657 9128
7658 9386
7659 8449
7660 8612
7661 9274
7662 9416
7663 8506
7664 8530
7665 10120
7666 8534
7667 8490
7668 8821
7669 8917
7670 8490
7671 9272
7672 8894
7673 8933
7674 8879
7675 8830
7676 8275
7677 9143
7678 8515
7679 8860
7680 9024
7681 9071
7682 INF
7683 9018
7684 9019
7685 9010
7686 8842
7687 8976
7688 9707
7689 8737
7690 9074
7691 9245
7692 8730
7693 8629
7694 8375
7695 9126
7696 9244
7697 8645
7698 9186
7699 9384
7700 9096
7701 9322
7702 9008
7703 8990
7704 9074
7705 8899
7706 9045
7707 8667
7708 9903
7709 INF
7710 8709
7711 9305
7712 8875
7713 8815
7714 9344
7715 8930
7716 8904
7717 9191
7718 9335
7719 8963
7720 9257
7721 8800
7722 9344
7723 10152
7724 8973
7725 8872
7726 8639
7727 INF
7728 8974
7729 8929
7730 8812
7731 9047
7732 8801
7733 10095
7734 9162
7735 9207
7736 9169
7737 9022
7738 9051
7739 8943
7740 8686
7741 9484
7742 8972
7743 9244
7744 9281
7745 9115
7746 9084
7747 9215
7748 9877
7749 9052
7750 8896
7751 9310
7752 8870
7753 9281
7754 9622
7755 9141
7756 9022
7757 8649
7758 8652
7759 9082
7760 9088
7761 8839
7762 8717
7763 8702
7764 8722
7765 8877
7766 8657
7767 8925
7768 8852
7769 INF
7770 8956
7771 8959
7772 9664
7773 9877
7774 8959
7775 9565
7776 8697
7777 8721
7778 8805
7779 INF
7780 8967
7781 8780
7782 9154
7783 9442
7784 9194
7785 9142
7786 8889
7787 9674
7788 8997
7789 8773
7790 9191
7791 9136
7792 8861
7793 INF
7794 8611
7795 8922
7796 8843
7797 8586
7798 9688
7799 8816
7800 9174
7801 9480
7802 9277
7803 8968
7804 9109
7805 9870
7806 8906
7807 8816
7808 9608
7809 INF
7810 9059
7811 9387
7812 8954
7813 9249
7814 8920
7815 8973
7816 9172
7817 9046
7818 9330
7819 9258
7820 8971
7821 9490
7822 9256
7823 9070
7824 9338
7825 9105
7826 9192
7827 9180
7828 8823
7829 9320
7830 9100
7831 9185
7832 9580
7833 9262
7834 INF
7835 9086
7836 9504
7837 9836
7838 9678
7839 9039
7840 8690
7841 9040
7842 9309
7843 9232
7844 9404
7845 9201
7846 9640
7847 9302
7848 9021
7849 9028
7850 9684
7851 9245
7852 8741
7853 8894
7854 9311
7855 9537
7856 9235
7857 8923
7858 9018
7859 8896
7860 9769
7861 9709
7862 INF
7863 8956
7864 8978
7865 8809
7866 8669
7867 9358
7868 9195
7869 9269
7870 8989
7871 8990
7872 9153
7873 9130
7874 9671
7875 9509
7876 8998
7877 9070
7878 9824
7879 9178
7880 9209
7881 8985
7882 9154
7883 9142
7884 8765
7885 8884
7886 9134
7887 9320
7888 8660
7889 8872
7890 8994
7891 8799
7892 9484
7893 9221
7894 INF
7895 9056
7896 10121
7897 9035
7898 8703
7899 9197
7900 8878
7901 9511
7902 9432
7903 9298
7904 9436
7905 9219
7906 9456
7907 9136
7908 8923
7909 10511
7910 9303
7911 9144
7912 9400
7913 9205
7914 9276
7915 9731
7916 9359
7917 8911
7918 9126
7919 9339
7920 9061
7921 10644
7922 9584
7923 9333
7924 9303
7925 9489
7926 9207
7927 9137
7928 8921
7929 9142
7930 9523
7931 9608
7932 9162
7933 9389
7934 9521
7935 9391
7936 9347
7937 9095
7938 9184
7939 9522
7940 9315
7941 9086
7942 9799
7943 9685
7944 9818
7945 8856
7946 9842
7947 9056
7948 9135
7949 9080
7950 9437
7951 9031
7952 9625
7953 9284
7954 9763
7955 9082
7956 10093
7957 8893
7958 9078
7959 9642
7960 9714
7961 9122
7962 9199
7963 9243
7964 9977
7965 9297
7966 9674
7967 8926
7968 9180
7969 9211
7970 9342
7971 9564
7972 8727
7973 9121
7974 8794
7975 9260
7976 9240
7977 8774
7978 9092
7979 9196
7980 9256
7981 9395
7982 8959
7983 9517
7984 9163
7985 8883
7986 9500
7987 INF
7988 9328
7989 9238
7990 9487
7991 8941
7992 9129
7993 9401
7994 9034
7995 9527
7996 9532
7997 9485
7998 9216
7999 8989
8000 8992
8001 9563
8002 9350
8003 9422
8004 9235
8005 8939
8006 9918
8007 9226
8008 9188
8009 10117
8010 9294
8011 10200
8012 9905
8013 9648
8014 9546
8015 9471
8016 9320
8017 9505
8018 9274
8019 9678
8020 9104
8021 9464
8022 9475
8023 9464
8024 9114
8025 9302
8026 9557
8027 9111
8028 9764
8029 10281
8030 9192
8031 9249
8032 9615
8033 9217
8034 9327
8035 9381
8036 9047
8037 9024
8038 9555
8039 9355
8040 9234
8041 9676
8042 9261
8043 9452
8044 9159
8045 9386
8046 9498
8047 9390
8048 9226
8049 9442
8050 9070
8051 9273
8052 9306
8053 9909
8054 9624
8055 9745
8056 8967
8057 8895
8058 9242
8059 10049
8060 9874
8061 9357
8062 9946
8063 9775
8064 9379
8065 9573
8066 10181
8067 9593
8068 8942
8069 8911
8070 10023
8071 9369
8072 9011
8073 9367
8074 INF
8075 9559
8076 9669
8077 9593
8078 9267
8079 10444
8080 9600
8081 9350
8082 9569
8083 10328
8084 9572
8085 9439
8086 10024
8087 9355
8088 9037
8089 9345
8090 9402
8091 8936
8092 9360
8093 INF
8094 9435
8095 9422
8096 9273
8097 9059
8098 9196
8099 9087
8100 9398
8101 10064
8102 9226
8103 9993
8104 9221
8105 9401
8106 10750
8107 9577
8108 9462
8109 9386
8110 9273
8111 9630
8112 9729
8113 9299
8114 9455
8115 9042
8116 9750
8117 9971
8118 9485
8119 9486
8120 9493
8121 9901
8122 9599
8123 9681
8124 10015
8125 10253
8126 9076
8127 9232
8128 9468
8129 9840
8130 9319
8131 9781
8132 9638
8133 9777
8134 9589
8135 9477
8136 9600
8137 9420
8138 9261
8139 9177
8140 9006
8141 9554
8142 9657
8143 9426
8144 9387
8145 INF
8146 9443
8147 9090
8148 9494
8149 9187
8150 10016
8151 9121
8152 9433
8153 INF
8154 9093
8155 10143
8156 9792
8157 9731
8158 9857
8159 9573
8160 10323
8161 9613
8162 INF
8163 9093
8164 9330
8165 9248
8166 9899
8167 9756
8168 9572
8169 9602
8170 9388
8171 9924
8172 9074
8173 9105
8174 INF
8175 INF
8176 9814
8177 9547
8178 9624
8179 10106
8180 INF
8181 9770
8182 9717
8183 9456
8184 9480
8185 9587
8186 9420
8187 9465
8188 9393
8189 9361
8190 9491
8191 9212
8192 10088
8193 9215
8194 9503
8195 9099
8196 9862
8197 10097
8198 9231
8199 9924
8200 10532
8201 9646
8202 9950
8203 9728
8204 9952
8205 9824
8206 9459
8207 9896
8208 9386
8209 9549
8210 9415
8211 9381
8212 9176
8213 9720
8214 9157
8215 9116
8216 9878
8217 9403
8218 9516
8219 INF
8220 9490
8221 10132
8222 9508
8223 9173
8224 9769
8225 9537
8226 9454
8227 9432
8228 9214
8229 10066
8230 9554
8231 9782
8232 9422
8233 9507
8234 9356
8235 9522
8236 9491
8237 9998
8238 9760
8239 9588
8240 9875
8241 9413
8242 9770
8243 9824
8244 9150
8245 9610
8246 9444
8247 9648
8248 10129
8249 9868
8250 9119
8251 9855
8252 9320
8253 9161
8254 9650
8255 9672
8256 10021
8257 10150
8258 9357
8259 9559
8260 9263
8261 9439
8262 9460
8263 9533
8264 9342
8265 9825
8266 9760
8267 10061
8268 9544
8269 9596
8270 10149
8271 10003
8272 9810
8273 INF
8274 9290
8275 9113
8276 10009
8277 9372
8278 9689
8279 9880
8280 9144
8281 9803
8282 9830
8283 9196
8284 9255
8285 9376
8286 9710
8287 9265
8288 9856
8289 9731
8290 9543
8291 9772
8292 9608
8293 9474
8294 9225
8295 9675
8296 9838
8297 9792
8298 9768
8299 9580
8300 9410
8301 10306
8302 9838
8303 10125
8304 9696
8305 9698
8306 9876
8307 10360
8308 9963
8309 10349
8310 9495
8311 10052
8312 9218
8313 9774
8314 9503
8315 9999
8316 9741
8317 10150
8318 9540
8319 9332
8320 9650
8321 9770
8322 9468
8323 9500
8324 10205
8325 10114
8326 9187
8327 9920
8328 INF
8329 9437
8330 9571
8331 INF
8332 INF
8333 9718
8334 9360
8335 9643
8336 9692
8337 9853
8338 9978
8339 9822
8340 9777
8341 10236
8342 9604
8343 9824
8344 9509
8345 10205
8346 10256
8347 9442
8348 9620
8349 9511
8350 10406
8351 9508
8352 9337
8353 9838
8354 9793
8355 9698
8356 9541
8357 9764
8358 9970
8359 9922
8360 9892
8361 10732
8362 10024
8363 9290
8364 9644
8365 9948
8366 9672
8367 9949
8368 10037
8369 9850
8370 9167
8371 9327
8372 9574
8373 9593
8374 9171
8375 9768
8376 9563
8377 9669
8378 9581
8379 9899
8380 9889
8381 9684
8382 9934
8383 9824
8384 9638
8385 9416
8386 10107
8387 9911
8388 9675
8389 9430
8390 9834
8391 9134
8392 10250
8393 10191
8394 9390
8395 9835
8396 9677
8397 9635
8398 9478
8399 9187
8400 9679
8401 9909
8402 9762
8403 9605
8404 9907
8405 9700
8406 10250
8407 9217
8408 10422
8409 9630
8410 9709
8411 10074
8412 9914
8413 9769
8414 9781
8415 9579
8416 10662
8417 9949
8418 9202
8419 9225
8420 10108
8421 9137
8422 10115
8423 9384
8424 9823
8425 9322
8426 INF
8427 9710
8428 9582
8429 9624
8430 9609
8431 9806
8432 9647
8433 9588
8434 9640
8435 10104
8436 9424
8437 10626
8438 10264
8439 10324
8440 INF
8441 INF
8442 9932
8443 10185
8444 9748
8445 9424
8446 10232
8447 9682
8448 INF
8449 9494
8450 10379
8451 9271
8452 10069
8453 9757
8454 9205
8455 9964
8456 9649
8457 9627
8458 9712
8459 9659
8460 9503
8461 9745
8462 10014
8463 9451
8464 9927
8465 9817
8466 9523
8467 9180
8468 9868
8469 9811
8470 9384
8471 10004
8472 9814
8473 10048
8474 9397
8475 10153
8476 INF
8477 9817
8478 9799
8479 9761
8480 10002
8481 9358
8482 9244
8483 10003
8484 9612
8485 9988
8486 10309
8487 9612
8488 10185
8489 9872
8490 9901
8491 9868
8492 9482
8493 9713
8494 10018
8495 9964
8496 9518
8497 9358
8498 9516
8499 9616
8500 INF
8501 9749
8502 INF
8503 9735
8504 10343
8505 10068
8506 9958
8507 9701
8508 9544
8509 10116
8510 9669
8511 9338
8512 10184
8513 10904
8514 10467
8515 10054
8516 9978
8517 10295
8518 9866
8519 9587
8520 10214
8521 9407
8522 9956
8523 9840
8524 10391
8525 9498
8526 9840
8527 10058
8528 10447
8529 9927
8530 9881
8531 10689
8532 9517
8533 9940
8534 10131
8535 9833
8536 9738
8537 9629
8538 9608
8539 9403
8540 9576
8541 10511
8542 9717
8543 9713
8544 9753
8545 10198
8546 9907
8547 9302
8548 INF
8549 10344
8550 9720
8551 9371
8552 10075
8553 9958
8554 10201
8555 9495
8556 10307
8557 10441
8558 9738
8559 10173
8560 9805
8561 10116
8562 10025
8563 9660
8564 10007
8565 10291
8566 9858
8567 9503
8568 10011
8569 9825
8570 9944
8571 10055
8572 10409
8573 9898
8574 9491
8575 9207
8576 9698
8577 9335
8578 9607
8579 10045
8580 9410
8581 10521
8582 9745
8583 9555
8584 9820
8585 9942
8586 9808
8587 9946
8588 9342
8589 9775
8590 9683
8591 10440
8592 9553
8593 9837
8594 10049
8595 10059
8596 10064
8597 9923
8598 9564
8599 9754
8600 10466
8601 9458
8602 9956
8603 10337
8604 10094
8605 10156
8606 9505
8607 9754
8608 10091
8609 10288
8610 9519
8611 10248
8612 9872
8613 9985
8614 9833
8615 9519
8616 9850
8617 10338
8618 9793
8619 9417
8620 10191
8621 10862
8622 9840
8623 9821
8624 9639
8625 9897
8626 9876
8627 9562
8628 9380
8629 9906
8630 9657
8631 10647
8632 9794
8633 9809
8634 9706
8635 9996
8636 9897
8637 9686
8638 10168
8639 10412
8640 10048
8641 9474
8642 10193
8643 9694
8644 9797
8645 10110
8646 INF
8647 9637
8648 9928
8649 9840
8650 9775
8651 10370
8652 9901
8653 9975
8654 9675
8655 9895
8656 INF
8657 9788
8658 10296
8659 9862
8660 9977
8661 10456
8662 9728
8663 10030
8664 10264
8665 9711
8666 9767
8667 9596
8668 10131
8669 9985
8670 10694
8671 10091
8672 10020
8673 9770
8674 9993
8675 10403
8676 9955
8677 9606
8678 9592
8679 10056
8680 9680
8681 10400
8682 10009
8683 9946
8684 9888
8685 10293
8686 9723
8687 9828
8688 9925
8689 10007
8690 10569
8691 9741
8692 10174
8693 9746
8694 9816
8695 9681
8696 10118
8697 10058
8698 9631
8699 10069
8700 10357
8701 10319
8702 9655
8703 INF
8704 9993
8705 10756
8706 10137
8707 9884
8708 10057
8709 9951
8710 10813
8711 9780
8712 10118
8713 9914
8714 INF
8715 10030
8716 10092
8717 9837
8718 9844
8719 10238
8720 10144
8721 9536
8722 10144
8723 9576
8724 10267
8725 9950
8726 10072
8727 9851
8728 10768
8729 10019
8730 9896
8731 INF
8732 10400
8733 9879
8734 10175
8735 10189
8736 9906
8737 9891
8738 9994
8739 10283
8740 10237
8741 10186
8742 9765
8743 9568
8744 10088
8745 9927
8746 10711
8747 10154
8748 10097
8749 10178
8750 9969
8751 10088
8752 9803
8753 9778
8754 10263
8755 9859
8756 9685
8757 10068
8758 9840
8759 10325
8760 10958
8761 10336
8762 10162
8763 9838
8764 10036
8765 9902
8766 10396
8767 9977
8768 10196
8769 9697
8770 10566
8771 10841
8772 9898
8773 10016
8774 10293
8775 10467
8776 10012
8777 9594
8778 9445
8779 INF
8780 10119
8781 10512
8782 9735
8783 10570
8784 10577
8785 10334
8786 10440
8787 9846
8788 10052
8789 10155
8790 10244
8791 10053
8792 9879
8793 9734
8794 10136
8795 9902
8796 10786
8797 10327
8798 9773
8799 9806
8800 10639
8801 10006
8802 9924
8803 10279
8804 10480
8805 10027
8806 10195
8807 10658
8808 10137
8809 9858
8810 9776
8811 10091
8812 10014
8813 10093
8814 9957
8815 10472
8816 9595
8817 9887
8818 10029
8819 11422
8820 9690
8821 10619
8822 10360
8823 9969
8824 9956
8825 10061
8826 10481
8827 9870
8828 9881
8829 10480
8830 10461
8831 10894
8832 9938
8833 9705
8834 10106
8835 9767
8836 10249
8837 10373
8838 10466
8839 9889
8840 10583
8841 10086
8842 10251
8843 10174
8844 INF
8845 9749
8846 10389
8847 10225
8848 10095
8849 10279
8850 10053
8851 10548
8852 10317
8853 9986
8854 10300
8855 10004
8856 9978
8857 9990
8858 10720
8859 9933
8860 9968
8861 10447
8862 10299
8863 9468
8864 10786
8865 9685
8866 9737
8867 10347
8868 10106
8869 10241
8870 10322
8871 10347
8872 10712
8873 9948
8874 10173
8875 10093
8876 10094
8877 10068
8878 9555
8879 10063
8880 10410
8881 10076
8882 10081
8883 9797
8884 10178
8885 10066
8886 10354
8887 9946
8888 10207
8889 10060
8890 11145
8891 10263
8892 10093
8893 10038
8894 10481
8895 10743
8896 10303
8897 9738
8898 10019
8899 10789
8900 10316
8901 10953
8902 10357
8903 10503
8904 10570
8905 10291
8906 9977
8907 10319
8908 10877
8909 10845
8910 10545
8911 10002
8912 9775
8913 10383
8914 10264
8915 10249
8916 10804
8917 10466
8918 10382
8919 10056
8920 10525
8921 10333
8922 9774
8923 10013
8924 10282
8925 10953
8926 10054
8927 10518
8928 10030
8929 10442
8930 9757
8931 9704
8932 10252
8933 10166
8934 10778
8935 9906
8936 10469
8937 10051
8938 10202
8939 10491
8940 9863
8941 10458
8942 10254
8943 10500
8944 10747
8945 10286
8946 10054
8947 10110
8948 10228
8949 10749
8950 10155
8951 10467
8952 10216
8953 9978
8954 10948
8955 10009
8956 10671
8957 9887
8958 11847
8959 10149
8960 11308
8961 10144
8962 10830
8963 10506
8964 9917
8965 10384
8966 9934
8967 10287
8968 9782
8969 10999
8970 10021
8971 9956
8972 9865
8973 10147
8974 10363
8975 10586
8976 10444
8977 10378
8978 9604
8979 9861
8980 10334
8981 10462
8982 10533
8983 10027
8984 10174
8985 10808
8986 10444
8987 10049
8988 10033
8989 10013
8990 10293
8991 11022
8992 10263
8993 10196
8994 10043
8995 10380
8996 10103
8997 10134
8998 9929
8999 10181
9000 10307
9001 10306
9002 10425
9003 10495
9004 10522
9005 10084
9006 10088
9007 10072
9008 10073
9009 9809
9010 10656
9011 9853
9012 10379
9013 10143
9014 10529
9015 10133
9016 10477
9017 10553
9018 10253
9019 10523
9020 9950
9021 10287
9022 10463
9023 10131
9024 10014
9025 9944
9026 10203
9027 10313
9028 10740
9029 10201
9030 10035
9031 10528
9032 10087
9033 10560
9034 10279
9035 10584
9036 10404
9037 10165
9038 10986
9039 10129
9040 10059
9041 10627
9042 10270
9043 10196
9044 10264
9045 10478
9046 10301
9047 10165
9048 10662
9049 10031
9050 9859
9051 11025
9052 10269
9053 10508
9054 10038
9055 10253
9056 10085
9057 10745
9058 10039
9059 9991
9060 10485
9061 INF
9062 10388
9063 9770
9064 10380
9065 10377
9066 10732
9067 11503
9068 11178
9069 INF
9070 10480
9071 INF
9072 10523
9073 10152
9074 10796
9075 10138
9076 10227
9077 10637
9078 10490
9079 10187
9080 10074
9081 10980
9082 10261
9083 10285
9084 10178
9085 10723
9086 10683
9087 10742
9088 10145
9089 10194
9090 11093
9091 10382
9092 10319
9093 10425
9094 10122
9095 10639
9096 INF
9097 10075
9098 11091
9099 10479
9100 10230
9101 10441
9102 10275
9103 10345
9104 10480
9105 10485
9106 10141
9107 10429
9108 10204
9109 10553
9110 10344
9111 11079
9112 11061
9113 10904
9114 10259
9115 10284
9116 10559
9117 10939
9118 10499
9119 10328
9120 10563
9121 10607
9122 10486
9123 10987
9124 11181
9125 10759
9126 10075
9127 10426
9128 10753
9129 12247
9130 10202
9131 10029
9132 10355
9133 11715
9134 10351
9135 10206
9136 10530
9137 10538
9138 10475
9139 10492
9140 10626
9141 10424
9142 10217
9143 11273
9144 10155
9145 10491
9146 10430
9147 10614
9148 10475
9149 10343
9150 10210
9151 10611
9152 10426
9153 10255
9154 10184
9155 10770
9156 10347
9157 10166
9158 10269
9159 10305
9160 10175
9161 10306
9162 10541
9163 10234
9164 11062
9165 10246
9166 10458
9167 10564
9168 10196
9169 10673
9170 10651
9171 10094
9172 10468
9173 9937
9174 10105
9175 10132
9176 10967
9177 10882
9178 10385
9179 10716
9180 10375
9181 10429
9182 10290
9183 10333
9184 10350
9185 10263
9186 10665
9187 10398
9188 10616
9189 10717
9190 10468
9191 10743
9192 10234
9193 9974
9194 10550
9195 11067
9196 10510
9197 10555
9198 10271
9199 10449
9200 10844
9201 11271
9202 10484
9203 10474
9204 10982
9205 10936
9206 10309
9207 10643
9208 10718
9209 10808
9210 10759
9211 10520
9212 11440
9213 10506
9214 10500
9215 10115
9216 10797
9217 10165
9218 11519
9219 10252
9220 11002
9221 10921
9222 10238
9223 10755
9224 10506
9225 10487
9226 10540
9227 10831
9228 10410
9229 10652
9230 10460
9231 10820
9232 10784
9233 10299
9234 10694
9235 10447
9236 10827
9237 10365
9238 INF
9239 10598
9240 INF
9241 10664
9242 10858
9243 10558
9244 10418
9245 10534
9246 10528
9247 10478
9248 11743
9249 10791
9250 10612
9251 10540
9252 11369
9253 10699
9254 11111
9255 10524
9256 11078
9257 10481
9258 10233
9259 10568
9260 10542
9261 10481
9262 10454
9263 10481
9264 10685
9265 10291
9266 10432
9267 10278
9268 10345
9269 10409
9270 10403
9271 10771
9272 10198
9273 10848
9274 10329
9275 11010
9276 10785
9277 10390
9278 10652
9279 10673
9280 11097
9281 10387
9282 10516
9283 12082
9284 10500
9285 10635
9286 10403
9287 10042
9288 10452
9289 10234
9290 10705
9291 11108
9292 10717
9293 10936
9294 10430
9295 10979
9296 10211
9297 10389
9298 10217
9299 10649
9300 10755
9301 10329
9302 10761
9303 11101
9304 11402
9305 11297
9306 10634
9307 10811
9308 10796
9309 INF
9310 11188
9311 10517
9312 11000
9313 10457
9314 10881
9315 10415
9316 10528
9317 11121
9318 11029
9319 10873
9320 10439
9321 10316
9322 11016
9323 10798
9324 10919
9325 11397
9326 10434
9327 10526
9328 11393
9329 10856
9330 10602
9331 10732
9332 10331
9333 10856
9334 12185
9335 11615
9336 11301
9337 10821
9338 10229
9339 10620
9340 10497
9341 10805
9342 10882
9343 10716
9344 10673
9345 10815
9346 10743
9347 10845
9348 10571
9349 10679
9350 10745
9351 10314
9352 10589
9353 10338
9354 10500
9355 11191
9356 10960
9357 10492
9358 10734
9359 10917
9360 10567
9361 10634
9362 10996
9363 11340
9364 10909
9365 INF
9366 10922
9367 10985
9368 10523
9369 10745
9370 10665
9371 10616
9372 10644
9373 10765
9374 10773
9375 11022
9376 11075
9377 10787
9378 10443
9379 10343
9380 10862
9381 10390
9382 10287
9383 10474
9384 10628
9385 10357
9386 10870
9387 10715
9388 10516
9389 10708
9390 10353
9391 10264
9392 11311
9393 10756
9394 11508
9395 10713
9396 10357
9397 11381
9398 10543
9399 10533
9400 11196
9401 10798
9402 11027
9403 10877
9404 10884
9405 10615
9406 10755
9407 10458
9408 11213
9409 11121
9410 10553
9411 10802
9412 11110
9413 10641
9414 11097
9415 11399
9416 11449
9417 10748
9418 10808
9419 11265
9420 10977
9421 10405
9422 11093
9423 10939
9424 10474
9425 11498
9426 11397
9427 10868
9428 10654
9429 10917
9430 11585
9431 10482
9432 10512
9433 10381
9434 10582
9435 10936
9436 10901
9437 11080
9438 10946
9439 11154
9440 11042
9441 10523
9442 10662
9443 10532
9444 10867
9445 10849
9446 10544
9447 10381
9448 10808
9449 11061
9450 10883
9451 11081
9452 11023
9453 10891
9454 10921
9455 10832
9456 10903
9457 10886
9458 11600
9459 11595
9460 10998
9461 10420
9462 10239
9463 10996
9464 10837
9465 10940
9466 11164
9467 10580
9468 11167
9469 11048
9470 10494
9471 10797
9472 10704
9473 10848
9474 11033
9475 10947
9476 10963
9477 10481
9478 10725
9479 10288
9480 10497
9481 10861
9482 10896
9483 11454
9484 INF
9485 10891
9486 10540
9487 11859
9488 10910
9489 10972
9490 10868
9491 10485
9492 11157
9493 11369
9494 10387
9495 11196
9496 11173
9497 10836
9498 10698
9499 10826
9500 10631
9501 10866
9502 10869
9503 10913
9504 12380
9505 11053
9506 11006
9507 10699
9508 11188
9509 11137
9510 11235
9511 11047
9512 11034
9513 10749
9514 10761
9515 11066
9516 10614
9517 10713
9518 11000
9519 11656
9520 10977
9521 11171
9522 10907
9523 10833
9524 10661
9525 11204
9526 11059
9527 10812
9528 11345
9529 10590
9530 11440
9531 11199
9532 11058
9533 10560
9534 10625
9535 10980
9536 10411
9537 10714
9538 10936
9539 10941
9540 10865
9541 10917
9542 10627
9543 10616
9544 11304
9545 11259
9546 11016
9547 11583
9548 11077
9549 11256
9550 10712
9551 10833
9552 10876
9553 10484
9554 11376
9555 10957
9556 11299
9557 11118
9558 10679
9559 10636
9560 11196
9561 11787
9562 11090
9563 10805
9564 INF
9565 10975
9566 11171
9567 10744
9568 10555
9569 10590
9570 11243
9571 10505
9572 11223
9573 11952
9574 10704
9575 10742
9576 10911
9577 11049
9578 10581
9579 11055
9580 10868
9581 10812
9582 10974
9583 11142
9584 10406
9585 11005
9586 11183
9587 11129
9588 10459
9589 10647
9590 11009
9591 10756
9592 10577
9593 11024
9594 11220
9595 11217
9596 10904
9597 10916
9598 10585
9599 11458
9600 11787
9601 11287
9602 10581
9603 11140
9604 10810
9605 10950
9606 11074
9607 11106
9608 10715
9609 10635
9610 10999
9611 11523
9612 10992
9613 11053
9614 10979
9615 10849
9616 11222
9617 10966
9618 11077
9619 10771
9620 11806
9621 10740
9622 10788
9623 11622
9624 11398
9625 11257
9626 10917
9627 10961
9628 10694
9629 11457
9630 11142
9631 11131
9632 11173
9633 11766
9634 INF
9635 11202
9636 10958
9637 11395
9638 11021
9639 10596
9640 10678
9641 10913
9642 11020
9643 11324
9644 10618
9645 10934
9646 10943
9647 11143
9648 10773
9649 11407
9650 11157
9651 11514
9652 11343
9653 11041
9654 11546
9655 11460
9656 10952
9657 10591
9658 10910
9659 10985
9660 10637
9661 10657
9662 11202
9663 10643
9664 11453
9665 11043
9666 11109
9667 10859
9668 11329
9669 11163
9670 11196
9671 10750
9672 11266
9673 11419
9674 11782
9675 11173
9676 11409
9677 11443
9678 11182
9679 10977
9680 10997
9681 11414
9682 11027
9683 11277
9684 10693
9685 11120
9686 10726
9687 11354
9688 11028
9689 11571
9690 10780
9691 10889
9692 11054
9693 INF
9694 10807
9695 10718
9696 11141
9697 10545
9698 11098
9699 10584
9700 11249
9701 11544
9702 11330
9703 10981
9704 10920
9705 10776
9706 12593
9707 11321
9708 10976
9709 10910
9710 11224
9711 11254
9712 11186
9713 11188
9714 11446
9715 10757
9716 10855
9717 10961
9718 10962
9719 11017
9720 11207
9721 10827
9722 10738
9723 11576
9724 11262
9725 11130
9726 10937
9727 11320
9728 11209
9729 11007
9730 11055
9731 10830
9732 11220
9733 11808
9734 11009
9735 10651
9736 11511
9737 10764
9738 10789
9739 10923
9740 10852
9741 10992
9742 11119
9743 11261
9744 11446
9745 11408
9746 11271
9747 11355
9748 10640
9749 11792
9750 11443
9751 11174
9752 10849
9753 10690
9754 10772
9755 11199
9756 11095
9757 10785
9758 10792
9759 10742
9760 10953
9761 11180
9762 11020
9763 11362
9764 11010
9765 10989
9766 11256
9767 10779
9768 11130
9769 11034
9770 11216
9771 11513
9772 10805
9773 11336
9774 11312
9775 10640
9776 11230
9777 11566
9778 10994
9779 11160
9780 11491
9781 11320
9782 11268
9783 11079
9784 10875
9785 11571
9786 10680
9787 11830
9788 11318
9789 11180
9790 11080
9791 11136
9792 11014
9793 11409
9794 11875
9795 11346
9796 10787
9797 11002
9798 11212
9799 11518
9800 11941
9801 11715
9802 11391
9803 11180
9804 11252
9805 11140
9806 11218
9807 12203
9808 10819
9809 11134
9810 11354
9811 11153
9812 10768
9813 11531
9814 11166
9815 11074
9816 11648
9817 11396
9818 11242
9819 10935
9820 11743
9821 11455
9822 10916
9823 12071
9824 12042
9825 11140
9826 11074
9827 11873
9828 11448
9829 11077
9830 11160
9831 10836
9832 11105
9833 10888
9834 10967
9835 10913
9836 11323
9837 11883
9838 10986
9839 11626
9840 10921
9841 11395
9842 11248
9843 10929
9844 11620
9845 11145
9846 11435
9847 10963
9848 10904
9849 11649
9850 10897
9851 11500
9852 11376
9853 10860
9854 11713
9855 11419
9856 11358
9857 10982
9858 10823
9859 10865
9860 11398
9861 11756
9862 10965
9863 10982
9864 11384
9865 11209
9866 11614
9867 10885
9868 11995
9869 11165
9870 11374
9871 11508
9872 INF
9873 11295
9874 11301
9875 11343
9876 11270
9877 10873
9878 11440
9879 11243
9880 11574
9881 11555
9882 11216
9883 11164
9884 11365
9885 11000
9886 10912
9887 11644
9888 11453
9889 11003
9890 11419
9891 11083
9892 11262
9893 INF
9894 10775
9895 10864
9896 11857
9897 11055
9898 11033
9899 10743
9900 11786
9901 11731
9902 11082
9903 11732
9904 11842
9905 11076
9906 12243
9907 11491
9908 10945
9909 11075
9910 10800
9911 11095
9912 11197
9913 11348
9914 11529
9915 11624
9916 11450
9917 11060
9918 11994
9919 11315
9920 11200
9921 11208
9922 11586
9923 11374
9924 11201
9925 11236
9926 11498
9927 10947
9928 11214
9929 11272
9930 11487
9931 11752
9932 INF
9933 11497
9934 11690
9935 11489
9936 11637
9937 11320
9938 11277
9939 11421
9940 11550
9941 11164
9942 11259
9943 11423
9944 11391
9945 11254
9946 11261
9947 11158
9948 11025
9949 11364
9950 11098
9951 12438
9952 11014
9953 11339
9954 11766
9955 11822
9956 11981
9957 11425
9958 11382
9959 11154
9960 11274
9961 11562
9962 10881
9963 11471
9964 11345
9965 11787
9966 11389
9967 11481
9968 11307
9969 11367
9970 11249
9971 10935
9972 11207
9973 11315
9974 11565
9975 10996
9976 11271
9977 11373
9978 11545
9979 11322
9980 11977
9981 11481
9982 11175
9983 11395
9984 11082
9985 11214
9986 11137
9987 11881
9988 11491
9989 11200
9990 11543
9991 10941
9992 11520
9993 11561
9994 10966
9995 11713
9996 11556
9997 11546
9998 11931
9999 11268
