0 0
1 4221
2 2404
3 1808
4 3440
5 2730
6 3738
7 3863
8 3118
9 3389
10 3412
11 2472
12 2077
13 4040
14 2569
15 4117
16 3091
17 3729
18 3932
19 2550
20 4151
21 3223
22 3195
23 3303
24 4361
25 4194
26 4042
27 3770
28 2810
29 3721
30 4572
31 2608
32 2977
33 2855
34 3142
35 2318
36 3013
37 2681
38 3066
39 3681
40 2770
41 3657
42 2435
43 3219
44 3316
45 4335
46 2641
47 3950
48 2757
49 3311
50 INF
51 3483
52 3033
53 2546
54 3989
55 3751
56 3592
57 3967
58 3155
59 4332
60 3499
61 INF
62 2321
63 3928
64 2821
65 2317
66 INF
67 2646
68 3384
69 3153
70 4406
71 3422
72 3165
73 3761
74 3258
75 2760
76 2837
77 3114
78 3370
79 4176
80 3771
81 INF
82 3612
83 3379
84 2712
85 INF
86 3513
87 2996
88 3472
89 3404
90 3258
91 2852
92 2995
93 3618
94 2711
95 3721
96 3702
97 3280
98 3434
99 3561
100 3634
101 2647
102 INF
103 2934
104 INF
105 1516
106 4130
107 1739
108 4174
109 INF
110 3433
111 3552
112 2569
113 INF
114 3047
115 4242
116 3492
117 3226
118 4603
119 5947
120 INF
121 INF
122 3617
123 INF
124 4690
125 4747
126 4451
127 3777
128 3502
129 3502
130 3204
131 2822
132 3778
133 2588
134 2788
135 2085
136 3091
137 3363
138 3300
139 4769
140 2867
141 2973
142 2556
143 3614
144 3949
145 4648
146 3631
147 3921
148 3383
149 2370
150 3140
151 3512
152 3513
153 3332
154 3361
155 3409
156 3454
157 4003
158 3475
159 4053
160 3201
161 3797
162 2988
163 3165
164 INF
165 2050
166 3241
167 3236
168 3461
169 3830
170 2543
171 3169
172 2702
173 3447
174 2555
175 3793
176 3374
177 2979
178 2660
179 INF
180 2376
181 4456
182 3577
183 3141
184 3699
185 3552
186 2661
187 3045
188 2951
189 1801
190 INF
191 3755
192 3977
193 2655
194 2387
195 3482
196 3329
197 3856
198 3588
199 2208
200 3111
201 3110
202 3853
203 2687
204 3421
205 INF
206 3109
207 2605
208 3199
209 2669
210 2967
211 2871
212 1978
213 3320
214 3252
215 2397
216 2507
217 3738
218 INF
219 4258
220 4443
221 3508
222 4356
223 3801
224 3762
225 3706
226 2874
227 3049
228 3691
229 3834
230 3337
231 3707
232 INF
233 3876
234 3749
235 3025
236 2993
237 3230
238 3368
239 2341
240 2033
241 4230
242 2855
243 5043
244 3172
245 3081
246 935
247 3609
248 3215
249 3585
250 2402
251 3222
252 3585
253 3884
254 4049
255 3168
256 3785
257 1839
258 2082
259 3778
260 2915
261 INF
262 3513
263 2942
264 2888
265 3627
266 2778
267 3238
268 3382
269 2969
270 2680
271 3366
272 3136
273 3972
274 3540
275 2768
276 3644
277 5020
278 2668
279 3822
280 3712
281 INF
282 4346
283 2877
284 3164
285 3842
286 2855
287 4029
288 3686
289 3681
290 1215
291 INF
292 INF
293 3894
294 3541
295 3361
296 2981
297 2715
298 3471
299 1260
300 2868
301 3685
302 3744
303 2332
304 4230
305 2853
306 2779
307 3763
308 3296
309 3564
310 3442
311 3301
312 3392
313 3627
314 3849
315 INF
316 3426
317 3384
318 3455
319 3157
320 3435
321 2732
322 2810
323 INF
324 INF
325 3144
326 3777
327 2639
328 3758
329 INF
330 4100
331 2589
332 2332
333 INF
334 2323
335 3522
336 3022
337 4823
338 2118
339 3832
340 3984
341 3482
342 3453
343 3840
344 2233
345 2874
346 3022
347 4130
348 3774
349 3594
350 3673
351 3192
352 3313
353 3137
354 4280
355 3013
356 3221
357 2976
358 3290
359 3242
360 4352
361 2347
362 INF
363 4504
364 3134
365 3396
366 3480
367 2547
368 4684
369 2687
370 3196
371 3578
372 2963
373 3672
374 2331
375 2993
376 4041
377 4394
378 2787
379 INF
380 3930
381 4260
382 2877
383 2747
384 3722
385 2686
386 3503
387 3258
388 4675
389 3481
390 INF
391 3906
392 3923
393 2451
394 4354
395 3359
396 3097
397 2450
398 3603
399 3541
400 3636
401 4201
402 2736
403 3213
404 4411
405 INF
406 3768
407 3715
408 3601
409 4321
410 3391
411 INF
412 3412
413 4189
414 3288
415 3575
416 3989
417 3805
418 2645
419 3201
420 5371
421 3370
422 3277
423 4479
424 3042
425 4559
426 3687
427 3785
428 3484
429 INF
430 4727
431 3902
432 3601
433 3499
434 3076
435 2405
436 3297
437 2798
438 3473
439 3592
440 2818
441 4455
442 2928
443 3208
444 3710
445 3206
446 3741
447 INF
448 3824
449 3560
450 3113
451 INF
452 INF
453 3409
454 3621
455 2410
456 3472
457 2792
458 3450
459 3851
460 2639
461 INF
462 1362
463 3300
464 4027
465 2627
466 INF
467 INF
468 2895
469 2981
470 4016
471 3007
472 4431
473 3910
474 4084
475 INF
476 3785
477 2976
478 3223
479 3284
480 2899
481 3795
482 3786
483 4011
484 3259
485 2504
486 2225
487 3506
488 3275
489 3771
490 3299
491 2812
492 3576
493 2973
494 2950
495 2805
496 3248
497 2446
498 2629
499 3243
500 3246
501 3334
502 2789
503 2692
504 2620
505 3184
506 INF
507 2650
508 4029
509 3422
510 INF
511 3132
512 4543
513 4226
514 2165
515 2477
516 3117
517 2991
518 3283
519 2907
520 4414
521 4164
522 3255
523 4259
524 2581
525 3792
526 3197
527 3954
528 3386
529 3523
530 441
531 INF
532 4279
533 INF
534 2665
535 3883
536 3705
537 3398
538 3664
539 3840
540 3342
541 3907
542 3212
543 3788
544 3376
545 2616
546 3158
547 3930
548 2533
549 3383
550 3236
551 3048
552 4529
553 2191
554 2336
555 3173
556 3180
557 INF
558 2472
559 3015
560 2598
561 3021
562 2846
563 INF
564 2977
565 4523
566 INF
567 3727
568 3238
569 3675
570 3210
571 2777
572 2731
573 4188
574 3461
575 4351
576 2950
577 4705
578 1385
579 INF
580 2998
581 3901
582 3952
583 2813
584 3508
585 4204
586 3260
587 1616
588 3154
589 2611
590 3377
591 4487
592 2525
593 3606
594 INF
595 2690
596 4243
597 3001
598 2868
599 3136
600 3828
601 5105
602 3185
603 2123
604 3565
605 4314
606 4499
607 3538
608 4047
609 3983
610 3105
611 3258
612 1772
613 2774
614 3289
615 2898
616 3383
617 INF
618 2326
619 4185
620 INF
621 INF
622 2313
623 3443
624 3714
625 3395
626 3599
627 3480
628 2721
629 3353
630 4078
631 4020
632 3020
633 4199
634 2808
635 4358
636 2372
637 3582
638 3139
639 3099
640 3051
641 INF
642 2560
643 2561
644 3717
645 2877
646 2769
647 3102
648 3144
649 4230
650 2933
651 3195
652 4141
653 3417
654 3132
655 3386
656 1193
657 3535
658 3271
659 3684
660 3713
661 3714
662 3927
663 5542
664 2844
665 3955
666 3301
667 4476
668 3910
669 3572
670 3362
671 2526
672 3258
673 2422
674 3144
675 3072
676 INF
677 4178
678 2655
679 2671
680 3512
681 3482
682 3114
683 3529
684 2890
685 3197
686 INF
687 3396
688 3948
689 3668
690 3251
691 3466
692 4086
693 3316
694 3110
695 INF
696 3182
697 2955
698 2169
699 1702
700 3616
701 2907
702 2512
703 4020
704 3021
705 INF
706 3610
707 3305
708 2602
709 4868
710 4129
711 3262
712 3241
713 3302
714 2658
715 2833
716 INF
717 3547
718 3045
719 3127
720 3954
721 2344
722 2160
723 3751
724 3455
725 3618
726 3377
727 3603
728 3179
729 3252
730 3107
731 2628
732 3524
733 3710
734 3979
735 3316
736 INF
737 3174
738 3490
739 2825
740 2949
741 3476
742 3505
743 3548
744 3687
745 3685
746 3596
747 4352
748 2842
749 3648
750 1731
751 3738
752 3430
753 2541
754 3988
755 3136
756 3358
757 2402
758 3109
759 3655
760 3171
761 1892
762 1997
763 2734
764 2684
765 3066
766 3410
767 3484
768 3008
769 3482
770 3136
771 3989
772 2708
773 4679
774 3787
775 2351
776 3490
777 4839
778 3585
779 2606
780 4427
781 4108
782 3415
783 3759
784 4062
785 3010
786 3447
787 3350
788 3198
789 4103
790 INF
791 3944
792 4051
793 3320
794 3192
795 2289
796 2861
797 3786
798 3325
799 3790
800 2818
801 3432
802 3911
803 3051
804 3143
805 3205
806 3598
807 2938
808 3173
809 2184
810 3229
811 INF
812 2764
813 3432
814 3737
815 4212
816 2776
817 2674
818 2814
819 3533
820 3339
821 3877
822 3023
823 3186
824 5071
825 4490
826 2819
827 3985
828 3376
829 2859
830 2490
831 2957
832 3205
833 3542
834 4057
835 INF
836 3143
837 2635
838 3208
839 2458
840 3543
841 4054
842 3969
843 3779
844 3640
845 3263
846 2831
847 3587
848 3256
849 3710
850 INF
851 2670
852 3785
853 3498
854 3930
855 5816
856 2687
857 3732
858 3360
859 INF
860 2826
861 2987
862 3538
863 2460
864 3750
865 2162
866 3211
867 2338
868 2645
869 INF
870 4680
871 3776
872 3173
873 3397
874 2240
875 3945
876 3892
877 3439
878 2250
879 5503
880 INF
881 3738
882 2469
883 2720
884 3203
885 3907
886 INF
887 3143
888 3548
889 3452
890 3126
891 INF
892 INF
893 5655
894 3353
895 3083
896 3642
897 3118
898 3307
899 3502
900 4126
901 3172
902 3577
903 3022
904 4834
905 3930
906 2532
907 3502
908 3008
909 3447
910 3601
911 3912
912 3475
913 3561
914 3512
915 3415
916 3515
917 2918
918 4438
919 4113
920 4230
921 3777
922 3647
923 2608
924 2833
925 3602
926 4174
927 3585
928 3296
929 3271
930 2987
931 3327
932 3333
933 3835
934 3778
935 3474
936 4206
937 3441
938 3377
939 3800
940 2976
941 3305
942 INF
943 4416
944 3172
945 INF
946 2675
947 3356
948 3703
949 3280
950 2643
951 INF
952 2295
953 2084
954 2804
955 3831
956 3531
957 3706
958 2841
959 5235
960 3316
961 INF
962 3597
963 2775
964 2282
965 2605
966 3043
967 INF
968 2913
969 4469
970 2597
971 3805
972 2503
973 3326
974 2973
975 3691
976 3628
977 INF
978 3422
979 2453
980 2834
981 3947
982 3112
983 INF
984 3432
985 2492
986 2993
987 3993
988 3731
989 2843
990 2838
991 2789
992 3799
993 2719
994 3469
995 2936
996 3926
997 3056
998 3817
999 2720
1000 2822
1001 2353
1002 INF
1003 2656
1004 2942
1005 3596
1006 INF
1007 3351
1008 3090
1009 3208
1010 3781
1011 3901
1012 3404
1013 INF
1014 3761
1015 5257
1016 INF
1017 3570
1018 4117
1019 3664
1020 3662
1021 3851
1022 3185
1023 3142
1024 2575
1025 4928
1026 3299
1027 2740
1028 3969
1029 4618
1030 3339
1031 3448
1032 3251
1033 2988
1034 3727
1035 4230
1036 3527
1037 INF
1038 3582
1039 2717
1040 2705
1041 2986
1042 3845
1043 2594
1044 2743
1045 3500
1046 3580
1047 3113
1048 3727
1049 3222
1050 3720
1051 4371
1052 3692
1053 INF
1054 2411
1055 3189
1056 2763
1057 4534
1058 2610
1059 2596
1060 2767
1061 2487
1062 2696
1063 3903
1064 2976
1065 2242
1066 INF
1067 3914
1068 3073
1069 3063
1070 3379
1071 2853
1072 3954
1073 3897
1074 3002
1075 2795
1076 3275
1077 6073
1078 4215
1079 4259
1080 2368
1081 4261
1082 3254
1083 3168
1084 2741
1085 3857
1086 4094
1087 2994
1088 INF
1089 3583
1090 3913
1091 3161
1092 3376
1093 1605
1094 1896
1095 3963
1096 3326
1097 2686
1098 2906
1099 4340
1100 3194
1101 3107
1102 2988
1103 1029
1104 4016
1105 3020
1106 2562
1107 INF
1108 2257
1109 3304
1110 3309
1111 2273
1112 3824
1113 3397
1114 4108
1115 3586
1116 3742
1117 3622
1118 3739
1119 2561
1120 5022
1121 3265
1122 3752
1123 5873
1124 3865
1125 3202
1126 3855
1127 2275
1128 4127
1129 3990
1130 6782
1131 3276
1132 3793
1133 2813
1134 3366
1135 2940
1136 3263
1137 3435
1138 3352
1139 4181
1140 3058
1141 4026
1142 2010
1143 2705
1144 4352
1145 3603
1146 3040
1147 3149
1148 2548
1149 3537
1150 3457
1151 3610
1152 2070
1153 2749
1154 2664
1155 3626
1156 INF
1157 3719
1158 1030
1159 2404
1160 1787
1161 3227
1162 3019
1163 2577
1164 2156
1165 2985
1166 3124
1167 3184
1168 2888
1169 3616
1170 2568
1171 3996
1172 3892
1173 2525
1174 3709
1175 3649
1176 3066
1177 2853
1178 3353
1179 1991
1180 4891
1181 3155
1182 2156
1183 3304
1184 2321
1185 3274
1186 INF
1187 3067
1188 3352
1189 4294
1190 3300
1191 3927
1192 3531
1193 4344
1194 3397
1195 3748
1196 3466
1197 5885
1198 4356
1199 2400
1200 3648
1201 3275
1202 4112
1203 2745
1204 3166
1205 5082
1206 4586
1207 2379
1208 2854
1209 3668
1210 3119
1211 3950
1212 3225
1213 4208
1214 3254
1215 3114
1216 3790
1217 3325
1218 4201
1219 4013
1220 2653
1221 2896
1222 4056
1223 3633
1224 2705
1225 3466
1226 2899
1227 3738
1228 3905
1229 3041
1230 4167
1231 2949
1232 3430
1233 3161
1234 3373
1235 4302
1236 4216
1237 INF
1238 3352
1239 1847
1240 2911
1241 2796
1242 2389
1243 4686
1244 2484
1245 2879
1246 4058
1247 3979
1248 INF
1249 3485
1250 2734
1251 3519
1252 3076
1253 3970
1254 3191
1255 INF
1256 3303
1257 3778
1258 3030
1259 2888
1260 3501
1261 3369
1262 3619
1263 2189
1264 4170
1265 3326
1266 4207
1267 2256
1268 3935
1269 3624
1270 3809
1271 3735
1272 2693
1273 3153
1274 3012
1275 3044
1276 2842
1277 3391
1278 3559
1279 2938
1280 3917
1281 3214
1282 3570
1283 2753
1284 3822
1285 2421
1286 2862
1287 2972
1288 3555
1289 2838
1290 3620
1291 3728
1292 3199
1293 3143
1294 4195
1295 INF
1296 3115
1297 4036
1298 3984
1299 3401
1300 2680
1301 3425
1302 3472
1303 3630
1304 3436
1305 2800
1306 3730
1307 3510
1308 3867
1309 3194
1310 2702
1311 3727
1312 2585
1313 3761
1314 INF
1315 3233
1316 4242
1317 3198
1318 2819
1319 INF
1320 3247
1321 3591
1322 4013
1323 2990
1324 INF
1325 3271
1326 4112
1327 2889
1328 3217
1329 4073
1330 4500
1331 3816
1332 3485
1333 INF
1334 3636
1335 4261
1336 3350
1337 3597
1338 3028
1339 2992
1340 3272
1341 3766
1342 4127
1343 2868
1344 INF
1345 2853
1346 3029
1347 3816
1348 2988
1349 4434
1350 3171
1351 3078
1352 3080
1353 4430
1354 INF
1355 3991
1356 3775
1357 4770
1358 2018
1359 2752
1360 3754
1361 935
1362 2747
1363 2558
1364 INF
1365 3539
1366 3925
1367 3589
1368 3486
1369 4270
1370 3626
1371 1824
1372 INF
1373 2843
1374 2982
1375 3796
1376 2981
1377 3621
1378 4562
1379 2900
1380 3199
1381 3664
1382 2713
1383 3935
1384 3492
1385 3073
1386 3485
1387 3028
1388 3013
1389 3860
1390 3354
1391 2934
1392 3012
1393 3076
1394 3501
1395 3147
1396 3329
1397 2519
1398 2705
1399 INF
1400 4029
1401 3706
1402 4449
1403 3806
1404 4215
1405 3343
1406 2571
1407 2571
1408 4849
1409 INF
1410 3470
1411 3302
1412 3506
1413 3018
1414 3211
1415 2940
1416 2606
1417 3561
1418 2270
1419 3710
1420 2549
1421 3124
1422 2602
1423 3638
1424 3849
1425 INF
1426 3503
1427 4107
1428 4389
1429 3126
1430 2957
1431 3618
1432 3222
1433 3404
1434 3140
1435 4471
1436 INF
1437 3103
1438 3240
1439 2899
1440 INF
1441 3560
1442 3089
1443 2498
1444 3330
1445 3069
1446 3609
1447 3309
1448 2778
1449 3649
1450 2867
1451 3144
1452 2967
1453 1426
1454 2512
1455 2985
1456 2601
1457 3396
1458 2932
1459 3387
1460 4966
1461 3588
1462 3059
1463 3400
1464 3809
1465 3740
1466 2992
1467 3352
1468 3732
1469 4088
1470 3259
1471 4348
1472 3356
1473 2902
1474 4620
1475 4670
1476 2952
1477 4271
1478 2892
1479 1934
1480 3019
1481 3753
1482 INF
1483 2841
1484 3199
1485 3200
1486 3106
1487 4043
1488 2636
1489 3632
1490 3702
1491 3587
1492 3816
1493 INF
1494 2833
1495 3021
1496 2763
1497 4054
1498 2406
1499 2989
1500 2350
1501 INF
1502 2730
1503 2509
1504 3471
1505 2124
1506 3892
1507 2780
1508 3852
1509 3067
1510 3509
1511 3006
1512 3643
1513 3436
1514 3731
1515 2697
1516 INF
1517 INF
1518 3889
1519 3178
1520 3413
1521 3254
1522 3489
1523 3961
1524 3029
1525 3556
1526 3874
1527 3707
1528 3663
1529 3239
1530 1907
1531 3371
1532 3561
1533 2882
1534 4155
1535 INF
1536 3854
1537 3380
1538 3985
1539 3025
1540 3473
1541 3124
1542 3071
1543 2606
1544 3389
1545 2633
1546 3494
1547 3422
1548 3364
1549 3239
1550 INF
1551 3615
1552 3296
1553 3167
1554 4119
1555 3220
1556 3886
1557 3990
1558 3088
1559 2729
1560 4994
1561 3689
1562 3397
1563 3221
1564 4058
1565 3120
1566 3543
1567 3333
1568 3506
1569 3764
1570 2965
1571 4735
1572 4481
1573 3313
1574 3327
1575 4094
1576 3247
1577 3845
1578 3333
1579 3265
1580 3919
1581 2852
1582 INF
1583 3715
1584 3341
1585 3291
1586 2903
1587 3517
1588 4425
1589 3129
1590 3506
1591 3222
1592 3330
1593 3530
1594 3122
1595 3220
1596 4273
1597 3136
1598 2990
1599 3233
1600 4503
1601 3574
1602 4812
1603 2265
1604 2779
1605 3193
1606 4094
1607 3512
1608 3831
1609 3820
1610 2798
1611 3971
1612 4548
1613 4361
1614 4441
1615 1681
1616 4415
1617 3365
1618 2534
1619 3059
1620 2309
1621 3744
1622 4564
1623 3475
1624 3436
1625 3354
1626 3486
1627 2537
1628 4324
1629 3267
1630 4073
1631 3225
1632 3352
1633 4727
1634 3573
1635 2754
1636 3021
1637 3278
1638 3933
1639 3499
1640 2825
1641 3286
1642 3148
1643 4134
1644 3450
1645 3559
1646 4085
1647 3502
1648 3213
1649 3238
1650 3673
1651 3894
1652 3289
1653 INF
1654 3725
1655 2736
1656 3655
1657 3058
1658 7741
1659 3110
1660 4440
1661 2527
1662 INF
1663 3637
1664 2384
1665 2496
1666 2573
1667 2523
1668 INF
1669 3821
1670 3381
1671 3703
1672 3729
1673 3499
1674 3418
1675 2555
1676 3926
1677 INF
1678 3236
1679 3405
1680 2897
1681 3637
1682 INF
1683 3386
1684 2849
1685 3242
1686 3736
1687 3318
1688 2855
1689 3121
1690 3325
1691 INF
1692 3351
1693 4104
1694 3827
1695 3310
1696 3153
1697 2846
1698 3322
1699 4117
1700 3741
1701 4481
1702 3539
1703 3804
1704 2302
1705 3321
1706 INF
1707 4013
1708 3609
1709 3250
1710 2770
1711 2423
1712 2722
1713 3371
1714 3852
1715 3817
1716 2432
1717 3503
1718 3918
1719 2420
1720 2634
1721 2938
1722 2064
1723 3493
1724 3491
1725 3255
1726 3468
1727 1893
1728 INF
1729 2737
1730 2888
1731 4015
1732 4035
1733 3515
1734 3728
1735 3258
1736 2746
1737 4080
1738 3257
1739 4570
1740 4228
1741 2568
1742 3189
1743 3107
1744 INF
1745 3370
1746 3494
1747 3365
1748 4348
1749 4046
1750 4379
1751 2796
1752 3367
1753 2862
1754 2941
1755 1978
1756 3580
1757 2823
1758 3536
1759 4206
1760 2465
1761 3010
1762 3668
1763 3639
1764 3561
1765 3152
1766 2872
1767 2714
1768 INF
1769 3625
1770 3326
1771 3490
1772 3634
1773 1668
1774 2338
1775 3232
1776 3499
1777 3639
1778 1563
1779 2721
1780 INF
1781 3070
1782 3975
1783 2050
1784 4126
1785 3071
1786 3753
1787 3774
1788 2980
1789 3882
1790 3044
1791 4095
1792 3104
1793 3591
1794 3277
1795 3383
1796 3386
1797 3318
1798 3860
1799 INF
1800 3657
1801 2134
1802 4199
1803 INF
1804 2770
1805 3353
1806 3259
1807 2908
1808 3526
1809 INF
1810 2635
1811 3927
1812 3403
1813 3621
1814 3871
1815 3433
1816 2645
1817 2644
1818 3803
1819 5173
1820 2994
1821 4314
1822 3283
1823 2966
1824 3297
1825 3388
1826 INF
1827 3772
1828 3020
1829 3077
1830 INF
1831 3398
1832 2975
1833 3966
1834 2875
1835 2964
1836 3410
1837 2894
1838 3198
1839 4050
1840 4160
1841 3423
1842 INF
1843 3478
1844 4219
1845 4018
1846 4647
1847 3577
1848 3011
1849 3341
1850 3613
1851 3497
1852 3631
1853 3032
1854 3634
1855 4139
1856 3329
1857 2297
1858 1944
1859 3745
1860 3026
1861 3808
1862 3169
1863 3741
1864 3758
1865 INF
1866 1779
1867 2269
1868 4031
1869 3306
1870 2908
1871 3888
1872 4185
1873 3804
1874 2903
1875 2382
1876 3309
1877 3508
1878 3724
1879 3530
1880 3250
1881 4138
1882 3206
1883 2971
1884 2991
1885 4051
1886 3826
1887 2941
1888 3626
1889 3149
1890 2550
1891 3256
1892 3029
1893 2577
1894 2682
1895 4455
1896 4341
1897 2937
1898 3083
1899 2239
1900 3818
1901 3680
1902 4275
1903 3582
1904 4240
1905 3632
1906 3344
1907 3325
1908 INF
1909 3646
1910 INF
1911 3944
1912 3872
1913 3253
1914 3443
1915 3657
1916 3711
1917 3373
1918 2836
1919 3169
1920 2573
1921 INF
1922 3595
1923 3491
1924 3252
1925 2245
1926 2518
1927 3582
1928 3609
1929 2379
1930 3000
1931 INF
1932 4599
1933 3636
1934 4573
1935 2969
1936 4117
1937 3194
1938 INF
1939 3550
1940 2863
1941 3165
1942 4023
1943 3727
1944 3027
1945 3463
1946 2905
1947 1036
1948 4180
1949 2796
1950 3611
1951 3652
1952 3094
1953 2968
1954 3447
1955 3160
1956 3362
1957 3356
1958 3354
1959 3342
1960 3326
1961 2677
1962 3305
1963 3418
1964 2617
1965 INF
1966 1325
1967 3288
1968 981
1969 3424
1970 2556
1971 3376
1972 INF
1973 3748
1974 2551
1975 3650
1976 2974
1977 2729
1978 4078
1979 4090
1980 3607
1981 2976
1982 2886
1983 INF
1984 2026
1985 3400
1986 3540
1987 3298
1988 1799
1989 3699
1990 3298
1991 3694
1992 INF
1993 3690
1994 3231
1995 4390
1996 4039
1997 3659
1998 4167
1999 INF
2000 3864
2001 3947
2002 3616
2003 3796
2004 3473
2005 2967
2006 3297
2007 3451
2008 2275
2009 1895
2010 2764
2011 3333
2012 3321
2013 3509
2014 2783
2015 3577
2016 3048
2017 3801
2018 4505
2019 3417
2020 INF
2021 3949
2022 2622
2023 3141
2024 3900
2025 2020
2026 3109
2027 3128
2028 3782
2029 3139
2030 3169
2031 2084
2032 3489
2033 2512
2034 4088
2035 3194
2036 3129
2037 2555
2038 3069
2039 4186
2040 3054
2041 INF
2042 3403
2043 3044
2044 3292
2045 2972
2046 3688
2047 3165
2048 3468
2049 4065
2050 INF
2051 3752
2052 4144
2053 1991
2054 INF
2055 4045
2056 3113
2057 2865
2058 2476
2059 3852
2060 3487
2061 3282
2062 3095
2063 2268
2064 3542
2065 3299
2066 3874
2067 2325
2068 4316
2069 4059
2070 INF
2071 2260
2072 3946
2073 3147
2074 3141
2075 2742
2076 4401
2077 2415
2078 2303
2079 2589
2080 4425
2081 2612
2082 3454
2083 2310
2084 3061
2085 5109
2086 3532
2087 3318
2088 1304
2089 4388
2090 3701
2091 3436
2092 3880
2093 INF
2094 3077
2095 2685
2096 3722
2097 2850
2098 INF
2099 INF
2100 3324
2101 INF
2102 3707
2103 3933
2104 2326
2105 INF
2106 3361
2107 3024
2108 2493
2109 INF
2110 2602
2111 3958
2112 3115
2113 4203
2114 3788
2115 3693
2116 3813
2117 3124
2118 2724
2119 4900
2120 4272
2121 4131
2122 INF
2123 INF
2124 3946
2125 2876
2126 3988
2127 2851
2128 3552
2129 3413
2130 2809
2131 2714
2132 3407
2133 3657
2134 4145
2135 2581
2136 2998
2137 3241
2138 3195
2139 3427
2140 3948
2141 3415
2142 4233
2143 3843
2144 2751
2145 3665
2146 3149
2147 3016
2148 2481
2149 2358
2150 3447
2151 3199
2152 3833
2153 3021
2154 INF
2155 3662
2156 3012
2157 3037
2158 3246
2159 3095
2160 4263
2161 3579
2162 3882
2163 2561
2164 3624
2165 3452
2166 2730
2167 3026
2168 3590
2169 3227
2170 3694
2171 3985
2172 2821
2173 3325
2174 4336
2175 3003
2176 2871
2177 INF
2178 3290
2179 3619
2180 4350
2181 3441
2182 3434
2183 4451
2184 3985
2185 3399
2186 3622
2187 2224
2188 3903
2189 3923
2190 INF
2191 2533
2192 3462
2193 3939
2194 2909
2195 2980
2196 3035
2197 3504
2198 3700
2199 6574
2200 4161
2201 4141
2202 4364
2203 4718
2204 2858
2205 4544
2206 3420
2207 3887
2208 2849
2209 3624
2210 2460
2211 3427
2212 1578
2213 2924
2214 2976
2215 2955
2216 4505
2217 4446
2218 4178
2219 3492
2220 3905
2221 INF
2222 4330
2223 2839
2224 3507
2225 3872
2226 3073
2227 3377
2228 3537
2229 3920
2230 3367
2231 3917
2232 3953
2233 2890
2234 2722
2235 3863
2236 2924
2237 3247
2238 3276
2239 3667
2240 2651
2241 3341
2242 2394
2243 2857
2244 1841
2245 3517
2246 3017
2247 2699
2248 2936
2249 3664
2250 3721
2251 2822
2252 2918
2253 2289
2254 2448
2255 3383
2256 3596
2257 3301
2258 4669
2259 2923
2260 2110
2261 2818
2262 4095
2263 3053
2264 4190
2265 3304
2266 3875
2267 4108
2268 3704
2269 4649
2270 2535
2271 3824
2272 3787
2273 2616
2274 3712
2275 3060
2276 3333
2277 5627
2278 2973
2279 3626
2280 4497
2281 2672
2282 3519
2283 3118
2284 3745
2285 3961
2286 2772
2287 2901
2288 3994
2289 2816
2290 3542
2291 3098
2292 3422
2293 3572
2294 3959
2295 1478
2296 4204
2297 3248
2298 2864
2299 918
2300 3051
2301 4001
2302 3996
2303 3294
2304 2553
2305 3616
2306 3573
2307 INF
2308 2495
2309 INF
2310 3688
2311 3183
2312 3000
2313 2751
2314 2692
2315 4218
2316 3595
2317 3239
2318 2819
2319 3025
2320 2900
2321 3356
2322 3743
2323 3622
2324 3334
2325 3743
2326 2395
2327 4261
2328 3509
2329 2612
2330 3156
2331 2933
2332 1718
2333 2543
2334 2940
2335 3027
2336 2980
2337 2896
2338 3787
2339 3678
2340 1629
2341 3431
2342 3817
2343 1048
2344 3167
2345 3265
2346 3540
2347 3264
2348 3945
2349 2588
2350 4125
2351 3400
2352 4017
2353 3425
2354 3689
2355 3909
2356 4571
2357 3988
2358 3568
2359 3236
2360 3851
2361 3580
2362 3252
2363 3211
2364 3706
2365 2487
2366 3632
2367 2475
2368 3656
2369 2795
2370 3432
2371 2127
2372 3673
2373 3831
2374 3357
2375 INF
2376 2259
2377 3697
2378 3004
2379 2889
2380 3421
2381 3655
2382 4167
2383 INF
2384 4143
2385 3459
2386 3716
2387 3724
2388 3448
2389 3864
2390 4183
2391 3012
2392 2878
2393 4599
2394 4047
2395 4119
2396 4631
2397 3281
2398 3390
2399 2502
2400 3089
2401 3071
2402 INF
2403 2894
2404 3384
2405 4202
2406 3458
2407 2802
2408 3924
2409 INF
2410 2820
2411 1511
2412 3824
2413 4292
2414 3675
2415 1610
2416 3278
2417 3690
2418 2640
2419 3336
2420 3424
2421 3114
2422 3441
2423 3035
2424 4274
2425 3229
2426 3062
2427 3752
2428 3029
2429 3854
2430 3711
2431 2700
2432 4328
2433 4372
2434 3053
2435 2334
2436 3886
2437 3011
2438 3488
2439 2412
2440 3731
2441 2926
2442 3282
2443 3213
2444 3406
2445 3060
2446 3979
2447 1741
2448 3726
2449 2785
2450 3247
2451 2959
2452 2601
2453 3018
2454 3484
2455 3179
2456 3488
2457 3516
2458 2244
2459 3039
2460 2620
2461 3119
2462 4104
2463 4046
2464 3576
2465 3932
2466 3678
2467 3372
2468 3239
2469 4300
2470 3830
2471 4400
2472 4889
2473 1975
2474 2852
2475 2792
2476 2583
2477 3128
2478 3531
2479 2185
2480 2431
2481 2271
2482 4538
2483 3055
2484 2572
2485 11
2486 2501
2487 4177
2488 INF
2489 3995
2490 2909
2491 3576
2492 3356
2493 1877
2494 2979
2495 2734
2496 3295
2497 2671
2498 3071
2499 3069
2500 3971
2501 3501
2502 1696
2503 4133
2504 3407
2505 3965
2506 3228
2507 2936
2508 4023
2509 3423
2510 3985
2511 3269
2512 3122
2513 3736
2514 3026
2515 3704
2516 2800
2517 4225
2518 3286
2519 2260
2520 3529
2521 1957
2522 3593
2523 4500
2524 3085
2525 3640
2526 3045
2527 1656
2528 2870
2529 INF
2530 2911
2531 3516
2532 INF
2533 2973
2534 2941
2535 2611
2536 3009
2537 3055
2538 4279
2539 3554
2540 3471
2541 4076
2542 3249
2543 3878
2544 3325
2545 3859
2546 4282
2547 2923
2548 3636
2549 3015
2550 3096
2551 2486
2552 3336
2553 3214
2554 2987
2555 3613
2556 3264
2557 3731
2558 2166
2559 3383
2560 2540
2561 2726
2562 INF
2563 2877
2564 3105
2565 3090
2566 3850
2567 3323
2568 2080
2569 4637
2570 3926
2571 4053
2572 3903
2573 3710
2574 3282
2575 3945
2576 3197
2577 3215
2578 3594
2579 3688
2580 3567
2581 4366
2582 3868
2583 3901
2584 3186
2585 3032
2586 INF
2587 3223
2588 3454
2589 3001
2590 3072
2591 3083
2592 3630
2593 2916
2594 4249
2595 3104
2596 4211
2597 2992
2598 2939
2599 3174
2600 3295
2601 4047
2602 INF
2603 3673
2604 3309
2605 2641
2606 INF
2607 3039
2608 2624
2609 2474
2610 4727
2611 4708
2612 3086
2613 3935
2614 3554
2615 2468
2616 3263
2617 3339
2618 3542
2619 3469
2620 3164
2621 3719
2622 2932
2623 3096
2624 3225
2625 3424
2626 3011
2627 3893
2628 3045
2629 3425
2630 3679
2631 3051
2632 INF
2633 3042
2634 4083
2635 5204
2636 3281
2637 2731
2638 3052
2639 3765
2640 2133
2641 3320
2642 3246
2643 3020
2644 2237
2645 2834
2646 2782
2647 3437
2648 4015
2649 3816
2650 3427
2651 3492
2652 2335
2653 INF
2654 1754
2655 3813
2656 2351
2657 3617
2658 3162
2659 3987
2660 5444
2661 3152
2662 2931
2663 3834
2664 3311
2665 3419
2666 3339
2667 3447
2668 3936
2669 3338
2670 4757
2671 3186
2672 2884
2673 2377
2674 INF
2675 2655
2676 3725
2677 3555
2678 INF
2679 3542
2680 6516
2681 2057
2682 2482
2683 3822
2684 2982
2685 3225
2686 3180
2687 3677
2688 2336
2689 3132
2690 INF
2691 3816
2692 2682
2693 1965
2694 INF
2695 INF
2696 3835
2697 3525
2698 2591
2699 2695
2700 3684
2701 3314
2702 2461
2703 INF
2704 3163
2705 3005
2706 2842
2707 3455
2708 2631
2709 4352
2710 3830
2711 3601
2712 4193
2713 3819
2714 3520
2715 1981
2716 3750
2717 3314
2718 3343
2719 2554
2720 2864
2721 3370
2722 3437
2723 2019
2724 5766
2725 4224
2726 2964
2727 2698
2728 3745
2729 INF
2730 2521
2731 3200
2732 3296
2733 3737
2734 3370
2735 4450
2736 3745
2737 2617
2738 3023
2739 3583
2740 4088
2741 3534
2742 4146
2743 INF
2744 3484
2745 3577
2746 3090
2747 3892
2748 3925
2749 3427
2750 3615
2751 3677
2752 3649
2753 3528
2754 2929
2755 2784
2756 3158
2757 2177
2758 3606
2759 3432
2760 4074
2761 3147
2762 3108
2763 3021
2764 4051
2765 2645
2766 2870
2767 3472
2768 3937
2769 3999
2770 2680
2771 3234
2772 3493
2773 2968
2774 4270
2775 INF
2776 3262
2777 2596
2778 3258
2779 INF
2780 INF
2781 3362
2782 3795
2783 2732
2784 3011
2785 4138
2786 2663
2787 4860
2788 3249
2789 INF
2790 3361
2791 2941
2792 3616
2793 3635
2794 3968
2795 4199
2796 1961
2797 3799
2798 3280
2799 202
2800 3918
2801 3424
2802 3226
2803 3178
2804 2877
2805 2141
2806 3872
2807 4158
2808 3287
2809 3637
2810 1631
2811 3289
2812 3164
2813 3036
2814 2079
2815 1975
2816 3235
2817 3709
2818 2994
2819 3839
2820 4236
2821 3530
2822 3202
2823 3208
2824 3134
2825 2590
2826 1425
2827 3306
2828 3152
2829 1963
2830 INF
2831 4251
2832 4614
2833 INF
2834 3573
2835 3191
2836 2477
2837 3901
2838 3024
2839 4178
2840 3532
2841 3818
2842 4222
2843 7468
2844 1332
2845 2176
2846 4550
2847 3113
2848 INF
2849 3998
2850 3098
2851 INF
2852 3663
2853 3441
2854 4705
2855 2331
2856 3231
2857 2263
2858 4106
2859 2769
2860 3363
2861 3272
2862 4588
2863 3676
2864 3913
2865 INF
2866 3502
2867 3200
2868 2127
2869 2502
2870 3606
2871 3318
2872 1782
2873 4248
2874 3029
2875 3720
2876 3622
2877 2596
2878 3271
2879 3945
2880 3736
2881 2888
2882 3291
2883 2601
2884 INF
2885 4002
2886 2737
2887 3371
2888 3467
2889 INF
2890 3421
2891 1727
2892 3013
2893 2872
2894 3229
2895 2843
2896 2935
2897 3003
2898 4786
2899 3416
2900 4027
2901 INF
2902 3312
2903 4846
2904 2229
2905 1591
2906 3330
2907 4620
2908 3743
2909 3321
2910 4088
2911 3959
2912 3484
2913 3607
2914 2203
2915 2011
2916 3707
2917 3870
2918 3692
2919 3751
2920 3009
2921 4203
2922 INF
2923 3137
2924 1423
2925 2883
2926 3295
2927 3035
2928 2741
2929 3066
2930 3321
2931 3176
2932 3280
2933 3295
2934 3466
2935 4852
2936 2760
2937 3404
2938 3895
2939 2478
2940 3456
2941 2823
2942 3198
2943 3707
2944 2918
2945 5098
2946 3007
2947 3619
2948 2681
2949 5002
2950 2187
2951 3259
2952 INF
2953 4162
2954 2763
2955 3232
2956 2165
2957 2662
2958 3732
2959 3643
2960 3280
2961 4079
2962 3158
2963 3246
2964 3058
2965 3239
2966 3074
2967 3185
2968 3166
2969 3579
2970 3434
2971 3120
2972 3478
2973 4076
2974 5065
2975 3172
2976 3594
2977 3418
2978 2366
2979 INF
2980 3261
2981 3324
2982 2839
2983 3096
2984 2320
2985 3343
2986 3439
2987 3984
2988 3492
2989 3541
2990 2578
2991 3302
2992 2745
2993 3620
2994 3940
2995 3307
2996 2876
2997 3793
2998 4308
2999 3300
3000 3360
3001 3563
3002 3462
3003 3160
3004 INF
3005 INF
3006 3110
3007 INF
3008 1023
3009 3000
3010 4538
3011 3428
3012 3258
3013 3661
3014 3392
3015 3015
3016 2833
3017 3422
3018 2942
3019 3307
3020 3383
3021 3004
3022 3450
3023 3286
3024 3806
3025 3838
3026 2707
3027 2944
3028 3072
3029 2298
3030 2802
3031 4193
3032 2917
3033 3116
3034 3332
3035 3281
3036 5333
3037 4039
3038 3992
3039 2575
3040 4193
3041 3050
3042 3240
3043 3303
3044 3949
3045 3695
3046 3897
3047 2530
3048 3185
3049 3831
3050 3461
3051 3753
3052 3518
3053 INF
3054 2924
3055 4149
3056 4114
3057 3518
3058 2456
3059 2588
3060 3541
3061 2769
3062 2077
3063 2647
3064 3640
3065 3172
3066 2665
3067 4721
3068 2617
3069 2748
3070 2441
3071 2888
3072 3973
3073 2313
3074 3107
3075 3965
3076 3736
3077 2802
3078 4273
3079 INF
3080 3047
3081 3483
3082 2801
3083 INF
3084 2366
3085 4579
3086 3779
3087 3167
3088 2963
3089 4576
3090 3257
3091 3041
3092 1849
3093 3311
3094 2424
3095 3403
3096 2938
3097 2324
3098 4500
3099 1859
3100 3023
3101 3108
3102 3705
3103 3513
3104 3510
3105 2973
3106 4722
3107 2819
3108 3982
3109 3870
3110 3000
3111 3938
3112 3571
3113 3395
3114 3292
3115 3241
3116 2967
3117 3461
3118 3480
3119 INF
3120 3627
3121 2289
3122 2882
3123 2495
3124 3210
3125 3195
3126 INF
3127 2681
3128 4224
3129 3194
3130 INF
3131 3332
3132 3916
3133 3358
3134 2634
3135 3990
3136 3939
3137 1060
3138 3775
3139 3497
3140 2924
3141 INF
3142 2632
3143 3278
3144 3192
3145 3120
3146 3171
3147 3196
3148 3490
3149 3533
3150 2832
3151 2637
3152 1213
3153 3059
3154 3055
3155 3038
3156 3626
3157 3657
3158 3651
3159 4023
3160 3820
3161 2794
3162 3759
3163 3341
3164 3664
3165 3467
3166 4052
3167 2378
3168 3733
3169 2539
3170 INF
3171 3819
3172 3279
3173 3549
3174 3361
3175 4047
3176 3480
3177 2946
3178 3108
3179 3873
3180 2960
3181 3312
3182 3420
3183 3844
3184 3587
3185 3625
3186 4801
3187 3462
3188 INF
3189 3600
3190 2246
3191 3199
3192 3305
3193 3455
3194 3384
3195 INF
3196 1837
3197 4363
3198 3088
3199 2919
3200 3298
3201 2589
3202 1827
3203 2628
3204 3230
3205 3769
3206 2497
3207 2484
3208 4037
3209 3522
3210 3468
3211 4143
3212 3604
3213 3423
3214 INF
3215 3468
3216 3103
3217 2668
3218 2951
3219 1119
3220 3966
3221 3175
3222 2634
3223 4105
3224 3461
3225 3542
3226 3653
3227 INF
3228 3624
3229 4297
3230 3970
3231 3450
3232 4185
3233 4042
3234 4015
3235 3427
3236 3189
3237 3223
3238 3573
3239 4058
3240 3338
3241 INF
3242 3728
3243 3353
3244 3289
3245 4370
3246 3000
3247 3609
3248 3267
3249 2578
3250 4030
3251 2455
3252 3664
3253 2859
3254 3810
3255 3852
3256 4818
3257 3430
3258 4201
3259 3144
3260 3135
3261 3746
3262 2273
3263 2771
3264 3944
3265 2772
3266 5561
3267 2743
3268 3921
3269 INF
3270 2799
3271 3720
3272 2080
3273 INF
3274 2048
3275 2535
3276 3802
3277 2986
3278 3439
3279 2472
3280 3345
3281 3413
3282 3360
3283 2673
3284 2807
3285 3478
3286 3091
3287 3606
3288 3140
3289 2418
3290 2605
3291 2780
3292 4105
3293 3804
3294 2866
3295 1581
3296 3708
3297 3554
3298 3065
3299 3289
3300 4292
3301 2936
3302 2694
3303 2355
3304 3692
3305 INF
3306 4465
3307 2833
3308 4288
3309 INF
3310 3709
3311 3376
3312 4592
3313 3660
3314 3254
3315 3812
3316 3681
3317 3336
3318 3156
3319 4343
3320 2880
3321 3450
3322 5204
3323 2886
3324 3745
3325 4177
3326 4097
3327 2917
3328 4359
3329 3209
3330 3253
3331 4301
3332 4061
3333 3618
3334 3573
3335 3168
3336 3219
3337 INF
3338 3308
3339 3267
3340 3626
3341 4256
3342 2584
3343 4587
3344 4090
3345 3667
3346 1871
3347 3192
3348 3277
3349 2780
3350 3685
3351 3496
3352 2941
3353 INF
3354 4733
3355 3475
3356 3514
3357 4318
3358 2420
3359 3349
3360 3657
3361 3857
3362 INF
3363 4154
3364 3232
3365 3686
3366 3934
3367 3353
3368 3473
3369 3173
3370 4228
3371 4043
3372 3207
3373 3166
3374 1776
3375 3366
3376 3626
3377 3307
3378 3494
3379 3557
3380 2954
3381 3899
3382 2593
3383 2565
3384 3430
3385 3421
3386 1784
3387 2980
3388 2909
3389 2521
3390 3458
3391 3826
3392 3786
3393 5796
3394 3327
3395 2811
3396 3404
3397 3720
3398 3265
3399 3750
3400 2683
3401 3872
3402 4141
3403 3708
3404 2373
3405 3841
3406 2509
3407 2113
3408 3272
3409 3647
3410 2950
3411 4014
3412 3456
3413 INF
3414 3258
3415 3978
3416 2184
3417 2688
3418 2850
3419 INF
3420 3837
3421 3147
3422 4357
3423 2750
3424 3172
3425 3306
3426 2560
3427 3347
3428 2966
3429 2426
3430 3385
3431 3695
3432 2458
3433 INF
3434 3119
3435 3445
3436 INF
3437 2869
3438 3282
3439 3134
3440 3141
3441 2621
3442 2729
3443 3659
3444 2795
3445 INF
3446 2478
3447 3325
3448 3597
3449 3655
3450 3175
3451 3380
3452 4096
3453 5769
3454 2792
3455 3200
3456 3562
3457 2806
3458 2796
3459 3677
3460 3530
3461 3189
3462 3440
3463 3890
3464 4728
3465 3612
3466 3275
3467 3521
3468 1904
3469 3552
3470 2514
3471 2753
3472 2880
3473 3598
3474 3309
3475 3365
3476 4032
3477 4098
3478 2221
3479 4003
3480 3124
3481 4125
3482 2889
3483 4120
3484 3008
3485 4302
3486 4115
3487 3270
3488 3064
3489 3036
3490 2989
3491 3023
3492 3443
3493 2512
3494 3340
3495 3487
3496 3325
3497 2825
3498 2441
3499 3632
3500 2973
3501 3099
3502 3076
3503 4600
3504 4148
3505 3272
3506 4124
3507 1439
3508 3851
3509 3766
3510 3383
3511 4223
3512 3334
3513 3955
3514 4115
3515 INF
3516 3184
3517 3062
3518 4474
3519 5203
3520 3178
3521 3008
3522 3504
3523 3348
3524 3445
3525 3080
3526 3583
3527 3991
3528 2926
3529 3400
3530 3072
3531 3697
3532 3065
3533 3555
3534 3461
3535 2372
3536 4217
3537 2240
3538 3077
3539 3412
3540 3880
3541 2991
3542 4301
3543 3180
3544 3250
3545 3047
3546 3683
3547 3455
3548 2446
3549 3535
3550 3299
3551 INF
3552 3512
3553 3113
3554 3775
3555 3184
3556 3835
3557 2532
3558 2918
3559 3771
3560 INF
3561 3681
3562 3435
3563 3382
3564 2779
3565 3316
3566 3126
3567 3123
3568 2966
3569 3439
3570 2568
3571 3482
3572 INF
3573 3541
3574 2804
3575 3488
3576 3642
3577 2176
3578 2798
3579 4201
3580 4722
3581 4224
3582 INF
3583 3165
3584 2745
3585 2475
3586 3123
3587 5215
3588 3289
3589 2958
3590 2094
3591 3975
3592 2835
3593 2386
3594 4270
3595 3278
3596 3223
3597 2472
3598 2791
3599 4110
3600 4484
3601 3816
3602 4152
3603 4089
3604 2977
3605 2757
3606 2884
3607 3321
3608 3110
3609 4859
3610 3846
3611 3706
3612 3122
3613 2689
3614 3611
3615 3027
3616 3910
3617 3494
3618 3926
3619 2393
3620 INF
3621 3278
3622 3680
3623 3794
3624 3679
3625 2769
3626 4096
3627 3695
3628 2995
3629 2807
3630 3510
3631 INF
3632 3969
3633 3410
3634 4160
3635 3681
3636 3632
3637 4234
3638 3626
3639 3373
3640 4166
3641 2944
3642 3780
3643 3398
3644 3351
3645 4064
3646 3666
3647 3769
3648 4458
3649 4774
3650 3071
3651 3279
3652 3981
3653 3888
3654 1286
3655 2737
3656 3222
3657 2245
3658 3180
3659 3071
3660 4130
3661 3718
3662 2173
3663 3358
3664 2472
3665 3286
3666 2861
3667 3468
3668 3036
3669 INF
3670 3632
3671 3889
3672 2477
3673 3658
3674 3406
3675 3815
3676 2705
3677 3514
3678 3156
3679 3937
3680 3898
3681 3493
3682 2585
3683 2838
3684 3241
3685 1993
3686 3712
3687 3447
3688 3332
3689 3873
3690 2393
3691 2771
3692 3290
3693 2962
3694 INF
3695 2781
3696 2947
3697 3596
3698 2806
3699 3030
3700 INF
3701 3361
3702 4259
3703 4164
3704 2871
3705 3327
3706 3281
3707 2815
3708 3690
3709 3356
3710 3531
3711 3454
3712 2593
3713 3560
3714 3596
3715 2869
3716 3304
3717 3407
3718 3225
3719 3629
3720 4125
3721 3060
3722 3379
3723 3800
3724 3582
3725 3020
3726 3161
3727 2607
3728 INF
3729 3937
3730 3671
3731 3026
3732 2405
3733 INF
3734 3143
3735 3265
3736 3142
3737 1670
3738 5782
3739 2403
3740 3840
3741 3847
3742 3264
3743 3466
3744 3739
3745 2677
3746 4224
3747 3082
3748 3917
3749 3267
3750 2549
3751 3664
3752 3139
3753 2480
3754 INF
3755 2085
3756 2898
3757 3237
3758 3067
3759 4043
3760 2094
3761 5216
3762 INF
3763 2307
3764 3697
3765 3930
3766 2640
3767 2895
3768 2614
3769 2456
3770 3673
3771 3352
3772 2757
3773 3712
3774 3684
3775 1629
3776 3572
3777 3567
3778 2799
3779 2609
3780 2017
3781 INF
3782 3295
3783 3702
3784 3305
3785 3624
3786 INF
3787 3325
3788 1857
3789 INF
3790 3606
3791 2372
3792 5311
3793 3198
3794 3627
3795 3355
3796 2895
3797 3119
3798 4323
3799 3118
3800 3655
3801 3268
3802 2431
3803 3439
3804 3892
3805 6741
3806 3129
3807 2589
3808 3114
3809 3464
3810 2392
3811 INF
3812 4495
3813 4044
3814 7563
3815 3784
3816 3603
3817 INF
3818 1661
3819 3753
3820 2944
3821 2782
3822 3828
3823 INF
3824 4104
3825 4786
3826 3362
3827 3109
3828 2150
3829 3496
3830 3654
3831 3054
3832 INF
3833 2888
3834 2965
3835 3181
3836 3718
3837 3631
3838 4553
3839 2132
3840 3366
3841 3584
3842 3458
3843 4016
3844 4107
3845 4633
3846 3256
3847 3450
3848 4202
3849 2118
3850 3034
3851 3077
3852 3008
3853 INF
3854 2922
3855 2773
3856 3726
3857 3675
3858 2989
3859 3107
3860 3259
3861 4439
3862 2620
3863 2716
3864 2691
3865 2985
3866 3306
3867 5264
3868 3196
3869 INF
3870 3429
3871 4023
3872 3817
3873 3918
3874 3805
3875 5223
3876 3371
3877 3900
3878 3579
3879 3665
3880 4256
3881 3321
3882 2714
3883 3815
3884 3097
3885 3452
3886 3741
3887 2951
3888 3875
3889 3987
3890 2952
3891 3325
3892 2926
3893 3892
3894 3269
3895 4185
3896 4404
3897 4131
3898 2879
3899 3851
3900 3719
3901 2448
3902 2442
3903 1913
3904 3010
3905 2154
3906 3202
3907 3281
3908 3507
3909 4507
3910 3346
3911 3668
3912 4114
3913 3045
3914 3252
3915 2659
3916 3587
3917 3761
3918 3314
3919 3911
3920 4518
3921 4035
3922 3660
3923 3254
3924 3408
3925 3394
3926 3504
3927 2881
3928 3598
3929 3915
3930 3370
3931 2943
3932 2333
3933 2575
3934 2725
3935 3059
3936 INF
3937 4189
3938 3399
3939 4459
3940 3084
3941 3149
3942 INF
3943 3321
3944 3641
3945 3704
3946 3836
3947 3421
3948 3971
3949 3252
3950 3939
3951 3679
3952 3935
3953 4007
3954 3248
3955 INF
3956 3027
3957 3107
3958 2934
3959 2988
3960 3986
3961 INF
3962 3612
3963 3382
3964 4008
3965 INF
3966 2870
3967 INF
3968 3090
3969 3033
3970 3108
3971 3245
3972 3977
3973 4033
3974 3711
3975 2959
3976 2911
3977 3047
3978 3595
3979 INF
3980 3017
3981 3158
3982 3672
3983 3043
3984 2471
3985 3184
3986 3913
3987 3392
3988 3591
3989 4360
3990 3442
3991 4186
3992 2903
3993 3026
3994 3306
3995 INF
3996 3428
3997 INF
3998 2545
3999 2813
4000 3355
4001 4961
4002 2480
4003 3615
4004 2500
4005 3133
4006 3060
4007 3144
4008 2714
4009 3695
4010 3007
4011 3865
4012 4483
4013 3520
4014 3235
4015 2768
4016 3488
4017 3083
4018 2575
4019 3938
4020 2612
4021 2564
4022 3628
4023 3212
4024 4829
4025 2952
4026 3784
4027 INF
4028 3169
4029 2567
4030 3276
4031 3699
4032 3157
4033 3794
4034 3519
4035 3186
4036 3590
4037 2693
4038 3540
4039 3141
4040 4223
4041 3759
4042 2651
4043 4548
4044 3427
4045 3458
4046 3531
4047 3116
4048 2621
4049 3295
4050 2841
4051 INF
4052 2645
4053 3174
4054 3893
4055 3867
4056 2059
4057 3258
4058 3612
4059 2968
4060 2899
4061 1900
4062 4126
4063 3040
4064 3554
4065 4446
4066 3287
4067 2854
4068 3017
4069 3335
4070 3473
4071 5249
4072 2796
4073 3165
4074 3458
4075 3236
4076 4413
4077 2766
4078 3529
4079 3847
4080 3756
4081 3928
4082 3265
4083 3740
4084 3617
4085 3751
4086 3922
4087 3231
4088 3332
4089 4719
4090 3508
4091 3409
4092 2395
4093 2950
4094 2335
4095 4060
4096 2886
4097 3086
4098 3224
4099 3364
4100 3340
4101 2130
4102 3928
4103 3746
4104 2832
4105 3524
4106 INF
4107 3410
4108 INF
4109 4370
4110 2582
4111 3182
4112 3144
4113 2893
4114 3015
4115 3796
4116 3916
4117 3676
4118 2871
4119 3655
4120 INF
4121 2607
4122 2960
4123 3368
4124 2760
4125 3699
4126 1817
4127 3693
4128 3864
4129 5530
4130 3053
4131 INF
4132 3483
4133 2716
4134 2973
4135 3671
4136 2847
4137 3108
4138 3074
4139 3285
4140 3806
4141 2934
4142 3438
4143 3033
4144 2435
4145 3321
4146 3333
4147 3062
4148 2291
4149 3396
4150 3051
4151 INF
4152 3362
4153 4301
4154 3405
4155 2504
4156 2805
4157 3043
4158 1982
4159 3145
4160 3242
4161 3631
4162 4642
4163 3219
4164 3447
4165 3111
4166 3845
4167 2935
4168 3566
4169 4990
4170 3017
4171 4727
4172 2567
4173 3951
4174 1968
4175 2072
4176 INF
4177 3164
4178 INF
4179 5058
4180 INF
4181 2675
4182 3510
4183 3930
4184 3113
4185 3634
4186 3745
4187 2648
4188 4061
4189 2874
4190 3772
4191 4285
4192 3303
4193 4022
4194 4002
4195 2893
4196 4439
4197 4567
4198 3033
4199 2743
4200 3330
4201 INF
4202 3121
4203 3545
4204 3242
4205 3759
4206 2686
4207 3583
4208 4583
4209 3409
4210 INF
4211 2886
4212 3969
4213 3272
4214 3627
4215 2399
4216 4245
4217 3629
4218 1924
4219 4064
4220 INF
4221 3212
4222 3679
4223 3168
4224 3006
4225 4144
4226 3476
4227 3656
4228 4160
4229 2974
4230 3796
4231 2891
4232 3326
4233 3439
4234 3833
4235 3209
4236 3812
4237 3644
4238 3279
4239 3581
4240 2453
4241 3609
4242 3753
4243 3891
4244 2541
4245 2736
4246 3543
4247 3272
4248 4068
4249 2714
4250 2973
4251 3894
4252 3173
4253 INF
4254 3591
4255 4361
4256 3433
4257 3732
4258 4312
4259 2038
4260 3158
4261 3958
4262 INF
4263 4448
4264 2652
4265 2260
4266 3074
4267 3135
4268 2549
4269 3437
4270 3617
4271 3304
4272 3034
4273 1163
4274 3960
4275 3530
4276 3403
4277 3489
4278 2992
4279 3782
4280 3377
4281 3735
4282 2766
4283 3072
4284 2814
4285 2974
4286 3105
4287 3981
4288 3620
4289 3599
4290 3711
4291 3910
4292 2890
4293 4298
4294 4079
4295 3758
4296 3122
4297 3337
4298 4456
4299 3590
4300 3458
4301 3786
4302 INF
4303 3370
4304 3088
4305 2085
4306 3330
4307 3447
4308 INF
4309 3270
4310 3731
4311 3296
4312 1935
4313 2946
4314 4109
4315 5852
4316 2955
4317 3980
4318 3732
4319 4647
4320 4219
4321 3227
4322 3971
4323 3509
4324 3228
4325 3877
4326 3580
4327 2937
4328 3704
4329 4369
4330 3028
4331 3352
4332 3643
4333 3259
4334 2297
4335 2778
4336 3330
4337 3499
4338 2708
4339 4459
4340 3152
4341 INF
4342 3165
4343 4760
4344 1691
4345 2959
4346 4359
4347 3693
4348 3352
4349 3052
4350 4157
4351 3622
4352 3240
4353 INF
4354 3237
4355 2984
4356 4433
4357 3093
4358 2675
4359 3778
4360 2560
4361 3048
4362 3645
4363 INF
4364 2431
4365 4325
4366 4850
4367 INF
4368 2875
4369 3249
4370 3677
4371 2969
4372 2662
4373 3941
4374 2807
4375 1782
4376 2800
4377 3304
4378 4443
4379 2926
4380 4241
4381 3373
4382 2437
4383 2966
4384 3840
4385 2949
4386 3128
4387 INF
4388 2447
4389 3912
4390 4436
4391 3894
4392 3466
4393 INF
4394 2533
4395 4076
4396 3413
4397 3297
4398 4157
4399 3149
4400 2976
4401 2196
4402 3004
4403 4185
4404 3678
4405 3675
4406 2685
4407 INF
4408 3755
4409 2433
4410 3026
4411 4622
4412 4091
4413 2838
4414 3716
4415 3178
4416 3118
4417 2146
4418 3671
4419 INF
4420 3280
4421 INF
4422 3444
4423 3841
4424 3055
4425 3108
4426 2608
4427 3623
4428 3449
4429 INF
4430 3157
4431 INF
4432 2869
4433 3257
4434 2934
4435 3487
4436 3835
4437 4056
4438 3457
4439 2423
4440 1966
4441 3273
4442 INF
4443 3130
4444 2780
4445 4266
4446 2580
4447 4226
4448 3014
4449 3870
4450 3258
4451 3466
4452 3635
4453 3928
4454 3128
4455 3652
4456 3112
4457 4302
4458 2436
4459 3272
4460 2431
4461 2676
4462 3710
4463 INF
4464 INF
4465 3518
4466 3928
4467 4098
4468 2804
4469 3426
4470 3057
4471 2890
4472 3492
4473 3855
4474 3266
4475 3539
4476 3893
4477 2463
4478 2504
4479 3571
4480 3502
4481 2595
4482 1065
4483 4005
4484 4180
4485 2143
4486 3897
4487 3780
4488 3551
4489 3001
4490 3680
4491 4481
4492 3980
4493 2635
4494 INF
4495 3213
4496 3044
4497 3605
4498 INF
4499 2590
4500 3714
4501 2256
4502 4831
4503 4566
4504 2656
4505 2974
4506 3028
4507 3842
4508 3501
4509 3755
4510 3250
4511 4535
4512 3268
4513 3162
4514 INF
4515 3638
4516 4664
4517 4102
4518 3916
4519 2747
4520 4104
4521 1704
4522 3643
4523 3303
4524 3648
4525 3019
4526 2942
4527 3800
4528 3884
4529 2623
4530 3722
4531 3178
4532 2861
4533 2390
4534 2675
4535 3340
4536 3308
4537 INF
4538 1388
4539 2863
4540 2719
4541 3479
4542 3029
4543 4299
4544 3626
4545 3296
4546 3080
4547 4028
4548 3306
4549 3019
4550 3206
4551 2612
4552 2684
4553 3223
4554 4174
4555 4635
4556 4176
4557 3280
4558 3831
4559 INF
4560 3376
4561 3045
4562 3117
4563 3946
4564 1702
4565 2711
4566 2934
4567 2713
4568 3140
4569 3651
4570 2994
4571 3927
4572 2723
4573 4151
4574 3512
4575 999
4576 2858
4577 INF
4578 3624
4579 3432
4580 3302
4581 3648
4582 3237
4583 3942
4584 3115
4585 3797
4586 3959
4587 INF
4588 3827
4589 2404
4590 3617
4591 2065
4592 2487
4593 3301
4594 3646
4595 3591
4596 2622
4597 3036
4598 3358
4599 2739
4600 4075
4601 6257
4602 2302
4603 1968
4604 4468
4605 4167
4606 2996
4607 3161
4608 2903
4609 3543
4610 INF
4611 2977
4612 4119
4613 3011
4614 4131
4615 4157
4616 3198
4617 2333
4618 3028
4619 3328
4620 3560
4621 3851
4622 3180
4623 4996
4624 2310
4625 3785
4626 3177
4627 2955
4628 3685
4629 4462
4630 3240
4631 3764
4632 3793
4633 3681
4634 3000
4635 3698
4636 2932
4637 3964
4638 3696
4639 2736
4640 3989
4641 2798
4642 3402
4643 3130
4644 4131
4645 INF
4646 2902
4647 3390
4648 3381
4649 2427
4650 2860
4651 2960
4652 4149
4653 2243
4654 3664
4655 2683
4656 3787
4657 INF
4658 3974
4659 INF
4660 3597
4661 5159
4662 2226
4663 3260
4664 3315
4665 3149
4666 3382
4667 3013
4668 2475
4669 3070
4670 3368
4671 3798
4672 3257
4673 3427
4674 4974
4675 3220
4676 4232
4677 2005
4678 3321
4679 3457
4680 3306
4681 2528
4682 3382
4683 3585
4684 3330
4685 3285
4686 3449
4687 4331
4688 3040
4689 3035
4690 2276
4691 3335
4692 3250
4693 3125
4694 3033
4695 INF
4696 4893
4697 3688
4698 3523
4699 INF
4700 3899
4701 3161
4702 3382
4703 2411
4704 2804
4705 3217
4706 2874
4707 3054
4708 3083
4709 3612
4710 3004
4711 3042
4712 3592
4713 2401
4714 3369
4715 1707
4716 2513
4717 2457
4718 2709
4719 2609
4720 2870
4721 INF
4722 3293
4723 3562
4724 3058
4725 4174
4726 3138
4727 3799
4728 2400
4729 3514
4730 2634
4731 3199
4732 3763
4733 3195
4734 2920
4735 3175
4736 3140
4737 2774
4738 3587
4739 3647
4740 828
4741 3514
4742 3575
4743 3311
4744 3417
4745 3039
4746 3149
4747 4188
4748 INF
4749 3767
4750 3559
4751 3025
4752 3310
4753 3724
4754 3405
4755 2700
4756 2697
4757 3085
4758 3991
4759 2775
4760 3713
4761 3020
4762 INF
4763 2588
4764 3057
4765 2840
4766 4493
4767 3226
4768 3058
4769 4599
4770 3583
4771 4115
4772 3257
4773 2958
4774 2117
4775 3579
4776 2133
4777 3099
4778 3074
4779 3082
4780 2939
4781 3636
4782 3467
4783 INF
4784 2425
4785 4076
4786 2897
4787 2323
4788 3656
4789 3886
4790 3062
4791 3001
4792 5596
4793 2993
4794 2975
4795 INF
4796 2179
4797 4414
4798 4171
4799 INF
4800 3329
4801 3426
4802 3560
4803 2820
4804 3484
4805 3369
4806 3631
4807 3659
4808 3399
4809 2960
4810 INF
4811 5269
4812 2606
4813 3585
4814 3593
4815 4056
4816 3080
4817 2944
4818 2811
4819 3113
4820 3741
4821 3413
4822 3816
4823 3274
4824 3121
4825 4604
4826 INF
4827 INF
4828 INF
4829 3882
4830 2889
4831 4074
4832 4845
4833 INF
4834 3869
4835 3433
4836 3653
4837 INF
4838 3559
4839 3068
4840 2043
4841 INF
4842 3727
4843 INF
4844 4518
4845 2708
4846 4305
4847 3319
4848 1858
4849 INF
4850 3358
4851 3914
4852 3471
4853 2684
4854 3176
4855 3277
4856 3445
4857 3878
4858 3953
4859 4692
4860 3230
4861 3016
4862 2915
4863 2980
4864 3826
4865 3108
4866 4319
4867 3205
4868 3014
4869 2201
4870 2954
4871 4783
4872 INF
4873 3613
4874 2787
4875 2990
4876 3879
4877 3128
4878 3196
4879 3057
4880 2586
4881 3664
4882 3674
4883 3360
4884 3121
4885 3176
4886 3041
4887 3650
4888 3608
4889 3987
4890 3545
4891 2133
4892 3388
4893 4174
4894 3618
4895 4728
4896 3471
4897 3481
4898 3398
4899 2610
4900 2688
4901 3934
4902 5353
4903 INF
4904 3812
4905 1870
4906 1903
4907 3486
4908 3265
4909 3067
4910 3223
4911 3817
4912 3455
4913 3925
4914 3363
4915 2361
4916 2647
4917 4013
4918 3258
4919 3801
4920 4344
4921 3922
4922 3151
4923 2381
4924 3697
4925 3661
4926 2739
4927 3803
4928 2634
4929 3271
4930 2967
4931 INF
4932 2883
4933 INF
4934 3450
4935 3415
4936 2658
4937 3542
4938 4456
4939 3681
4940 2709
4941 3521
4942 3265
4943 3311
4944 2750
4945 2633
4946 3636
4947 4340
4948 3518
4949 2889
4950 3643
4951 1599
4952 3283
4953 4035
4954 3227
4955 3302
4956 3067
4957 4830
4958 3050
4959 2824
4960 3568
4961 2736
4962 3412
4963 4126
4964 INF
4965 3192
4966 3361
4967 2196
4968 3396
4969 2625
4970 2044
4971 3271
4972 2941
4973 2472
4974 4008
4975 4549
4976 1986
4977 2735
4978 4474
4979 3116
4980 3108
4981 3532
4982 INF
4983 2021
4984 3629
4985 3609
4986 3064
4987 2872
4988 4709
4989 5190
4990 3185
4991 4062
4992 3651
4993 INF
4994 3632
4995 3671
4996 3859
4997 3519
4998 3412
4999 3672
5000 3206
5001 2525
5002 3108
5003 3682
5004 3818
5005 INF
5006 INF
5007 2511
5008 3708
5009 2497
5010 3154
5011 4037
5012 INF
5013 3908
5014 3608
5015 3571
5016 3800
5017 4193
5018 3366
5019 4339
5020 INF
5021 2310
5022 3333
5023 3648
5024 3347
5025 4075
5026 3297
5027 3380
5028 3307
5029 2716
5030 1786
5031 INF
5032 2741
5033 2938
5034 3651
5035 INF
5036 2434
5037 3427
5038 2390
5039 3447
5040 4000
5041 2554
5042 4592
5043 3001
5044 3977
5045 3295
5046 4310
5047 2476
5048 3188
5049 3454
5050 2460
5051 5810
5052 3448
5053 3186
5054 INF
5055 4868
5056 3426
5057 INF
5058 3320
5059 4152
5060 3091
5061 3491
5062 2855
5063 2617
5064 3067
5065 4313
5066 2533
5067 3148
5068 3294
5069 2832
5070 3129
5071 3394
5072 4246
5073 2991
5074 2638
5075 3821
5076 2857
5077 3329
5078 4571
5079 4062
5080 4298
5081 3229
5082 4290
5083 2957
5084 2141
5085 INF
5086 3294
5087 1643
5088 3113
5089 1236
5090 3016
5091 4045
5092 3005
5093 INF
5094 1855
5095 2925
5096 3718
5097 3254
5098 4509
5099 2894
5100 4195
5101 3443
5102 3018
5103 3450
5104 3961
5105 3043
5106 INF
5107 3756
5108 4322
5109 2758
5110 3502
5111 5045
5112 3059
5113 3519
5114 3014
5115 3410
5116 4307
5117 3282
5118 2653
5119 3018
5120 3569
5121 INF
5122 2204
5123 3673
5124 2377
5125 INF
5126 4110
5127 4221
5128 3253
5129 3763
5130 INF
5131 INF
5132 3330
5133 2976
5134 3066
5135 2334
5136 2737
5137 3659
5138 2829
5139 2728
5140 2503
5141 4465
5142 3515
5143 2758
5144 3719
5145 3257
5146 3006
5147 3131
5148 INF
5149 3272
5150 4009
5151 2267
5152 3143
5153 3235
5154 2482
5155 1920
5156 4251
5157 4750
5158 3133
5159 3831
5160 3214
5161 3011
5162 2584
5163 4126
5164 3367
5165 3583
5166 2640
5167 3401
5168 2490
5169 3073
5170 2319
5171 2873
5172 3159
5173 3203
5174 3884
5175 3592
5176 2404
5177 3391
5178 2234
5179 3400
5180 INF
5181 3114
5182 3208
5183 3266
5184 2031
5185 3933
5186 3326
5187 3613
5188 3839
5189 3430
5190 3822
5191 3443
5192 3239
5193 3050
5194 3429
5195 INF
5196 3778
5197 INF
5198 4000
5199 3644
5200 3007
5201 2851
5202 3762
5203 4687
5204 1898
5205 4252
5206 2630
5207 3142
5208 INF
5209 2894
5210 3065
5211 1681
5212 3319
5213 3081
5214 3741
5215 2857
5216 3304
5217 2968
5218 4828
5219 2537
5220 2313
5221 3676
5222 3464
5223 4056
5224 3488
5225 5226
5226 2850
5227 2851
5228 3498
5229 INF
5230 3581
5231 2549
5232 3235
5233 2755
5234 3435
5235 3357
5236 INF
5237 3400
5238 4447
5239 2955
5240 INF
5241 3989
5242 4399
5243 3372
5244 3577
5245 3195
5246 INF
5247 2964
5248 2849
5249 3619
5250 2640
5251 INF
5252 4339
5253 2785
5254 3879
5255 3201
5256 3037
5257 3586
5258 2884
5259 3506
5260 4612
5261 2545
5262 2945
5263 3681
5264 3721
5265 3566
5266 3299
5267 3995
5268 4590
5269 3253
5270 3537
5271 3945
5272 5032
5273 4692
5274 3888
5275 3644
5276 INF
5277 4005
5278 2953
5279 INF
5280 3585
5281 INF
5282 3057
5283 2888
5284 2926
5285 3595
5286 3483
5287 3225
5288 3071
5289 3447
5290 3906
5291 3653
5292 3260
5293 2720
5294 3354
5295 INF
5296 3427
5297 3764
5298 3458
5299 2889
5300 3192
5301 4151
5302 3837
5303 3970
5304 3037
5305 2900
5306 3643
5307 3620
5308 2887
5309 3036
5310 3303
5311 3948
5312 3627
5313 3266
5314 3110
5315 3348
5316 3208
5317 3429
5318 2500
5319 INF
5320 3810
5321 2266
5322 3459
5323 2839
5324 3946
5325 5299
5326 2737
5327 4129
5328 2156
5329 3189
5330 3023
5331 3124
5332 3678
5333 INF
5334 4560
5335 3019
5336 4777
5337 3323
5338 3358
5339 3630
5340 2391
5341 2998
5342 3599
5343 3860
5344 3682
5345 2416
5346 3771
5347 2163
5348 2792
5349 4093
5350 4083
5351 3045
5352 2756
5353 3054
5354 2804
5355 3874
5356 4605
5357 3659
5358 3232
5359 3008
5360 3706
5361 4150
5362 2436
5363 3323
5364 3526
5365 3048
5366 3554
5367 INF
5368 2468
5369 3809
5370 3990
5371 INF
5372 3334
5373 4574
5374 3300
5375 2853
5376 2496
5377 2658
5378 3267
5379 2912
5380 3705
5381 3313
5382 3543
5383 3913
5384 3757
5385 4048
5386 3839
5387 3490
5388 3430
5389 1207
5390 3879
5391 4220
5392 4001
5393 2970
5394 2873
5395 2398
5396 3296
5397 3241
5398 2636
5399 2689
5400 1597
5401 3223
5402 3323
5403 3425
5404 3722
5405 3958
5406 3747
5407 3024
5408 3686
5409 4386
5410 3593
5411 3730
5412 2227
5413 3689
5414 3177
5415 4637
5416 3288
5417 2793
5418 3500
5419 3397
5420 3360
5421 3975
5422 3402
5423 3319
5424 3399
5425 3262
5426 4032
5427 3926
5428 5530
5429 3149
5430 2800
5431 4546
5432 3608
5433 3319
5434 2731
5435 4244
5436 3964
5437 3541
5438 2953
5439 2056
5440 3820
5441 3319
5442 2619
5443 2593
5444 3938
5445 3900
5446 3592
5447 3393
5448 3590
5449 3066
5450 3881
5451 3103
5452 2801
5453 3859
5454 3374
5455 4344
5456 3874
5457 3336
5458 2718
5459 3427
5460 2733
5461 2983
5462 3473
5463 3135
5464 3633
5465 3221
5466 3330
5467 4132
5468 3763
5469 2632
5470 2678
5471 3973
5472 2205
5473 2516
5474 2716
5475 3904
5476 INF
5477 3541
5478 3792
5479 3270
5480 3151
5481 3679
5482 3705
5483 3307
5484 3260
5485 2079
5486 3019
5487 2837
5488 2370
5489 3342
5490 3278
5491 3365
5492 3447
5493 5612
5494 3471
5495 INF
5496 3232
5497 3259
5498 2870
5499 4119
5500 3233
5501 INF
5502 2885
5503 3888
5504 3943
5505 4137
5506 4018
5507 3768
5508 INF
5509 3071
5510 2734
5511 3807
5512 3206
5513 3196
5514 2425
5515 3303
5516 3147
5517 3266
5518 2500
5519 3905
5520 3357
5521 3852
5522 2699
5523 2993
5524 3412
5525 3179
5526 5053
5527 2436
5528 5266
5529 3906
5530 3892
5531 3578
5532 2406
5533 3700
5534 3412
5535 4159
5536 3058
5537 2868
5538 INF
5539 1962
5540 3552
5541 3771
5542 3852
5543 4021
5544 3804
5545 4181
5546 3591
5547 3296
5548 2780
5549 2919
5550 4054
5551 3455
5552 3507
5553 3847
5554 4100
5555 2925
5556 5353
5557 4284
5558 3466
5559 2047
5560 2718
5561 4012
5562 3086
5563 4079
5564 2904
5565 2827
5566 4540
5567 3098
5568 3648
5569 3746
5570 3481
5571 3561
5572 3751
5573 3243
5574 2076
5575 3823
5576 3413
5577 4359
5578 3023
5579 2942
5580 3835
5581 2513
5582 3254
5583 2622
5584 3753
5585 3411
5586 2354
5587 3652
5588 3445
5589 4214
5590 2644
5591 2816
5592 3172
5593 2523
5594 3494
5595 2679
5596 2786
5597 3571
5598 3560
5599 3161
5600 3668
5601 2952
5602 3823
5603 1512
5604 3444
5605 4209
5606 2321
5607 3134
5608 4319
5609 3889
5610 3637
5611 4160
5612 4369
5613 3769
5614 2845
5615 5175
5616 3262
5617 3534
5618 3651
5619 3560
5620 3911
5621 3256
5622 3588
5623 3301
5624 4678
5625 4076
5626 3676
5627 2606
5628 2393
5629 1594
5630 3801
5631 4913
5632 2953
5633 3805
5634 3556
5635 3816
5636 2480
5637 4120
5638 2561
5639 3391
5640 2777
5641 2472
5642 2990
5643 3722
5644 3230
5645 3180
5646 3454
5647 3849
5648 2240
5649 3471
5650 3841
5651 2806
5652 3165
5653 3511
5654 3119
5655 5514
5656 4117
5657 3387
5658 3071
5659 2254
5660 3661
5661 4164
5662 2560
5663 3337
5664 3848
5665 2090
5666 3928
5667 2837
5668 2789
5669 4142
5670 3111
5671 2918
5672 3499
5673 5576
5674 2535
5675 3146
5676 3090
5677 3121
5678 2068
5679 3356
5680 2417
5681 INF
5682 3861
5683 3955
5684 3311
5685 3772
5686 3564
5687 2512
5688 3850
5689 3120
5690 4329
5691 3025
5692 2723
5693 3526
5694 3182
5695 3760
5696 3397
5697 2928
5698 3314
5699 3343
5700 2935
5701 2575
5702 3662
5703 4554
5704 3160
5705 3710
5706 4436
5707 1987
5708 4319
5709 2993
5710 2487
5711 1542
5712 1870
5713 1881
5714 5174
5715 3778
5716 4733
5717 2807
5718 2548
5719 2613
5720 3271
5721 4175
5722 4087
5723 3381
5724 3502
5725 3141
5726 3871
5727 4237
5728 3277
5729 3214
5730 3633
5731 3201
5732 4832
5733 3583
5734 3377
5735 1908
5736 3550
5737 3630
5738 3619
5739 2872
5740 3479
5741 3852
5742 4214
5743 2352
5744 3776
5745 2155
5746 2641
5747 3052
5748 3964
5749 2828
5750 3148
5751 4917
5752 2824
5753 4036
5754 4088
5755 1917
5756 INF
5757 2674
5758 3874
5759 2926
5760 3956
5761 4121
5762 3058
5763 3393
5764 3290
5765 3846
5766 3822
5767 2817
5768 3372
5769 3363
5770 3467
5771 2686
5772 2954
5773 3934
5774 3454
5775 INF
5776 2156
5777 2838
5778 3525
5779 3046
5780 3434
5781 3284
5782 2612
5783 3855
5784 3208
5785 2463
5786 3059
5787 3088
5788 3853
5789 3381
5790 3240
5791 INF
5792 3052
5793 2966
5794 3380
5795 3343
5796 3067
5797 3535
5798 2633
5799 3264
5800 3520
5801 3677
5802 2884
5803 3654
5804 1866
5805 3502
5806 3211
5807 3942
5808 3130
5809 3131
5810 3075
5811 3105
5812 3180
5813 3514
5814 4855
5815 4118
5816 2657
5817 3627
5818 823
5819 3027
5820 2801
5821 3780
5822 4346
5823 4768
5824 2965
5825 2261
5826 4205
5827 2885
5828 3092
5829 2056
5830 2539
5831 2762
5832 3871
5833 3907
5834 3027
5835 3566
5836 3891
5837 4282
5838 4389
5839 3718
5840 2146
5841 3351
5842 4909
5843 3567
5844 4005
5845 3186
5846 3471
5847 3420
5848 INF
5849 4346
5850 3799
5851 3644
5852 3502
5853 4354
5854 2850
5855 1587
5856 2778
5857 2636
5858 3428
5859 3458
5860 3095
5861 4059
5862 3359
5863 3186
5864 3170
5865 3193
5866 INF
5867 3491
5868 3989
5869 5724
5870 2212
5871 3443
5872 3026
5873 3676
5874 3169
5875 3504
5876 3106
5877 2917
5878 2073
5879 3502
5880 2998
5881 INF
5882 INF
5883 3364
5884 2855
5885 4221
5886 2904
5887 3781
5888 2782
5889 3769
5890 2942
5891 3626
5892 2960
5893 2772
5894 3738
5895 2261
5896 3471
5897 3098
5898 3381
5899 3008
5900 3307
5901 3375
5902 INF
5903 2768
5904 2952
5905 4052
5906 3249
5907 3084
5908 3556
5909 3123
5910 3053
5911 3279
5912 4484
5913 4501
5914 3225
5915 5159
5916 3181
5917 3242
5918 3534
5919 2803
5920 3358
5921 3479
5922 3571
5923 3221
5924 3505
5925 3375
5926 4067
5927 3349
5928 2297
5929 5415
5930 3380
5931 3268
5932 3304
5933 2749
5934 3910
5935 3084
5936 3422
5937 3593
5938 3806
5939 4271
5940 3341
5941 4050
5942 3890
5943 2675
5944 2887
5945 2490
5946 4026
5947 2933
5948 4249
5949 2687
5950 4298
5951 3688
5952 2470
5953 3620
5954 3504
5955 3147
5956 2959
5957 4514
5958 3557
5959 3264
5960 4259
5961 4028
5962 2576
5963 2898
5964 2977
5965 2582
5966 INF
5967 2618
5968 3085
5969 3699
5970 3608
5971 3396
5972 4918
5973 2779
5974 3535
5975 3776
5976 4131
5977 3751
5978 2949
5979 3905
5980 3844
5981 3447
5982 4414
5983 3502
5984 3579
5985 3016
5986 4281
5987 2670
5988 3425
5989 3230
5990 2166
5991 3866
5992 3015
5993 4106
5994 3112
5995 3840
5996 3887
5997 INF
5998 INF
5999 3840
6000 2783
6001 3880
6002 3476
6003 3828
6004 3892
6005 3669
6006 2710
6007 3967
6008 3702
6009 2285
6010 3106
6011 3612
6012 3664
6013 3989
6014 3185
6015 3619
6016 3456
6017 2451
6018 2558
6019 2992
6020 4112
6021 3142
6022 3580
6023 3314
6024 2748
6025 4024
6026 3486
6027 3513
6028 2946
6029 INF
6030 3567
6031 3434
6032 INF
6033 2588
6034 3295
6035 4452
6036 INF
6037 2940
6038 3357
6039 3938
6040 3663
6041 4314
6042 4668
6043 3174
6044 3157
6045 INF
6046 3622
6047 3372
6048 3321
6049 3206
6050 2056
6051 4019
6052 2922
6053 INF
6054 2911
6055 3074
6056 3015
6057 2207
6058 3033
6059 1909
6060 4011
6061 3971
6062 2473
6063 2361
6064 4061
6065 3124
6066 2036
6067 3839
6068 2471
6069 3741
6070 1760
6071 4596
6072 2875
6073 4010
6074 2636
6075 3374
6076 4194
6077 2279
6078 2922
6079 2862
6080 2250
6081 2968
6082 3136
6083 4104
6084 2684
6085 3581
6086 3475
6087 INF
6088 3678
6089 4280
6090 3254
6091 3319
6092 2627
6093 3135
6094 INF
6095 3732
6096 4408
6097 3693
6098 2966
6099 3160
6100 3228
6101 3238
6102 1651
6103 2970
6104 3280
6105 2953
6106 INF
6107 3983
6108 4103
6109 3484
6110 4204
6111 3873
6112 3192
6113 2843
6114 4444
6115 3484
6116 3956
6117 3607
6118 3065
6119 3337
6120 3487
6121 4065
6122 2726
6123 2659
6124 3851
6125 2329
6126 2398
6127 2986
6128 1912
6129 4446
6130 3226
6131 2635
6132 3333
6133 4111
6134 3454
6135 2654
6136 3789
6137 3164
6138 2661
6139 4562
6140 3779
6141 5158
6142 3890
6143 3022
6144 2898
6145 2933
6146 3217
6147 3481
6148 3489
6149 2554
6150 2185
6151 3274
6152 5525
6153 3720
6154 2674
6155 1919
6156 3509
6157 4064
6158 3550
6159 2386
6160 3620
6161 3333
6162 3796
6163 3204
6164 3473
6165 3370
6166 2563
6167 3703
6168 3740
6169 3043
6170 3393
6171 4398
6172 2881
6173 3243
6174 3714
6175 INF
6176 3499
6177 2968
6178 2845
6179 3546
6180 3258
6181 3054
6182 3876
6183 3604
6184 2649
6185 3657
6186 INF
6187 INF
6188 4053
6189 3176
6190 3333
6191 3063
6192 3326
6193 3346
6194 4362
6195 3224
6196 INF
6197 3222
6198 4488
6199 INF
6200 3187
6201 2317
6202 4429
6203 2771
6204 3248
6205 3194
6206 3154
6207 1791
6208 3587
6209 4107
6210 2636
6211 3554
6212 3158
6213 2778
6214 3137
6215 3792
6216 2958
6217 3683
6218 2849
6219 INF
6220 4534
6221 3447
6222 2879
6223 INF
6224 3874
6225 3261
6226 3319
6227 2960
6228 2949
6229 3079
6230 2969
6231 3608
6232 3226
6233 4831
6234 3187
6235 4092
6236 2579
6237 2721
6238 3931
6239 2709
6240 INF
6241 3164
6242 3415
6243 2978
6244 3558
6245 4051
6246 3048
6247 3685
6248 2940
6249 2598
6250 3127
6251 2804
6252 4498
6253 3322
6254 3487
6255 3900
6256 3460
6257 2808
6258 3671
6259 2662
6260 2601
6261 3365
6262 3585
6263 3666
6264 3346
6265 3264
6266 3730
6267 3702
6268 2743
6269 5679
6270 3179
6271 3315
6272 3701
6273 2979
6274 3024
6275 INF
6276 INF
6277 2702
6278 3459
6279 2249
6280 2682
6281 1701
6282 3883
6283 3499
6284 3190
6285 3458
6286 3223
6287 2971
6288 4257
6289 2356
6290 3273
6291 3378
6292 3340
6293 2846
6294 2192
6295 3477
6296 3074
6297 3121
6298 3374
6299 3342
6300 3260
6301 3317
6302 2903
6303 3503
6304 INF
6305 3123
6306 3602
6307 2401
6308 2860
6309 4140
6310 4854
6311 3717
6312 4627
6313 4059
6314 3200
6315 3483
6316 2639
6317 4335
6318 2594
6319 2812
6320 3421
6321 3121
6322 3273
6323 5820
6324 3698
6325 2577
6326 INF
6327 3184
6328 2960
6329 2922
6330 2142
6331 2832
6332 2441
6333 5408
6334 3205
6335 5411
6336 2784
6337 3701
6338 INF
6339 2909
6340 3049
6341 INF
6342 3251
6343 3699
6344 2940
6345 2957
6346 2908
6347 3769
6348 3748
6349 3881
6350 2559
6351 3820
6352 3398
6353 3507
6354 3166
6355 2969
6356 2622
6357 2119
6358 3392
6359 1670
6360 4081
6361 3668
6362 3195
6363 3684
6364 2914
6365 3675
6366 3678
6367 4155
6368 1626
6369 INF
6370 3813
6371 2702
6372 2635
6373 2449
6374 3952
6375 3227
6376 2801
6377 3808
6378 3656
6379 2926
6380 3388
6381 3037
6382 2776
6383 INF
6384 2589
6385 2732
6386 3678
6387 2585
6388 3237
6389 4013
6390 2773
6391 3853
6392 2758
6393 4587
6394 3154
6395 3692
6396 3812
6397 2616
6398 2944
6399 2738
6400 4266
6401 2160
6402 2712
6403 2325
6404 2487
6405 3999
6406 INF
6407 3061
6408 2834
6409 2988
6410 3111
6411 2944
6412 3211
6413 4683
6414 3081
6415 3148
6416 3744
6417 2184
6418 3021
6419 4941
6420 3687
6421 2735
6422 4978
6423 3246
6424 3118
6425 INF
6426 INF
6427 4555
6428 3110
6429 3246
6430 2655
6431 3794
6432 3304
6433 3639
6434 3124
6435 3577
6436 3892
6437 2385
6438 3214
6439 2914
6440 3074
6441 3256
6442 INF
6443 3158
6444 3214
6445 2957
6446 2317
6447 3428
6448 3174
6449 3646
6450 2659
6451 2785
6452 1667
6453 2623
6454 4418
6455 4624
6456 3753
6457 3730
6458 3392
6459 3082
6460 3499
6461 2603
6462 4174
6463 3188
6464 4076
6465 3402
6466 3474
6467 2751
6468 3635
6469 2576
6470 2681
6471 INF
6472 3234
6473 INF
6474 INF
6475 3669
6476 3902
6477 2460
6478 INF
6479 3457
6480 2389
6481 3083
6482 3936
6483 INF
6484 3214
6485 4495
6486 3827
6487 INF
6488 3147
6489 4871
6490 2439
6491 3861
6492 2088
6493 3025
6494 3394
6495 2627
6496 3305
6497 4696
6498 3517
6499 2871
6500 5172
6501 3536
6502 5552
6503 INF
6504 INF
6505 3620
6506 3839
6507 3140
6508 INF
6509 3780
6510 3266
6511 4020
6512 3535
6513 3226
6514 3837
6515 2440
6516 4174
6517 3092
6518 4211
6519 3368
6520 INF
6521 2967
6522 3483
6523 2719
6524 3602
6525 3735
6526 3332
6527 2649
6528 3036
6529 2052
6530 3461
6531 3420
6532 3222
6533 2939
6534 3100
6535 3812
6536 2492
6537 3100
6538 INF
6539 5306
6540 4146
6541 3420
6542 3483
6543 2747
6544 3090
6545 3855
6546 3922
6547 3187
6548 3508
6549 3281
6550 4056
6551 2769
6552 3435
6553 3443
6554 3160
6555 3569
6556 3490
6557 2974
6558 2799
6559 3703
6560 3312
6561 2885
6562 4379
6563 3398
6564 3811
6565 3285
6566 3413
6567 4344
6568 2032
6569 3638
6570 2370
6571 3609
6572 3053
6573 3022
6574 INF
6575 5134
6576 2267
6577 4081
6578 3857
6579 2917
6580 3307
6581 3014
6582 3271
6583 3741
6584 3429
6585 3186
6586 2199
6587 3308
6588 2709
6589 2916
6590 3725
6591 4745
6592 2169
6593 3624
6594 3912
6595 3345
6596 3708
6597 3004
6598 3402
6599 2380
6600 3306
6601 3654
6602 3429
6603 3404
6604 3015
6605 2685
6606 4697
6607 4054
6608 3043
6609 4281
6610 2929
6611 3832
6612 2851
6613 5114
6614 2928
6615 4339
6616 3647
6617 4402
6618 4665
6619 4776
6620 3205
6621 2975
6622 2642
6623 3427
6624 3670
6625 3700
6626 3092
6627 3645
6628 4397
6629 2921
6630 4559
6631 3579
6632 3803
6633 3377
6634 2185
6635 2979
6636 3547
6637 2958
6638 3427
6639 4433
6640 3913
6641 2187
6642 3251
6643 2950
6644 4008
6645 2548
6646 4685
6647 2468
6648 3296
6649 3556
6650 2653
6651 3505
6652 2732
6653 3141
6654 2673
6655 3006
6656 2907
6657 3577
6658 2894
6659 4342
6660 2400
6661 3327
6662 3320
6663 INF
6664 2679
6665 3073
6666 1783
6667 3395
6668 2361
6669 4305
6670 3132
6671 3256
6672 3266
6673 3708
6674 3339
6675 4309
6676 3257
6677 2741
6678 4724
6679 4577
6680 3329
6681 3701
6682 3117
6683 3982
6684 4409
6685 2522
6686 3877
6687 3281
6688 2323
6689 3742
6690 1678
6691 3632
6692 3241
6693 1965
6694 3218
6695 2776
6696 3931
6697 4289
6698 3954
6699 4198
6700 4228
6701 INF
6702 3144
6703 3782
6704 4127
6705 3684
6706 3107
6707 2590
6708 2629
6709 4052
6710 3339
6711 4493
6712 3380
6713 3582
6714 3075
6715 3443
6716 3022
6717 3438
6718 3424
6719 2947
6720 3489
6721 4149
6722 2833
6723 3222
6724 3501
6725 2819
6726 3341
6727 4279
6728 4607
6729 2119
6730 2432
6731 2067
6732 3096
6733 4022
6734 3886
6735 INF
6736 2553
6737 3688
6738 4233
6739 3329
6740 2816
6741 3033
6742 2000
6743 2712
6744 3183
6745 3520
6746 3439
6747 3006
6748 3134
6749 2379
6750 3320
6751 3150
6752 3936
6753 3721
6754 3141
6755 2854
6756 3805
6757 2800
6758 2948
6759 INF
6760 4133
6761 INF
6762 3411
6763 2786
6764 3232
6765 4821
6766 2560
6767 2426
6768 INF
6769 3598
6770 3897
6771 2753
6772 2041
6773 4060
6774 3204
6775 4005
6776 2788
6777 INF
6778 2934
6779 3329
6780 3200
6781 3369
6782 2748
6783 3090
6784 2834
6785 3054
6786 3310
6787 3377
6788 3145
6789 3191
6790 4408
6791 INF
6792 2566
6793 3579
6794 3391
6795 2878
6796 4341
6797 3181
6798 3429
6799 2811
6800 3637
6801 2590
6802 2584
6803 2821
6804 INF
6805 3467
6806 3512
6807 2902
6808 2974
6809 2972
6810 3265
6811 3381
6812 4065
6813 2642
6814 3712
6815 3921
6816 3460
6817 3190
6818 3416
6819 2846
6820 3656
6821 3185
6822 4547
6823 3543
6824 3495
6825 3460
6826 3505
6827 2184
6828 3298
6829 3540
6830 2494
6831 3906
6832 3346
6833 3231
6834 3243
6835 3045
6836 3303
6837 3908
6838 3516
6839 2924
6840 3067
6841 2930
6842 3688
6843 2038
6844 3670
6845 3607
6846 2714
6847 3562
6848 3430
6849 2998
6850 2080
6851 3387
6852 3478
6853 INF
6854 3132
6855 3647
6856 3151
6857 2634
6858 3465
6859 3661
6860 2770
6861 3201
6862 INF
6863 2632
6864 3703
6865 3926
6866 3645
6867 3914
6868 3077
6869 3354
6870 3976
6871 3940
6872 4035
6873 2828
6874 3022
6875 3515
6876 3865
6877 3107
6878 3508
6879 3081
6880 3590
6881 2832
6882 2843
6883 INF
6884 1670
6885 2783
6886 3581
6887 4062
6888 3717
6889 3474
6890 2480
6891 3429
6892 3816
6893 2480
6894 3600
6895 2851
6896 3609
6897 2778
6898 2783
6899 2839
6900 3343
6901 3706
6902 2842
6903 3147
6904 3332
6905 4028
6906 3578
6907 3612
6908 3014
6909 3143
6910 3970
6911 2923
6912 3779
6913 5556
6914 INF
6915 2774
6916 3124
6917 3674
6918 2732
6919 3086
6920 3764
6921 3337
6922 2063
6923 3818
6924 3948
6925 3029
6926 2764
6927 INF
6928 2306
6929 2323
6930 4083
6931 2756
6932 INF
6933 INF
6934 2771
6935 3720
6936 3144
6937 2901
6938 2830
6939 3156
6940 3056
6941 3521
6942 3760
6943 3314
6944 INF
6945 4369
6946 3551
6947 3257
6948 3956
6949 3392
6950 INF
6951 4562
6952 3953
6953 3880
6954 3010
6955 3313
6956 INF
6957 3382
6958 3726
6959 3068
6960 4686
6961 2353
6962 1831
6963 3419
6964 4227
6965 3635
6966 3602
6967 3458
6968 3700
6969 3158
6970 3328
6971 3585
6972 3740
6973 2520
6974 3457
6975 2784
6976 3708
6977 3914
6978 2608
6979 2967
6980 3260
6981 2735
6982 2258
6983 3948
6984 3340
6985 3911
6986 3315
6987 3369
6988 3829
6989 3666
6990 2852
6991 2953
6992 2912
6993 2122
6994 3752
6995 INF
6996 3105
6997 5061
6998 3967
6999 2709
7000 2746
7001 3388
7002 4089
7003 3196
7004 3886
7005 4015
7006 3959
7007 3205
7008 3414
7009 INF
7010 3766
7011 2879
7012 3494
7013 2000
7014 2862
7015 3409
7016 4624
7017 3647
7018 3619
7019 3171
7020 3752
7021 3757
7022 3609
7023 INF
7024 4682
7025 4684
7026 2862
7027 2339
7028 2634
7029 INF
7030 3623
7031 3753
7032 3040
7033 3127
7034 2718
7035 3046
7036 INF
7037 3257
7038 INF
7039 2686
7040 3293
7041 4223
7042 2988
7043 3090
7044 3270
7045 3121
7046 3171
7047 3090
7048 2272
7049 3059
7050 3336
7051 4086
7052 3260
7053 3901
7054 2408
7055 3168
7056 INF
7057 3154
7058 2993
7059 2981
7060 3765
7061 2541
7062 3610
7063 3648
7064 3213
7065 INF
7066 4149
7067 3079
7068 3488
7069 3114
7070 3710
7071 2883
7072 INF
7073 2689
7074 3339
7075 3183
7076 3138
7077 2930
7078 2391
7079 2679
7080 2663
7081 4160
7082 3847
7083 2913
7084 3741
7085 3111
7086 3791
7087 3289
7088 3388
7089 3328
7090 2326
7091 3729
7092 2806
7093 2485
7094 4896
7095 3982
7096 2757
7097 2979
7098 2822
7099 3926
7100 3383
7101 3994
7102 3850
7103 2919
7104 3189
7105 5717
7106 3475
7107 3899
7108 4063
7109 2754
7110 4250
7111 2677
7112 4515
7113 3800
7114 2863
7115 3977
7116 3144
7117 3106
7118 3121
7119 INF
7120 4476
7121 1780
7122 3718
7123 3994
7124 3611
7125 3160
7126 3914
7127 3798
7128 4441
7129 3619
7130 3416
7131 3183
7132 2838
7133 2902
7134 2645
7135 4486
7136 2887
7137 3061
7138 2767
7139 5806
7140 3503
7141 2963
7142 3389
7143 3185
7144 3941
7145 INF
7146 3328
7147 4084
7148 4588
7149 3567
7150 3098
7151 3087
7152 3870
7153 3674
7154 3279
7155 2721
7156 3296
7157 4311
7158 2747
7159 2831
7160 2753
7161 3053
7162 3597
7163 INF
7164 3113
7165 3028
7166 2778
7167 3229
7168 3339
7169 3392
7170 3828
7171 4577
7172 INF
7173 3528
7174 3498
7175 3380
7176 3331
7177 3275
7178 3085
7179 3697
7180 4192
7181 3683
7182 2384
7183 3131
7184 2486
7185 1925
7186 2668
7187 3259
7188 3033
7189 3916
7190 2561
7191 3057
7192 4338
7193 3181
7194 2166
7195 2667
7196 2889
7197 2643
7198 3154
7199 4195
7200 2925
7201 3345
7202 2351
7203 3381
7204 3263
7205 INF
7206 3654
7207 3244
7208 3457
7209 3340
7210 4218
7211 2445
7212 2721
7213 3359
7214 2781
7215 3220
7216 2937
7217 2625
7218 2910
7219 4853
7220 4158
7221 2932
7222 3630
7223 INF
7224 2162
7225 3492
7226 2781
7227 3971
7228 2613
7229 3363
7230 3849
7231 3258
7232 3261
7233 3647
7234 INF
7235 4517
7236 3286
7237 3235
7238 3115
7239 3723
7240 3483
7241 3255
7242 3459
7243 3405
7244 3630
7245 3141
7246 2694
7247 3689
7248 3936
7249 3434
7250 3283
7251 3109
7252 1163
7253 1555
7254 4536
7255 INF
7256 3076
7257 3306
7258 4219
7259 3728
7260 3341
7261 3146
7262 3315
7263 3419
7264 3092
7265 4214
7266 3215
7267 3047
7268 3540
7269 3010
7270 3357
7271 4133
7272 INF
7273 3592
7274 3644
7275 4039
7276 4091
7277 INF
7278 2375
7279 3097
7280 3965
7281 INF
7282 2594
7283 3250
7284 3703
7285 2356
7286 2106
7287 3402
7288 2455
7289 4707
7290 3915
7291 3403
7292 2812
7293 4072
7294 3459
7295 3198
7296 4085
7297 3510
7298 INF
7299 2954
7300 3028
7301 3910
7302 3362
7303 3389
7304 3168
7305 2897
7306 3797
7307 3843
7308 4375
7309 3442
7310 3358
7311 2281
7312 3590
7313 2728
7314 3147
7315 3711
7316 3507
7317 2758
7318 3111
7319 3430
7320 3083
7321 3627
7322 4265
7323 3973
7324 3417
7325 2599
7326 2492
7327 2764
7328 2736
7329 3345
7330 3258
7331 3551
7332 2114
7333 3043
7334 3995
7335 INF
7336 3316
7337 2904
7338 3381
7339 3648
7340 3310
7341 3645
7342 3841
7343 3380
7344 3491
7345 3255
7346 2595
7347 3114
7348 3219
7349 2971
7350 3277
7351 2747
7352 2734
7353 2811
7354 3124
7355 3548
7356 3216
7357 4424
7358 3597
7359 3114
7360 3623
7361 3115
7362 3605
7363 2359
7364 2586
7365 INF
7366 3497
7367 3649
7368 3486
7369 INF
7370 3991
7371 3909
7372 3642
7373 2796
7374 2286
7375 3502
7376 3658
7377 3117
7378 INF
7379 3327
7380 4158
7381 3283
7382 2689
7383 3945
7384 INF
7385 3017
7386 3271
7387 3864
7388 3667
7389 2179
7390 3867
7391 3614
7392 2699
7393 2016
7394 3886
7395 4212
7396 3585
7397 INF
7398 3432
7399 3072
7400 2588
7401 3102
7402 3892
7403 3583
7404 4197
7405 3620
7406 3632
7407 3434
7408 4210
7409 3071
7410 3280
7411 2871
7412 3592
7413 3726
7414 3934
7415 3353
7416 4021
7417 3523
7418 4201
7419 3720
7420 3183
7421 3578
7422 3047
7423 3116
7424 4630
7425 INF
7426 3249
7427 3218
7428 3262
7429 2249
7430 4746
7431 3790
7432 3153
7433 3415
7434 4012
7435 3565
7436 3922
7437 4617
7438 2455
7439 3342
7440 3151
7441 3097
7442 3979
7443 3820
7444 2777
7445 2523
7446 3221
7447 3410
7448 3659
7449 3461
7450 3256
7451 2494
7452 2879
7453 4181
7454 2610
7455 3222
7456 3192
7457 3465
7458 INF
7459 3137
7460 2297
7461 3573
7462 3790
7463 3138
7464 3092
7465 3444
7466 3552
7467 2766
7468 2691
7469 4451
7470 3181
7471 3484
7472 3030
7473 988
7474 3192
7475 3086
7476 4067
7477 5076
7478 3084
7479 3574
7480 3260
7481 3952
7482 2991
7483 2138
7484 4181
7485 3917
7486 3968
7487 2452
7488 4073
7489 INF
7490 3617
7491 4084
7492 3087
7493 3833
7494 1978
7495 4227
7496 3699
7497 4176
7498 3220
7499 2947
7500 3524
7501 INF
7502 3070
7503 3884
7504 3352
7505 3283
7506 3103
7507 3594
7508 4038
7509 3003
7510 2072
7511 3209
7512 3222
7513 3372
7514 4578
7515 3612
7516 INF
7517 1805
7518 3918
7519 3605
7520 2606
7521 3305
7522 3241
7523 3795
7524 2542
7525 3774
7526 3077
7527 3366
7528 3064
7529 1766
7530 4408
7531 2800
7532 2826
7533 2369
7534 4614
7535 2598
7536 2801
7537 2968
7538 4130
7539 3424
7540 4212
7541 3958
7542 3615
7543 4151
7544 3081
7545 3891
7546 3576
7547 3120
7548 3940
7549 2909
7550 3506
7551 3942
7552 3231
7553 2510
7554 4902
7555 2907
7556 3565
7557 4031
7558 2450
7559 3710
7560 3385
7561 3400
7562 3634
7563 3529
7564 3711
7565 2927
7566 3202
7567 3286
7568 3112
7569 3801
7570 2171
7571 3746
7572 INF
7573 3636
7574 4163
7575 2843
7576 3686
7577 2805
7578 4293
7579 INF
7580 2601
7581 2482
7582 2872
7583 3297
7584 3865
7585 3317
7586 2999
7587 3308
7588 3105
7589 3572
7590 2984
7591 INF
7592 4243
7593 3782
7594 3793
7595 3768
7596 4032
7597 INF
7598 3094
7599 2454
7600 2460
7601 3043
7602 INF
7603 3286
7604 3810
7605 3497
7606 2966
7607 3606
7608 INF
7609 3362
7610 3354
7611 3624
7612 3595
7613 2603
7614 2914
7615 INF
7616 4665
7617 3664
7618 2780
7619 2775
7620 4364
7621 3586
7622 4422
7623 INF
7624 3382
7625 4543
7626 3366
7627 3798
7628 5474
7629 3832
7630 2994
7631 3313
7632 3488
7633 2289
7634 INF
7635 3892
7636 4573
7637 2554
7638 2839
7639 4016
7640 3322
7641 2850
7642 2645
7643 2773
7644 3305
7645 3935
7646 3802
7647 2646
7648 INF
7649 2866
7650 2644
7651 3129
7652 3309
7653 2673
7654 4617
7655 3932
7656 2915
7657 3364
7658 INF
7659 3619
7660 2657
7661 4877
7662 2872
7663 1818
7664 3332
7665 INF
7666 4479
7667 3544
7668 INF
7669 3029
7670 3303
7671 4181
7672 4313
7673 INF
7674 2924
7675 3388
7676 2177
7677 3565
7678 2966
7679 3799
7680 4133
7681 2332
7682 3029
7683 4120
7684 4723
7685 2943
7686 2997
7687 3563
7688 3457
7689 3552
7690 4772
7691 3405
7692 2427
7693 3488
7694 3601
7695 4161
7696 2715
7697 INF
7698 3304
7699 2590
7700 2562
7701 4031
7702 2795
7703 4328
7704 3051
7705 3394
7706 2674
7707 2571
7708 3233
7709 4711
7710 4816
7711 3280
7712 2844
7713 2787
7714 2878
7715 INF
7716 3359
7717 3946
7718 4028
7719 2180
7720 3798
7721 4832
7722 3128
7723 3091
7724 3080
7725 2909
7726 3292
7727 INF
7728 3468
7729 3560
7730 3357
7731 2081
7732 3403
7733 3705
7734 3857
7735 3972
7736 3070
7737 3282
7738 3507
7739 3400
7740 3060
7741 2671
7742 3622
7743 3641
7744 2894
7745 3127
7746 2886
7747 3283
7748 3100
7749 INF
7750 3407
7751 INF
7752 4620
7753 2666
7754 2639
7755 3657
7756 3736
7757 3400
7758 3665
7759 1663
7760 4167
7761 3415
7762 3736
7763 3445
7764 3763
7765 3683
7766 3484
7767 2996
7768 3354
7769 3137
7770 3386
7771 2899
7772 3219
7773 3072
7774 3854
7775 3204
7776 2860
7777 3421
7778 3271
7779 2756
7780 3089
7781 2434
7782 3696
7783 3610
7784 3420
7785 3932
7786 3765
7787 4377
7788 3039
7789 1967
7790 4509
7791 3561
7792 4403
7793 3349
7794 2881
7795 3434
7796 3057
7797 3910
7798 3423
7799 4001
7800 3569
7801 3760
7802 3577
7803 3714
7804 3131
7805 3762
7806 3993
7807 2502
7808 3354
7809 2771
7810 4607
7811 3709
7812 3329
7813 3214
7814 4145
7815 2931
7816 2809
7817 3654
7818 2785
7819 3846
7820 2747
7821 3348
7822 3015
7823 3057
7824 1318
7825 3161
7826 3225
7827 3683
7828 3143
7829 3422
7830 3520
7831 INF
7832 3338
7833 3062
7834 3437
7835 2803
7836 1736
7837 3261
7838 4285
7839 3083
7840 3588
7841 3290
7842 2648
7843 2547
7844 3604
7845 3236
7846 3668
7847 4134
7848 2636
7849 2814
7850 3813
7851 3913
7852 2929
7853 3475
7854 2291
7855 2860
7856 1645
7857 3324
7858 3018
7859 2707
7860 4590
7861 3143
7862 3724
7863 2887
7864 4176
7865 2984
7866 3784
7867 3331
7868 3615
7869 3087
7870 3071
7871 INF
7872 3430
7873 3652
7874 2885
7875 2976
7876 2359
7877 3352
7878 2491
7879 3300
7880 INF
7881 3654
7882 2424
7883 2991
7884 INF
7885 3538
7886 3628
7887 3281
7888 3866
7889 2893
7890 3850
7891 3571
7892 4214
7893 3597
7894 3547
7895 3788
7896 2725
7897 2768
7898 INF
7899 3843
7900 3200
7901 3238
7902 4613
7903 3025
7904 INF
7905 3281
7906 4037
7907 3264
7908 3739
7909 4182
7910 3836
7911 3817
7912 2981
7913 3442
7914 3403
7915 2881
7916 3354
7917 3201
7918 2658
7919 4653
7920 3812
7921 3270
7922 INF
7923 3787
7924 3165
7925 2154
7926 3473
7927 3965
7928 2855
7929 3151
7930 3647
7931 2691
7932 3992
7933 4145
7934 3784
7935 2439
7936 3304
7937 3196
7938 3557
7939 2637
7940 3354
7941 2963
7942 2149
7943 4112
7944 3028
7945 2121
7946 2476
7947 2413
7948 3270
7949 4256
7950 3937
7951 3329
7952 3540
7953 1695
7954 4105
7955 3627
7956 5720
7957 3635
7958 2622
7959 3166
7960 2477
7961 4105
7962 3802
7963 3032
7964 INF
7965 1994
7966 2802
7967 3633
7968 INF
7969 3616
7970 3579
7971 3113
7972 3638
7973 3084
7974 INF
7975 3127
7976 3439
7977 3379
7978 2733
7979 4104
7980 2467
7981 2949
7982 2248
7983 INF
7984 2768
7985 INF
7986 2844
7987 3643
7988 3405
7989 2674
7990 3858
7991 3855
7992 3449
7993 INF
7994 3455
7995 3343
7996 2569
7997 3123
7998 3847
7999 3674
8000 INF
8001 INF
8002 INF
8003 INF
8004 INF
8005 INF
8006 INF
8007 INF
8008 INF
8009 INF
8010 INF
8011 INF
8012 INF
8013 INF
8014 INF
8015 INF
8016 INF
8017 INF
8018 INF
8019 INF
8020 INF
8021 INF
8022 INF
8023 INF
8024 INF
8025 INF
8026 INF
8027 INF
8028 INF
8029 INF
8030 INF
8031 INF
8032 INF
8033 INF
8034 INF
8035 INF
8036 INF
8037 INF
8038 INF
8039 INF
8040 INF
8041 INF
8042 INF
8043 INF
8044 INF
8045 INF
8046 INF
8047 INF
8048 INF
8049 INF
8050 INF
8051 INF
8052 INF
8053 INF
8054 INF
8055 INF
8056 INF
8057 INF
8058 INF
8059 INF
8060 INF
8061 INF
8062 INF
8063 INF
8064 INF
8065 INF
8066 INF
8067 INF
8068 INF
8069 INF
8070 INF
8071 INF
8072 INF
8073 INF
8074 INF
8075 INF
8076 INF
8077 INF
8078 INF
8079 INF
8080 INF
8081 INF
8082 INF
8083 INF
8084 INF
8085 INF
8086 INF
8087 INF
8088 INF
8089 INF
8090 INF
8091 INF
8092 INF
8093 INF
8094 INF
8095 INF
8096 INF
8097 INF
8098 INF
8099 INF
8100 INF
8101 INF
8102 INF
8103 INF
8104 INF
8105 INF
8106 INF
8107 INF
8108 INF
8109 INF
8110 INF
8111 INF
8112 INF
8113 INF
8114 INF
8115 INF
8116 INF
8117 INF
8118 INF
8119 INF
8120 INF
8121 INF
8122 INF
8123 INF
8124 INF
8125 INF
8126 INF
8127 INF
8128 INF
8129 INF
8130 INF
8131 INF
8132 INF
8133 INF
8134 INF
8135 INF
8136 INF
8137 INF
8138 INF
8139 INF
8140 INF
8141 INF
8142 INF
8143 INF
8144 INF
8145 INF
8146 INF
8147 INF
8148 INF
8149 INF
8150 INF
8151 INF
8152 INF
8153 INF
8154 INF
8155 INF
8156 INF
8157 INF
8158 INF
8159 INF
8160 INF
8161 INF
8162 INF
8163 INF
8164 INF
8165 INF
8166 INF
8167 INF
8168 INF
8169 INF
8170 INF
8171 INF
8172 INF
8173 INF
8174 INF
8175 INF
8176 INF
8177 INF
8178 INF
8179 INF
8180 INF
8181 INF
8182 INF
8183 INF
8184 INF
8185 INF
8186 INF
8187 INF
8188 INF
8189 INF
8190 INF
8191 INF
8192 INF
8193 INF
8194 INF
8195 INF
8196 INF
8197 INF
8198 INF
8199 INF
8200 INF
8201 INF
8202 INF
8203 INF
8204 INF
8205 INF
8206 INF
8207 INF
8208 INF
8209 INF
8210 INF
8211 INF
8212 INF
8213 INF
8214 INF
8215 INF
8216 INF
8217 INF
8218 INF
8219 INF
8220 INF
8221 INF
8222 INF
8223 INF
8224 INF
8225 INF
8226 INF
8227 INF
8228 INF
8229 INF
8230 INF
8231 INF
8232 INF
8233 INF
8234 INF
8235 INF
8236 INF
8237 INF
8238 INF
8239 INF
8240 INF
8241 INF
8242 INF
8243 INF
8244 INF
8245 INF
8246 INF
8247 INF
8248 INF
8249 INF
8250 INF
8251 INF
8252 INF
8253 INF
8254 INF
8255 INF
8256 INF
8257 INF
8258 INF
8259 INF
8260 INF
8261 INF
8262 INF
8263 INF
8264 INF
8265 INF
8266 INF
8267 INF
8268 INF
8269 INF
8270 INF
8271 INF
8272 INF
8273 INF
8274 INF
8275 INF
8276 INF
8277 INF
8278 INF
8279 INF
8280 INF
8281 INF
8282 INF
8283 INF
8284 INF
8285 INF
8286 INF
8287 INF
8288 INF
8289 INF
8290 INF
8291 INF
8292 INF
8293 INF
8294 INF
8295 INF
8296 INF
8297 INF
8298 INF
8299 INF
8300 INF
8301 INF
8302 INF
8303 INF
8304 INF
8305 INF
8306 INF
8307 INF
8308 INF
8309 INF
8310 INF
8311 INF
8312 INF
8313 INF
8314 INF
8315 INF
8316 INF
8317 INF
8318 INF
8319 INF
8320 INF
8321 INF
8322 INF
8323 INF
8324 INF
8325 INF
8326 INF
8327 INF
8328 INF
8329 INF
8330 INF
8331 INF
8332 INF
8333 INF
8334 INF
8335 INF
8336 INF
8337 INF
8338 INF
8339 INF
8340 INF
8341 INF
8342 INF
8343 INF
8344 INF
8345 INF
8346 INF
8347 INF
8348 INF
8349 INF
8350 INF
8351 INF
8352 INF
8353 INF
8354 INF
8355 INF
8356 INF
8357 INF
8358 INF
8359 INF
8360 INF
8361 INF
8362 INF
8363 INF
8364 INF
8365 INF
8366 INF
8367 INF
8368 INF
8369 INF
8370 INF
8371 INF
8372 INF
8373 INF
8374 INF
8375 INF
8376 INF
8377 INF
8378 INF
8379 INF
8380 INF
8381 INF
8382 INF
8383 INF
8384 INF
8385 INF
8386 INF
8387 INF
8388 INF
8389 INF
8390 INF
8391 INF
8392 INF
8393 INF
8394 INF
8395 INF
8396 INF
8397 INF
8398 INF
8399 INF
8400 INF
8401 INF
8402 INF
8403 INF
8404 INF
8405 INF
8406 INF
8407 INF
8408 INF
8409 INF
8410 INF
8411 INF
8412 INF
8413 INF
8414 INF
8415 INF
8416 INF
8417 INF
8418 INF
8419 INF
8420 INF
8421 INF
8422 INF
8423 INF
8424 INF
8425 INF
8426 INF
8427 INF
8428 INF
8429 INF
8430 INF
8431 INF
8432 INF
8433 INF
8434 INF
8435 INF
8436 INF
8437 INF
8438 INF
8439 INF
8440 INF
8441 INF
8442 INF
8443 INF
8444 INF
8445 INF
8446 INF
8447 INF
8448 INF
8449 INF
8450 INF
8451 INF
8452 INF
8453 INF
8454 INF
8455 INF
8456 INF
8457 INF
8458 INF
8459 INF
8460 INF
8461 INF
8462 INF
8463 INF
8464 INF
8465 INF
8466 INF
8467 INF
8468 INF
8469 INF
8470 INF
8471 INF
8472 INF
8473 INF
8474 INF
8475 INF
8476 INF
8477 INF
8478 INF
8479 INF
8480 INF
8481 INF
8482 INF
8483 INF
8484 INF
8485 INF
8486 INF
8487 INF
8488 INF
8489 INF
8490 INF
8491 INF
8492 INF
8493 INF
8494 INF
8495 INF
8496 INF
8497 INF
8498 INF
8499 INF
8500 INF
8501 INF
8502 INF
8503 INF
8504 INF
8505 INF
8506 INF
8507 INF
8508 INF
8509 INF
8510 INF
8511 INF
8512 INF
8513 INF
8514 INF
8515 INF
8516 INF
8517 INF
8518 INF
8519 INF
8520 INF
8521 INF
8522 INF
8523 INF
8524 INF
8525 INF
8526 INF
8527 INF
8528 INF
8529 INF
8530 INF
8531 INF
8532 INF
8533 INF
8534 INF
8535 INF
8536 INF
8537 INF
8538 INF
8539 INF
8540 INF
8541 INF
8542 INF
8543 INF
8544 INF
8545 INF
8546 INF
8547 INF
8548 INF
8549 INF
8550 INF
8551 INF
8552 INF
8553 INF
8554 INF
8555 INF
8556 INF
8557 INF
8558 INF
8559 INF
8560 INF
8561 INF
8562 INF
8563 INF
8564 INF
8565 INF
8566 INF
8567 INF
8568 INF
8569 INF
8570 INF
8571 INF
8572 INF
8573 INF
8574 INF
8575 INF
8576 INF
8577 INF
8578 INF
8579 INF
8580 INF
8581 INF
8582 INF
8583 INF
8584 INF
8585 INF
8586 INF
8587 INF
8588 INF
8589 INF
8590 INF
8591 INF
8592 INF
8593 INF
8594 INF
8595 INF
8596 INF
8597 INF
8598 INF
8599 INF
8600 INF
8601 INF
8602 INF
8603 INF
8604 INF
8605 INF
8606 INF
8607 INF
8608 INF
8609 INF
8610 INF
8611 INF
8612 INF
8613 INF
8614 INF
8615 INF
8616 INF
8617 INF
8618 INF
8619 INF
8620 INF
8621 INF
8622 INF
8623 INF
8624 INF
8625 INF
8626 INF
8627 INF
8628 INF
8629 INF
8630 INF
8631 INF
8632 INF
8633 INF
8634 INF
8635 INF
8636 INF
8637 INF
8638 INF
8639 INF
8640 INF
8641 INF
8642 INF
8643 INF
8644 INF
8645 INF
8646 INF
8647 INF
8648 INF
8649 INF
8650 INF
8651 INF
8652 INF
8653 INF
8654 INF
8655 INF
8656 INF
8657 INF
8658 INF
8659 INF
8660 INF
8661 INF
8662 INF
8663 INF
8664 INF
8665 INF
8666 INF
8667 INF
8668 INF
8669 INF
8670 INF
8671 INF
8672 INF
8673 INF
8674 INF
8675 INF
8676 INF
8677 INF
8678 INF
8679 INF
8680 INF
8681 INF
8682 INF
8683 INF
8684 INF
8685 INF
8686 INF
8687 INF
8688 INF
8689 INF
8690 INF
8691 INF
8692 INF
8693 INF
8694 INF
8695 INF
8696 INF
8697 INF
8698 INF
8699 INF
8700 INF
8701 INF
8702 INF
8703 INF
8704 INF
8705 INF
8706 INF
8707 INF
8708 INF
8709 INF
8710 INF
8711 INF
8712 INF
8713 INF
8714 INF
8715 INF
8716 INF
8717 INF
8718 INF
8719 INF
8720 INF
8721 INF
8722 INF
8723 INF
8724 INF
8725 INF
8726 INF
8727 INF
8728 INF
8729 INF
8730 INF
8731 INF
8732 INF
8733 INF
8734 INF
8735 INF
8736 INF
8737 INF
8738 INF
8739 INF
8740 INF
8741 INF
8742 INF
8743 INF
8744 INF
8745 INF
8746 INF
8747 INF
8748 INF
8749 INF
8750 INF
8751 INF
8752 INF
8753 INF
8754 INF
8755 INF
8756 INF
8757 INF
8758 INF
8759 INF
8760 INF
8761 INF
8762 INF
8763 INF
8764 INF
8765 INF
8766 INF
8767 INF
8768 INF
8769 INF
8770 INF
8771 INF
8772 INF
8773 INF
8774 INF
8775 INF
8776 INF
8777 INF
8778 INF
8779 INF
8780 INF
8781 INF
8782 INF
8783 INF
8784 INF
8785 INF
8786 INF
8787 INF
8788 INF
8789 INF
8790 INF
8791 INF
8792 INF
8793 INF
8794 INF
8795 INF
8796 INF
8797 INF
8798 INF
8799 INF
8800 INF
8801 INF
8802 INF
8803 INF
8804 INF
8805 INF
8806 INF
8807 INF
8808 INF
8809 INF
8810 INF
8811 INF
8812 INF
8813 INF
8814 INF
8815 INF
8816 INF
8817 INF
8818 INF
8819 INF
8820 INF
8821 INF
8822 INF
8823 INF
8824 INF
8825 INF
8826 INF
8827 INF
8828 INF
8829 INF
8830 INF
8831 INF
8832 INF
8833 INF
8834 INF
8835 INF
8836 INF
8837 INF
8838 INF
8839 INF
8840 INF
8841 INF
8842 INF
8843 INF
8844 INF
8845 INF
8846 INF
8847 INF
8848 INF
8849 INF
8850 INF
8851 INF
8852 INF
8853 INF
8854 INF
8855 INF
8856 INF
8857 INF
8858 INF
8859 INF
8860 INF
8861 INF
8862 INF
8863 INF
8864 INF
8865 INF
8866 INF
8867 INF
8868 INF
8869 INF
8870 INF
8871 INF
8872 INF
8873 INF
8874 INF
8875 INF
8876 INF
8877 INF
8878 INF
8879 INF
8880 INF
8881 INF
8882 INF
8883 INF
8884 INF
8885 INF
8886 INF
8887 INF
8888 INF
8889 INF
8890 INF
8891 INF
8892 INF
8893 INF
8894 INF
8895 INF
8896 INF
8897 INF
8898 INF
8899 INF
8900 INF
8901 INF
8902 INF
8903 INF
8904 INF
8905 INF
8906 INF
8907 INF
8908 INF
8909 INF
8910 INF
8911 INF
8912 INF
8913 INF
8914 INF
8915 INF
8916 INF
8917 INF
8918 INF
8919 INF
8920 INF
8921 INF
8922 INF
8923 INF
8924 INF
8925 INF
8926 INF
8927 INF
8928 INF
8929 INF
8930 INF
8931 INF
8932 INF
8933 INF
8934 INF
8935 INF
8936 INF
8937 INF
8938 INF
8939 INF
8940 INF
8941 INF
8942 INF
8943 INF
8944 INF
8945 INF
8946 INF
8947 INF
8948 INF
8949 INF
8950 INF
8951 INF
8952 INF
8953 INF
8954 INF
8955 INF
8956 INF
8957 INF
8958 INF
8959 INF
8960 INF
8961 INF
8962 INF
8963 INF
8964 INF
8965 INF
8966 INF
8967 INF
8968 INF
8969 INF
8970 INF
8971 INF
8972 INF
8973 INF
8974 INF
8975 INF
8976 INF
8977 INF
8978 INF
8979 INF
8980 INF
8981 INF
8982 INF
8983 INF
8984 INF
8985 INF
8986 INF
8987 INF
8988 INF
8989 INF
8990 INF
8991 INF
8992 INF
8993 INF
8994 INF
8995 INF
8996 INF
8997 INF
8998 INF
8999 INF
9000 INF
9001 INF
9002 INF
9003 INF
9004 INF
9005 INF
9006 INF
9007 INF
9008 INF
9009 INF
9010 INF
9011 INF
9012 INF
9013 INF
9014 INF
9015 INF
9016 INF
9017 INF
9018 INF
9019 INF
9020 INF
9021 INF
9022 INF
9023 INF
9024 INF
9025 INF
9026 INF
9027 INF
9028 INF
9029 INF
9030 INF
9031 INF
9032 INF
9033 INF
9034 INF
9035 INF
9036 INF
9037 INF
9038 INF
9039 INF
9040 INF
9041 INF
9042 INF
9043 INF
9044 INF
9045 INF
9046 INF
9047 INF
9048 INF
9049 INF
9050 INF
9051 INF
9052 INF
9053 INF
9054 INF
9055 INF
9056 INF
9057 INF
9058 INF
9059 INF
9060 INF
9061 INF
9062 INF
9063 INF
9064 INF
9065 INF
9066 INF
9067 INF
9068 INF
9069 INF
9070 INF
9071 INF
9072 INF
9073 INF
9074 INF
9075 INF
9076 INF
9077 INF
9078 INF
9079 INF
9080 INF
9081 INF
9082 INF
9083 INF
9084 INF
9085 INF
9086 INF
9087 INF
9088 INF
9089 INF
9090 INF
9091 INF
9092 INF
9093 INF
9094 INF
9095 INF
9096 INF
9097 INF
9098 INF
9099 INF
9100 INF
9101 INF
9102 INF
9103 INF
9104 INF
9105 INF
9106 INF
9107 INF
9108 INF
9109 INF
9110 INF
9111 INF
9112 INF
9113 INF
9114 INF
9115 INF
9116 INF
9117 INF
9118 INF
9119 INF
9120 INF
9121 INF
9122 INF
9123 INF
9124 INF
9125 INF
9126 INF
9127 INF
9128 INF
9129 INF
9130 INF
9131 INF
9132 INF
9133 INF
9134 INF
9135 INF
9136 INF
9137 INF
9138 INF
9139 INF
9140 INF
9141 INF
9142 INF
9143 INF
9144 INF
9145 INF
9146 INF
9147 INF
9148 INF
9149 INF
9150 INF
9151 INF
9152 INF
9153 INF
9154 INF
9155 INF
9156 INF
9157 INF
9158 INF
9159 INF
9160 INF
9161 INF
9162 INF
9163 INF
9164 INF
9165 INF
9166 INF
9167 INF
9168 INF
9169 INF
9170 INF
9171 INF
9172 INF
9173 INF
9174 INF
9175 INF
9176 INF
9177 INF
9178 INF
9179 INF
9180 INF
9181 INF
9182 INF
9183 INF
9184 INF
9185 INF
9186 INF
9187 INF
9188 INF
9189 INF
9190 INF
9191 INF
9192 INF
9193 INF
9194 INF
9195 INF
9196 INF
9197 INF
9198 INF
9199 INF
9200 INF
9201 INF
9202 INF
9203 INF
9204 INF
9205 INF
9206 INF
9207 INF
9208 INF
9209 INF
9210 INF
9211 INF
9212 INF
9213 INF
9214 INF
9215 INF
9216 INF
9217 INF
9218 INF
9219 INF
9220 INF
9221 INF
9222 INF
9223 INF
9224 INF
9225 INF
9226 INF
9227 INF
9228 INF
9229 INF
9230 INF
9231 INF
9232 INF
9233 INF
9234 INF
9235 INF
9236 INF
9237 INF
9238 INF
9239 INF
9240 INF
9241 INF
9242 INF
9243 INF
9244 INF
9245 INF
9246 INF
9247 INF
9248 INF
9249 INF
9250 INF
9251 INF
9252 INF
9253 INF
9254 INF
9255 INF
9256 INF
9257 INF
9258 INF
9259 INF
9260 INF
9261 INF
9262 INF
9263 INF
9264 INF
9265 INF
9266 INF
9267 INF
9268 INF
9269 INF
9270 INF
9271 INF
9272 INF
9273 INF
9274 INF
9275 INF
9276 INF
9277 INF
9278 INF
9279 INF
9280 INF
9281 INF
9282 INF
9283 INF
9284 INF
9285 INF
9286 INF
9287 INF
9288 INF
9289 INF
9290 INF
9291 INF
9292 INF
9293 INF
9294 INF
9295 INF
9296 INF
9297 INF
9298 INF
9299 INF
9300 INF
9301 INF
9302 INF
9303 INF
9304 INF
9305 INF
9306 INF
9307 INF
9308 INF
9309 INF
9310 INF
9311 INF
9312 INF
9313 INF
9314 INF
9315 INF
9316 INF
9317 INF
9318 INF
9319 INF
9320 INF
9321 INF
9322 INF
9323 INF
9324 INF
9325 INF
9326 INF
9327 INF
9328 INF
9329 INF
9330 INF
9331 INF
9332 INF
9333 INF
9334 INF
9335 INF
9336 INF
9337 INF
9338 INF
9339 INF
9340 INF
9341 INF
9342 INF
9343 INF
9344 INF
9345 INF
9346 INF
9347 INF
9348 INF
9349 INF
9350 INF
9351 INF
9352 INF
9353 INF
9354 INF
9355 INF
9356 INF
9357 INF
9358 INF
9359 INF
9360 INF
9361 INF
9362 INF
9363 INF
9364 INF
9365 INF
9366 INF
9367 INF
9368 INF
9369 INF
9370 INF
9371 INF
9372 INF
9373 INF
9374 INF
9375 INF
9376 INF
9377 INF
9378 INF
9379 INF
9380 INF
9381 INF
9382 INF
9383 INF
9384 INF
9385 INF
9386 INF
9387 INF
9388 INF
9389 INF
9390 INF
9391 INF
9392 INF
9393 INF
9394 INF
9395 INF
9396 INF
9397 INF
9398 INF
9399 INF
9400 INF
9401 INF
9402 INF
9403 INF
9404 INF
9405 INF
9406 INF
9407 INF
9408 INF
9409 INF
9410 INF
9411 INF
9412 INF
9413 INF
9414 INF
9415 INF
9416 INF
9417 INF
9418 INF
9419 INF
9420 INF
9421 INF
9422 INF
9423 INF
9424 INF
9425 INF
9426 INF
9427 INF
9428 INF
9429 INF
9430 INF
9431 INF
9432 INF
9433 INF
9434 INF
9435 INF
9436 INF
9437 INF
9438 INF
9439 INF
9440 INF
9441 INF
9442 INF
9443 INF
9444 INF
9445 INF
9446 INF
9447 INF
9448 INF
9449 INF
9450 INF
9451 INF
9452 INF
9453 INF
9454 INF
9455 INF
9456 INF
9457 INF
9458 INF
9459 INF
9460 INF
9461 INF
9462 INF
9463 INF
9464 INF
9465 INF
9466 INF
9467 INF
9468 INF
9469 INF
9470 INF
9471 INF
9472 INF
9473 INF
9474 INF
9475 INF
9476 INF
9477 INF
9478 INF
9479 INF
9480 INF
9481 INF
9482 INF
9483 INF
9484 INF
9485 INF
9486 INF
9487 INF
9488 INF
9489 INF
9490 INF
9491 INF
9492 INF
9493 INF
9494 INF
9495 INF
9496 INF
9497 INF
9498 INF
9499 INF
9500 INF
9501 INF
9502 INF
9503 INF
9504 INF
9505 INF
9506 INF
9507 INF
9508 INF
9509 INF
9510 INF
9511 INF
9512 INF
9513 INF
9514 INF
9515 INF
9516 INF
9517 INF
9518 INF
9519 INF
9520 INF
9521 INF
9522 INF
9523 INF
9524 INF
9525 INF
9526 INF
9527 INF
9528 INF
9529 INF
9530 INF
9531 INF
9532 INF
9533 INF
9534 INF
9535 INF
9536 INF
9537 INF
9538 INF
9539 INF
9540 INF
9541 INF
9542 INF
9543 INF
9544 INF
9545 INF
9546 INF
9547 INF
9548 INF
9549 INF
9550 INF
9551 INF
9552 INF
9553 INF
9554 INF
9555 INF
9556 INF
9557 INF
9558 INF
9559 INF
9560 INF
9561 INF
9562 INF
9563 INF
9564 INF
9565 INF
9566 INF
9567 INF
9568 INF
9569 INF
9570 INF
9571 INF
9572 INF
9573 INF
9574 INF
9575 INF
9576 INF
9577 INF
9578 INF
9579 INF
9580 INF
9581 INF
9582 INF
9583 INF
9584 INF
9585 INF
9586 INF
9587 INF
9588 INF
9589 INF
9590 INF
9591 INF
9592 INF
9593 INF
9594 INF
9595 INF
9596 INF
9597 INF
9598 INF
9599 INF
9600 INF
9601 INF
9602 INF
9603 INF
9604 INF
9605 INF
9606 INF
9607 INF
9608 INF
9609 INF
9610 INF
9611 INF
9612 INF
9613 INF
9614 INF
9615 INF
9616 INF
9617 INF
9618 INF
9619 INF
9620 INF
9621 INF
9622 INF
9623 INF
9624 INF
9625 INF
9626 INF
9627 INF
9628 INF
9629 INF
9630 INF
9631 INF
9632 INF
9633 INF
9634 INF
9635 INF
9636 INF
9637 INF
9638 INF
9639 INF
9640 INF
9641 INF
9642 INF
9643 INF
9644 INF
9645 INF
9646 INF
9647 INF
9648 INF
9649 INF
9650 INF
9651 INF
9652 INF
9653 INF
9654 INF
9655 INF
9656 INF
9657 INF
9658 INF
9659 INF
9660 INF
9661 INF
9662 INF
9663 INF
9664 INF
9665 INF
9666 INF
9667 INF
9668 INF
9669 INF
9670 INF
9671 INF
9672 INF
9673 INF
9674 INF
9675 INF
9676 INF
9677 INF
9678 INF
9679 INF
9680 INF
9681 INF
9682 INF
9683 INF
9684 INF
9685 INF
9686 INF
9687 INF
9688 INF
9689 INF
9690 INF
9691 INF
9692 INF
9693 INF
9694 INF
9695 INF
9696 INF
9697 INF
9698 INF
9699 INF
9700 INF
9701 INF
9702 INF
9703 INF
9704 INF
9705 INF
9706 INF
9707 INF
9708 INF
9709 INF
9710 INF
9711 INF
9712 INF
9713 INF
9714 INF
9715 INF
9716 INF
9717 INF
9718 INF
9719 INF
9720 INF
9721 INF
9722 INF
9723 INF
9724 INF
9725 INF
9726 INF
9727 INF
9728 INF
9729 INF
9730 INF
9731 INF
9732 INF
9733 INF
9734 INF
9735 INF
9736 INF
9737 INF
9738 INF
9739 INF
9740 INF
9741 INF
9742 INF
9743 INF
9744 INF
9745 INF
9746 INF
9747 INF
9748 INF
9749 INF
9750 INF
9751 INF
9752 INF
9753 INF
9754 INF
9755 INF
9756 INF
9757 INF
9758 INF
9759 INF
9760 INF
9761 INF
9762 INF
9763 INF
9764 INF
9765 INF
9766 INF
9767 INF
9768 INF
9769 INF
9770 INF
9771 INF
9772 INF
9773 INF
9774 INF
9775 INF
9776 INF
9777 INF
9778 INF
9779 INF
9780 INF
9781 INF
9782 INF
9783 INF
9784 INF
9785 INF
9786 INF
9787 INF
9788 INF
9789 INF
9790 INF
9791 INF
9792 INF
9793 INF
9794 INF
9795 INF
9796 INF
9797 INF
9798 INF
9799 INF
9800 INF
9801 INF
9802 INF
9803 INF
9804 INF
9805 INF
9806 INF
9807 INF
9808 INF
9809 INF
9810 INF
9811 INF
9812 INF
9813 INF
9814 INF
9815 INF
9816 INF
9817 INF
9818 INF
9819 INF
9820 INF
9821 INF
9822 INF
9823 INF
9824 INF
9825 INF
9826 INF
9827 INF
9828 INF
9829 INF
9830 INF
9831 INF
9832 INF
9833 INF
9834 INF
9835 INF
9836 INF
9837 INF
9838 INF
9839 INF
9840 INF
9841 INF
9842 INF
9843 INF
9844 INF
9845 INF
9846 INF
9847 INF
9848 INF
9849 INF
9850 INF
9851 INF
9852 INF
9853 INF
9854 INF
9855 INF
9856 INF
9857 INF
9858 INF
9859 INF
9860 INF
9861 INF
9862 INF
9863 INF
9864 INF
9865 INF
9866 INF
9867 INF
9868 INF
9869 INF
9870 INF
9871 INF
9872 INF
9873 INF
9874 INF
9875 INF
9876 INF
9877 INF
9878 INF
9879 INF
9880 INF
9881 INF
9882 INF
9883 INF
9884 INF
9885 INF
9886 INF
9887 INF
9888 INF
9889 INF
9890 INF
9891 INF
9892 INF
9893 INF
9894 INF
9895 INF
9896 INF
9897 INF
9898 INF
9899 INF
9900 INF
9901 INF
9902 INF
9903 INF
9904 INF
9905 INF
9906 INF
9907 INF
9908 INF
9909 INF
9910 INF
9911 INF
9912 INF
9913 INF
9914 INF
9915 INF
9916 INF
9917 INF
9918 INF
9919 INF
9920 INF
9921 INF
9922 INF
9923 INF
9924 INF
9925 INF
9926 INF
9927 INF
9928 INF
9929 INF
9930 INF
9931 INF
9932 INF
9933 INF
9934 INF
9935 INF
9936 INF
9937 INF
9938 INF
9939 INF
9940 INF
9941 INF
9942 INF
9943 INF
9944 INF
9945 INF
9946 INF
9947 INF
9948 INF
9949 INF
9950 INF
9951 INF
9952 INF
9953 INF
9954 INF
9955 INF
9956 INF
9957 INF
9958 INF
9959 INF
9960 INF
9961 INF
9962 INF
9963 INF
9964 INF
9965 INF
9966 INF
9967 INF
9968 INF
9969 INF
9970 INF
9971 INF
9972 INF
9973 INF
9974 INF
9975 INF
9976 INF
9977 INF
9978 INF
9979 INF
9980 INF
9981 INF
9982 INF
9983 INF
9984 INF
9985 INF
9986 INF
9987 INF
9988 INF
9989 INF
9990 INF
9991 INF
9992 INF
9993 INF
9994 INF
9995 INF
9996 INF
9997 INF
9998 INF
9999 INF
