0 0
1 182
2 175
3 197
4 173
5 161
6 175
7 271
8 190
9 210
10 127
11 166
12 197
13 152
14 175
15 216
16 189
17 172
18 180
19 207
20 184
21 207
22 197
23 167
24 172
25 218
26 173
27 163
28 173
29 182
30 91
31 141
32 167
33 161
34 111
35 177
36 149
37 198
38 167
39 163
40 190
41 186
42 161
43 183
44 250
45 185
46 179
47 185
48 112
49 252
50 150
51 141
52 173
53 123
54 173
55 152
56 145
57 155
58 174
59 201
60 144
61 210
62 170
63 168
64 213
65 123
66 152
67 199
68 209
69 189
70 182
71 152
72 217
73 172
74 160
75 144
76 168
77 244
78 180
79 265
80 88
81 229
82 171
83 177
84 237
85 112
86 225
87 161
88 285
89 148
90 85
91 228
92 197
93 177
94 142
95 172
96 171
97 94
98 158
99 149
100 188
101 170
102 204
103 131
104 150
105 129
106 283
107 135
108 166
109 154
110 169
111 184
112 161
113 210
114 175
115 186
116 203
117 193
118 157
119 180
120 147
121 209
122 244
123 137
124 226
125 202
126 181
127 174
128 209
129 178
130 230
131 205
132 158
133 192
134 174
135 223
136 113
137 194
138 225
139 189
140 181
141 217
142 173
143 155
144 179
145 151
146 194
147 199
148 131
149 257
150 133
151 180
152 218
153 158
154 125
155 171
156 122
157 234
158 169
159 227
160 226
161 159
162 180
163 162
164 139
165 204
166 158
167 134
168 216
169 203
170 153
171 208
172 213
173 167
174 129
175 170
176 209
177 214
178 181
179 164
180 166
181 215
182 203
183 202
184 182
185 160
186 189
187 201
188 132
189 133
190 165
191 196
192 181
193 174
194 264
195 115
196 185
197 189
198 199
199 147
200 197
201 189
202 147
203 193
204 207
205 185
206 247
207 131
208 180
209 147
210 203
211 229
212 233
213 150
214 239
215 154
216 220
217 216
218 121
219 175
220 160
221 131
222 170
223 177
224 177
225 256
226 205
227 263
228 110
229 108
230 155
231 90
232 186
233 198
234 168
235 228
236 143
237 134
238 170
239 160
240 170
241 183
242 219
243 180
244 229
245 193
246 153
247 233
248 127
249 169
250 165
251 188
252 229
253 125
254 123
255 196
256 181
257 209
258 225
259 179
260 169
261 210
262 218
263 149
264 199
265 199
266 163
267 180
268 161
269 187
270 229
271 164
272 221
273 180
274 167
275 177
276 166
277 150
278 228
279 175
280 179
281 138
282 188
283 185
284 223
285 171
286 198
287 190
288 255
289 197
290 211
291 125
292 68
293 192
294 206
295 148
296 179
297 225
298 149
299 167
300 199
301 110
302 168
303 143
304 163
305 102
306 184
307 139
308 151
309 176
310 178
311 212
312 142
313 210
314 145
315 176
316 149
317 144
318 112
319 185
320 162
321 191
322 160
323 117
324 187
325 147
326 191
327 184
328 222
329 156
330 202
331 164
332 185
333 186
334 206
335 159
336 183
337 161
338 172
339 204
340 187
341 210
342 193
343 161
344 207
345 161
346 211
347 205
348 176
349 204
350 206
351 138
352 152
353 203
354 159
355 177
356 216
357 135
358 202
359 165
360 194
361 240
362 188
363 26
364 149
365 144
366 193
367 212
368 210
369 139
370 102
371 139
372 129
373 172
374 204
375 190
376 171
377 126
378 202
379 177
380 114
381 216
382 126
383 171
384 190
385 190
386 128
387 144
388 162
389 191
390 193
391 232
392 138
393 252
394 235
395 191
396 158
397 160
398 218
399 215
400 204
401 127
402 223
403 154
404 179
405 178
406 148
407 208
408 187
409 180
410 204
411 171
412 167
413 145
414 194
415 257
416 192
417 199
418 136
419 191
420 188
421 201
422 260
423 134
424 199
425 178
426 187
427 209
428 195
429 169
430 215
431 167
432 182
433 184
434 188
435 152
436 190
437 144
438 242
439 181
440 159
441 214
442 113
443 213
444 92
445 156
446 194
447 220
448 193
449 173
450 142
451 174
452 147
453 221
454 165
455 172
456 192
457 179
458 171
459 142
460 225
461 140
462 212
463 198
464 212
465 169
466 223
467 222
468 193
469 194
470 166
471 83
472 199
473 164
474 164
475 163
476 156
477 167
478 210
479 186
480 210
481 218
482 201
483 240
484 198
485 189
486 176
487 197
488 178
489 162
490 225
491 182
492 262
493 245
494 143
495 209
496 262
497 208
498 222
499 208
500 169
501 201
502 204
503 262
504 192
505 206
506 200
507 202
508 222
509 199
510 149
511 167
512 122
513 253
514 236
515 145
516 85
517 144
518 186
519 139
520 179
521 148
522 188
523 198
524 159
525 141
526 214
527 222
528 149
529 170
530 161
531 201
532 158
533 143
534 139
535 185
536 159
537 165
538 201
539 214
540 199
541 235
542 168
543 93
544 187
545 150
546 122
547 204
548 167
549 155
550 157
551 176
552 189
553 184
554 218
555 229
556 260
557 203
558 189
559 215
560 178
561 197
562 114
563 235
564 223
565 238
566 160
567 203
568 154
569 188
570 107
571 179
572 156
573 235
574 205
575 127
576 180
577 236
578 223
579 214
580 210
581 275
582 185
583 216
584 124
585 163
586 192
587 160
588 131
589 217
590 137
591 162
592 150
593 156
594 149
595 177
596 228
597 208
598 199
599 200
600 205
601 259
602 100
603 160
604 193
605 202
606 257
607 180
608 220
609 255
610 193
611 235
612 188
613 191
614 176
615 230
616 170
617 198
618 134
619 120
620 138
621 196
622 209
623 163
624 178
625 159
626 168
627 187
628 200
629 203
630 252
631 183
632 175
633 231
634 228
635 123
636 200
637 164
638 180
639 234
640 166
641 188
642 178
643 222
644 172
645 139
646 159
647 303
648 168
649 148
650 208
651 128
652 181
653 228
654 177
655 130
656 174
657 195
658 140
659 168
660 122
661 225
662 194
663 176
664 183
665 191
666 256
667 173
668 179
669 215
670 189
671 137
672 226
673 230
674 183
675 122
676 177
677 177
678 179
679 183
680 155
681 202
682 171
683 192
684 153
685 167
686 146
687 182
688 222
689 187
690 211
691 225
692 129
693 212
694 189
695 189
696 177
697 204
698 184
699 140
700 194
701 185
702 257
703 150
704 195
705 222
706 198
707 130
708 226
709 109
710 217
711 168
712 202
713 235
714 208
715 171
716 170
717 181
718 180
719 181
720 196
721 200
722 154
723 228
724 233
725 131
726 175
727 188
728 140
729 173
730 174
731 192
732 213
733 242
734 240
735 201
736 192
737 157
738 166
739 215
740 179
741 195
742 212
743 206
744 204
745 207
746 156
747 129
748 149
749 155
750 177
751 168
752 98
753 169
754 181
755 187
756 182
757 160
758 179
759 152
760 150
761 190
762 206
763 136
764 147
765 184
766 129
767 145
768 195
769 145
770 214
771 151
772 219
773 212
774 173
775 176
776 180
777 196
778 214
779 160
780 183
781 179
782 176
783 189
784 237
785 188
786 219
787 233
788 169
789 187
790 131
791 129
792 167
793 206
794 136
795 193
796 170
797 145
798 151
799 170
800 176
801 248
802 204
803 222
804 142
805 205
806 293
807 176
808 178
809 211
810 241
811 235
812 191
813 173
814 204
815 179
816 70
817 262
818 188
819 150
820 177
821 226
822 162
823 216
824 166
825 190
826 165
827 181
828 205
829 175
830 197
831 223
832 191
833 175
834 132
835 228
836 198
837 207
838 210
839 170
840 155
841 162
842 180
843 192
844 190
845 119
846 197
847 186
848 186
849 181
850 192
851 170
852 210
853 175
854 228
855 161
856 175
857 198
858 226
859 153
860 242
861 136
862 100
863 188
864 239
865 160
866 84
867 175
868 126
869 141
870 159
871 203
872 164
873 137
874 229
875 253
876 183
877 176
878 148
879 183
880 175
881 209
882 186
883 166
884 167
885 194
886 172
887 302
888 222
889 199
890 223
891 155
892 142
893 225
894 181
895 190
896 140
897 144
898 232
899 181
900 167
901 170
902 168
903 189
904 201
905 196
906 195
907 150
908 119
909 214
910 183
911 184
912 172
913 201
914 233
915 172
916 177
917 119
918 209
919 172
920 230
921 168
922 213
923 164
924 213
925 201
926 166
927 172
928 143
929 179
930 167
931 217
932 204
933 204
934 230
935 194
936 212
937 194
938 207
939 124
940 189
941 160
942 216
943 245
944 149
945 150
946 160
947 183
948 203
949 213
950 282
951 224
952 214
953 201
954 208
955 208
956 193
957 140
958 206
959 182
960 172
961 226
962 171
963 142
964 174
965 179
966 191
967 155
968 252
969 211
970 96
971 198
972 232
973 209
974 86
975 246
976 213
977 178
978 147
979 171
980 90
981 195
982 121
983 193
984 185
985 218
986 223
987 198
988 162
989 152
990 163
991 267
992 145
993 232
994 157
995 170
996 214
997 198
998 210
999 199
1000 170
1001 180
1002 177
1003 169
1004 224
1005 188
1006 157
1007 148
1008 180
1009 235
1010 193
1011 185
1012 151
1013 209
1014 126
1015 209
1016 195
1017 152
1018 199
1019 193
1020 167
1021 172
1022 144
1023 197
1024 228
1025 172
1026 144
1027 158
1028 167
1029 140
1030 177
1031 210
1032 115
1033 243
1034 75
1035 211
1036 169
1037 189
1038 196
1039 193
1040 164
1041 167
1042 171
1043 181
1044 204
1045 83
1046 186
1047 195
1048 228
1049 156
1050 135
1051 168
1052 206
1053 163
1054 202
1055 212
1056 214
1057 217
1058 232
1059 188
1060 177
1061 186
1062 112
1063 161
1064 180
1065 235
1066 231
1067 216
1068 218
1069 144
1070 170
1071 255
1072 197
1073 179
1074 195
1075 199
1076 189
1077 163
1078 199
1079 153
1080 223
1081 178
1082 175
1083 138
1084 109
1085 183
1086 166
1087 219
1088 210
1089 204
1090 187
1091 249
1092 193
1093 181
1094 213
1095 121
1096 192
1097 203
1098 164
1099 142
1100 154
1101 217
1102 170
1103 153
1104 181
1105 207
1106 136
1107 184
1108 250
1109 208
1110 218
1111 213
1112 98
1113 168
1114 208
1115 221
1116 163
1117 176
1118 202
1119 163
1120 194
1121 209
1122 179
1123 147
1124 242
1125 205
1126 192
1127 178
1128 166
1129 134
1130 130
1131 191
1132 194
1133 210
1134 220
1135 156
1136 224
1137 210
1138 187
1139 167
1140 229
1141 168
1142 157
1143 150
1144 202
1145 143
1146 210
1147 185
1148 202
1149 202
1150 125
1151 147
1152 162
1153 196
1154 153
1155 165
1156 121
1157 252
1158 172
1159 155
1160 148
1161 221
1162 152
1163 201
1164 231
1165 218
1166 191
1167 165
1168 216
1169 165
1170 184
1171 145
1172 213
1173 135
1174 194
1175 128
1176 147
1177 149
1178 135
1179 175
1180 149
1181 170
1182 220
1183 206
1184 199
1185 183
1186 211
1187 224
1188 181
1189 168
1190 200
1191 151
1192 179
1193 204
1194 217
1195 212
1196 205
1197 142
1198 183
1199 279
1200 183
1201 194
1202 182
1203 159
1204 198
1205 201
1206 213
1207 204
1208 183
1209 197
1210 229
1211 151
1212 174
1213 192
1214 151
1215 146
1216 215
1217 157
1218 118
1219 168
1220 163
1221 213
1222 188
1223 81
1224 195
1225 207
1226 154
1227 205
1228 136
1229 176
1230 211
1231 193
1232 190
1233 184
1234 169
1235 143
1236 204
1237 200
1238 172
1239 149
1240 125
1241 205
1242 220
1243 220
1244 245
1245 206
1246 193
1247 201
1248 199
1249 221
1250 177
1251 197
1252 142
1253 170
1254 184
1255 236
1256 177
1257 153
1258 193
1259 210
1260 180
1261 184
1262 184
1263 185
1264 177
1265 199
1266 195
1267 195
1268 164
1269 176
1270 165
1271 159
1272 223
1273 193
1274 152
1275 144
1276 157
1277 181
1278 185
1279 147
1280 145
1281 137
1282 199
1283 148
1284 224
1285 196
1286 175
1287 175
1288 210
1289 137
1290 175
1291 216
1292 195
1293 169
1294 157
1295 209
1296 164
1297 206
1298 106
1299 181
1300 249
1301 201
1302 174
1303 201
1304 168
1305 230
1306 148
1307 219
1308 193
1309 107
1310 154
1311 171
1312 166
1313 136
1314 177
1315 272
1316 178
1317 258
1318 179
1319 198
1320 217
1321 267
1322 186
1323 239
1324 198
1325 185
1326 202
1327 167
1328 138
1329 274
1330 198
1331 165
1332 163
1333 180
1334 180
1335 218
1336 224
1337 275
1338 231
1339 254
1340 192
1341 161
1342 190
1343 156
1344 154
1345 180
1346 190
1347 131
1348 205
1349 200
1350 151
1351 199
1352 159
1353 178
1354 87
1355 201
1356 164
1357 216
1358 202
1359 165
1360 197
1361 185
1362 190
1363 149
1364 234
1365 171
1366 112
1367 175
1368 234
1369 188
1370 123
1371 158
1372 241
1373 180
1374 135
1375 184
1376 235
1377 150
1378 202
1379 167
1380 179
1381 223
1382 162
1383 210
1384 161
1385 135
1386 215
1387 80
1388 187
1389 178
1390 246
1391 151
1392 234
1393 183
1394 227
1395 193
1396 192
1397 200
1398 204
1399 139
1400 153
1401 247
1402 180
1403 176
1404 225
1405 184
1406 194
1407 88
1408 138
1409 233
1410 130
1411 140
1412 182
1413 202
1414 201
1415 224
1416 211
1417 180
1418 234
1419 264
1420 222
1421 171
1422 150
1423 181
1424 148
1425 147
1426 174
1427 230
1428 175
1429 176
1430 166
1431 159
1432 186
1433 154
1434 208
1435 161
1436 223
1437 148
1438 172
1439 195
1440 203
1441 213
1442 184
1443 189
1444 144
1445 120
1446 131
1447 204
1448 178
1449 189
1450 221
1451 147
1452 150
1453 148
1454 178
1455 145
1456 278
1457 170
1458 187
1459 166
1460 185
1461 166
1462 212
1463 113
1464 202
1465 178
1466 214
1467 211
1468 166
1469 194
1470 195
1471 182
1472 203
1473 189
1474 148
1475 169
1476 174
1477 192
1478 176
1479 164
1480 117
1481 242
1482 212
1483 179
1484 214
1485 182
1486 186
1487 238
1488 229
1489 195
1490 196
1491 248
1492 207
1493 192
1494 134
1495 193
1496 170
1497 156
1498 200
1499 156
1500 163
1501 171
1502 242
1503 105
1504 156
1505 191
1506 189
1507 196
1508 190
1509 158
1510 184
1511 184
1512 109
1513 192
1514 202
1515 269
1516 173
1517 194
1518 172
1519 198
1520 99
1521 172
1522 173
1523 202
1524 98
1525 126
1526 157
1527 159
1528 191
1529 110
1530 133
1531 154
1532 154
1533 150
1534 131
1535 180
1536 208
1537 223
1538 154
1539 136
1540 221
1541 179
1542 228
1543 30
1544 133
1545 206
1546 192
1547 162
1548 177
1549 193
1550 205
1551 206
1552 175
1553 99
1554 191
1555 224
1556 223
1557 173
1558 75
1559 181
1560 236
1561 162
1562 193
1563 225
1564 222
1565 193
1566 188
1567 179
1568 185
1569 204
1570 225
1571 205
1572 223
1573 182
1574 170
1575 162
1576 211
1577 210
1578 205
1579 230
1580 219
1581 253
1582 140
1583 235
1584 134
1585 179
1586 184
1587 105
1588 226
1589 194
1590 198
1591 164
1592 228
1593 205
1594 187
1595 181
1596 198
1597 194
1598 173
1599 193
1600 180
1601 241
1602 149
1603 187
1604 205
1605 133
1606 167
1607 142
1608 180
1609 128
1610 163
1611 189
1612 178
1613 216
1614 120
1615 188
1616 151
1617 223
1618 186
1619 199
1620 127
1621 241
1622 197
1623 172
1624 211
1625 140
1626 211
1627 190
1628 198
1629 240
1630 211
1631 160
1632 180
1633 150
1634 166
1635 230
1636 128
1637 126
1638 126
1639 187
1640 82
1641 200
1642 179
1643 180
1644 91
1645 142
1646 144
1647 212
1648 171
1649 202
1650 187
1651 188
1652 152
1653 198
1654 234
1655 153
1656 270
1657 157
1658 135
1659 219
1660 175
1661 109
1662 108
1663 145
1664 190
1665 241
1666 195
1667 172
1668 198
1669 169
1670 200
1671 207
1672 214
1673 191
1674 189
1675 196
1676 148
1677 186
1678 217
1679 180
1680 171
1681 88
1682 185
1683 242
1684 146
1685 148
1686 138
1687 202
1688 173
1689 192
1690 188
1691 246
1692 162
1693 167
1694 168
1695 243
1696 232
1697 220
1698 187
1699 165
1700 161
1701 154
1702 138
1703 189
1704 182
1705 157
1706 233
1707 175
1708 199
1709 166
1710 178
1711 186
1712 150
1713 204
1714 149
1715 258
1716 170
1717 186
1718 167
1719 204
1720 218
1721 162
1722 230
1723 157
1724 230
1725 202
1726 174
1727 156
1728 162
1729 179
1730 164
1731 204
1732 174
1733 187
1734 198
1735 156
1736 205
1737 157
1738 217
1739 178
1740 186
1741 192
1742 169
1743 209
1744 97
1745 168
1746 234
1747 99
1748 182
1749 155
1750 191
1751 129
1752 195
1753 88
1754 196
1755 189
1756 162
1757 158
1758 167
1759 144
1760 199
1761 198
1762 169
1763 146
1764 164
1765 180
1766 160
1767 185
1768 182
1769 200
1770 193
1771 157
1772 230
1773 233
1774 155
1775 218
1776 174
1777 190
1778 218
1779 199
1780 150
1781 194
1782 197
1783 214
1784 195
1785 218
1786 154
1787 154
1788 147
1789 147
1790 165
1791 137
1792 119
1793 199
1794 197
1795 170
1796 143
1797 182
1798 187
1799 124
1800 132
1801 168
1802 196
1803 167
1804 161
1805 183
1806 192
1807 185
1808 205
1809 176
1810 159
1811 196
1812 186
1813 223
1814 130
1815 148
1816 169
1817 256
1818 187
1819 154
1820 201
1821 208
1822 141
1823 323
1824 200
1825 140
1826 175
1827 184
1828 156
1829 106
1830 165
1831 171
1832 159
1833 209
1834 190
1835 184
1836 182
1837 205
1838 147
1839 121
1840 149
1841 197
1842 156
1843 150
1844 237
1845 177
1846 208
1847 153
1848 277
1849 174
1850 198
1851 183
1852 154
1853 153
1854 170
1855 209
1856 140
1857 156
1858 179
1859 224
1860 212
1861 154
1862 180
1863 214
1864 120
1865 149
1866 195
1867 192
1868 194
1869 162
1870 208
1871 206
1872 162
1873 195
1874 181
1875 179
1876 165
1877 182
1878 168
1879 234
1880 201
1881 80
1882 132
1883 213
1884 161
1885 163
1886 15
1887 227
1888 149
1889 113
1890 231
1891 176
1892 191
1893 221
1894 178
1895 157
1896 165
1897 244
1898 112
1899 165
1900 193
1901 138
1902 138
1903 188
1904 146
1905 161
1906 224
1907 181
1908 177
1909 199
1910 229
1911 217
1912 200
1913 198
1914 191
1915 181
1916 188
1917 153
1918 203
1919 251
1920 207
1921 200
1922 103
1923 163
1924 194
1925 180
1926 90
1927 132
1928 175
1929 199
1930 170
1931 100
1932 179
1933 186
1934 144
1935 182
1936 155
1937 185
1938 197
1939 177
1940 138
1941 195
1942 198
1943 150
1944 192
1945 212
1946 200
1947 154
1948 136
1949 150
1950 216
1951 197
1952 225
1953 168
1954 225
1955 161
1956 169
1957 166
1958 229
1959 207
1960 153
1961 204
1962 207
1963 91
1964 229
1965 205
1966 191
1967 187
1968 171
1969 213
1970 151
1971 50
1972 231
1973 242
1974 187
1975 203
1976 208
1977 212
1978 217
1979 171
1980 192
1981 195
1982 188
1983 214
1984 243
1985 192
1986 157
1987 168
1988 185
1989 168
1990 197
1991 203
1992 165
1993 233
1994 244
1995 224
1996 168
1997 238
1998 186
1999 224
2000 190
2001 106
2002 122
2003 209
2004 243
2005 214
2006 219
2007 194
2008 163
2009 114
2010 194
2011 195
2012 268
2013 161
2014 162
2015 171
2016 183
2017 201
2018 188
2019 188
2020 158
2021 163
2022 149
2023 288
2024 158
2025 222
2026 176
2027 136
2028 225
2029 156
2030 151
2031 145
2032 244
2033 172
2034 171
2035 212
2036 116
2037 167
2038 185
2039 146
2040 166
2041 186
2042 148
2043 191
2044 159
2045 116
2046 163
2047 187
2048 225
2049 98
2050 154
2051 148
2052 184
2053 166
2054 276
2055 226
2056 179
2057 208
2058 166
2059 209
2060 104
2061 143
2062 165
2063 236
2064 158
2065 214
2066 141
2067 185
2068 170
2069 180
2070 188
2071 133
2072 234
2073 180
2074 168
2075 178
2076 107
2077 160
2078 180
2079 255
2080 220
2081 214
2082 155
2083 199
2084 206
2085 189
2086 125
2087 192
2088 127
2089 169
2090 178
2091 175
2092 169
2093 201
2094 173
2095 148
2096 207
2097 195
2098 219
2099 181
2100 162
2101 187
2102 189
2103 216
2104 193
2105 143
2106 171
2107 230
2108 193
2109 172
2110 168
2111 241
2112 275
2113 139
2114 187
2115 209
2116 162
2117 124
2118 229
2119 165
2120 174
2121 180
2122 170
2123 231
2124 166
2125 177
2126 192
2127 175
2128 184
2129 155
2130 119
2131 182
2132 218
2133 161
2134 192
2135 281
2136 264
2137 169
2138 183
2139 175
2140 205
2141 188
2142 241
2143 120
2144 193
2145 181
2146 175
2147 176
2148 151
2149 206
2150 238
2151 178
2152 153
2153 142
2154 131
2155 213
2156 212
2157 197
2158 190
2159 155
2160 219
2161 230
2162 189
2163 204
2164 181
2165 198
2166 161
2167 194
2168 154
2169 214
2170 186
2171 95
2172 204
2173 228
2174 219
2175 135
2176 128
2177 173
2178 156
2179 167
2180 197
2181 146
2182 180
2183 171
2184 227
2185 202
2186 257
2187 199
2188 190
2189 170
2190 139
2191 169
2192 187
2193 202
2194 178
2195 204
2196 215
2197 159
2198 247
2199 155
2200 206
2201 186
2202 162
2203 189
2204 180
2205 208
2206 127
2207 193
2208 207
2209 189
2210 218
2211 254
2212 188
2213 167
2214 137
2215 202
2216 179
2217 202
2218 205
2219 139
2220 224
2221 220
2222 177
2223 171
2224 183
2225 207
2226 192
2227 127
2228 190
2229 99
2230 129
2231 208
2232 220
2233 206
2234 204
2235 196
2236 191
2237 200
2238 212
2239 232
2240 246
2241 189
2242 211
2243 172
2244 163
2245 206
2246 164
2247 197
2248 219
2249 196
2250 154
2251 196
2252 79
2253 216
2254 98
2255 193
2256 226
2257 197
2258 208
2259 144
2260 210
2261 173
2262 188
2263 152
2264 198
2265 157
2266 182
2267 150
2268 252
2269 231
2270 164
2271 240
2272 201
2273 207
2274 160
2275 202
2276 147
2277 163
2278 194
2279 171
2280 149
2281 143
2282 179
2283 230
2284 167
2285 170
2286 167
2287 187
2288 175
2289 159
2290 212
2291 237
2292 102
2293 164
2294 293
2295 216
2296 135
2297 189
2298 204
2299 168
2300 163
2301 195
2302 153
2303 120
2304 228
2305 152
2306 195
2307 171
2308 241
2309 161
2310 122
2311 208
2312 202
2313 175
2314 229
2315 163
2316 171
2317 177
2318 165
2319 210
2320 171
2321 217
2322 224
2323 209
2324 149
2325 141
2326 213
2327 148
2328 165
2329 147
2330 250
2331 187
2332 231
2333 147
2334 237
2335 162
2336 88
2337 174
2338 172
2339 194
2340 236
2341 203
2342 140
2343 139
2344 172
2345 119
2346 192
2347 200
2348 211
2349 172
2350 173
2351 178
2352 145
2353 182
2354 190
2355 170
2356 194
2357 190
2358 222
2359 208
2360 151
2361 117
2362 191
2363 189
2364 238
2365 192
2366 165
2367 218
2368 189
2369 170
2370 161
2371 224
2372 168
2373 239
2374 125
2375 250
2376 301
2377 184
2378 130
2379 207
2380 179
2381 194
2382 158
2383 200
2384 192
2385 238
2386 214
2387 156
2388 251
2389 191
2390 185
2391 244
2392 195
2393 201
2394 139
2395 171
2396 173
2397 162
2398 192
2399 205
2400 220
2401 143
2402 189
2403 139
2404 241
2405 261
2406 182
2407 206
2408 216
2409 253
2410 222
2411 190
2412 181
2413 184
2414 192
2415 165
2416 234
2417 228
2418 279
2419 175
2420 195
2421 196
2422 177
2423 146
2424 184
2425 155
2426 208
2427 177
2428 160
2429 161
2430 186
2431 212
2432 158
2433 185
2434 230
2435 208
2436 164
2437 193
2438 166
2439 216
2440 192
2441 192
2442 139
2443 165
2444 131
2445 203
2446 190
2447 132
2448 162
2449 189
2450 246
2451 154
2452 217
2453 169
2454 189
2455 185
2456 226
2457 197
2458 180
2459 164
2460 160
2461 118
2462 212
2463 220
2464 187
2465 180
2466 221
2467 258
2468 192
2469 169
2470 199
2471 191
2472 124
2473 158
2474 167
2475 200
2476 236
2477 224
2478 167
2479 170
2480 157
2481 191
2482 141
2483 187
2484 258
2485 158
2486 158
2487 91
2488 219
2489 219
2490 260
2491 93
2492 157
2493 171
2494 132
2495 203
2496 118
2497 151
2498 209
2499 157
2500 221
2501 186
2502 199
2503 205
2504 158
2505 159
2506 166
2507 231
2508 236
2509 140
2510 127
2511 170
2512 170
2513 243
2514 170
2515 183
2516 161
2517 117
2518 167
2519 196
2520 129
2521 198
2522 176
2523 158
2524 143
2525 204
2526 226
2527 186
2528 178
2529 189
2530 208
2531 182
2532 178
2533 101
2534 185
2535 205
2536 155
2537 60
2538 226
2539 149
2540 136
2541 181
2542 100
2543 150
2544 155
2545 167
2546 207
2547 192
2548 106
2549 189
2550 215
2551 210
2552 154
2553 262
2554 215
2555 172
2556 217
2557 144
2558 201
2559 142
2560 164
2561 219
2562 235
2563 197
2564 158
2565 161
2566 210
2567 202
2568 210
2569 227
2570 196
2571 179
2572 184
2573 196
2574 308
2575 202
2576 177
2577 197
2578 199
2579 167
2580 138
2581 195
2582 155
2583 198
2584 205
2585 196
2586 178
2587 159
2588 159
2589 159
2590 89
2591 201
2592 203
2593 103
2594 235
2595 202
2596 155
2597 153
2598 183
2599 145
2600 158
2601 197
2602 153
2603 153
2604 200
2605 153
2606 177
2607 177
2608 189
2609 185
2610 193
2611 177
2612 163
2613 158
2614 196
2615 182
2616 171
2617 232
2618 116
2619 174
2620 168
2621 184
2622 173
2623 201
2624 193
2625 182
2626 140
2627 244
2628 218
2629 163
2630 185
2631 142
2632 176
2633 153
2634 258
2635 208
2636 133
2637 162
2638 162
2639 180
2640 197
2641 216
2642 82
2643 175
2644 108
2645 159
2646 198
2647 176
2648 166
2649 154
2650 175
2651 195
2652 146
2653 215
2654 175
2655 178
2656 199
2657 214
2658 143
2659 157
2660 161
2661 185
2662 146
2663 242
2664 179
2665 171
2666 202
2667 214
2668 66
2669 182
2670 180
2671 200
2672 142
2673 166
2674 239
2675 113
2676 173
2677 151
2678 358
2679 154
2680 199
2681 267
2682 185
2683 198
2684 157
2685 162
2686 285
2687 250
2688 118
2689 183
2690 210
2691 212
2692 197
2693 240
2694 185
2695 195
2696 156
2697 188
2698 143
2699 180
2700 200
2701 136
2702 146
2703 146
2704 234
2705 188
2706 200
2707 174
2708 116
2709 154
2710 211
2711 144
2712 211
2713 190
2714 246
2715 168
2716 162
2717 149
2718 249
2719 255
2720 183
2721 189
2722 198
2723 219
2724 175
2725 157
2726 180
2727 269
2728 178
2729 175
2730 171
2731 221
2732 183
2733 174
2734 200
2735 186
2736 162
2737 196
2738 218
2739 214
2740 180
2741 205
2742 189
2743 138
2744 185
2745 213
2746 169
2747 228
2748 161
2749 170
2750 158
2751 292
2752 175
2753 218
2754 157
2755 157
2756 134
2757 142
2758 171
2759 184
2760 191
2761 221
2762 207
2763 152
2764 163
2765 241
2766 161
2767 176
2768 192
2769 189
2770 197
2771 153
2772 183
2773 186
2774 174
2775 204
2776 152
2777 233
2778 177
2779 147
2780 212
2781 157
2782 186
2783 254
2784 234
2785 176
2786 206
2787 220
2788 167
2789 194
2790 178
2791 221
2792 173
2793 162
2794 177
2795 186
2796 181
2797 192
2798 233
2799 181
2800 192
2801 206
2802 172
2803 190
2804 180
2805 164
2806 252
2807 140
2808 177
2809 287
2810 204
2811 149
2812 210
2813 208
2814 176
2815 253
2816 191
2817 238
2818 241
2819 188
2820 138
2821 123
2822 202
2823 175
2824 180
2825 136
2826 150
2827 192
2828 251
2829 211
2830 179
2831 159
2832 151
2833 155
2834 187
2835 151
2836 242
2837 212
2838 153
2839 146
2840 143
2841 134
2842 176
2843 174
2844 209
2845 165
2846 83
2847 234
2848 249
2849 193
2850 203
2851 169
2852 231
2853 161
2854 225
2855 232
2856 188
2857 233
2858 184
2859 133
2860 203
2861 172
2862 104
2863 242
2864 247
2865 145
2866 204
2867 208
2868 190
2869 145
2870 193
2871 183
2872 182
2873 209
2874 147
2875 164
2876 194
2877 213
2878 163
2879 171
2880 192
2881 145
2882 142
2883 151
2884 176
2885 147
2886 162
2887 208
2888 180
2889 212
2890 156
2891 191
2892 171
2893 204
2894 170
2895 191
2896 157
2897 145
2898 223
2899 183
2900 167
2901 167
2902 213
2903 54
2904 111
2905 152
2906 275
2907 202
2908 170
2909 173
2910 140
2911 159
2912 245
2913 131
2914 160
2915 185
2916 257
2917 222
2918 187
2919 229
2920 158
2921 203
2922 153
2923 221
2924 152
2925 188
2926 29
2927 160
2928 219
2929 183
2930 125
2931 208
2932 176
2933 136
2934 178
2935 182
2936 154
2937 225
2938 173
2939 229
2940 195
2941 188
2942 184
2943 130
2944 184
2945 197
2946 258
2947 200
2948 143
2949 172
2950 157
2951 133
2952 210
2953 184
2954 177
2955 228
2956 211
2957 193
2958 200
2959 200
2960 125
2961 190
2962 133
2963 171
2964 221
2965 250
2966 136
2967 247
2968 222
2969 132
2970 179
2971 169
2972 244
2973 183
2974 147
2975 127
2976 97
2977 141
2978 106
2979 171
2980 182
2981 173
2982 209
2983 309
2984 185
2985 155
2986 137
2987 192
2988 210
2989 190
2990 160
2991 141
2992 195
2993 212
2994 69
2995 253
2996 164
2997 218
2998 172
2999 205
3000 177
3001 207
3002 149
3003 219
3004 234
3005 202
3006 127
3007 191
3008 167
3009 226
3010 156
3011 146
3012 172
3013 168
3014 215
3015 104
3016 196
3017 179
3018 209
3019 157
3020 191
3021 173
3022 178
3023 129
3024 294
3025 153
3026 206
3027 83
3028 130
3029 137
3030 175
3031 229
3032 200
3033 160
3034 160
3035 106
3036 175
3037 173
3038 224
3039 137
3040 142
3041 189
3042 196
3043 199
3044 199
3045 126
3046 194
3047 190
3048 197
3049 173
3050 209
3051 181
3052 149
3053 194
3054 199
3055 164
3056 182
3057 201
3058 168
3059 180
3060 174
3061 180
3062 215
3063 161
3064 121
3065 178
3066 170
3067 158
3068 204
3069 117
3070 163
3071 140
3072 195
3073 233
3074 197
3075 195
3076 146
3077 239
3078 219
3079 229
3080 218
3081 220
3082 244
3083 137
3084 262
3085 164
3086 166
3087 200
3088 188
3089 156
3090 133
3091 216
3092 157
3093 230
3094 180
3095 171
3096 217
3097 187
3098 116
3099 171
3100 162
3101 229
3102 240
3103 139
3104 181
3105 243
3106 168
3107 176
3108 135
3109 155
3110 188
3111 185
3112 160
3113 59
3114 169
3115 210
3116 205
3117 195
3118 174
3119 236
3120 191
3121 150
3122 176
3123 173
3124 310
3125 140
3126 191
3127 231
3128 234
3129 175
3130 229
3131 217
3132 182
3133 205
3134 226
3135 96
3136 149
3137 130
3138 175
3139 147
3140 194
3141 192
3142 202
3143 213
3144 134
3145 169
3146 178
3147 119
3148 280
3149 135
3150 164
3151 194
3152 184
3153 234
3154 213
3155 153
3156 167
3157 219
3158 183
3159 175
3160 209
3161 194
3162 226
3163 228
3164 190
3165 180
3166 179
3167 191
3168 118
3169 161
3170 184
3171 217
3172 215
3173 136
3174 146
3175 102
3176 222
3177 220
3178 211
3179 188
3180 165
3181 192
3182 191
3183 171
3184 240
3185 188
3186 193
3187 204
3188 200
3189 186
3190 165
3191 247
3192 150
3193 212
3194 237
3195 165
3196 170
3197 150
3198 182
3199 35
3200 198
3201 145
3202 219
3203 179
3204 252
3205 258
3206 197
3207 198
3208 196
3209 191
3210 208
3211 141
3212 183
3213 176
3214 173
3215 77
3216 137
3217 134
3218 204
3219 174
3220 148
3221 190
3222 202
3223 236
3224 207
3225 221
3226 150
3227 175
3228 147
3229 222
3230 234
3231 167
3232 244
3233 193
3234 157
3235 165
3236 111
3237 148
3238 238
3239 221
3240 200
3241 204
3242 105
3243 222
3244 209
3245 314
3246 180
3247 224
3248 193
3249 181
3250 186
3251 61
3252 182
3253 171
3254 105
3255 188
3256 151
3257 175
3258 143
3259 196
3260 128
3261 216
3262 182
3263 161
3264 175
3265 209
3266 102
3267 209
3268 169
3269 179
3270 196
3271 158
3272 101
3273 140
3274 217
3275 230
3276 193
3277 230
3278 193
3279 178
3280 158
3281 285
3282 241
3283 223
3284 168
3285 138
3286 209
3287 209
3288 185
3289 196
3290 205
3291 204
3292 120
3293 168
3294 211
3295 158
3296 192
3297 186
3298 165
3299 211
3300 203
3301 232
3302 172
3303 151
3304 129
3305 218
3306 118
3307 187
3308 219
3309 181
3310 205
3311 168
3312 141
3313 244
3314 126
3315 210
3316 187
3317 180
3318 187
3319 163
3320 185
3321 189
3322 192
3323 153
3324 231
3325 141
3326 168
3327 161
3328 158
3329 151
3330 197
3331 135
3332 192
3333 242
3334 173
3335 253
3336 195
3337 216
3338 136
3339 138
3340 211
3341 182
3342 215
3343 214
3344 158
3345 174
3346 141
3347 158
3348 194
3349 173
3350 179
3351 184
3352 177
3353 225
3354 181
3355 145
3356 152
3357 130
3358 151
3359 175
3360 126
3361 134
3362 232
3363 187
3364 149
3365 180
3366 200
3367 148
3368 153
3369 173
3370 183
3371 192
3372 104
3373 234
3374 174
3375 159
3376 166
3377 220
3378 163
3379 210
3380 171
3381 172
3382 155
3383 184
3384 165
3385 206
3386 238
3387 156
3388 233
3389 151
3390 240
3391 94
3392 168
3393 184
3394 181
3395 186
3396 175
3397 185
3398 206
3399 188
3400 182
3401 216
3402 163
3403 166
3404 194
3405 151
3406 87
3407 207
3408 143
3409 135
3410 203
3411 108
3412 197
3413 161
3414 191
3415 170
3416 173
3417 187
3418 197
3419 179
3420 184
3421 142
3422 152
3423 131
3424 181
3425 188
3426 207
3427 279
3428 208
3429 153
3430 186
3431 201
3432 297
3433 201
3434 161
3435 154
3436 137
3437 213
3438 232
3439 208
3440 216
3441 243
3442 148
3443 112
3444 204
3445 163
3446 193
3447 202
3448 137
3449 154
3450 171
3451 192
3452 181
3453 208
3454 146
3455 211
3456 199
3457 208
3458 158
3459 194
3460 137
3461 170
3462 167
3463 186
3464 126
3465 208
3466 291
3467 209
3468 174
3469 174
3470 248
3471 235
3472 207
3473 228
3474 97
3475 187
3476 164
3477 227
3478 137
3479 176
3480 196
3481 163
3482 180
3483 223
3484 152
3485 178
3486 245
3487 178
3488 201
3489 162
3490 221
3491 126
3492 170
3493 175
3494 179
3495 238
3496 179
3497 192
3498 276
3499 239
3500 198
3501 167
3502 215
3503 131
3504 161
3505 98
3506 206
3507 165
3508 211
3509 124
3510 179
3511 126
3512 162
3513 212
3514 152
3515 203
3516 108
3517 178
3518 212
3519 162
3520 234
3521 185
3522 149
3523 154
3524 172
3525 121
3526 197
3527 169
3528 176
3529 235
3530 185
3531 168
3532 174
3533 160
3534 145
3535 175
3536 184
3537 166
3538 212
3539 199
3540 193
3541 192
3542 192
3543 169
3544 110
3545 189
3546 203
3547 232
3548 219
3549 192
3550 242
3551 97
3552 195
3553 201
3554 190
3555 159
3556 166
3557 142
3558 222
3559 221
3560 217
3561 161
3562 195
3563 203
3564 220
3565 195
3566 210
3567 118
3568 62
3569 199
3570 197
3571 244
3572 175
3573 221
3574 223
3575 140
3576 208
3577 169
3578 229
3579 214
3580 147
3581 171
3582 175
3583 148
3584 169
3585 125
3586 198
3587 178
3588 199
3589 232
3590 190
3591 235
3592 159
3593 179
3594 161
3595 213
3596 142
3597 217
3598 279
3599 182
3600 198
3601 117
3602 259
3603 216
3604 186
3605 191
3606 214
3607 142
3608 170
3609 185
3610 186
3611 212
3612 199
3613 189
3614 137
3615 188
3616 213
3617 203
3618 329
3619 207
3620 265
3621 180
3622 211
3623 173
3624 203
3625 246
3626 174
3627 183
3628 253
3629 192
3630 234
3631 241
3632 185
3633 175
3634 210
3635 230
3636 189
3637 241
3638 225
3639 75
3640 186
3641 206
3642 191
3643 188
3644 117
3645 244
3646 154
3647 203
3648 172
3649 194
3650 175
3651 200
3652 183
3653 213
3654 131
3655 181
3656 203
3657 176
3658 182
3659 187
3660 204
3661 111
3662 234
3663 150
3664 187
3665 200
3666 218
3667 146
3668 163
3669 201
3670 166
3671 123
3672 136
3673 205
3674 135
3675 193
3676 252
3677 197
3678 191
3679 146
3680 215
3681 174
3682 144
3683 173
3684 217
3685 152
3686 137
3687 188
3688 141
3689 137
3690 160
3691 132
3692 226
3693 84
3694 140
3695 180
3696 216
3697 190
3698 158
3699 161
3700 195
3701 133
3702 94
3703 177
3704 147
3705 92
3706 168
3707 199
3708 153
3709 146
3710 187
3711 135
3712 258
3713 206
3714 203
3715 180
3716 243
3717 198
3718 229
3719 219
3720 196
3721 203
3722 205
3723 186
3724 196
3725 184
3726 146
3727 208
3728 208
3729 193
3730 180
3731 111
3732 159
3733 190
3734 200
3735 183
3736 186
3737 93
3738 180
3739 182
3740 223
3741 154
3742 145
3743 205
3744 277
3745 194
3746 183
3747 165
3748 125
3749 141
3750 196
3751 145
3752 198
3753 183
3754 171
3755 221
3756 172
3757 242
3758 224
3759 174
3760 214
3761 172
3762 200
3763 203
3764 187
3765 175
3766 200
3767 209
3768 196
3769 191
3770 266
3771 184
3772 142
3773 180
3774 187
3775 181
3776 169
3777 179
3778 189
3779 183
3780 138
3781 191
3782 120
3783 294
3784 231
3785 175
3786 215
3787 207
3788 180
3789 159
3790 178
3791 196
3792 220
3793 162
3794 191
3795 203
3796 205
3797 159
3798 162
3799 139
3800 198
3801 235
3802 213
3803 187
3804 164
3805 168
3806 206
3807 192
3808 137
3809 202
3810 159
3811 166
3812 140
3813 180
3814 192
3815 135
3816 179
3817 225
3818 185
3819 198
3820 206
3821 135
3822 146
3823 190
3824 181
3825 141
3826 204
3827 220
3828 131
3829 194
3830 168
3831 217
3832 187
3833 197
3834 186
3835 224
3836 172
3837 102
3838 112
3839 240
3840 208
3841 247
3842 143
3843 166
3844 209
3845 152
3846 188
3847 197
3848 201
3849 218
3850 145
3851 205
3852 227
3853 178
3854 167
3855 247
3856 191
3857 178
3858 151
3859 235
3860 183
3861 201
3862 145
3863 136
3864 204
3865 234
3866 141
3867 214
3868 176
3869 171
3870 225
3871 209
3872 165
3873 175
3874 201
3875 130
3876 218
3877 172
3878 228
3879 251
3880 237
3881 187
3882 157
3883 206
3884 164
3885 171
3886 227
3887 147
3888 178
3889 172
3890 208
3891 204
3892 219
3893 146
3894 156
3895 175
3896 222
3897 177
3898 194
3899 144
3900 196
3901 207
3902 182
3903 208
3904 174
3905 121
3906 161
3907 177
3908 190
3909 182
3910 239
3911 156
3912 162
3913 68
3914 193
3915 169
3916 174
3917 183
3918 220
3919 185
3920 155
3921 199
3922 144
3923 196
3924 183
3925 234
3926 154
3927 128
3928 230
3929 225
3930 124
3931 128
3932 196
3933 134
3934 93
3935 197
3936 104
3937 184
3938 167
3939 185
3940 182
3941 177
3942 236
3943 111
3944 152
3945 200
3946 191
3947 221
3948 211
3949 228
3950 206
3951 196
3952 177
3953 215
3954 175
3955 194
3956 79
3957 116
3958 153
3959 183
3960 207
3961 124
3962 190
3963 250
3964 153
3965 148
3966 191
3967 105
3968 179
3969 155
3970 182
3971 200
3972 157
3973 212
3974 178
3975 231
3976 207
3977 165
3978 213
3979 190
3980 213
3981 260
3982 170
3983 180
3984 144
3985 197
3986 158
3987 52
3988 239
3989 187
3990 231
3991 165
3992 163
3993 194
3994 162
3995 182
3996 197
3997 147
3998 164
3999 209
4000 159
4001 195
4002 150
4003 283
4004 194
4005 190
4006 217
4007 152
4008 148
4009 139
4010 230
4011 174
4012 148
4013 204
4014 173
4015 175
4016 179
4017 187
4018 195
4019 220
4020 178
4021 160
4022 204
4023 186
4024 207
4025 188
4026 183
4027 91
4028 210
4029 177
4030 206
4031 235
4032 155
4033 128
4034 161
4035 153
4036 167
4037 225
4038 147
4039 193
4040 176
4041 193
4042 204
4043 172
4044 172
4045 170
4046 196
4047 281
4048 213
4049 134
4050 146
4051 207
4052 170
4053 187
4054 284
4055 179
4056 119
4057 199
4058 166
4059 107
4060 169
4061 182
4062 189
4063 184
4064 225
4065 203
4066 246
4067 170
4068 188
4069 202
4070 189
4071 210
4072 139
4073 185
4074 190
4075 184
4076 131
4077 160
4078 219
4079 203
4080 153
4081 144
4082 163
4083 187
4084 173
4085 189
4086 194
4087 265
4088 191
4089 177
4090 196
4091 132
4092 163
4093 154
4094 170
4095 163
4096 226
4097 119
4098 178
4099 181
4100 158
4101 161
4102 176
4103 157
4104 164
4105 163
4106 151
4107 192
4108 173
4109 205
4110 143
4111 193
4112 204
4113 173
4114 233
4115 198
4116 151
4117 142
4118 178
4119 233
4120 190
4121 177
4122 199
4123 153
4124 197
4125 213
4126 152
4127 171
4128 200
4129 219
4130 155
4131 208
4132 163
4133 203
4134 137
4135 147
4136 201
4137 175
4138 216
4139 175
4140 184
4141 197
4142 225
4143 170
4144 101
4145 181
4146 168
4147 158
4148 179
4149 163
4150 211
4151 155
4152 232
4153 212
4154 100
4155 212
4156 171
4157 216
4158 208
4159 208
4160 302
4161 174
4162 105
4163 212
4164 150
4165 206
4166 223
4167 207
4168 266
4169 195
4170 148
4171 63
4172 200
4173 191
4174 173
4175 180
4176 152
4177 211
4178 219
4179 199
4180 198
4181 156
4182 226
4183 119
4184 206
4185 179
4186 183
4187 162
4188 129
4189 198
4190 215
4191 189
4192 183
4193 179
4194 164
4195 131
4196 197
4197 139
4198 227
4199 181
4200 207
4201 212
4202 161
4203 240
4204 176
4205 200
4206 197
4207 174
4208 218
4209 223
4210 171
4211 98
4212 151
4213 216
4214 218
4215 232
4216 306
4217 181
4218 190
4219 214
4220 198
4221 172
4222 204
4223 239
4224 198
4225 163
4226 63
4227 171
4228 153
4229 181
4230 169
4231 213
4232 173
4233 227
4234 195
4235 158
4236 198
4237 173
4238 180
4239 188
4240 157
4241 188
4242 197
4243 204
4244 155
4245 159
4246 211
4247 228
4248 205
4249 196
4250 175
4251 231
4252 228
4253 119
4254 177
4255 203
4256 188
4257 226
4258 159
4259 201
4260 129
4261 144
4262 237
4263 207
4264 193
4265 195
4266 153
4267 169
4268 220
4269 167
4270 237
4271 118
4272 188
4273 157
4274 224
4275 174
4276 157
4277 213
4278 145
4279 161
4280 157
4281 178
4282 156
4283 211
4284 219
4285 148
4286 190
4287 198
4288 199
4289 178
4290 164
4291 177
4292 136
4293 187
4294 153
4295 207
4296 211
4297 177
4298 265
4299 177
4300 206
4301 134
4302 204
4303 162
4304 276
4305 181
4306 156
4307 234
4308 210
4309 153
4310 203
4311 172
4312 149
4313 193
4314 191
4315 188
4316 201
4317 196
4318 244
4319 216
4320 190
4321 178
4322 177
4323 182
4324 167
4325 178
4326 175
4327 152
4328 119
4329 157
4330 181
4331 237
4332 247
4333 209
4334 106
4335 196
4336 169
4337 192
4338 166
4339 123
4340 141
4341 164
4342 168
4343 241
4344 199
4345 226
4346 226
4347 252
4348 212
4349 147
4350 123
4351 142
4352 193
4353 293
4354 132
4355 152
4356 169
4357 165
4358 153
4359 185
4360 149
4361 154
4362 168
4363 149
4364 190
4365 221
4366 172
4367 137
4368 187
4369 180
4370 142
4371 138
4372 176
4373 185
4374 192
4375 159
4376 178
4377 169
4378 133
4379 185
4380 215
4381 239
4382 188
4383 162
4384 158
4385 216
4386 223
4387 214
4388 203
4389 164
4390 165
4391 173
4392 135
4393 153
4394 156
4395 152
4396 285
4397 230
4398 240
4399 226
4400 169
4401 195
4402 197
4403 164
4404 180
4405 185
4406 178
4407 161
4408 164
4409 189
4410 186
4411 251
4412 213
4413 178
4414 206
4415 189
4416 169
4417 146
4418 202
4419 207
4420 199
4421 162
4422 103
4423 211
4424 167
4425 180
4426 171
4427 182
4428 237
4429 180
4430 143
4431 255
4432 187
4433 159
4434 167
4435 127
4436 205
4437 201
4438 211
4439 162
4440 174
4441 164
4442 226
4443 198
4444 129
4445 164
4446 249
4447 228
4448 155
4449 154
4450 159
4451 231
4452 212
4453 181
4454 142
4455 168
4456 185
4457 170
4458 196
4459 137
4460 191
4461 187
4462 205
4463 180
4464 152
4465 191
4466 149
4467 205
4468 176
4469 185
4470 157
4471 173
4472 189
4473 210
4474 158
4475 120
4476 176
4477 257
4478 219
4479 251
4480 191
4481 100
4482 179
4483 188
4484 214
4485 196
4486 158
4487 151
4488 151
4489 208
4490 137
4491 142
4492 102
4493 191
4494 190
4495 181
4496 194
4497 195
4498 171
4499 186
4500 212
4501 199
4502 153
4503 168
4504 146
4505 225
4506 195
4507 180
4508 186
4509 120
4510 205
4511 186
4512 177
4513 235
4514 154
4515 141
4516 208
4517 183
4518 161
4519 101
4520 128
4521 202
4522 162
4523 150
4524 233
4525 192
4526 176
4527 160
4528 247
4529 206
4530 163
4531 179
4532 192
4533 140
4534 186
4535 222
4536 204
4537 154
4538 162
4539 223
4540 218
4541 210
4542 212
4543 195
4544 198
4545 202
4546 187
4547 193
4548 173
4549 166
4550 255
4551 113
4552 233
4553 145
4554 127
4555 211
4556 319
4557 159
4558 170
4559 50
4560 169
4561 206
4562 192
4563 228
4564 162
4565 158
4566 170
4567 209
4568 202
4569 196
4570 117
4571 187
4572 153
4573 250
4574 145
4575 176
4576 142
4577 200
4578 175
4579 183
4580 218
4581 246
4582 188
4583 184
4584 150
4585 225
4586 124
4587 154
4588 214
4589 181
4590 157
4591 170
4592 197
4593 187
4594 202
4595 154
4596 134
4597 127
4598 185
4599 159
4600 195
4601 216
4602 160
4603 130
4604 211
4605 182
4606 112
4607 217
4608 144
4609 160
4610 159
4611 198
4612 132
4613 187
4614 193
4615 162
4616 285
4617 132
4618 212
4619 135
4620 125
4621 238
4622 143
4623 202
4624 167
4625 217
4626 207
4627 233
4628 254
4629 178
4630 218
4631 198
4632 194
4633 176
4634 97
4635 195
4636 235
4637 185
4638 178
4639 175
4640 170
4641 186
4642 128
4643 193
4644 170
4645 130
4646 213
4647 226
4648 223
4649 213
4650 154
4651 159
4652 192
4653 146
4654 179
4655 158
4656 136
4657 164
4658 196
4659 207
4660 161
4661 214
4662 124
4663 143
4664 155
4665 178
4666 167
4667 174
4668 147
4669 188
4670 208
4671 198
4672 242
4673 107
4674 180
4675 157
4676 229
4677 176
4678 163
4679 200
4680 99
4681 230
4682 154
4683 183
4684 207
4685 181
4686 145
4687 192
4688 178
4689 192
4690 196
4691 198
4692 198
4693 156
4694 110
4695 245
4696 206
4697 198
4698 177
4699 164
4700 198
4701 120
4702 173
4703 198
4704 189
4705 179
4706 115
4707 155
4708 227
4709 203
4710 257
4711 177
4712 182
4713 175
4714 151
4715 137
4716 242
4717 105
4718 223
4719 79
4720 183
4721 176
4722 225
4723 210
4724 136
4725 176
4726 165
4727 162
4728 177
4729 185
4730 217
4731 193
4732 141
4733 246
4734 202
4735 255
4736 198
4737 123
4738 159
4739 185
4740 141
4741 187
4742 177
4743 96
4744 152
4745 252
4746 201
4747 207
4748 168
4749 171
4750 134
4751 253
4752 209
4753 135
4754 194
4755 106
4756 181
4757 226
4758 220
4759 173
4760 148
4761 159
4762 255
4763 178
4764 212
4765 253
4766 199
4767 184
4768 220
4769 168
4770 171
4771 137
4772 203
4773 159
4774 172
4775 207
4776 241
4777 207
4778 207
4779 205
4780 210
4781 226
4782 232
4783 197
4784 204
4785 205
4786 161
4787 206
4788 203
4789 147
4790 179
4791 154
4792 140
4793 176
4794 197
4795 227
4796 149
4797 183
4798 155
4799 128
4800 236
4801 209
4802 169
4803 179
4804 197
4805 160
4806 216
4807 175
4808 180
4809 151
4810 183
4811 198
4812 138
4813 221
4814 169
4815 257
4816 192
4817 177
4818 136
4819 112
4820 195
4821 191
4822 137
4823 190
4824 198
4825 165
4826 204
4827 214
4828 184
4829 119
4830 195
4831 171
4832 177
4833 207
4834 180
4835 149
4836 144
4837 156
4838 222
4839 149
4840 108
4841 194
4842 243
4843 197
4844 188
4845 172
4846 150
4847 169
4848 193
4849 124
4850 172
4851 193
4852 165
4853 127
4854 141
4855 235
4856 160
4857 249
4858 217
4859 217
4860 205
4861 202
4862 237
4863 157
4864 212
4865 159
4866 238
4867 66
4868 150
4869 205
4870 201
4871 120
4872 183
4873 197
4874 134
4875 125
4876 223
4877 163
4878 175
4879 188
4880 242
4881 201
4882 162
4883 127
4884 193
4885 221
4886 205
4887 174
4888 223
4889 178
4890 148
4891 212
4892 196
4893 197
4894 200
4895 258
4896 179
4897 206
4898 136
4899 238
4900 191
4901 215
4902 181
4903 176
4904 140
4905 183
4906 198
4907 172
4908 198
4909 197
4910 197
4911 142
4912 153
4913 214
4914 212
4915 214
4916 202
4917 143
4918 181
4919 174
4920 151
4921 146
4922 240
4923 204
4924 135
4925 178
4926 187
4927 220
4928 192
4929 251
4930 158
4931 138
4932 202
4933 200
4934 218
4935 152
4936 161
4937 168
4938 216
4939 233
4940 194
4941 143
4942 182
4943 243
4944 182
4945 228
4946 182
4947 202
4948 113
4949 254
4950 168
4951 177
4952 166
4953 205
4954 211
4955 163
4956 186
4957 159
4958 197
4959 176
4960 43
4961 152
4962 164
4963 164
4964 178
4965 202
4966 166
4967 246
4968 113
4969 107
4970 202
4971 116
4972 152
4973 265
4974 166
4975 180
4976 199
4977 194
4978 174
4979 183
4980 166
4981 156
4982 151
4983 176
4984 187
4985 136
4986 168
4987 177
4988 184
4989 230
4990 189
4991 175
4992 144
4993 289
4994 200
4995 156
4996 174
4997 163
4998 170
4999 129
5000 210
5001 232
5002 199
5003 189
5004 182
5005 250
5006 145
5007 237
5008 159
5009 138
5010 175
5011 130
5012 105
5013 256
5014 176
5015 163
5016 223
5017 185
5018 128
5019 218
5020 200
5021 168
5022 157
5023 210
5024 170
5025 151
5026 124
5027 128
5028 221
5029 231
5030 133
5031 223
5032 113
5033 211
5034 227
5035 163
5036 250
5037 195
5038 236
5039 196
5040 180
5041 238
5042 132
5043 199
5044 189
5045 194
5046 175
5047 111
5048 144
5049 155
5050 148
5051 219
5052 199
5053 169
5054 144
5055 230
5056 176
5057 214
5058 201
5059 174
5060 170
5061 114
5062 214
5063 233
5064 183
5065 138
5066 139
5067 203
5068 202
5069 188
5070 180
5071 286
5072 188
5073 171
5074 128
5075 219
5076 171
5077 189
5078 153
5079 176
5080 151
5081 173
5082 210
5083 176
5084 227
5085 183
5086 200
5087 194
5088 182
5089 230
5090 119
5091 215
5092 203
5093 165
5094 141
5095 190
5096 179
5097 217
5098 237
5099 126
5100 213
5101 129
5102 163
5103 217
5104 179
5105 200
5106 152
5107 163
5108 158
5109 182
5110 212
5111 213
5112 166
5113 183
5114 205
5115 109
5116 159
5117 210
5118 181
5119 173
5120 169
5121 114
5122 122
5123 204
5124 192
5125 196
5126 172
5127 219
5128 208
5129 183
5130 188
5131 113
5132 151
5133 148
5134 174
5135 233
5136 199
5137 194
5138 122
5139 152
5140 149
5141 199
5142 176
5143 186
5144 181
5145 151
5146 124
5147 152
5148 148
5149 214
5150 205
5151 159
5152 183
5153 249
5154 207
5155 208
5156 193
5157 176
5158 213
5159 140
5160 199
5161 189
5162 196
5163 195
5164 142
5165 210
5166 123
5167 229
5168 156
5169 208
5170 197
5171 221
5172 218
5173 137
5174 170
5175 181
5176 158
5177 142
5178 167
5179 187
5180 163
5181 169
5182 168
5183 163
5184 146
5185 228
5186 185
5187 78
5188 211
5189 185
5190 173
5191 151
5192 147
5193 139
5194 123
5195 265
5196 181
5197 222
5198 168
5199 170
5200 195
5201 179
5202 157
5203 183
5204 232
5205 171
5206 153
5207 177
5208 235
5209 185
5210 153
5211 187
5212 223
5213 194
5214 210
5215 175
5216 143
5217 144
5218 164
5219 213
5220 210
5221 190
5222 167
5223 176
5224 206
5225 191
5226 158
5227 285
5228 190
5229 226
5230 259
5231 179
5232 131
5233 245
5234 166
5235 214
5236 170
5237 199
5238 139
5239 186
5240 90
5241 182
5242 193
5243 174
5244 201
5245 219
5246 228
5247 147
5248 168
5249 225
5250 269
5251 194
5252 171
5253 204
5254 201
5255 136
5256 181
5257 201
5258 163
5259 178
5260 176
5261 230
5262 209
5263 197
5264 202
5265 174
5266 260
5267 209
5268 179
5269 191
5270 219
5271 213
5272 219
5273 163
5274 160
5275 166
5276 132
5277 192
5278 157
5279 185
5280 158
5281 152
5282 122
5283 218
5284 170
5285 177
5286 209
5287 187
5288 157
5289 232
5290 235
5291 215
5292 142
5293 199
5294 173
5295 159
5296 154
5297 172
5298 169
5299 204
5300 190
5301 167
5302 214
5303 231
5304 197
5305 281
5306 194
5307 188
5308 233
5309 166
5310 128
5311 213
5312 164
5313 185
5314 204
5315 207
5316 164
5317 142
5318 45
5319 191
5320 194
5321 185
5322 224
5323 114
5324 247
5325 203
5326 179
5327 179
5328 215
5329 112
5330 163
5331 187
5332 172
5333 226
5334 135
5335 184
5336 223
5337 188
5338 171
5339 200
5340 199
5341 138
5342 179
5343 107
5344 203
5345 159
5346 191
5347 227
5348 177
5349 190
5350 127
5351 160
5352 238
5353 137
5354 126
5355 152
5356 235
5357 122
5358 175
5359 177
5360 164
5361 178
5362 236
5363 165
5364 210
5365 218
5366 164
5367 160
5368 192
5369 226
5370 229
5371 159
5372 173
5373 194
5374 159
5375 191
5376 185
5377 215
5378 173
5379 184
5380 230
5381 243
5382 132
5383 166
5384 239
5385 189
5386 226
5387 124
5388 202
5389 194
5390 203
5391 137
5392 126
5393 213
5394 225
5395 204
5396 158
5397 202
5398 191
5399 266
5400 177
5401 181
5402 184
5403 241
5404 179
5405 143
5406 217
5407 203
5408 206
5409 202
5410 177
5411 212
5412 172
5413 182
5414 174
5415 182
5416 201
5417 182
5418 163
5419 181
5420 172
5421 248
5422 223
5423 128
5424 236
5425 202
5426 191
5427 246
5428 221
5429 177
5430 114
5431 156
5432 228
5433 218
5434 155
5435 131
5436 148
5437 140
5438 144
5439 182
5440 216
5441 193
5442 145
5443 306
5444 206
5445 194
5446 150
5447 218
5448 145
5449 190
5450 155
5451 206
5452 181
5453 180
5454 187
5455 141
5456 156
5457 168
5458 125
5459 159
5460 164
5461 133
5462 184
5463 201
5464 146
5465 195
5466 175
5467 206
5468 233
5469 206
5470 201
5471 153
5472 178
5473 145
5474 163
5475 198
5476 175
5477 163
5478 295
5479 136
5480 164
5481 197
5482 175
5483 197
5484 115
5485 212
5486 164
5487 198
5488 177
5489 118
5490 199
5491 217
5492 145
5493 253
5494 210
5495 116
5496 114
5497 233
5498 200
5499 190
5500 232
5501 97
5502 213
5503 157
5504 195
5505 159
5506 173
5507 183
5508 200
5509 165
5510 197
5511 132
5512 171
5513 158
5514 181
5515 183
5516 184
5517 170
5518 179
5519 163
5520 189
5521 255
5522 111
5523 181
5524 202
5525 105
5526 177
5527 188
5528 201
5529 147
5530 260
5531 164
5532 220
5533 204
5534 178
5535 203
5536 239
5537 161
5538 196
5539 277
5540 189
5541 119
5542 155
5543 153
5544 205
5545 216
5546 224
5547 185
5548 233
5549 9
5550 162
5551 161
5552 246
5553 193
5554 234
5555 153
5556 107
5557 157
5558 186
5559 162
5560 205
5561 176
5562 223
5563 131
5564 193
5565 132
5566 236
5567 196
5568 155
5569 233
5570 160
5571 159
5572 180
5573 174
5574 166
5575 152
5576 190
5577 197
5578 148
5579 179
5580 80
5581 192
5582 194
5583 137
5584 177
5585 119
5586 198
5587 168
5588 211
5589 154
5590 193
5591 216
5592 173
5593 200
5594 208
5595 178
5596 154
5597 212
5598 241
5599 115
5600 176
5601 165
5602 158
5603 198
5604 213
5605 202
5606 219
5607 273
5608 227
5609 150
5610 182
5611 152
5612 249
5613 152
5614 179
5615 193
5616 179
5617 172
5618 185
5619 183
5620 220
5621 170
5622 174
5623 214
5624 184
5625 196
5626 221
5627 188
5628 206
5629 140
5630 181
5631 142
5632 198
5633 219
5634 191
5635 196
5636 188
5637 214
5638 154
5639 208
5640 185
5641 191
5642 196
5643 174
5644 154
5645 247
5646 160
5647 191
5648 169
5649 186
5650 268
5651 235
5652 189
5653 183
5654 170
5655 178
5656 127
5657 199
5658 230
5659 176
5660 219
5661 208
5662 219
5663 199
5664 222
5665 210
5666 119
5667 211
5668 231
5669 184
5670 239
5671 164
5672 142
5673 161
5674 184
5675 218
5676 202
5677 202
5678 192
5679 178
5680 135
5681 201
5682 177
5683 204
5684 215
5685 154
5686 191
5687 229
5688 221
5689 179
5690 144
5691 185
5692 221
5693 149
5694 215
5695 192
5696 176
5697 155
5698 101
5699 181
5700 157
5701 176
5702 238
5703 157
5704 174
5705 209
5706 192
5707 213
5708 230
5709 196
5710 227
5711 174
5712 183
5713 140
5714 148
5715 190
5716 160
5717 184
5718 209
5719 105
5720 214
5721 190
5722 202
5723 194
5724 226
5725 43
5726 177
5727 130
5728 168
5729 224
5730 250
5731 180
5732 112
5733 162
5734 201
5735 188
5736 209
5737 149
5738 169
5739 300
5740 137
5741 159
5742 336
5743 110
5744 191
5745 137
5746 217
5747 156
5748 192
5749 126
5750 189
5751 206
5752 185
5753 188
5754 220
5755 166
5756 195
5757 218
5758 147
5759 162
5760 165
5761 218
5762 168
5763 164
5764 180
5765 187
5766 174
5767 192
5768 173
5769 216
5770 184
5771 166
5772 185
5773 186
5774 71
5775 209
5776 177
5777 172
5778 177
5779 124
5780 131
5781 135
5782 198
5783 181
5784 240
5785 215
5786 197
5787 155
5788 246
5789 208
5790 199
5791 232
5792 207
5793 195
5794 206
5795 225
5796 211
5797 97
5798 197
5799 203
5800 179
5801 149
5802 215
5803 201
5804 206
5805 181
5806 154
5807 167
5808 162
5809 191
5810 222
5811 172
5812 202
5813 197
5814 163
5815 185
5816 192
5817 137
5818 197
5819 201
5820 159
5821 211
5822 165
5823 230
5824 226
5825 119
5826 165
5827 181
5828 156
5829 208
5830 147
5831 124
5832 227
5833 214
5834 212
5835 178
5836 177
5837 232
5838 167
5839 176
5840 199
5841 140
5842 199
5843 198
5844 211
5845 227
5846 153
5847 156
5848 183
5849 154
5850 169
5851 237
5852 155
5853 120
5854 144
5855 169
5856 167
5857 129
5858 130
5859 295
5860 185
5861 186
5862 158
5863 197
5864 179
5865 197
5866 109
5867 202
5868 192
5869 188
5870 237
5871 199
5872 201
5873 139
5874 167
5875 160
5876 201
5877 164
5878 136
5879 249
5880 144
5881 206
5882 170
5883 127
5884 300
5885 184
5886 198
5887 259
5888 168
5889 171
5890 183
5891 233
5892 175
5893 158
5894 175
5895 216
5896 121
5897 166
5898 234
5899 163
5900 200
5901 168
5902 192
5903 192
5904 157
5905 193
5906 193
5907 190
5908 177
5909 191
5910 145
5911 222
5912 112
5913 176
5914 219
5915 180
5916 227
5917 222
5918 85
5919 143
5920 248
5921 199
5922 139
5923 149
5924 185
5925 125
5926 230
5927 206
5928 201
5929 214
5930 131
5931 204
5932 219
5933 186
5934 177
5935 218
5936 242
5937 95
5938 167
5939 183
5940 64
5941 190
5942 217
5943 221
5944 139
5945 185
5946 198
5947 136
5948 173
5949 221
5950 191
5951 238
5952 210
5953 153
5954 180
5955 201
5956 170
5957 206
5958 167
5959 169
5960 126
5961 130
5962 170
5963 185
5964 188
5965 187
5966 180
5967 181
5968 202
5969 134
5970 171
5971 209
5972 234
5973 168
5974 197
5975 181
5976 124
5977 147
5978 167
5979 249
5980 265
5981 236
5982 192
5983 185
5984 146
5985 196
5986 159
5987 130
5988 225
5989 201
5990 200
5991 157
5992 191
5993 177
5994 176
5995 153
5996 111
5997 215
5998 199
5999 183
6000 155
6001 208
6002 213
6003 148
6004 109
6005 172
6006 181
6007 132
6008 181
6009 172
6010 168
6011 99
6012 139
6013 152
6014 148
6015 207
6016 193
6017 220
6018 177
6019 177
6020 175
6021 210
6022 212
6023 224
6024 169
6025 186
6026 176
6027 204
6028 200
6029 157
6030 330
6031 168
6032 143
6033 165
6034 162
6035 130
6036 169
6037 129
6038 176
6039 114
6040 226
6041 164
6042 216
6043 125
6044 170
6045 159
6046 165
6047 198
6048 201
6049 178
6050 193
6051 191
6052 176
6053 190
6054 175
6055 174
6056 214
6057 212
6058 158
6059 156
6060 121
6061 205
6062 112
6063 169
6064 155
6065 188
6066 250
6067 133
6068 189
6069 240
6070 180
6071 132
6072 152
6073 185
6074 173
6075 210
6076 210
6077 156
6078 181
6079 180
6080 159
6081 195
6082 210
6083 168
6084 186
6085 179
6086 277
6087 211
6088 217
6089 174
6090 168
6091 191
6092 231
6093 224
6094 178
6095 163
6096 240
6097 189
6098 215
6099 189
6100 124
6101 316
6102 209
6103 229
6104 247
6105 162
6106 149
6107 191
6108 193
6109 190
6110 251
6111 224
6112 256
6113 143
6114 219
6115 218
6116 163
6117 189
6118 183
6119 210
6120 239
6121 158
6122 168
6123 199
6124 189
6125 194
6126 192
6127 201
6128 122
6129 187
6130 153
6131 170
6132 129
6133 155
6134 109
6135 138
6136 179
6137 165
6138 195
6139 123
6140 212
6141 125
6142 203
6143 172
6144 140
6145 139
6146 203
6147 179
6148 160
6149 216
6150 175
6151 165
6152 146
6153 234
6154 193
6155 145
6156 163
6157 180
6158 190
6159 179
6160 207
6161 200
6162 174
6163 184
6164 176
6165 167
6166 135
6167 128
6168 200
6169 123
6170 158
6171 214
6172 176
6173 105
6174 226
6175 177
6176 134
6177 171
6178 202
6179 208
6180 165
6181 175
6182 183
6183 195
6184 128
6185 171
6186 189
6187 127
6188 148
6189 185
6190 149
6191 148
6192 150
6193 187
6194 156
6195 194
6196 217
6197 202
6198 192
6199 216
6200 219
6201 237
6202 170
6203 186
6204 209
6205 182
6206 149
6207 249
6208 169
6209 79
6210 206
6211 154
6212 199
6213 262
6214 160
6215 149
6216 157
6217 152
6218 213
6219 233
6220 192
6221 200
6222 263
6223 256
6224 168
6225 153
6226 164
6227 110
6228 237
6229 139
6230 141
6231 223
6232 218
6233 184
6234 231
6235 187
6236 181
6237 121
6238 106
6239 184
6240 197
6241 266
6242 232
6243 130
6244 233
6245 232
6246 214
6247 158
6248 169
6249 200
6250 195
6251 178
6252 90
6253 112
6254 207
6255 173
6256 191
6257 174
6258 203
6259 174
6260 201
6261 202
6262 156
6263 153
6264 124
6265 203
6266 202
6267 148
6268 201
6269 204
6270 173
6271 212
6272 185
6273 185
6274 162
6275 183
6276 203
6277 199
6278 133
6279 176
6280 246
6281 178
6282 250
6283 214
6284 149
6285 156
6286 198
6287 201
6288 137
6289 198
6290 179
6291 110
6292 233
6293 201
6294 127
6295 193
6296 201
6297 214
6298 161
6299 164
6300 197
6301 171
6302 182
6303 200
6304 138
6305 178
6306 122
6307 202
6308 204
6309 143
6310 149
6311 172
6312 204
6313 189
6314 139
6315 125
6316 162
6317 184
6318 130
6319 158
6320 160
6321 180
6322 116
6323 175
6324 209
6325 279
6326 248
6327 215
6328 165
6329 213
6330 182
6331 182
6332 208
6333 211
6334 147
6335 166
6336 234
6337 165
6338 189
6339 158
6340 144
6341 221
6342 153
6343 175
6344 179
6345 167
6346 178
6347 161
6348 150
6349 143
6350 170
6351 169
6352 187
6353 182
6354 212
6355 242
6356 219
6357 162
6358 151
6359 203
6360 160
6361 173
6362 195
6363 197
6364 137
6365 175
6366 133
6367 222
6368 190
6369 160
6370 197
6371 202
6372 164
6373 177
6374 205
6375 214
6376 183
6377 169
6378 150
6379 208
6380 215
6381 180
6382 181
6383 221
6384 235
6385 218
6386 105
6387 189
6388 236
6389 177
6390 123
6391 190
6392 252
6393 198
6394 201
6395 197
6396 128
6397 172
6398 120
6399 211
6400 203
6401 199
6402 177
6403 175
6404 175
6405 193
6406 252
6407 190
6408 214
6409 237
6410 172
6411 182
6412 139
6413 222
6414 152
6415 206
6416 203
6417 198
6418 202
6419 169
6420 190
6421 209
6422 179
6423 188
6424 262
6425 307
6426 233
6427 117
6428 160
6429 184
6430 200
6431 181
6432 182
6433 224
6434 168
6435 221
6436 121
6437 178
6438 195
6439 201
6440 170
6441 159
6442 90
6443 136
6444 189
6445 196
6446 188
6447 169
6448 127
6449 145
6450 223
6451 173
6452 272
6453 185
6454 169
6455 105
6456 232
6457 174
6458 209
6459 178
6460 168
6461 163
6462 204
6463 127
6464 198
6465 179
6466 124
6467 115
6468 173
6469 174
6470 197
6471 156
6472 182
6473 189
6474 183
6475 155
6476 200
6477 141
6478 177
6479 177
6480 171
6481 133
6482 157
6483 201
6484 162
6485 173
6486 204
6487 154
6488 207
6489 208
6490 128
6491 214
6492 187
6493 234
6494 194
6495 196
6496 195
6497 166
6498 255
6499 168
6500 157
6501 167
6502 171
6503 158
6504 197
6505 219
6506 176
6507 155
6508 199
6509 173
6510 169
6511 223
6512 176
6513 183
6514 123
6515 172
6516 224
6517 186
6518 195
6519 185
6520 245
6521 153
6522 169
6523 224
6524 246
6525 223
6526 180
6527 209
6528 196
6529 94
6530 234
6531 113
6532 194
6533 194
6534 217
6535 189
6536 191
6537 223
6538 169
6539 177
6540 94
6541 177
6542 215
6543 172
6544 55
6545 265
6546 150
6547 196
6548 213
6549 181
6550 203
6551 160
6552 189
6553 226
6554 185
6555 196
6556 199
6557 184
6558 230
6559 179
6560 223
6561 115
6562 260
6563 149
6564 280
6565 88
6566 150
6567 244
6568 96
6569 310
6570 196
6571 165
6572 210
6573 216
6574 175
6575 208
6576 78
6577 168
6578 260
6579 218
6580 205
6581 169
6582 145
6583 146
6584 188
6585 126
6586 290
6587 229
6588 179
6589 194
6590 198
6591 229
6592 195
6593 172
6594 108
6595 173
6596 238
6597 186
6598 116
6599 203
6600 180
6601 189
6602 246
6603 230
6604 219
6605 170
6606 162
6607 184
6608 182
6609 234
6610 129
6611 187
6612 173
6613 189
6614 189
6615 176
6616 192
6617 160
6618 213
6619 177
6620 173
6621 208
6622 159
6623 228
6624 206
6625 165
6626 208
6627 218
6628 181
6629 145
6630 206
6631 141
6632 67
6633 238
6634 162
6635 216
6636 154
6637 161
6638 205
6639 219
6640 205
6641 226
6642 134
6643 137
6644 188
6645 133
6646 105
6647 200
6648 226
6649 233
6650 179
6651 205
6652 242
6653 175
6654 186
6655 202
6656 172
6657 157
6658 181
6659 185
6660 227
6661 136
6662 180
6663 174
6664 140
6665 199
6666 198
6667 236
6668 168
6669 118
6670 177
6671 169
6672 213
6673 194
6674 194
6675 217
6676 221
6677 116
6678 189
6679 150
6680 191
6681 246
6682 175
6683 176
6684 191
6685 174
6686 202
6687 70
6688 255
6689 229
6690 181
6691 184
6692 128
6693 103
6694 174
6695 139
6696 207
6697 158
6698 133
6699 184
6700 194
6701 77
6702 166
6703 196
6704 218
6705 207
6706 166
6707 193
6708 184
6709 209
6710 193
6711 121
6712 270
6713 177
6714 175
6715 155
6716 100
6717 201
6718 217
6719 184
6720 100
6721 182
6722 239
6723 171
6724 243
6725 132
6726 193
6727 255
6728 205
6729 169
6730 204
6731 202
6732 165
6733 161
6734 184
6735 192
6736 174
6737 151
6738 225
6739 186
6740 182
6741 216
6742 180
6743 194
6744 190
6745 212
6746 206
6747 134
6748 142
6749 175
6750 200
6751 89
6752 141
6753 174
6754 213
6755 232
6756 190
6757 193
6758 135
6759 219
6760 172
6761 196
6762 149
6763 150
6764 208
6765 109
6766 190
6767 195
6768 218
6769 151
6770 157
6771 203
6772 243
6773 196
6774 172
6775 117
6776 243
6777 175
6778 169
6779 118
6780 153
6781 203
6782 225
6783 152
6784 180
6785 226
6786 237
6787 182
6788 106
6789 152
6790 165
6791 213
6792 132
6793 193
6794 106
6795 199
6796 245
6797 91
6798 198
6799 178
6800 203
6801 164
6802 174
6803 221
6804 177
6805 184
6806 216
6807 194
6808 170
6809 116
6810 178
6811 90
6812 187
6813 151
6814 251
6815 86
6816 180
6817 151
6818 168
6819 162
6820 163
6821 186
6822 232
6823 176
6824 235
6825 181
6826 154
6827 216
6828 162
6829 172
6830 291
6831 182
6832 209
6833 151
6834 179
6835 177
6836 174
6837 202
6838 184
6839 137
6840 158
6841 161
6842 134
6843 178
6844 132
6845 195
6846 180
6847 202
6848 218
6849 179
6850 176
6851 190
6852 267
6853 243
6854 173
6855 190
6856 172
6857 195
6858 199
6859 160
6860 185
6861 177
6862 174
6863 211
6864 174
6865 226
6866 203
6867 259
6868 216
6869 251
6870 177
6871 203
6872 212
6873 160
6874 204
6875 206
6876 232
6877 169
6878 158
6879 181
6880 184
6881 259
6882 149
6883 170
6884 176
6885 161
6886 140
6887 233
6888 205
6889 121
6890 108
6891 189
6892 166
6893 197
6894 207
6895 166
6896 216
6897 102
6898 207
6899 200
6900 192
6901 181
6902 259
6903 113
6904 193
6905 203
6906 214
6907 169
6908 192
6909 173
6910 184
6911 175
6912 159
6913 173
6914 201
6915 159
6916 154
6917 195
6918 172
6919 173
6920 126
6921 189
6922 166
6923 154
6924 221
6925 191
6926 193
6927 203
6928 196
6929 134
6930 153
6931 193
6932 158
6933 156
6934 80
6935 167
6936 183
6937 192
6938 126
6939 142
6940 240
6941 179
6942 210
6943 233
6944 181
6945 172
6946 251
6947 166
6948 167
6949 195
6950 268
6951 196
6952 142
6953 157
6954 182
6955 206
6956 223
6957 209
6958 122
6959 164
6960 134
6961 224
6962 183
6963 181
6964 183
6965 174
6966 185
6967 228
6968 169
6969 222
6970 194
6971 180
6972 201
6973 120
6974 191
6975 196
6976 148
6977 174
6978 184
6979 178
6980 168
6981 236
6982 237
6983 216
6984 161
6985 142
6986 189
6987 180
6988 1
6989 179
6990 164
6991 176
6992 167
6993 225
6994 250
6995 213
6996 177
6997 169
6998 119
6999 246
7000 151
7001 151
7002 203
7003 156
7004 172
7005 217
7006 116
7007 192
7008 147
7009 158
7010 164
7011 272
7012 185
7013 188
7014 139
7015 208
7016 148
7017 183
7018 162
7019 218
7020 200
7021 165
7022 221
7023 223
7024 156
7025 200
7026 200
7027 118
7028 179
7029 175
7030 190
7031 212
7032 236
7033 225
7034 250
7035 170
7036 176
7037 181
7038 155
7039 220
7040 179
7041 195
7042 187
7043 80
7044 223
7045 194
7046 142
7047 131
7048 142
7049 203
7050 154
7051 223
7052 199
7053 258
7054 158
7055 101
7056 132
7057 221
7058 167
7059 178
7060 182
7061 131
7062 174
7063 181
7064 160
7065 199
7066 139
7067 185
7068 177
7069 185
7070 168
7071 135
7072 153
7073 213
7074 172
7075 113
7076 131
7077 166
7078 165
7079 196
7080 182
7081 237
7082 168
7083 201
7084 105
7085 213
7086 180
7087 220
7088 199
7089 226
7090 181
7091 77
7092 175
7093 190
7094 206
7095 157
7096 152
7097 145
7098 153
7099 163
7100 200
7101 183
7102 199
7103 231
7104 186
7105 143
7106 172
7107 252
7108 172
7109 169
7110 198
7111 200
7112 181
7113 211
7114 135
7115 175
7116 124
7117 163
7118 235
7119 149
7120 239
7121 197
7122 174
7123 137
7124 177
7125 196
7126 174
7127 169
7128 175
7129 164
7130 182
7131 212
7132 191
7133 214
7134 190
7135 207
7136 191
7137 206
7138 190
7139 226
7140 97
7141 215
7142 152
7143 217
7144 171
7145 164
7146 226
7147 153
7148 167
7149 199
7150 166
7151 137
7152 187
7153 193
7154 170
7155 97
7156 145
7157 108
7158 185
7159 166
7160 136
7161 181
7162 172
7163 175
7164 216
7165 207
7166 168
7167 139
7168 212
7169 228
7170 249
7171 173
7172 189
7173 133
7174 186
7175 181
7176 232
7177 184
7178 209
7179 160
7180 179
7181 194
7182 158
7183 172
7184 169
7185 142
7186 190
7187 125
7188 172
7189 212
7190 156
7191 232
7192 150
7193 189
7194 172
7195 213
7196 169
7197 178
7198 206
7199 126
7200 226
7201 220
7202 98
7203 198
7204 104
7205 177
7206 151
7207 132
7208 157
7209 189
7210 154
7211 225
7212 155
7213 165
7214 148
7215 230
7216 160
7217 243
7218 200
7219 186
7220 167
7221 171
7222 185
7223 178
7224 225
7225 199
7226 139
7227 122
7228 146
7229 191
7230 189
7231 167
7232 141
7233 255
7234 190
7235 185
7236 280
7237 166
7238 223
7239 156
7240 215
7241 253
7242 229
7243 218
7244 119
7245 208
7246 201
7247 227
7248 194
7249 169
7250 185
7251 196
7252 143
7253 207
7254 192
7255 234
7256 160
7257 129
7258 165
7259 265
7260 181
7261 230
7262 198
7263 231
7264 157
7265 176
7266 152
7267 194
7268 143
7269 170
7270 169
7271 217
7272 191
7273 213
7274 145
7275 181
7276 186
7277 145
7278 179
7279 238
7280 149
7281 143
7282 167
7283 149
7284 155
7285 160
7286 167
7287 100
7288 119
7289 150
7290 189
7291 165
7292 158
7293 90
7294 195
7295 284
7296 132
7297 182
7298 237
7299 256
7300 123
7301 186
7302 168
7303 247
7304 169
7305 200
7306 188
7307 189
7308 151
7309 175
7310 195
7311 196
7312 205
7313 177
7314 188
7315 172
7316 104
7317 190
7318 170
7319 171
7320 191
7321 167
7322 223
7323 212
7324 190
7325 117
7326 204
7327 200
7328 155
7329 196
7330 107
7331 154
7332 186
7333 184
7334 199
7335 190
7336 184
7337 148
7338 222
7339 158
7340 202
7341 212
7342 264
7343 234
7344 149
7345 181
7346 223
7347 197
7348 199
7349 213
7350 209
7351 237
7352 21
7353 159
7354 156
7355 219
7356 201
7357 160
7358 79
7359 200
7360 221
7361 106
7362 199
7363 202
7364 138
7365 192
7366 166
7367 166
7368 252
7369 186
7370 175
7371 211
7372 173
7373 168
7374 103
7375 189
7376 266
7377 193
7378 186
7379 148
7380 197
7381 131
7382 334
7383 150
7384 183
7385 87
7386 263
7387 200
7388 179
7389 122
7390 221
7391 193
7392 127
7393 194
7394 193
7395 196
7396 135
7397 204
7398 136
7399 121
7400 141
7401 181
7402 223
7403 223
7404 151
7405 192
7406 213
7407 206
7408 164
7409 186
7410 203
7411 153
7412 230
7413 232
7414 198
7415 155
7416 200
7417 203
7418 184
7419 227
7420 129
7421 130
7422 153
7423 162
7424 162
7425 169
7426 157
7427 223
7428 188
7429 151
7430 201
7431 207
7432 204
7433 150
7434 205
7435 216
7436 191
7437 237
7438 199
7439 171
7440 223
7441 188
7442 189
7443 147
7444 110
7445 112
7446 165
7447 184
7448 200
7449 170
7450 176
7451 153
7452 196
7453 178
7454 160
7455 178
7456 151
7457 169
7458 191
7459 212
7460 176
7461 168
7462 197
7463 187
7464 213
7465 196
7466 167
7467 199
7468 179
7469 188
7470 155
7471 57
7472 183
7473 208
7474 189
7475 167
7476 244
7477 178
7478 204
7479 115
7480 220
7481 169
7482 242
7483 186
7484 162
7485 162
7486 155
7487 187
7488 172
7489 192
7490 126
7491 194
7492 186
7493 169
7494 164
7495 209
7496 194
7497 203
7498 187
7499 156
7500 164
7501 146
7502 70
7503 195
7504 213
7505 240
7506 224
7507 206
7508 188
7509 207
7510 159
7511 197
7512 139
7513 232
7514 174
7515 191
7516 164
7517 135
7518 166
7519 203
7520 191
7521 217
7522 168
7523 134
7524 255
7525 164
7526 151
7527 171
7528 136
7529 154
7530 234
7531 182
7532 174
7533 211
7534 163
7535 153
7536 168
7537 137
7538 131
7539 201
7540 172
7541 179
7542 240
7543 185
7544 251
7545 179
7546 157
7547 207
7548 222
7549 185
7550 193
7551 167
7552 179
7553 162
7554 167
7555 222
7556 149
7557 153
7558 207
7559 223
7560 147
7561 158
7562 79
7563 198
7564 201
7565 182
7566 190
7567 178
7568 128
7569 199
7570 154
7571 199
7572 164
7573 162
7574 172
7575 225
7576 209
7577 151
7578 208
7579 175
7580 165
7581 153
7582 288
7583 192
7584 217
7585 188
7586 152
7587 129
7588 170
7589 161
7590 171
7591 237
7592 223
7593 182
7594 210
7595 175
7596 193
7597 147
7598 282
7599 215
7600 160
7601 151
7602 81
7603 212
7604 199
7605 146
7606 88
7607 254
7608 223
7609 186
7610 180
7611 250
7612 186
7613 178
7614 158
7615 104
7616 202
7617 139
7618 146
7619 156
7620 173
7621 230
7622 183
7623 210
7624 201
7625 193
7626 221
7627 209
7628 201
7629 170
7630 199
7631 226
7632 189
7633 206
7634 189
7635 207
7636 229
7637 184
7638 154
7639 222
7640 217
7641 157
7642 197
7643 223
7644 204
7645 167
7646 209
7647 192
7648 209
7649 223
7650 184
7651 152
7652 188
7653 131
7654 177
7655 160
7656 150
7657 165
7658 187
7659 232
7660 189
7661 127
7662 134
7663 72
7664 187
7665 202
7666 200
7667 166
7668 216
7669 198
7670 164
7671 281
7672 172
7673 201
7674 151
7675 218
7676 176
7677 201
7678 221
7679 202
7680 159
7681 204
7682 161
7683 171
7684 185
7685 162
7686 169
7687 227
7688 176
7689 152
7690 104
7691 182
7692 208
7693 216
7694 212
7695 204
7696 170
7697 139
7698 211
7699 138
7700 193
7701 273
7702 253
7703 227
7704 135
7705 176
7706 209
7707 171
7708 196
7709 124
7710 202
7711 109
7712 210
7713 144
7714 112
7715 170
7716 166
7717 196
7718 169
7719 195
7720 209
7721 202
7722 197
7723 174
7724 209
7725 257
7726 173
7727 170
7728 270
7729 153
7730 174
7731 120
7732 169
7733 200
7734 188
7735 157
7736 156
7737 149
7738 180
7739 146
7740 208
7741 197
7742 242
7743 209
7744 165
7745 174
7746 205
7747 207
7748 176
7749 181
7750 230
7751 180
7752 200
7753 145
7754 235
7755 106
7756 192
7757 162
7758 198
7759 232
7760 200
7761 78
7762 190
7763 166
7764 183
7765 111
7766 158
7767 169
7768 218
7769 238
7770 179
7771 176
7772 158
7773 151
7774 91
7775 253
7776 153
7777 218
7778 197
7779 158
7780 271
7781 189
7782 186
7783 103
7784 117
7785 198
7786 182
7787 172
7788 167
7789 201
7790 159
7791 198
7792 164
7793 222
7794 200
7795 168
7796 190
7797 191
7798 114
7799 140
7800 164
7801 182
7802 122
7803 165
7804 207
7805 182
7806 166
7807 234
7808 188
7809 221
7810 190
7811 143
7812 182
7813 178
7814 202
7815 215
7816 202
7817 233
7818 176
7819 150
7820 227
7821 174
7822 167
7823 151
7824 206
7825 132
7826 184
7827 153
7828 219
7829 150
7830 177
7831 157
7832 179
7833 164
7834 226
7835 168
7836 236
7837 116
7838 169
7839 177
7840 201
7841 221
7842 134
7843 141
7844 227
7845 176
7846 181
7847 201
7848 235
7849 222
7850 171
7851 185
7852 206
7853 222
7854 164
7855 178
7856 166
7857 185
7858 157
7859 219
7860 84
7861 184
7862 157
7863 175
7864 177
7865 205
7866 132
7867 192
7868 217
7869 124
7870 135
7871 202
7872 201
7873 203
7874 170
7875 172
7876 101
7877 202
7878 190
7879 186
7880 159
7881 200
7882 216
7883 227
7884 154
7885 184
7886 182
7887 211
7888 166
7889 201
7890 215
7891 214
7892 178
7893 222
7894 166
7895 192
7896 199
7897 208
7898 188
7899 193
7900 133
7901 213
7902 137
7903 183
7904 229
7905 200
7906 178
7907 205
7908 151
7909 190
7910 155
7911 198
7912 86
7913 149
7914 202
7915 202
7916 192
7917 245
7918 164
7919 133
7920 222
7921 158
7922 172
7923 193
7924 187
7925 133
7926 181
7927 195
7928 167
7929 113
7930 88
7931 169
7932 208
7933 206
7934 172
7935 204
7936 186
7937 162
7938 228
7939 204
7940 241
7941 159
7942 133
7943 126
7944 162
7945 165
7946 211
7947 170
7948 160
7949 142
7950 132
7951 126
7952 77
7953 183
7954 200
7955 267
7956 169
7957 189
7958 141
7959 221
7960 192
7961 156
7962 224
7963 213
7964 157
7965 126
7966 228
7967 191
7968 166
7969 191
7970 185
7971 228
7972 176
7973 104
7974 211
7975 136
7976 147
7977 134
7978 167
7979 203
7980 219
7981 201
7982 221
7983 164
7984 166
7985 185
7986 124
7987 216
7988 158
7989 190
7990 146
7991 148
7992 253
7993 254
7994 154
7995 184
7996 173
7997 193
7998 193
7999 177
8000 184
8001 271
8002 152
8003 197
8004 149
8005 208
8006 174
8007 138
8008 207
8009 137
8010 82
8011 215
8012 192
8013 181
8014 177
8015 194
8016 206
8017 188
8018 181
8019 193
8020 167
8021 115
8022 159
8023 198
8024 183
8025 172
8026 196
8027 201
8028 205
8029 173
8030 140
8031 127
8032 242
8033 204
8034 211
8035 179
8036 172
8037 126
8038 142
8039 160
8040 222
8041 115
8042 170
8043 189
8044 218
8045 171
8046 225
8047 147
8048 206
8049 178
8050 122
8051 186
8052 156
8053 176
8054 228
8055 155
8056 167
8057 178
8058 194
8059 156
8060 197
8061 177
8062 170
8063 163
8064 228
8065 132
8066 157
8067 172
8068 144
8069 184
8070 222
8071 154
8072 193
8073 116
8074 132
8075 197
8076 167
8077 190
8078 234
8079 198
8080 268
8081 169
8082 158
8083 188
8084 168
8085 132
8086 167
8087 200
8088 208
8089 171
8090 194
8091 171
8092 199
8093 240
8094 101
8095 221
8096 200
8097 165
8098 136
8099 161
8100 199
8101 206
8102 188
8103 211
8104 166
8105 159
8106 231
8107 188
8108 217
8109 213
8110 191
8111 194
8112 207
8113 184
8114 146
8115 101
8116 183
8117 156
8118 192
8119 220
8120 148
8121 165
8122 188
8123 215
8124 226
8125 156
8126 192
8127 254
8128 232
8129 154
8130 195
8131 174
8132 149
8133 205
8134 210
8135 143
8136 192
8137 146
8138 205
8139 167
8140 195
8141 176
8142 206
8143 200
8144 177
8145 225
8146 264
8147 350
8148 271
8149 174
8150 174
8151 188
8152 228
8153 165
8154 175
8155 199
8156 152
8157 169
8158 182
8159 195
8160 186
8161 171
8162 122
8163 174
8164 190
8165 227
8166 177
8167 153
8168 155
8169 189
8170 152
8171 133
8172 135
8173 195
8174 167
8175 176
8176 217
8177 148
8178 159
8179 212
8180 207
8181 201
8182 196
8183 171
8184 163
8185 217
8186 229
8187 238
8188 165
8189 158
8190 193
8191 186
8192 194
8193 160
8194 135
8195 115
8196 152
8197 199
8198 187
8199 227
8200 142
8201 179
8202 191
8203 123
8204 257
8205 182
8206 190
8207 207
8208 213
8209 199
8210 192
8211 196
8212 192
8213 224
8214 164
8215 237
8216 159
8217 181
8218 205
8219 207
8220 175
8221 186
8222 209
8223 124
8224 177
8225 100
8226 121
8227 134
8228 193
8229 136
8230 192
8231 168
8232 180
8233 258
8234 142
8235 195
8236 177
8237 187
8238 193
8239 144
8240 173
8241 205
8242 121
8243 169
8244 181
8245 156
8246 301
8247 196
8248 173
8249 168
8250 207
8251 202
8252 193
8253 181
8254 252
8255 172
8256 244
8257 122
8258 202
8259 129
8260 223
8261 163
8262 128
8263 181
8264 199
8265 205
8266 161
8267 186
8268 220
8269 243
8270 186
8271 178
8272 141
8273 162
8274 161
8275 193
8276 187
8277 114
8278 190
8279 199
8280 166
8281 230
8282 207
8283 124
8284 155
8285 199
8286 162
8287 180
8288 144
8289 249
8290 82
8291 172
8292 156
8293 168
8294 161
8295 209
8296 203
8297 162
8298 195
8299 152
8300 215
8301 168
8302 171
8303 223
8304 206
8305 227
8306 170
8307 162
8308 210
8309 197
8310 250
8311 198
8312 215
8313 174
8314 177
8315 197
8316 225
8317 232
8318 142
8319 136
8320 157
8321 149
8322 143
8323 223
8324 274
8325 204
8326 177
8327 195
8328 125
8329 188
8330 181
8331 191
8332 199
8333 168
8334 185
8335 190
8336 208
8337 318
8338 182
8339 185
8340 92
8341 211
8342 188
8343 165
8344 168
8345 144
8346 231
8347 163
8348 194
8349 203
8350 208
8351 207
8352 176
8353 227
8354 198
8355 124
8356 218
8357 191
8358 128
8359 164
8360 178
8361 138
8362 168
8363 93
8364 167
8365 212
8366 233
8367 202
8368 132
8369 190
8370 130
8371 154
8372 185
8373 140
8374 146
8375 187
8376 193
8377 170
8378 152
8379 207
8380 204
8381 183
8382 196
8383 146
8384 97
8385 220
8386 181
8387 50
8388 206
8389 187
8390 192
8391 150
8392 161
8393 222
8394 192
8395 159
8396 249
8397 149
8398 185
8399 170
8400 182
8401 189
8402 179
8403 223
8404 179
8405 181
8406 188
8407 148
8408 198
8409 163
8410 186
8411 161
8412 187
8413 170
8414 148
8415 229
8416 174
8417 264
8418 138
8419 149
8420 171
8421 206
8422 169
8423 153
8424 168
8425 182
8426 223
8427 145
8428 166
8429 182
8430 278
8431 228
8432 196
8433 185
8434 116
8435 193
8436 139
8437 169
8438 132
8439 164
8440 218
8441 142
8442 159
8443 145
8444 177
8445 225
8446 177
8447 158
8448 174
8449 208
8450 173
8451 227
8452 185
8453 132
8454 277
8455 156
8456 162
8457 140
8458 186
8459 78
8460 172
8461 47
8462 185
8463 152
8464 145
8465 123
8466 154
8467 183
8468 197
8469 143
8470 150
8471 218
8472 175
8473 158
8474 226
8475 226
8476 245
8477 190
8478 233
8479 216
8480 210
8481 160
8482 228
8483 171
8484 246
8485 173
8486 156
8487 185
8488 199
8489 216
8490 173
8491 178
8492 203
8493 208
8494 228
8495 164
8496 235
8497 201
8498 155
8499 189
8500 181
8501 195
8502 154
8503 158
8504 170
8505 224
8506 160
8507 139
8508 193
8509 178
8510 115
8511 180
8512 201
8513 229
8514 124
8515 133
8516 154
8517 187
8518 201
8519 208
8520 252
8521 229
8522 193
8523 136
8524 188
8525 216
8526 75
8527 178
8528 204
8529 173
8530 239
8531 143
8532 149
8533 207
8534 247
8535 197
8536 216
8537 188
8538 186
8539 138
8540 156
8541 192
8542 158
8543 142
8544 186
8545 151
8546 167
8547 190
8548 180
8549 159
8550 244
8551 151
8552 171
8553 205
8554 203
8555 254
8556 188
8557 89
8558 190
8559 135
8560 176
8561 165
8562 173
8563 222
8564 178
8565 158
8566 199
8567 171
8568 173
8569 179
8570 221
8571 181
8572 235
8573 163
8574 177
8575 180
8576 194
8577 192
8578 154
8579 148
8580 184
8581 192
8582 157
8583 151
8584 190
8585 162
8586 159
8587 164
8588 199
8589 163
8590 215
8591 165
8592 184
8593 169
8594 158
8595 211
8596 164
8597 225
8598 158
8599 181
8600 199
8601 187
8602 81
8603 196
8604 242
8605 201
8606 173
8607 212
8608 200
8609 210
8610 158
8611 146
8612 164
8613 167
8614 242
8615 215
8616 172
8617 176
8618 161
8619 186
8620 218
8621 175
8622 194
8623 111
8624 205
8625 207
8626 170
8627 127
8628 185
8629 258
8630 180
8631 204
8632 176
8633 180
8634 197
8635 184
8636 211
8637 133
8638 95
8639 124
8640 154
8641 223
8642 191
8643 175
8644 160
8645 162
8646 162
8647 219
8648 146
8649 230
8650 140
8651 182
8652 147
8653 161
8654 144
8655 261
8656 214
8657 216
8658 141
8659 220
8660 179
8661 158
8662 182
8663 208
8664 216
8665 192
8666 310
8667 181
8668 165
8669 127
8670 219
8671 208
8672 142
8673 235
8674 153
8675 141
8676 92
8677 152
8678 198
8679 194
8680 172
8681 147
8682 205
8683 169
8684 216
8685 187
8686 164
8687 219
8688 200
8689 106
8690 189
8691 223
8692 224
8693 192
8694 138
8695 213
8696 186
8697 140
8698 180
8699 247
8700 234
8701 325
8702 229
8703 235
8704 247
8705 190
8706 175
8707 252
8708 212
8709 182
8710 204
8711 168
8712 133
8713 107
8714 164
8715 203
8716 197
8717 202
8718 145
8719 218
8720 167
8721 176
8722 205
8723 163
8724 146
8725 224
8726 164
8727 203
8728 207
8729 207
8730 226
8731 155
8732 223
8733 206
8734 183
8735 224
8736 150
8737 118
8738 188
8739 170
8740 235
8741 225
8742 181
8743 175
8744 170
8745 179
8746 237
8747 179
8748 190
8749 180
8750 183
8751 110
8752 185
8753 66
8754 194
8755 226
8756 117
8757 194
8758 137
8759 121
8760 186
8761 141
8762 187
8763 142
8764 170
8765 153
8766 160
8767 168
8768 163
8769 211
8770 209
8771 191
8772 103
8773 164
8774 90
8775 181
8776 174
8777 189
8778 185
8779 196
8780 194
8781 118
8782 170
8783 101
8784 200
8785 162
8786 151
8787 185
8788 235
8789 164
8790 166
8791 208
8792 183
8793 172
8794 143
8795 250
8796 199
8797 199
8798 204
8799 248
8800 120
8801 149
8802 161
8803 192
8804 185
8805 197
8806 197
8807 190
8808 201
8809 199
8810 184
8811 177
8812 201
8813 174
8814 207
8815 214
8816 214
8817 113
8818 173
8819 192
8820 178
8821 181
8822 145
8823 152
8824 202
8825 188
8826 164
8827 172
8828 231
8829 197
8830 193
8831 166
8832 250
8833 179
8834 192
8835 206
8836 171
8837 171
8838 187
8839 147
8840 228
8841 202
8842 206
8843 224
8844 190
8845 211
8846 112
8847 181
8848 214
8849 190
8850 207
8851 160
8852 155
8853 182
8854 205
8855 181
8856 185
8857 155
8858 211
8859 162
8860 220
8861 217
8862 210
8863 180
8864 193
8865 188
8866 146
8867 189
8868 177
8869 187
8870 190
8871 171
8872 201
8873 160
8874 192
8875 172
8876 210
8877 174
8878 138
8879 217
8880 224
8881 122
8882 153
8883 193
8884 188
8885 158
8886 186
8887 160
8888 203
8889 188
8890 212
8891 151
8892 219
8893 223
8894 209
8895 159
8896 188
8897 133
8898 224
8899 148
8900 125
8901 265
8902 151
8903 210
8904 205
8905 227
8906 153
8907 118
8908 134
8909 190
8910 264
8911 149
8912 212
8913 166
8914 181
8915 206
8916 241
8917 227
8918 190
8919 189
8920 200
8921 207
8922 138
8923 165
8924 254
8925 204
8926 232
8927 214
8928 164
8929 217
8930 151
8931 143
8932 128
8933 192
8934 147
8935 198
8936 214
8937 210
8938 177
8939 262
8940 218
8941 199
8942 215
8943 176
8944 156
8945 186
8946 193
8947 215
8948 156
8949 185
8950 179
8951 240
8952 192
8953 214
8954 191
8955 204
8956 206
8957 185
8958 221
8959 139
8960 167
8961 227
8962 205
8963 208
8964 240
8965 225
8966 163
8967 189
8968 190
8969 176
8970 159
8971 198
8972 176
8973 198
8974 144
8975 202
8976 203
8977 231
8978 175
8979 119
8980 204
8981 162
8982 164
8983 158
8984 174
8985 152
8986 215
8987 145
8988 191
8989 239
8990 148
8991 150
8992 202
8993 217
8994 191
8995 175
8996 180
8997 163
8998 154
8999 182
9000 128
9001 198
9002 134
9003 191
9004 197
9005 190
9006 140
9007 204
9008 187
9009 164
9010 162
9011 187
9012 185
9013 215
9014 123
9015 146
9016 173
9017 175
9018 172
9019 183
9020 169
9021 176
9022 172
9023 227
9024 199
9025 179
9026 171
9027 143
9028 188
9029 188
9030 168
9031 183
9032 158
9033 170
9034 186
9035 134
9036 170
9037 167
9038 232
9039 154
9040 239
9041 209
9042 219
9043 131
9044 198
9045 201
9046 268
9047 171
9048 182
9049 186
9050 194
9051 186
9052 175
9053 183
9054 206
9055 147
9056 235
9057 176
9058 135
9059 175
9060 289
9061 216
9062 153
9063 189
9064 200
9065 156
9066 216
9067 171
9068 192
9069 173
9070 215
9071 141
9072 172
9073 152
9074 257
9075 180
9076 177
9077 250
9078 173
9079 192
9080 180
9081 184
9082 164
9083 230
9084 188
9085 158
9086 216
9087 158
9088 208
9089 144
9090 231
9091 153
9092 143
9093 215
9094 157
9095 230
9096 137
9097 177
9098 113
9099 211
9100 60
9101 197
9102 106
9103 167
9104 130
9105 160
9106 159
9107 311
9108 212
9109 146
9110 171
9111 148
9112 73
9113 179
9114 170
9115 181
9116 178
9117 117
9118 183
9119 94
9120 186
9121 177
9122 138
9123 174
9124 190
9125 167
9126 83
9127 215
9128 208
9129 153
9130 209
9131 189
9132 217
9133 134
9134 176
9135 155
9136 192
9137 223
9138 137
9139 215
9140 176
9141 208
9142 234
9143 188
9144 139
9145 221
9146 251
9147 188
9148 162
9149 152
9150 190
9151 205
9152 172
9153 187
9154 123
9155 198
9156 133
9157 203
9158 163
9159 135
9160 155
9161 213
9162 183
9163 151
9164 171
9165 230
9166 231
9167 104
9168 205
9169 239
9170 157
9171 168
9172 197
9173 216
9174 160
9175 185
9176 207
9177 220
9178 187
9179 230
9180 160
9181 256
9182 122
9183 141
9184 126
9185 160
9186 224
9187 192
9188 165
9189 198
9190 176
9191 179
9192 252
9193 180
9194 102
9195 160
9196 112
9197 183
9198 109
9199 289
9200 136
9201 170
9202 275
9203 147
9204 179
9205 205
9206 162
9207 166
9208 183
9209 187
9210 209
9211 186
9212 152
9213 187
9214 230
9215 193
9216 118
9217 210
9218 155
9219 164
9220 159
9221 193
9222 291
9223 227
9224 167
9225 197
9226 155
9227 206
9228 158
9229 120
9230 191
9231 266
9232 169
9233 208
9234 167
9235 189
9236 213
9237 210
9238 215
9239 168
9240 148
9241 202
9242 200
9243 143
9244 223
9245 215
9246 147
9247 161
9248 190
9249 148
9250 164
9251 193
9252 131
9253 190
9254 214
9255 147
9256 180
9257 217
9258 165
9259 170
9260 201
9261 146
9262 144
9263 214
9264 180
9265 181
9266 193
9267 160
9268 202
9269 170
9270 172
9271 214
9272 142
9273 292
9274 200
9275 185
9276 206
9277 155
9278 127
9279 222
9280 213
9281 170
9282 158
9283 199
9284 175
9285 162
9286 198
9287 166
9288 205
9289 169
9290 163
9291 163
9292 136
9293 194
9294 195
9295 185
9296 202
9297 209
9298 189
9299 200
9300 131
9301 173
9302 192
9303 243
9304 133
9305 203
9306 160
9307 147
9308 174
9309 174
9310 197
9311 179
9312 176
9313 180
9314 181
9315 74
9316 165
9317 196
9318 151
9319 151
9320 208
9321 221
9322 180
9323 174
9324 216
9325 247
9326 206
9327 212
9328 188
9329 101
9330 173
9331 215
9332 187
9333 214
9334 118
9335 183
9336 164
9337 182
9338 216
9339 161
9340 182
9341 180
9342 145
9343 164
9344 140
9345 185
9346 152
9347 237
9348 107
9349 168
9350 181
9351 165
9352 214
9353 238
9354 236
9355 206
9356 140
9357 205
9358 153
9359 131
9360 189
9361 210
9362 137
9363 170
9364 179
9365 216
9366 170
9367 177
9368 216
9369 272
9370 218
9371 209
9372 98
9373 166
9374 194
9375 201
9376 194
9377 174
9378 176
9379 200
9380 142
9381 185
9382 213
9383 163
9384 158
9385 130
9386 172
9387 193
9388 207
9389 159
9390 206
9391 194
9392 130
9393 257
9394 195
9395 170
9396 206
9397 199
9398 165
9399 185
9400 134
9401 220
9402 186
9403 180
9404 209
9405 247
9406 145
9407 245
9408 199
9409 161
9410 226
9411 174
9412 134
9413 118
9414 203
9415 136
9416 179
9417 222
9418 135
9419 142
9420 134
9421 160
9422 103
9423 222
9424 166
9425 154
9426 226
9427 170
9428 166
9429 204
9430 96
9431 141
9432 251
9433 155
9434 183
9435 181
9436 199
9437 197
9438 246
9439 203
9440 67
9441 219
9442 225
9443 107
9444 179
9445 235
9446 193
9447 182
9448 203
9449 175
9450 254
9451 193
9452 153
9453 144
9454 178
9455 220
9456 188
9457 189
9458 193
9459 159
9460 130
9461 202
9462 181
9463 191
9464 205
9465 167
9466 179
9467 179
9468 107
9469 143
9470 159
9471 198
9472 171
9473 200
9474 192
9475 152
9476 167
9477 161
9478 180
9479 198
9480 135
9481 221
9482 234
9483 192
9484 183
9485 196
9486 166
9487 147
9488 205
9489 185
9490 174
9491 238
9492 170
9493 202
9494 224
9495 202
9496 188
9497 127
9498 240
9499 230
9500 161
9501 237
9502 181
9503 170
9504 194
9505 173
9506 242
9507 193
9508 226
9509 181
9510 203
9511 229
9512 181
9513 161
9514 132
9515 185
9516 208
9517 169
9518 154
9519 119
9520 202
9521 147
9522 173
9523 147
9524 179
9525 160
9526 146
9527 200
9528 114
9529 87
9530 176
9531 121
9532 204
9533 177
9534 183
9535 176
9536 202
9537 85
9538 150
9539 145
9540 155
9541 173
9542 224
9543 167
9544 279
9545 185
9546 212
9547 43
9548 149
9549 123
9550 205
9551 181
9552 182
9553 215
9554 194
9555 191
9556 170
9557 198
9558 167
9559 183
9560 192
9561 203
9562 190
9563 171
9564 227
9565 209
9566 142
9567 136
9568 178
9569 178
9570 165
9571 222
9572 180
9573 130
9574 157
9575 181
9576 194
9577 174
9578 222
9579 201
9580 205
9581 169
9582 181
9583 198
9584 184
9585 208
9586 162
9587 139
9588 153
9589 239
9590 188
9591 193
9592 209
9593 196
9594 160
9595 193
9596 174
9597 80
9598 137
9599 296
9600 168
9601 197
9602 144
9603 249
9604 189
9605 149
9606 208
9607 190
9608 206
9609 133
9610 151
9611 166
9612 152
9613 163
9614 181
9615 153
9616 269
9617 177
9618 169
9619 158
9620 185
9621 218
9622 265
9623 148
9624 204
9625 125
9626 189
9627 157
9628 186
9629 169
9630 192
9631 224
9632 170
9633 177
9634 191
9635 212
9636 156
9637 143
9638 162
9639 157
9640 183
9641 162
9642 239
9643 158
9644 218
9645 119
9646 200
9647 183
9648 179
9649 150
9650 163
9651 193
9652 159
9653 150
9654 165
9655 221
9656 210
9657 229
9658 157
9659 145
9660 176
9661 203
9662 179
9663 115
9664 158
9665 226
9666 134
9667 192
9668 183
9669 221
9670 151
9671 206
9672 199
9673 185
9674 210
9675 186
9676 221
9677 174
9678 161
9679 173
9680 153
9681 157
9682 151
9683 195
9684 193
9685 192
9686 174
9687 173
9688 198
9689 198
9690 167
9691 155
9692 244
9693 138
9694 173
9695 196
9696 143
9697 202
9698 197
9699 252
9700 225
9701 185
9702 230
9703 109
9704 148
9705 147
9706 151
9707 182
9708 216
9709 228
9710 225
9711 165
9712 107
9713 196
9714 200
9715 154
9716 150
9717 250
9718 146
9719 137
9720 212
9721 236
9722 200
9723 225
9724 185
9725 160
9726 27
9727 223
9728 167
9729 137
9730 213
9731 141
9732 210
9733 246
9734 173
9735 157
9736 179
9737 165
9738 152
9739 150
9740 172
9741 134
9742 154
9743 204
9744 209
9745 172
9746 117
9747 185
9748 176
9749 215
9750 139
9751 167
9752 136
9753 164
9754 238
9755 155
9756 191
9757 195
9758 229
9759 167
9760 161
9761 165
9762 159
9763 188
9764 213
9765 165
9766 145
9767 207
9768 262
9769 173
9770 194
9771 139
9772 213
9773 191
9774 94
9775 197
9776 230
9777 188
9778 232
9779 158
9780 151
9781 196
9782 92
9783 125
9784 191
9785 176
9786 204
9787 234
9788 167
9789 202
9790 163
9791 150
9792 217
9793 138
9794 185
9795 225
9796 279
9797 178
9798 279
9799 169
9800 227
9801 184
9802 192
9803 206
9804 222
9805 241
9806 187
9807 185
9808 228
9809 153
9810 223
9811 138
9812 165
9813 247
9814 228
9815 179
9816 173
9817 182
9818 186
9819 196
9820 208
9821 144
9822 208
9823 218
9824 181
9825 189
9826 223
9827 177
9828 170
9829 166
9830 195
9831 103
9832 130
9833 185
9834 191
9835 213
9836 241
9837 235
9838 244
9839 149
9840 221
9841 244
9842 150
9843 203
9844 196
9845 176
9846 139
9847 185
9848 198
9849 192
9850 157
9851 151
9852 190
9853 214
9854 148
9855 174
9856 204
9857 210
9858 206
9859 168
9860 120
9861 208
9862 167
9863 42
9864 206
9865 129
9866 188
9867 170
9868 193
9869 156
9870 164
9871 109
9872 152
9873 180
9874 197
9875 130
9876 219
9877 220
9878 157
9879 194
9880 161
9881 169
9882 114
9883 202
9884 155
9885 179
9886 174
9887 148
9888 214
9889 179
9890 184
9891 168
9892 202
9893 145
9894 199
9895 188
9896 155
9897 170
9898 194
9899 209
9900 160
9901 179
9902 193
9903 198
9904 230
9905 191
9906 214
9907 207
9908 213
9909 167
9910 211
9911 203
9912 142
9913 154
9914 183
9915 152
9916 189
9917 195
9918 163
9919 191
9920 231
9921 168
9922 168
9923 146
9924 162
9925 81
9926 131
9927 163
9928 109
9929 217
9930 216
9931 141
9932 65
9933 203
9934 199
9935 245
9936 188
9937 180
9938 165
9939 145
9940 178
9941 190
9942 207
9943 181
9944 224
9945 195
9946 177
9947 179
9948 148
9949 204
9950 234
9951 152
9952 153
9953 187
9954 199
9955 186
9956 205
9957 146
9958 184
9959 155
9960 208
9961 143
9962 137
9963 200
9964 191
9965 207
9966 185
9967 214
9968 208
9969 199
9970 195
9971 207
9972 197
9973 247
9974 203
9975 177
9976 153
9977 237
9978 185
9979 148
9980 181
9981 151
9982 163
9983 164
9984 174
9985 110
9986 202
9987 183
9988 156
9989 168
9990 198
9991 253
9992 180
9993 165
9994 164
9995 279
9996 212
9997 136
9998 157
9999 152
