0 0
1 1738
2 2114
3 2513
4 2035
5 2743
6 2216
7 2104
8 2108
9 2425
10 2218
11 1251
12 1942
13 1352
14 2163
15 2053
16 2595
17 1837
18 1557
19 2090
20 1902
21 1774
22 1533
23 1851
24 2515
25 1207
26 2099
27 1911
28 2145
29 2050
30 1886
31 2174
32 2131
33 2569
34 2343
35 2420
36 1879
37 1453
38 2004
39 2476
40 1633
41 1984
42 1924
43 2080
44 2559
45 2011
46 2156
47 1718
48 1961
49 2223
50 2130
51 2271
52 2308
53 2251
54 1008
55 2425
56 2229
57 2474
58 1432
59 1886
60 1654
61 2183
62 1925
63 INF
64 1777
65 2412
66 2133
67 1523
68 2599
69 1739
70 2399
71 2263
72 2008
73 2470
74 1556
75 2703
76 2028
77 2713
78 2050
79 1636
80 1669
81 2002
82 2271
83 2517
84 2184
85 2434
86 1796
87 2233
88 2461
89 1955
90 2282
91 3014
92 2267
93 1827
94 1787
95 2176
96 2206
97 2024
98 2480
99 2085
100 1801
101 2135
102 1680
103 2399
104 1822
105 2028
106 2028
107 1853
108 2644
109 1223
110 2251
111 1871
112 2304
113 2139
114 2111
115 1496
116 2122
117 1758
118 1834
119 2081
120 1695
121 2220
122 1658
123 2440
124 2075
125 1997
126 2876
127 1399
128 2423
129 1111
130 1412
131 1992
132 2297
133 1412
134 2653
135 1739
136 1762
137 1808
138 2131
139 2019
140 1196
141 2658
142 2397
143 2147
144 2125
145 2161
146 2044
147 2226
148 1344
149 2157
150 1865
151 2546
152 1593
153 1446
154 2252
155 1985
156 1622
157 1880
158 2008
159 1094
160 1594
161 2206
162 2032
163 2692
164 1568
165 1271
166 1995
167 2357
168 2161
169 1745
170 1619
171 2034
172 1638
173 1771
174 1951
175 2183
176 1897
177 2538
178 2659
179 2316
180 2651
181 2157
182 915
183 2156
184 1283
185 1672
186 2638
187 1985
188 1878
189 2299
190 1706
191 2566
192 1818
193 1888
194 2276
195 2114
196 1961
197 1735
198 2112
199 1999
200 2315
201 1793
202 2500
203 1980
204 2378
205 2514
206 1880
207 1924
208 1909
209 2447
210 2289
211 2116
212 1766
213 1541
214 1717
215 1920
216 1702
217 1897
218 1454
219 2665
220 2381
221 1749
222 2376
223 2467
224 2040
225 1737
226 2519
227 2103
228 2071
229 1464
230 1414
231 2582
232 2066
233 2244
234 2354
235 2277
236 2578
237 2025
238 2042
239 INF
240 2222
241 2079
242 1892
243 1810
244 1832
245 2494
246 1917
247 559
248 2814
249 1743
250 1979
251 1978
252 1742
253 2108
254 1691
255 1999
256 1716
257 2079
258 1862
259 2211
260 1656
261 2947
262 1704
263 2309
264 1933
265 1468
266 2124
267 1868
268 1970
269 2061
270 1652
271 1741
272 1940
273 1614
274 2211
275 2413
276 1588
277 1433
278 2301
279 2230
280 1904
281 1932
282 2087
283 1709
284 2373
285 1602
286 1539
287 2553
288 INF
289 2031
290 1740
291 2083
292 1955
293 2368
294 2042
295 2795
296 2219
297 2261
298 2054
299 1817
300 INF
301 1223
302 2145
303 1737
304 1794
305 2004
306 2595
307 1666
308 1859
309 1903
310 1936
311 2536
312 2090
313 2111
314 2679
315 1974
316 2190
317 3046
318 2165
319 2782
320 2115
321 2449
322 1566
323 2129
324 1460
325 1936
326 1811
327 1249
328 1962
329 1979
330 2297
331 2121
332 1335
333 2115
334 2421
335 1605
336 2068
337 2146
338 2641
339 2005
340 2613
341 1817
342 1615
343 857
344 1908
345 1893
346 1486
347 2905
348 2231
349 2000
350 2054
351 2262
352 2166
353 2291
354 1952
355 1817
356 2012
357 2452
358 2383
359 948
360 1803
361 2020
362 2326
363 2421
364 1962
365 2054
366 1281
367 2102
368 1779
369 2161
370 INF
371 1959
372 1918
373 2903
374 2081
375 2280
376 1578
377 2020
378 2330
379 1591
380 1970
381 2002
382 1576
383 1731
384 1918
385 2607
386 2114
387 1893
388 1899
389 2073
390 2439
391 2213
392 2089
393 2115
394 2075
395 2458
396 2238
397 2061
398 2434
399 1600
400 2386
401 1646
402 2325
403 1998
404 2249
405 2318
406 1046
407 2108
408 1492
409 2125
410 1886
411 2041
412 2114
413 2604
414 2135
415 2281
416 2014
417 1623
418 1774
419 1247
420 2029
421 2096
422 2734
423 2220
424 1845
425 2203
426 1387
427 2001
428 1818
429 1637
430 2305
431 2118
432 2035
433 2164
434 2231
435 2069
436 2167
437 2030
438 1244
439 1490
440 1878
441 1932
442 1574
443 1973
444 1605
445 1889
446 1390
447 1689
448 2030
449 2263
450 1983
451 1769
452 2085
453 1791
454 1809
455 1961
456 2398
457 2051
458 2329
459 1656
460 2154
461 1986
462 2091
463 2085
464 2510
465 INF
466 1723
467 2241
468 2236
469 1804
470 2208
471 1860
472 1993
473 2173
474 1765
475 1981
476 1760
477 1885
478 2359
479 1463
480 1541
481 2283
482 1999
483 2328
484 2436
485 1351
486 2107
487 2232
488 2673
489 2100
490 1868
491 2232
492 2770
493 1915
494 2590
495 2481
496 1395
497 2153
498 1633
499 2167
500 2261
501 2666
502 1878
503 3913
504 2315
505 2243
506 2155
507 2399
508 2102
509 2134
510 2013
511 2084
512 1259
513 2224
514 1798
515 1770
516 2097
517 2177
518 2098
519 1929
520 1837
521 2247
522 1852
523 2549
524 1580
525 1836
526 1626
527 1782
528 1900
529 1700
530 1913
531 1420
532 1626
533 2142
534 1361
535 2359
536 2414
537 1874
538 2626
539 2116
540 1954
541 1595
542 2242
543 1717
544 1993
545 1948
546 2165
547 1492
548 1964
549 2113
550 2023
551 2209
552 1984
553 2193
554 1824
555 1999
556 1949
557 2091
558 1900
559 2027
560 2068
561 2464
562 2002
563 2479
564 2537
565 2110
566 1611
567 2550
568 1687
569 2241
570 2262
571 2272
572 2100
573 2612
574 1858
575 1748
576 1692
577 1935
578 2227
579 1591
580 1809
581 1554
582 2042
583 2060
584 1944
585 2347
586 2293
587 2344
588 2283
589 1906
590 2108
591 1304
592 1903
593 2206
594 2054
595 1924
596 1924
597 2512
598 2246
599 907
600 1986
601 1990
602 2294
603 2146
604 2762
605 1927
606 1766
607 2150
608 2314
609 2045
610 2137
611 1985
612 2102
613 2358
614 2111
615 1918
616 1617
617 2396
618 1953
619 2147
620 1542
621 2163
622 2920
623 1733
624 2128
625 1914
626 1725
627 2012
628 2394
629 2356
630 2455
631 2491
632 2067
633 2042
634 2007
635 2114
636 2376
637 2116
638 1798
639 2471
640 1974
641 1966
642 1620
643 2409
644 2151
645 1711
646 2084
647 1701
648 2529
649 2553
650 2376
651 2298
652 2231
653 1977
654 2110
655 1918
656 2209
657 2338
658 2067
659 2142
660 2312
661 1967
662 2080
663 2421
664 1759
665 1806
666 2119
667 1983
668 2118
669 2139
670 2216
671 2255
672 1822
673 1808
674 1678
675 2422
676 2752
677 2114
678 3761
679 1672
680 1480
681 1869
682 1837
683 2112
684 1918
685 2135
686 1974
687 1943
688 2397
689 2035
690 2007
691 1562
692 2796
693 1862
694 3537
695 2733
696 2489
697 2372
698 2162
699 1631
700 2071
701 2039
702 2096
703 2065
704 1745
705 2681
706 1829
707 2069
708 1942
709 1812
710 1992
711 1897
712 2512
713 3152
714 2468
715 2029
716 2517
717 2280
718 1348
719 2830
720 1953
721 2537
722 1368
723 2159
724 1955
725 1494
726 2418
727 1791
728 2226
729 2044
730 2034
731 2528
732 1866
733 1889
734 2393
735 2040
736 2151
737 1829
738 1599
739 2310
740 1992
741 1850
742 2276
743 1785
744 1697
745 2299
746 2100
747 1500
748 1968
749 2144
750 2204
751 2004
752 2062
753 1863
754 1961
755 1881
756 1993
757 2331
758 2509
759 2034
760 1356
761 1607
762 1240
763 1770
764 1744
765 1768
766 2182
767 2135
768 1499
769 1667
770 2187
771 1817
772 2122
773 1064
774 1801
775 1735
776 2617
777 1895
778 1827
779 1696
780 1975
781 2017
782 2150
783 2214
784 2179
785 1702
786 1581
787 2016
788 2324
789 2126
790 1123
791 1900
792 2192
793 2221
794 2098
795 1664
796 1953
797 2061
798 1290
799 1687
800 2080
801 2260
802 1153
803 1540
804 1920
805 1958
806 1806
807 1860
808 2039
809 2667
810 2280
811 2801
812 1606
813 1684
814 2229
815 1962
816 1765
817 1619
818 1906
819 2022
820 2146
821 2782
822 2017
823 2224
824 1689
825 1246
826 2017
827 2213
828 1808
829 1522
830 2540
831 2312
832 1914
833 2058
834 2078
835 2001
836 2268
837 1328
838 1911
839 2290
840 1852
841 2026
842 1651
843 1750
844 2002
845 1785
846 2104
847 1815
848 1947
849 1980
850 2483
851 1900
852 2084
853 1758
854 2052
855 1404
856 2270
857 2238
858 3568
859 2151
860 2949
861 2241
862 1951
863 1911
864 1298
865 2895
866 1710
867 1940
868 1674
869 1500
870 2013
871 2086
872 2500
873 2062
874 2102
875 2002
876 2191
877 1477
878 1915
879 2247
880 2710
881 2111
882 1715
883 2630
884 2180
885 1994
886 1977
887 1965
888 2155
889 1663
890 1839
891 2144
892 2536
893 1618
894 2041
895 1882
896 2047
897 2073
898 1968
899 1834
900 2383
901 2136
902 2260
903 2030
904 2103
905 1292
906 2597
907 1457
908 1724
909 2135
910 2204
911 1840
912 2929
913 1941
914 2259
915 2142
916 2205
917 2305
918 2131
919 2159
920 2018
921 2159
922 1883
923 1682
924 1814
925 1843
926 2458
927 2079
928 2603
929 1947
930 2213
931 1493
932 1673
933 2146
934 1687
935 1784
936 2134
937 1739
938 2301
939 2277
940 1855
941 1993
942 1693
943 1293
944 1999
945 1678
946 2462
947 2199
948 2007
949 2430
950 1954
951 2133
952 2116
953 1363
954 2325
955 2385
956 1496
957 2305
958 1930
959 1384
960 1387
961 2014
962 2142
963 1986
964 1682
965 2169
966 1923
967 1877
968 1838
969 1993
970 1717
971 2299
972 1267
973 1908
974 2336
975 1229
976 1810
977 2182
978 2246
979 1741
980 2578
981 2275
982 2213
983 2047
984 1917
985 1562
986 1779
987 1672
988 1652
989 2037
990 2166
991 2203
992 2095
993 1726
994 1564
995 1858
996 2133
997 1920
998 2314
999 1345
1000 2136
1001 2329
1002 1439
1003 2019
1004 1871
1005 2269
1006 2152
1007 1954
1008 1906
1009 1950
1010 2091
1011 1757
1012 2754
1013 2457
1014 1706
1015 1511
1016 2204
1017 1393
1018 2302
1019 2671
1020 2036
1021 2336
1022 2329
1023 1959
1024 1636
1025 2353
1026 1772
1027 2195
1028 1897
1029 2391
1030 1961
1031 1352
1032 2205
1033 1214
1034 1857
1035 1365
1036 1693
1037 2247
1038 1603
1039 2776
1040 1898
1041 1889
1042 2392
1043 2277
1044 2438
1045 2031
1046 2339
1047 2217
1048 2128
1049 2465
1050 2250
1051 INF
1052 1944
1053 1703
1054 2076
1055 2293
1056 2236
1057 1296
1058 2320
1059 2072
1060 2774
1061 2253
1062 1745
1063 2291
1064 1458
1065 1908
1066 2433
1067 1957
1068 2388
1069 2649
1070 2090
1071 2192
1072 2491
1073 1556
1074 2550
1075 2183
1076 1585
1077 2523
1078 2311
1079 2558
1080 1986
1081 2139
1082 1919
1083 2213
1084 2475
1085 1847
1086 1458
1087 2033
1088 2606
1089 1936
1090 2121
1091 2025
1092 1612
1093 2283
1094 1812
1095 1956
1096 2108
1097 1859
1098 2268
1099 2161
1100 2020
1101 2134
1102 1458
1103 2077
1104 2273
1105 1667
1106 1998
1107 2360
1108 1591
1109 2021
1110 1930
1111 2773
1112 2132
1113 1785
1114 2321
1115 2794
1116 1985
1117 1775
1118 1888
1119 2576
1120 1820
1121 2077
1122 1266
1123 2492
1124 1731
1125 1767
1126 2002
1127 1731
1128 2154
1129 2036
1130 1899
1131 2043
1132 1964
1133 1855
1134 1557
1135 2890
1136 1365
1137 1870
1138 1916
1139 2006
1140 2191
1141 2221
1142 1532
1143 2602
1144 1773
1145 2425
1146 1876
1147 2315
1148 1111
1149 1761
1150 2032
1151 1831
1152 2448
1153 2299
1154 1611
1155 2077
1156 2407
1157 1798
1158 1830
1159 2383
1160 1780
1161 1578
1162 2697
1163 2102
1164 2494
1165 2061
1166 1794
1167 2201
1168 1556
1169 2349
1170 2218
1171 3005
1172 1881
1173 2028
1174 2158
1175 1915
1176 2028
1177 2055
1178 2186
1179 2151
1180 2716
1181 2357
1182 1456
1183 1778
1184 2384
1185 2248
1186 2743
1187 2727
1188 2292
1189 1690
1190 2026
1191 2080
1192 1588
1193 1969
1194 2159
1195 2205
1196 1728
1197 2028
1198 2690
1199 1661
1200 1681
1201 2052
1202 2312
1203 2048
1204 1599
1205 2486
1206 1429
1207 1569
1208 1454
1209 2266
1210 2327
1211 2010
1212 2288
1213 1309
1214 1912
1215 2127
1216 1346
1217 2129
1218 1853
1219 1860
1220 2189
1221 2222
1222 1769
1223 2178
1224 2374
1225 2105
1226 1609
1227 2100
1228 1836
1229 2250
1230 2004
1231 2322
1232 1930
1233 2288
1234 1900
1235 1793
1236 1939
1237 2448
1238 2121
1239 2293
1240 2092
1241 2359
1242 1987
1243 2214
1244 2058
1245 2334
1246 1942
1247 2000
1248 2272
1249 1116
1250 1433
1251 2021
1252 1605
1253 2415
1254 1805
1255 2443
1256 1578
1257 1686
1258 2432
1259 2060
1260 2341
1261 1915
1262 1999
1263 2277
1264 2052
1265 2100
1266 2233
1267 2674
1268 1590
1269 1789
1270 1726
1271 2080
1272 2240
1273 2301
1274 2239
1275 2014
1276 2597
1277 1961
1278 2027
1279 2064
1280 1904
1281 2358
1282 1665
1283 2333
1284 1883
1285 1943
1286 2189
1287 2048
1288 1765
1289 2181
1290 1731
1291 1768
1292 2043
1293 1938
1294 2161
1295 2055
1296 2317
1297 1882
1298 1915
1299 2090
1300 1956
1301 2281
1302 1748
1303 1982
1304 1477
1305 2008
1306 1667
1307 1959
1308 INF
1309 1996
1310 2005
1311 1152
1312 2692
1313 2226
1314 1929
1315 2264
1316 2272
1317 2128
1318 2063
1319 2615
1320 1674
1321 2442
1322 2438
1323 2083
1324 2397
1325 1811
1326 2277
1327 2343
1328 1696
1329 2264
1330 835
1331 2649
1332 2272
1333 2096
1334 2301
1335 2085
1336 2154
1337 1924
1338 1654
1339 2199
1340 1464
1341 2177
1342 2434
1343 1448
1344 1423
1345 1815
1346 1983
1347 1859
1348 1874
1349 1689
1350 1956
1351 1575
1352 2067
1353 1843
1354 2142
1355 2118
1356 1941
1357 2466
1358 INF
1359 2022
1360 2104
1361 2156
1362 1678
1363 1929
1364 1855
1365 2013
1366 1979
1367 2087
1368 1658
1369 1725
1370 2431
1371 2338
1372 1728
1373 2093
1374 2312
1375 1923
1376 2129
1377 2019
1378 INF
1379 INF
1380 2114
1381 2211
1382 2267
1383 2425
1384 2076
1385 2021
1386 2089
1387 INF
1388 2241
1389 2219
1390 2201
1391 1101
1392 1804
1393 2142
1394 1653
1395 2049
1396 2088
1397 2449
1398 2267
1399 2023
1400 1249
1401 2189
1402 1557
1403 1974
1404 2239
1405 1870
1406 2250
1407 2514
1408 2563
1409 2223
1410 1419
1411 2113
1412 2170
1413 2674
1414 2121
1415 1914
1416 2383
1417 1535
1418 2260
1419 1854
1420 2473
1421 2265
1422 2098
1423 2474
1424 1850
1425 1865
1426 1925
1427 2153
1428 2236
1429 1812
1430 INF
1431 1930
1432 1634
1433 1971
1434 1385
1435 1801
1436 1404
1437 1442
1438 2039
1439 2851
1440 2062
1441 2747
1442 1700
1443 1791
1444 1872
1445 2316
1446 2313
1447 2447
1448 1821
1449 1750
1450 2076
1451 2358
1452 1713
1453 1774
1454 2321
1455 1995
1456 3099
1457 2139
1458 1857
1459 2350
1460 2163
1461 2163
1462 1782
1463 2120
1464 2042
1465 1374
1466 2400
1467 2115
1468 2017
1469 1695
1470 1714
1471 1719
1472 2371
1473 1421
1474 2151
1475 1980
1476 1985
1477 2375
1478 2146
1479 1782
1480 2343
1481 2099
1482 1658
1483 1845
1484 2726
1485 1576
1486 2750
1487 2030
1488 2261
1489 2192
1490 2150
1491 1681
1492 2273
1493 1312
1494 2011
1495 2700
1496 2058
1497 2268
1498 2154
1499 1809
1500 1984
1501 1932
1502 2067
1503 2396
1504 2383
1505 2069
1506 1657
1507 2313
1508 2038
1509 2048
1510 2251
1511 2236
1512 1932
1513 1616
1514 2298
1515 2130
1516 2131
1517 2032
1518 2664
1519 2236
1520 1780
1521 2309
1522 1738
1523 2125
1524 2633
1525 2054
1526 1929
1527 1973
1528 1763
1529 1628
1530 2068
1531 2269
1532 1400
1533 2431
1534 2290
1535 2297
1536 1524
1537 1925
1538 1872
1539 1835
1540 2000
1541 2164
1542 2721
1543 INF
1544 2390
1545 2184
1546 2153
1547 1996
1548 1841
1549 1776
1550 1629
1551 2224
1552 1974
1553 2555
1554 2032
1555 2210
1556 2328
1557 2406
1558 1704
1559 2238
1560 2574
1561 1371
1562 2648
1563 2502
1564 1893
1565 1935
1566 2299
1567 2016
1568 2248
1569 2626
1570 1797
1571 1830
1572 1703
1573 1968
1574 1705
1575 1598
1576 2451
1577 2089
1578 2464
1579 1464
1580 2647
1581 2252
1582 1845
1583 2577
1584 2155
1585 2594
1586 2212
1587 1854
1588 1910
1589 2380
1590 1373
1591 2421
1592 1963
1593 2408
1594 2483
1595 2274
1596 2267
1597 1755
1598 1836
1599 1966
1600 1637
1601 2195
1602 2267
1603 2201
1604 2218
1605 1921
1606 2372
1607 2475
1608 1990
1609 2069
1610 2128
1611 1645
1612 1749
1613 2135
1614 1755
1615 2443
1616 1829
1617 2193
1618 2063
1619 2221
1620 2373
1621 2264
1622 2259
1623 1891
1624 1624
1625 2642
1626 1233
1627 2192
1628 1867
1629 1371
1630 1571
1631 1857
1632 2037
1633 1593
1634 2294
1635 1167
1636 1942
1637 2400
1638 1986
1639 1824
1640 1859
1641 2231
1642 1959
1643 1895
1644 2203
1645 1448
1646 2173
1647 1396
1648 INF
1649 1725
1650 2641
1651 1642
1652 2859
1653 1890
1654 2214
1655 2054
1656 2108
1657 2440
1658 1783
1659 1987
1660 1983
1661 2244
1662 2814
1663 1956
1664 2269
1665 2037
1666 2140
1667 2102
1668 1872
1669 2056
1670 2061
1671 1631
1672 1812
1673 1895
1674 1652
1675 2003
1676 2166
1677 1720
1678 1374
1679 1867
1680 1754
1681 2095
1682 2056
1683 2403
1684 1827
1685 1646
1686 1943
1687 2773
1688 1349
1689 2277
1690 1587
1691 1265
1692 2086
1693 1694
1694 1894
1695 2296
1696 1946
1697 1496
1698 1976
1699 1802
1700 1614
1701 2397
1702 1564
1703 2180
1704 1975
1705 975
1706 2895
1707 1841
1708 2127
1709 1812
1710 2008
1711 1883
1712 2237
1713 1848
1714 1874
1715 2204
1716 2081
1717 1884
1718 1704
1719 2945
1720 2051
1721 1855
1722 2634
1723 2435
1724 2407
1725 2017
1726 1652
1727 2500
1728 1474
1729 2228
1730 2119
1731 1326
1732 2499
1733 2146
1734 2289
1735 1891
1736 2485
1737 2040
1738 1625
1739 1969
1740 1701
1741 2190
1742 2137
1743 2627
1744 1716
1745 1540
1746 1440
1747 1938
1748 2090
1749 2041
1750 2328
1751 1904
1752 2132
1753 1945
1754 1580
1755 2243
1756 1783
1757 2136
1758 1862
1759 2014
1760 2364
1761 2347
1762 2129
1763 1791
1764 2083
1765 2086
1766 2150
1767 1950
1768 2336
1769 2085
1770 2129
1771 2537
1772 2180
1773 2056
1774 1690
1775 2101
1776 1967
1777 2059
1778 1972
1779 2406
1780 2000
1781 2014
1782 1820
1783 2004
1784 1358
1785 2002
1786 1433
1787 2235
1788 2169
1789 2287
1790 1681
1791 1610
1792 1853
1793 1614
1794 1885
1795 2185
1796 1667
1797 1451
1798 1962
1799 2145
1800 1899
1801 2146
1802 1951
1803 2066
1804 1992
1805 1880
1806 2494
1807 2094
1808 2426
1809 1976
1810 2230
1811 2120
1812 1351
1813 2007
1814 2278
1815 1942
1816 1836
1817 2126
1818 1378
1819 1589
1820 2153
1821 2133
1822 1800
1823 2140
1824 1876
1825 1558
1826 1701
1827 2175
1828 2230
1829 1492
1830 2107
1831 1699
1832 1969
1833 2029
1834 2220
1835 1543
1836 2254
1837 1986
1838 2319
1839 2227
1840 829
1841 2121
1842 1604
1843 2749
1844 2513
1845 1972
1846 2251
1847 2094
1848 1737
1849 2223
1850 1573
1851 2895
1852 2579
1853 2168
1854 1978
1855 2434
1856 1728
1857 2271
1858 2164
1859 1429
1860 2468
1861 1791
1862 2067
1863 1686
1864 1738
1865 1827
1866 1507
1867 2003
1868 2236
1869 1869
1870 2322
1871 2809
1872 2280
1873 2169
1874 1836
1875 1740
1876 1674
1877 2136
1878 2696
1879 2034
1880 1995
1881 2053
1882 2043
1883 2398
1884 2693
1885 1967
1886 1160
1887 2677
1888 2521
1889 2066
1890 1509
1891 2437
1892 2779
1893 2125
1894 1984
1895 2239
1896 1654
1897 1904
1898 2171
1899 1996
1900 2440
1901 2456
1902 1779
1903 2154
1904 2068
1905 2006
1906 2670
1907 1700
1908 1385
1909 2090
1910 2563
1911 2629
1912 2511
1913 2026
1914 1097
1915 2422
1916 2281
1917 2225
1918 1904
1919 1630
1920 2035
1921 1798
1922 2162
1923 1638
1924 1824
1925 1909
1926 2076
1927 1839
1928 2329
1929 2061
1930 1938
1931 2084
1932 2442
1933 1960
1934 2373
1935 2093
1936 2065
1937 2185
1938 2088
1939 2055
1940 1830
1941 2221
1942 1952
1943 1511
1944 2071
1945 2348
1946 2422
1947 2057
1948 2441
1949 1885
1950 2030
1951 2120
1952 2084
1953 1954
1954 2382
1955 2206
1956 2388
1957 1429
1958 1855
1959 1928
1960 2394
1961 1853
1962 2204
1963 2026
1964 2079
1965 1708
1966 2658
1967 1973
1968 1686
1969 2008
1970 2173
1971 1777
1972 2397
1973 1448
1974 2232
1975 1957
1976 2618
1977 1842
1978 1508
1979 2781
1980 2031
1981 2051
1982 1741
1983 2040
1984 1920
1985 2493
1986 2202
1987 1964
1988 2395
1989 2623
1990 1817
1991 1581
1992 2375
1993 2168
1994 2363
1995 2705
1996 2052
1997 1672
1998 1980
1999 1950
2000 1719
2001 1883
2002 2083
2003 2498
2004 1429
2005 2077
2006 1844
2007 2432
2008 2107
2009 2354
2010 1746
2011 2527
2012 1886
2013 2344
2014 1693
2015 2061
2016 2226
2017 2052
2018 1991
2019 2224
2020 2115
2021 1826
2022 1922
2023 1703
2024 1901
2025 2811
2026 2606
2027 2765
2028 2010
2029 2330
2030 1972
2031 2166
2032 2109
2033 1776
2034 2382
2035 1548
2036 2237
2037 2209
2038 1808
2039 2225
2040 3092
2041 2345
2042 1770
2043 2313
2044 2398
2045 2467
2046 2048
2047 1798
2048 2214
2049 1956
2050 2590
2051 2312
2052 1896
2053 2173
2054 2053
2055 1351
2056 2089
2057 2227
2058 2330
2059 1868
2060 1327
2061 2017
2062 2583
2063 1911
2064 2499
2065 2141
2066 2579
2067 1934
2068 2010
2069 1699
2070 1119
2071 1588
2072 2018
2073 2801
2074 2077
2075 2220
2076 2169
2077 2088
2078 1806
2079 2215
2080 2304
2081 2021
2082 2124
2083 2033
2084 2338
2085 2245
2086 2292
2087 1380
2088 1798
2089 1567
2090 1695
2091 2951
2092 1287
2093 2240
2094 1678
2095 1665
2096 2030
2097 1967
2098 2038
2099 1610
2100 2518
2101 1824
2102 1960
2103 2349
2104 2242
2105 2152
2106 2033
2107 2356
2108 1963
2109 2062
2110 1657
2111 1831
2112 2278
2113 2126
2114 2306
2115 2210
2116 2292
2117 2693
2118 2138
2119 1810
2120 1303
2121 2092
2122 2417
2123 2714
2124 1615
2125 2065
2126 2243
2127 1481
2128 2661
2129 1952
2130 2209
2131 2237
2132 2250
2133 2345
2134 2392
2135 2403
2136 2417
2137 2131
2138 1994
2139 2200
2140 1743
2141 2362
2142 2747
2143 1970
2144 2529
2145 1825
2146 2328
2147 2368
2148 2123
2149 1696
2150 2128
2151 1919
2152 1774
2153 2172
2154 2790
2155 2130
2156 1780
2157 2441
2158 2126
2159 2240
2160 1793
2161 2693
2162 3053
2163 1856
2164 2061
2165 2477
2166 1816
2167 1885
2168 1687
2169 2284
2170 1749
2171 1749
2172 1742
2173 2128
2174 1960
2175 1878
2176 2075
2177 INF
2178 1770
2179 INF
2180 1732
2181 2258
2182 1628
2183 2072
2184 2471
2185 1931
2186 2165
2187 1944
2188 1844
2189 1370
2190 2100
2191 2875
2192 1873
2193 2386
2194 2187
2195 1890
2196 1666
2197 1660
2198 2989
2199 2888
2200 1658
2201 1861
2202 1736
2203 2444
2204 1327
2205 1834
2206 2774
2207 2161
2208 1855
2209 1971
2210 1899
2211 1961
2212 2346
2213 2091
2214 2118
2215 2121
2216 1508
2217 1756
2218 1875
2219 2375
2220 2394
2221 1844
2222 1763
2223 2064
2224 1894
2225 1231
2226 2043
2227 2033
2228 2169
2229 2197
2230 1486
2231 1566
2232 3030
2233 2092
2234 1874
2235 1940
2236 1832
2237 INF
2238 2509
2239 2509
2240 2317
2241 2124
2242 1323
2243 1724
2244 1444
2245 2539
2246 2405
2247 2870
2248 2337
2249 1858
2250 1790
2251 1870
2252 1586
2253 2042
2254 2383
2255 1698
2256 2186
2257 2158
2258 1847
2259 3218
2260 2123
2261 2347
2262 1843
2263 2055
2264 1082
2265 2345
2266 2633
2267 2382
2268 1519
2269 1562
2270 2091
2271 2255
2272 1749
2273 1786
2274 2110
2275 2187
2276 2365
2277 2224
2278 2418
2279 2219
2280 1837
2281 1645
2282 1960
2283 2205
2284 2091
2285 1948
2286 2175
2287 1970
2288 1987
2289 1953
2290 2437
2291 1308
2292 1620
2293 2283
2294 2742
2295 2147
2296 INF
2297 2157
2298 2087
2299 1889
2300 1768
2301 1767
2302 2201
2303 1935
2304 2221
2305 2008
2306 2057
2307 2087
2308 2491
2309 1978
2310 2221
2311 1926
2312 2242
2313 1977
2314 1714
2315 3301
2316 2079
2317 1398
2318 2369
2319 2200
2320 2286
2321 1010
2322 1839
2323 2279
2324 1617
2325 1760
2326 2005
2327 1186
2328 1929
2329 1616
2330 2492
2331 1925
2332 1828
2333 1796
2334 1830
2335 2012
2336 2587
2337 1604
2338 1815
2339 2492
2340 2336
2341 1911
2342 1702
2343 1940
2344 1835
2345 2165
2346 1424
2347 2108
2348 2122
2349 1934
2350 1549
2351 2209
2352 2050
2353 2241
2354 1842
2355 2367
2356 3167
2357 1263
2358 2151
2359 1816
2360 2278
2361 1957
2362 2344
2363 2114
2364 2098
2365 1952
2366 2091
2367 2477
2368 1770
2369 2247
2370 2166
2371 1842
2372 1763
2373 2085
2374 1943
2375 2403
2376 2098
2377 2021
2378 2229
2379 1802
2380 1964
2381 1881
2382 1783
2383 1763
2384 2360
2385 1708
2386 2298
2387 2232
2388 1834
2389 1915
2390 1523
2391 1653
2392 2491
2393 2072
2394 2096
2395 1461
2396 2296
2397 2229
2398 2178
2399 2076
2400 1726
2401 1723
2402 2587
2403 2059
2404 2131
2405 1711
2406 1537
2407 2117
2408 2296
2409 2024
2410 1678
2411 2091
2412 1985
2413 1442
2414 1750
2415 2142
2416 1902
2417 2376
2418 2094
2419 2400
2420 1727
2421 1881
2422 1774
2423 1521
2424 1872
2425 2567
2426 2239
2427 2111
2428 3115
2429 2454
2430 2030
2431 1750
2432 1967
2433 1269
2434 2074
2435 2222
2436 2362
2437 2091
2438 2009
2439 2171
2440 1609
2441 2269
2442 2014
2443 2274
2444 1511
2445 1833
2446 1816
2447 2533
2448 1946
2449 1647
2450 1972
2451 2302
2452 1547
2453 1719
2454 1786
2455 1761
2456 2286
2457 2852
2458 1505
2459 2458
2460 2285
2461 1963
2462 1951
2463 2091
2464 1753
2465 1820
2466 1681
2467 1851
2468 1782
2469 2159
2470 2359
2471 2014
2472 1284
2473 2230
2474 1994
2475 2385
2476 1954
2477 2266
2478 2163
2479 1874
2480 2443
2481 1914
2482 1673
2483 1765
2484 1671
2485 2695
2486 1877
2487 2504
2488 2279
2489 1923
2490 792
2491 2744
2492 2269
2493 2100
2494 1764
2495 2145
2496 2101
2497 2146
2498 2104
2499 2987
2500 2113
2501 2212
2502 2109
2503 2215
2504 2104
2505 2348
2506 2007
2507 1938
2508 1681
2509 1654
2510 1911
2511 2218
2512 3041
2513 2287
2514 2030
2515 1965
2516 1818
2517 2000
2518 1867
2519 2602
2520 1469
2521 2166
2522 2513
2523 1564
2524 1860
2525 2155
2526 1544
2527 1521
2528 2228
2529 2479
2530 2696
2531 1565
2532 1640
2533 2237
2534 1868
2535 1998
2536 2055
2537 1419
2538 1968
2539 2202
2540 1632
2541 1671
2542 1710
2543 2173
2544 1892
2545 1959
2546 1986
2547 2199
2548 1914
2549 2408
2550 2450
2551 2384
2552 2059
2553 1715
2554 2117
2555 1106
2556 2002
2557 2248
2558 2072
2559 2324
2560 1383
2561 2033
2562 2128
2563 1835
2564 2291
2565 1909
2566 1502
2567 2545
2568 2049
2569 1392
2570 1903
2571 1916
2572 1938
2573 1109
2574 1755
2575 2171
2576 1851
2577 2435
2578 1620
2579 1774
2580 1639
2581 2319
2582 1809
2583 836
2584 1668
2585 1768
2586 1201
2587 1966
2588 2179
2589 2254
2590 1964
2591 2855
2592 1858
2593 1780
2594 1332
2595 2122
2596 1909
2597 2341
2598 1458
2599 2005
2600 1840
2601 2001
2602 3259
2603 1953
2604 2080
2605 2361
2606 1726
2607 2089
2608 1907
2609 1883
2610 2125
2611 1751
2612 2472
2613 1879
2614 2112
2615 2078
2616 1639
2617 2512
2618 1689
2619 1949
2620 1922
2621 2011
2622 1661
2623 2118
2624 2220
2625 2380
2626 1896
2627 1813
2628 1047
2629 2245
2630 2179
2631 2532
2632 1872
2633 1808
2634 1931
2635 2170
2636 1922
2637 1278
2638 2188
2639 2282
2640 2184
2641 2329
2642 2164
2643 2160
2644 2232
2645 2176
2646 1702
2647 2223
2648 1808
2649 1917
2650 2062
2651 1789
2652 2009
2653 1614
2654 1886
2655 1948
2656 3103
2657 2175
2658 1358
2659 2369
2660 2046
2661 2053
2662 1874
2663 1848
2664 1663
2665 2541
2666 1479
2667 1291
2668 1778
2669 2150
2670 1862
2671 2081
2672 2423
2673 1550
2674 1512
2675 1433
2676 1380
2677 2119
2678 1966
2679 2269
2680 1907
2681 2139
2682 2039
2683 1687
2684 2065
2685 1581
2686 2066
2687 2420
2688 1530
2689 1932
2690 2306
2691 1913
2692 1779
2693 1647
2694 1769
2695 1821
2696 2260
2697 2931
2698 2777
2699 2044
2700 1681
2701 2534
2702 2419
2703 2154
2704 2126
2705 1552
2706 2590
2707 INF
2708 1566
2709 2067
2710 2095
2711 2468
2712 2514
2713 1571
2714 1608
2715 2000
2716 1368
2717 2284
2718 1923
2719 1646
2720 2462
2721 2024
2722 2572
2723 2223
2724 2348
2725 1804
2726 1543
2727 1562
2728 1788
2729 2024
2730 1983
2731 2038
2732 2201
2733 1842
2734 1794
2735 1357
2736 2078
2737 2152
2738 2723
2739 1884
2740 2274
2741 2518
2742 1622
2743 2413
2744 2107
2745 2414
2746 2004
2747 2109
2748 2252
2749 2224
2750 1862
2751 2340
2752 1836
2753 1761
2754 1992
2755 2062
2756 1528
2757 2259
2758 1670
2759 2111
2760 2107
2761 1994
2762 1928
2763 2062
2764 1701
2765 2300
2766 2083
2767 2901
2768 1757
2769 1716
2770 2330
2771 2857
2772 2008
2773 1924
2774 1984
2775 1403
2776 2230
2777 2104
2778 1781
2779 2177
2780 1850
2781 1950
2782 2352
2783 2303
2784 2054
2785 1811
2786 1959
2787 1716
2788 2105
2789 2033
2790 2693
2791 1782
2792 1822
2793 1679
2794 2179
2795 2060
2796 1014
2797 2341
2798 2247
2799 2007
2800 1853
2801 1694
2802 1941
2803 2192
2804 2297
2805 1695
2806 1729
2807 2051
2808 1757
2809 3235
2810 2280
2811 2468
2812 2364
2813 1534
2814 1920
2815 2561
2816 1597
2817 2622
2818 2666
2819 2448
2820 1766
2821 2132
2822 2270
2823 1966
2824 1720
2825 1433
2826 1552
2827 1785
2828 1945
2829 1840
2830 2258
2831 2509
2832 2135
2833 2088
2834 2284
2835 1923
2836 2401
2837 1986
2838 1852
2839 1703
2840 1675
2841 1825
2842 2345
2843 1639
2844 2202
2845 1848
2846 1775
2847 1788
2848 2050
2849 2257
2850 2058
2851 2384
2852 1935
2853 3163
2854 2222
2855 1993
2856 2186
2857 2367
2858 1911
2859 1374
2860 2435
2861 2964
2862 1506
2863 2870
2864 1983
2865 2305
2866 1979
2867 2446
2868 2111
2869 2219
2870 1971
2871 1982
2872 2031
2873 2767
2874 1082
2875 2041
2876 2157
2877 2332
2878 1878
2879 2000
2880 2299
2881 2209
2882 1951
2883 1763
2884 2020
2885 1841
2886 2223
2887 2146
2888 2026
2889 2226
2890 2765
2891 1781
2892 1843
2893 1294
2894 1378
2895 2008
2896 1929
2897 1660
2898 2214
2899 2362
2900 1994
2901 1784
2902 1810
2903 2314
2904 1802
2905 1422
2906 2177
2907 2084
2908 1748
2909 2037
2910 2054
2911 2304
2912 2171
2913 2417
2914 1781
2915 1771
2916 1835
2917 2560
2918 2365
2919 2497
2920 2007
2921 2446
2922 1841
2923 1928
2924 1923
2925 1821
2926 1844
2927 1762
2928 2118
2929 1918
2930 1683
2931 2170
2932 1690
2933 1888
2934 2008
2935 1808
2936 1952
2937 1343
2938 1891
2939 INF
2940 1791
2941 2440
2942 1736
2943 1983
2944 2395
2945 2457
2946 2461
2947 2034
2948 1826
2949 2071
2950 1972
2951 2631
2952 2188
2953 1842
2954 1906
2955 1897
2956 2115
2957 2619
2958 1490
2959 2246
2960 2416
2961 2506
2962 1495
2963 2463
2964 2162
2965 1817
2966 2079
2967 1589
2968 2349
2969 1962
2970 1832
2971 1623
2972 1995
2973 2151
2974 2070
2975 1649
2976 2399
2977 2192
2978 2230
2979 1907
2980 2057
2981 2194
2982 2175
2983 3086
2984 1840
2985 2259
2986 1779
2987 2417
2988 1888
2989 1498
2990 1896
2991 2616
2992 2056
2993 2940
2994 2013
2995 2907
2996 2379
2997 1599
2998 1303
2999 2214
3000 2448
3001 1983
3002 2758
3003 1904
3004 1803
3005 1538
3006 2263
3007 2534
3008 1855
3009 1902
3010 2588
3011 2067
3012 1944
3013 787
3014 1605
3015 2420
3016 1966
3017 1953
3018 2156
3019 1849
3020 2231
3021 2537
3022 2305
3023 2158
3024 2884
3025 1986
3026 1926
3027 2522
3028 1340
3029 1514
3030 1715
3031 2117
3032 2259
3033 1656
3034 1401
3035 2938
3036 2031
3037 1954
3038 1685
3039 1711
3040 1843
3041 1993
3042 1990
3043 2255
3044 1787
3045 2290
3046 1710
3047 2131
3048 2441
3049 2257
3050 2064
3051 1715
3052 2352
3053 1872
3054 2572
3055 2392
3056 2439
3057 1800
3058 2497
3059 1590
3060 2094
3061 2175
3062 1612
3063 2125
3064 1629
3065 1955
3066 2355
3067 1981
3068 2135
3069 1855
3070 2304
3071 2549
3072 2134
3073 2185
3074 2318
3075 2366
3076 1556
3077 1952
3078 2321
3079 1832
3080 1911
3081 1956
3082 1865
3083 1393
3084 1780
3085 2613
3086 2290
3087 1823
3088 2198
3089 2505
3090 2642
3091 2542
3092 2755
3093 1963
3094 2160
3095 2023
3096 2063
3097 2133
3098 2085
3099 1976
3100 2403
3101 1325
3102 2105
3103 1915
3104 1519
3105 2198
3106 1683
3107 1395
3108 2637
3109 1536
3110 1572
3111 1958
3112 2055
3113 2038
3114 2445
3115 1713
3116 2141
3117 2283
3118 1826
3119 2007
3120 2414
3121 2306
3122 1685
3123 2121
3124 1877
3125 1629
3126 2143
3127 2333
3128 1601
3129 2207
3130 2217
3131 2301
3132 1936
3133 2008
3134 2426
3135 2237
3136 2420
3137 2011
3138 1871
3139 1979
3140 2245
3141 1339
3142 2789
3143 1953
3144 1712
3145 1663
3146 1799
3147 1837
3148 2129
3149 1831
3150 2161
3151 2782
3152 2055
3153 2313
3154 1878
3155 1625
3156 2411
3157 1421
3158 1594
3159 2072
3160 2483
3161 2093
3162 2017
3163 1752
3164 2130
3165 2002
3166 1940
3167 1759
3168 2089
3169 2123
3170 2205
3171 1990
3172 1028
3173 2216
3174 1896
3175 1786
3176 2030
3177 1987
3178 1797
3179 1748
3180 2532
3181 1468
3182 2956
3183 2024
3184 2033
3185 1888
3186 2164
3187 2546
3188 1646
3189 1678
3190 2291
3191 1987
3192 2269
3193 2549
3194 2462
3195 1980
3196 1818
3197 2198
3198 2225
3199 2012
3200 2406
3201 1954
3202 2771
3203 2769
3204 1699
3205 2115
3206 2096
3207 2133
3208 1965
3209 2000
3210 1782
3211 2084
3212 2174
3213 2033
3214 2046
3215 1918
3216 1698
3217 1713
3218 1711
3219 2442
3220 2124
3221 2139
3222 2434
3223 2260
3224 2069
3225 2637
3226 2651
3227 2444
3228 2372
3229 1462
3230 1330
3231 1728
3232 1870
3233 1759
3234 2028
3235 1201
3236 1587
3237 2451
3238 1790
3239 2476
3240 1389
3241 2186
3242 1677
3243 2014
3244 2054
3245 2483
3246 2425
3247 1929
3248 2234
3249 2249
3250 2119
3251 1651
3252 2047
3253 2011
3254 1808
3255 1781
3256 1989
3257 2183
3258 3025
3259 1953
3260 1820
3261 2203
3262 1934
3263 1702
3264 1782
3265 1923
3266 2058
3267 2419
3268 1643
3269 2964
3270 1837
3271 2285
3272 1336
3273 1589
3274 2858
3275 2088
3276 1787
3277 1585
3278 2292
3279 2249
3280 1649
3281 1804
3282 2229
3283 1941
3284 1941
3285 1962
3286 2182
3287 2114
3288 1673
3289 2298
3290 1629
3291 1780
3292 1726
3293 1842
3294 2514
3295 1637
3296 1255
3297 2438
3298 2208
3299 1848
3300 1771
3301 1869
3302 2260
3303 1788
3304 2264
3305 1887
3306 1720
3307 2367
3308 1692
3309 2145
3310 2226
3311 1855
3312 1937
3313 1655
3314 1766
3315 2322
3316 2177
3317 INF
3318 2523
3319 1793
3320 1269
3321 1375
3322 1827
3323 2289
3324 2499
3325 2243
3326 1666
3327 2413
3328 1432
3329 2084
3330 1400
3331 2188
3332 2060
3333 2453
3334 2191
3335 2428
3336 2294
3337 1592
3338 2194
3339 1879
3340 2045
3341 2642
3342 2063
3343 2407
3344 2130
3345 2401
3346 2180
3347 2154
3348 1909
3349 1945
3350 1565
3351 1955
3352 2142
3353 1867
3354 2114
3355 2081
3356 2169
3357 1911
3358 1770
3359 1994
3360 1905
3361 2117
3362 2024
3363 2816
3364 2090
3365 2231
3366 INF
3367 1529
3368 1836
3369 2093
3370 1388
3371 1825
3372 1771
3373 1758
3374 2151
3375 1762
3376 2296
3377 2789
3378 2004
3379 2044
3380 1668
3381 2816
3382 2719
3383 2878
3384 1785
3385 2239
3386 1930
3387 1783
3388 1711
3389 2076
3390 2317
3391 2049
3392 2172
3393 1640
3394 1616
3395 1537
3396 2604
3397 2084
3398 2050
3399 2207
3400 1687
3401 1645
3402 1823
3403 1941
3404 1760
3405 2001
3406 1893
3407 1537
3408 1615
3409 1729
3410 2584
3411 2246
3412 1782
3413 2172
3414 2325
3415 1149
3416 2759
3417 2836
3418 2336
3419 2186
3420 1845
3421 1610
3422 2317
3423 2023
3424 1944
3425 2196
3426 3264
3427 2375
3428 1565
3429 2371
3430 1735
3431 2192
3432 1602
3433 2214
3434 1993
3435 1963
3436 2248
3437 2215
3438 1880
3439 2415
3440 2146
3441 2582
3442 1900
3443 2058
3444 2091
3445 1728
3446 2254
3447 1846
3448 1849
3449 2149
3450 2200
3451 1908
3452 2212
3453 2244
3454 1776
3455 2743
3456 3014
3457 1172
3458 1479
3459 2014
3460 2746
3461 1719
3462 2012
3463 2507
3464 2123
3465 2227
3466 2193
3467 2513
3468 2023
3469 2593
3470 1784
3471 2267
3472 1607
3473 1461
3474 2507
3475 2158
3476 1882
3477 1889
3478 2301
3479 1374
3480 2042
3481 1896
3482 2283
3483 1823
3484 2611
3485 2481
3486 2579
3487 1922
3488 2221
3489 2107
3490 2118
3491 1842
3492 1846
3493 1791
3494 2551
3495 2610
3496 2160
3497 1481
3498 2683
3499 2618
3500 2064
3501 2607
3502 2411
3503 1992
3504 2332
3505 2247
3506 2323
3507 2586
3508 1864
3509 1941
3510 1653
3511 1915
3512 1983
3513 2232
3514 2029
3515 2504
3516 1809
3517 1968
3518 2338
3519 2411
3520 2713
3521 1747
3522 1770
3523 2292
3524 1940
3525 2173
3526 2069
3527 1408
3528 2456
3529 2125
3530 2196
3531 1854
3532 2065
3533 1754
3534 3153
3535 2010
3536 2988
3537 1732
3538 1256
3539 3635
3540 2135
3541 2086
3542 1943
3543 2678
3544 2314
3545 2078
3546 1933
3547 1888
3548 1954
3549 2089
3550 2199
3551 2379
3552 1845
3553 2118
3554 1401
3555 1153
3556 1730
3557 2318
3558 1628
3559 2006
3560 1699
3561 2749
3562 1648
3563 2563
3564 2170
3565 2208
3566 1905
3567 2054
3568 1690
3569 2284
3570 1734
3571 2337
3572 1964
3573 2650
3574 1208
3575 1848
3576 2127
3577 2283
3578 1133
3579 1914
3580 1521
3581 2023
3582 1790
3583 2368
3584 1712
3585 2048
3586 1982
3587 2428
3588 1357
3589 1950
3590 1996
3591 1755
3592 2892
3593 2632
3594 2232
3595 1094
3596 2244
3597 1795
3598 2249
3599 2366
3600 2377
3601 2293
3602 1938
3603 2177
3604 2190
3605 2089
3606 2365
3607 1480
3608 2205
3609 1337
3610 1889
3611 1838
3612 1957
3613 2251
3614 1751
3615 1779
3616 2790
3617 1737
3618 2289
3619 2775
3620 2270
3621 2070
3622 2266
3623 1729
3624 2003
3625 1551
3626 2144
3627 1954
3628 2122
3629 2404
3630 2892
3631 2286
3632 2066
3633 2208
3634 1486
3635 2481
3636 2072
3637 2250
3638 1842
3639 2065
3640 2126
3641 1928
3642 1862
3643 1873
3644 2086
3645 1928
3646 1624
3647 2448
3648 1639
3649 1983
3650 2277
3651 1918
3652 2241
3653 1690
3654 1820
3655 1899
3656 1825
3657 1864
3658 2077
3659 1459
3660 1973
3661 2056
3662 1967
3663 2525
3664 2093
3665 2282
3666 1681
3667 1572
3668 2022
3669 2072
3670 3171
3671 2424
3672 1795
3673 1422
3674 1270
3675 2165
3676 1759
3677 2093
3678 2307
3679 2207
3680 2012
3681 2432
3682 2028
3683 2070
3684 1975
3685 1887
3686 2396
3687 2457
3688 1911
3689 2543
3690 2004
3691 2025
3692 1748
3693 2152
3694 2165
3695 2791
3696 1792
3697 2111
3698 1587
3699 2409
3700 2302
3701 1975
3702 1520
3703 1702
3704 2175
3705 1195
3706 2246
3707 2267
3708 2057
3709 2079
3710 1993
3711 1900
3712 2230
3713 2381
3714 2112
3715 2524
3716 2267
3717 2242
3718 2143
3719 2243
3720 1768
3721 1632
3722 1524
3723 1426
3724 1381
3725 2282
3726 2257
3727 2015
3728 1941
3729 3225
3730 2336
3731 3094
3732 1987
3733 1535
3734 1995
3735 1972
3736 2156
3737 2210
3738 1676
3739 2011
3740 2204
3741 1817
3742 1819
3743 2230
3744 2104
3745 2130
3746 1878
3747 2055
3748 2080
3749 1632
3750 1707
3751 2283
3752 1974
3753 1981
3754 2468
3755 1872
3756 2546
3757 2440
3758 INF
3759 2664
3760 1715
3761 2138
3762 2082
3763 2224
3764 1815
3765 2176
3766 2206
3767 2331
3768 2353
3769 2075
3770 2061
3771 2546
3772 1443
3773 2228
3774 1849
3775 2913
3776 1761
3777 2347
3778 1973
3779 INF
3780 2210
3781 2102
3782 2562
3783 1465
3784 2092
3785 2274
3786 2765
3787 2589
3788 1583
3789 2017
3790 2468
3791 1650
3792 2188
3793 1985
3794 1747
3795 2810
3796 2271
3797 1520
3798 1785
3799 1625
3800 2011
3801 2038
3802 1628
3803 2358
3804 2149
3805 1798
3806 2139
3807 1907
3808 2136
3809 2348
3810 2061
3811 1527
3812 2166
3813 2035
3814 2098
3815 2249
3816 1965
3817 2104
3818 2072
3819 2196
3820 1691
3821 2427
3822 2015
3823 2432
3824 2275
3825 2250
3826 2121
3827 2136
3828 1978
3829 2193
3830 2114
3831 1973
3832 2331
3833 1754
3834 2366
3835 2073
3836 1791
3837 2087
3838 1601
3839 2872
3840 1906
3841 2145
3842 1932
3843 2388
3844 1480
3845 1716
3846 1621
3847 1653
3848 2203
3849 2688
3850 2177
3851 2615
3852 2151
3853 1997
3854 2079
3855 2321
3856 2909
3857 2093
3858 2317
3859 1558
3860 1850
3861 2258
3862 2124
3863 1673
3864 2318
3865 1957
3866 2065
3867 2506
3868 1718
3869 1966
3870 2224
3871 1795
3872 1955
3873 2408
3874 1888
3875 INF
3876 1718
3877 1406
3878 1744
3879 2779
3880 2221
3881 1870
3882 2384
3883 1511
3884 2156
3885 1934
3886 1996
3887 2449
3888 2036
3889 1927
3890 1744
3891 2592
3892 1860
3893 1290
3894 2523
3895 1295
3896 2867
3897 1955
3898 2281
3899 2126
3900 2092
3901 3178
3902 2192
3903 1418
3904 2385
3905 1709
3906 1233
3907 3015
3908 1740
3909 1836
3910 1872
3911 1710
3912 2088
3913 2120
3914 2131
3915 2739
3916 2399
3917 2153
3918 1982
3919 2090
3920 2252
3921 1677
3922 2532
3923 3245
3924 1691
3925 1944
3926 2522
3927 2100
3928 2571
3929 1998
3930 1862
3931 2465
3932 2009
3933 1850
3934 1898
3935 2047
3936 2563
3937 1659
3938 2001
3939 2582
3940 2125
3941 1975
3942 2198
3943 1806
3944 1401
3945 2278
3946 2645
3947 2049
3948 2019
3949 1800
3950 1782
3951 2019
3952 1820
3953 2305
3954 2108
3955 2102
3956 2193
3957 2352
3958 2182
3959 2798
3960 2449
3961 1582
3962 1793
3963 1939
3964 2017
3965 1881
3966 2024
3967 1735
3968 1905
3969 1622
3970 1979
3971 1791
3972 2368
3973 1952
3974 1732
3975 2400
3976 1958
3977 1932
3978 2033
3979 2239
3980 2065
3981 2405
3982 2205
3983 932
3984 2468
3985 2125
3986 1955
3987 1783
3988 3136
3989 2361
3990 1967
3991 1868
3992 1395
3993 1911
3994 2091
3995 2397
3996 2820
3997 2082
3998 2134
3999 1935
4000 1618
4001 1789
4002 1955
4003 2231
4004 1987
4005 1582
4006 1640
4007 2364
4008 1363
4009 1694
4010 1719
4011 2175
4012 2442
4013 1764
4014 2130
4015 2020
4016 2299
4017 2061
4018 2300
4019 1610
4020 1687
4021 1577
4022 2070
4023 2197
4024 2421
4025 2121
4026 2240
4027 2431
4028 2047
4029 1939
4030 1908
4031 2430
4032 1848
4033 2198
4034 2068
4035 2159
4036 2162
4037 1920
4038 2381
4039 2138
4040 2035
4041 1909
4042 1716
4043 1885
4044 1784
4045 2225
4046 2687
4047 2393
4048 1950
4049 2462
4050 1268
4051 2099
4052 2001
4053 2184
4054 1541
4055 2220
4056 1277
4057 1523
4058 2425
4059 1786
4060 1998
4061 2082
4062 2402
4063 2310
4064 1875
4065 2551
4066 1934
4067 1402
4068 1468
4069 2504
4070 2235
4071 2270
4072 1774
4073 2179
4074 1693
4075 2375
4076 2506
4077 1988
4078 1560
4079 1745
4080 2491
4081 1847
4082 1947
4083 1904
4084 2511
4085 INF
4086 1636
4087 1843
4088 1652
4089 2115
4090 2196
4091 2419
4092 2010
4093 2036
4094 1237
4095 2778
4096 2133
4097 1717
4098 1762
4099 1870
4100 2503
4101 2066
4102 1956
4103 1440
4104 1659
4105 2428
4106 2165
4107 1889
4108 1744
4109 2862
4110 509
4111 2260
4112 2484
4113 2137
4114 1712
4115 1427
4116 2084
4117 2741
4118 2035
4119 1620
4120 1376
4121 2376
4122 1120
4123 2053
4124 2181
4125 1945
4126 1867
4127 1651
4128 2000
4129 2509
4130 2274
4131 1616
4132 2390
4133 1826
4134 2086
4135 1847
4136 1783
4137 2403
4138 1993
4139 2373
4140 1787
4141 2119
4142 2477
4143 2012
4144 2484
4145 2363
4146 1711
4147 2268
4148 2163
4149 1997
4150 2355
4151 1837
4152 1997
4153 2047
4154 2298
4155 1978
4156 INF
4157 2030
4158 2227
4159 1878
4160 2253
4161 2057
4162 1804
4163 1961
4164 2214
4165 2428
4166 1883
4167 3045
4168 2064
4169 1700
4170 2426
4171 1965
4172 2274
4173 2113
4174 1731
4175 2345
4176 2438
4177 2102
4178 2477
4179 1481
4180 2184
4181 2456
4182 1870
4183 2687
4184 2152
4185 2200
4186 2146
4187 2520
4188 1932
4189 2198
4190 2082
4191 2079
4192 1516
4193 1995
4194 1947
4195 1079
4196 2090
4197 2022
4198 1516
4199 1795
4200 2629
4201 2409
4202 INF
4203 2023
4204 1630
4205 2441
4206 1847
4207 2034
4208 2129
4209 2475
4210 2248
4211 2142
4212 2066
4213 1434
4214 1648
4215 1757
4216 2590
4217 1984
4218 2187
4219 2938
4220 2288
4221 1729
4222 2337
4223 1746
4224 2235
4225 2135
4226 INF
4227 1559
4228 2127
4229 1988
4230 1030
4231 2089
4232 1606
4233 1955
4234 2211
4235 2355
4236 2424
4237 2105
4238 2054
4239 2406
4240 2504
4241 2603
4242 2964
4243 2369
4244 2047
4245 3267
4246 1182
4247 1189
4248 2235
4249 2597
4250 2031
4251 2201
4252 1969
4253 2118
4254 1919
4255 2422
4256 1921
4257 2120
4258 2195
4259 1585
4260 1763
4261 1657
4262 2359
4263 2110
4264 1985
4265 2032
4266 2207
4267 1697
4268 3431
4269 1715
4270 1725
4271 1427
4272 1500
4273 2110
4274 1807
4275 2504
4276 1901
4277 1211
4278 2024
4279 1560
4280 2266
4281 1829
4282 1760
4283 2620
4284 1428
4285 1847
4286 2138
4287 2090
4288 2202
4289 1900
4290 2589
4291 1948
4292 1955
4293 2133
4294 2145
4295 2246
4296 858
4297 1696
4298 1943
4299 2409
4300 2039
4301 1729
4302 2088
4303 2515
4304 2557
4305 1890
4306 1452
4307 2271
4308 1587
4309 2323
4310 1821
4311 2180
4312 2086
4313 2125
4314 1750
4315 1802
4316 2006
4317 2080
4318 1812
4319 1461
4320 2498
4321 1739
4322 1421
4323 2352
4324 2006
4325 2053
4326 1825
4327 1963
4328 2259
4329 2026
4330 1801
4331 2098
4332 2373
4333 1631
4334 2106
4335 1184
4336 1300
4337 1749
4338 2018
4339 2376
4340 1823
4341 1657
4342 1275
4343 2150
4344 1936
4345 1485
4346 1853
4347 2213
4348 1504
4349 2635
4350 2256
4351 2011
4352 1953
4353 2459
4354 1933
4355 1693
4356 2558
4357 1942
4358 1850
4359 1796
4360 1833
4361 1251
4362 1933
4363 2180
4364 2151
4365 2152
4366 1898
4367 1483
4368 2036
4369 1665
4370 2315
4371 1972
4372 1740
4373 1805
4374 1848
4375 2422
4376 1772
4377 2563
4378 1823
4379 1820
4380 2191
4381 2746
4382 2127
4383 2311
4384 1975
4385 2104
4386 1606
4387 1927
4388 2658
4389 2107
4390 963
4391 2152
4392 1776
4393 2536
4394 3006
4395 1993
4396 1717
4397 1672
4398 1857
4399 2465
4400 2014
4401 2129
4402 1771
4403 2186
4404 2953
4405 1347
4406 1630
4407 1703
4408 1967
4409 2303
4410 1594
4411 2969
4412 2186
4413 1831
4414 2123
4415 1910
4416 1854
4417 1575
4418 2708
4419 2059
4420 1489
4421 1524
4422 2156
4423 2718
4424 1414
4425 1831
4426 2129
4427 1562
4428 1972
4429 2074
4430 1795
4431 712
4432 1920
4433 2419
4434 1595
4435 2020
4436 1710
4437 2328
4438 1830
4439 2047
4440 2016
4441 1737
4442 2196
4443 1821
4444 1740
4445 2072
4446 1153
4447 2077
4448 2014
4449 1501
4450 1769
4451 1281
4452 1983
4453 1936
4454 1851
4455 2070
4456 2134
4457 2578
4458 2000
4459 1869
4460 1878
4461 1359
4462 2075
4463 2433
4464 1752
4465 2088
4466 2088
4467 1974
4468 2247
4469 2764
4470 2146
4471 1880
4472 1932
4473 1651
4474 1628
4475 1642
4476 2221
4477 2373
4478 2162
4479 1702
4480 2595
4481 2173
4482 2100
4483 1708
4484 2201
4485 1545
4486 2109
4487 1681
4488 2189
4489 2014
4490 2462
4491 2295
4492 2371
4493 1934
4494 1804
4495 1603
4496 1452
4497 1978
4498 2090
4499 2092
4500 2213
4501 1648
4502 1705
4503 2061
4504 2818
4505 1894
4506 1809
4507 2645
4508 1651
4509 2213
4510 1707
4511 2068
4512 1412
4513 1566
4514 2236
4515 2206
4516 2174
4517 2392
4518 2122
4519 2027
4520 1455
4521 1486
4522 1486
4523 1834
4524 2200
4525 2058
4526 1782
4527 2304
4528 2386
4529 1989
4530 2263
4531 2013
4532 2272
4533 2218
4534 1830
4535 2256
4536 1614
4537 2335
4538 2647
4539 2884
4540 1962
4541 1898
4542 2019
4543 2490
4544 1661
4545 2003
4546 2668
4547 2378
4548 1751
4549 2826
4550 2364
4551 2176
4552 2529
4553 2013
4554 1840
4555 1812
4556 1918
4557 1538
4558 2124
4559 1711
4560 1967
4561 1474
4562 2101
4563 2415
4564 2580
4565 2244
4566 2014
4567 2226
4568 2823
4569 1745
4570 INF
4571 1949
4572 2042
4573 2179
4574 2191
4575 2141
4576 2057
4577 2237
4578 2417
4579 2089
4580 2713
4581 2168
4582 2302
4583 2202
4584 1015
4585 2200
4586 2500
4587 2363
4588 2551
4589 2157
4590 1705
4591 2430
4592 2028
4593 2245
4594 1871
4595 1767
4596 1798
4597 1654
4598 1915
4599 3000
4600 2046
4601 2027
4602 1345
4603 2317
4604 2224
4605 1723
4606 2322
4607 2446
4608 2050
4609 1914
4610 1704
4611 1689
4612 2027
4613 2108
4614 2333
4615 2361
4616 1971
4617 1623
4618 1988
4619 1816
4620 1385
4621 2205
4622 1911
4623 2090
4624 1745
4625 2245
4626 1849
4627 2338
4628 2565
4629 1992
4630 2047
4631 2044
4632 2071
4633 1682
4634 2117
4635 2105
4636 2023
4637 1895
4638 1779
4639 2279
4640 2366
4641 1640
4642 1992
4643 2447
4644 2279
4645 INF
4646 2461
4647 1807
4648 2093
4649 1838
4650 1692
4651 2464
4652 1672
4653 1933
4654 2096
4655 2685
4656 1974
4657 2219
4658 1826
4659 2284
4660 1755
4661 2300
4662 2534
4663 2105
4664 1938
4665 1497
4666 1950
4667 2248
4668 1801
4669 1427
4670 1970
4671 1864
4672 2505
4673 1564
4674 2300
4675 1740
4676 1662
4677 2226
4678 2354
4679 1983
4680 2037
4681 2135
4682 1959
4683 1857
4684 2424
4685 2021
4686 2149
4687 3163
4688 1788
4689 2031
4690 1769
4691 1565
4692 1347
4693 1721
4694 2093
4695 2298
4696 1250
4697 2260
4698 1854
4699 2432
4700 1667
4701 2014
4702 1660
4703 1437
4704 2532
4705 2529
4706 2088
4707 2241
4708 3144
4709 2369
4710 2353
4711 1992
4712 2149
4713 1670
4714 1297
4715 1833
4716 1803
4717 1879
4718 1934
4719 1624
4720 2697
4721 2656
4722 2322
4723 2007
4724 1963
4725 2333
4726 2031
4727 1926
4728 2080
4729 1989
4730 2057
4731 1937
4732 2380
4733 1354
4734 2087
4735 2389
4736 1644
4737 1694
4738 1602
4739 1872
4740 2044
4741 1874
4742 1565
4743 2645
4744 2182
4745 2510
4746 2116
4747 2013
4748 1886
4749 1498
4750 1862
4751 1952
4752 1706
4753 2095
4754 1870
4755 2577
4756 2500
4757 2038
4758 1723
4759 2206
4760 1886
4761 2102
4762 2191
4763 1992
4764 1904
4765 2214
4766 2045
4767 2064
4768 1837
4769 2125
4770 2800
4771 2458
4772 2208
4773 1941
4774 2485
4775 1384
4776 2655
4777 2127
4778 1627
4779 2307
4780 1711
4781 2271
4782 2290
4783 2365
4784 2041
4785 2076
4786 1626
4787 1939
4788 2352
4789 2464
4790 2118
4791 1791
4792 1875
4793 1961
4794 1304
4795 1734
4796 2177
4797 2055
4798 1708
4799 2156
4800 2353
4801 1667
4802 3044
4803 2214
4804 2896
4805 1608
4806 1818
4807 1984
4808 2417
4809 2062
4810 1649
4811 1047
4812 2022
4813 1846
4814 2315
4815 1408
4816 1386
4817 2021
4818 2100
4819 1848
4820 1763
4821 1774
4822 1942
4823 1537
4824 2583
4825 2046
4826 1889
4827 1526
4828 1954
4829 2654
4830 1749
4831 1977
4832 2270
4833 2007
4834 1731
4835 1289
4836 2136
4837 2321
4838 2329
4839 2674
4840 2020
4841 2056
4842 2475
4843 1820
4844 1235
4845 2227
4846 2248
4847 1956
4848 1183
4849 1976
4850 1534
4851 2453
4852 1950
4853 1855
4854 2818
4855 2674
4856 2889
4857 1788
4858 2028
4859 2349
4860 2109
4861 1658
4862 1901
4863 2487
4864 2154
4865 2260
4866 2735
4867 1901
4868 2491
4869 1877
4870 2121
4871 1644
4872 1723
4873 1580
4874 1424
4875 2228
4876 1735
4877 2408
4878 2430
4879 1925
4880 2817
4881 2043
4882 1776
4883 2092
4884 1784
4885 1638
4886 2203
4887 2513
4888 1980
4889 1949
4890 2040
4891 2154
4892 2097
4893 2878
4894 2754
4895 1922
4896 2208
4897 2439
4898 1700
4899 2086
4900 1775
4901 2090
4902 2149
4903 1672
4904 2630
4905 2762
4906 2447
4907 1973
4908 2100
4909 2859
4910 1259
4911 1650
4912 2009
4913 1053
4914 1850
4915 2293
4916 2357
4917 2029
4918 1705
4919 1464
4920 1728
4921 1994
4922 1959
4923 2207
4924 1937
4925 1986
4926 2509
4927 2387
4928 2053
4929 2059
4930 1554
4931 2745
4932 2583
4933 2279
4934 1741
4935 1937
4936 1800
4937 2050
4938 2056
4939 2362
4940 1802
4941 2183
4942 1627
4943 2146
4944 2126
4945 2878
4946 1931
4947 1932
4948 2454
4949 2160
4950 1862
4951 2269
4952 2028
4953 1740
4954 2543
4955 2143
4956 2098
4957 1824
4958 1758
4959 2409
4960 2053
4961 1368
4962 1926
4963 1334
4964 2229
4965 1641
4966 2291
4967 2141
4968 2537
4969 1747
4970 1433
4971 762
4972 3585
4973 1379
4974 1801
4975 1919
4976 1810
4977 1907
4978 2653
4979 2083
4980 1761
4981 1994
4982 2239
4983 1539
4984 2273
4985 2306
4986 2264
4987 1689
4988 2284
4989 2028
4990 2379
4991 1517
4992 1965
4993 2566
4994 2490
4995 1777
4996 2359
4997 1995
4998 2387
4999 2056
5000 2327
5001 2115
5002 1796
5003 1823
5004 2114
5005 2004
5006 1830
5007 1616
5008 2187
5009 1567
5010 2138
5011 1814
5012 1349
5013 2075
5014 1244
5015 2154
5016 1842
5017 1986
5018 2157
5019 2213
5020 2537
5021 2420
5022 2005
5023 1943
5024 2439
5025 2985
5026 2165
5027 2212
5028 2463
5029 2539
5030 2512
5031 1596
5032 1754
5033 2283
5034 2169
5035 1821
5036 2188
5037 2032
5038 2608
5039 2118
5040 1952
5041 2607
5042 1972
5043 2435
5044 2810
5045 2126
5046 2003
5047 1274
5048 2368
5049 1528
5050 1834
5051 1927
5052 1767
5053 2039
5054 2296
5055 1988
5056 2019
5057 2145
5058 1939
5059 INF
5060 2371
5061 1464
5062 2458
5063 1657
5064 1461
5065 2434
5066 1911
5067 1575
5068 2013
5069 2361
5070 2161
5071 1825
5072 1683
5073 2252
5074 1932
5075 2272
5076 2288
5077 2436
5078 2399
5079 2117
5080 1969
5081 2261
5082 1796
5083 1889
5084 2281
5085 1315
5086 2500
5087 1623
5088 1774
5089 1874
5090 2237
5091 2477
5092 1904
5093 1824
5094 1376
5095 1560
5096 1958
5097 3127
5098 2085
5099 1961
5100 2587
5101 2119
5102 INF
5103 2119
5104 1958
5105 2212
5106 2098
5107 1638
5108 2413
5109 1373
5110 1794
5111 2683
5112 1385
5113 2118
5114 1791
5115 1796
5116 2242
5117 1373
5118 1767
5119 2648
5120 2617
5121 2326
5122 2250
5123 2183
5124 1483
5125 2226
5126 1445
5127 1928
5128 2124
5129 832
5130 2846
5131 1982
5132 1793
5133 1838
5134 1757
5135 1791
5136 2395
5137 2160
5138 2372
5139 2165
5140 1880
5141 2453
5142 2733
5143 1611
5144 1624
5145 2569
5146 1798
5147 2341
5148 2358
5149 2071
5150 2651
5151 2113
5152 1079
5153 1524
5154 1910
5155 2241
5156 2150
5157 1970
5158 2240
5159 2444
5160 2441
5161 1664
5162 2251
5163 2442
5164 1952
5165 2255
5166 2163
5167 1966
5168 1930
5169 2184
5170 2321
5171 2381
5172 2098
5173 2380
5174 2134
5175 2124
5176 2142
5177 2463
5178 1688
5179 995
5180 2001
5181 1957
5182 2199
5183 1569
5184 2215
5185 2205
5186 2144
5187 2272
5188 1696
5189 2289
5190 1557
5191 2100
5192 2480
5193 1746
5194 2209
5195 2608
5196 1751
5197 2207
5198 1548
5199 1742
5200 2324
5201 2039
5202 1864
5203 1925
5204 2288
5205 2784
5206 2050
5207 2065
5208 2773
5209 1508
5210 2016
5211 2021
5212 1361
5213 2875
5214 2185
5215 2283
5216 2505
5217 1887
5218 1749
5219 2020
5220 1790
5221 2469
5222 1503
5223 2569
5224 2691
5225 1844
5226 1601
5227 2009
5228 2381
5229 1837
5230 1932
5231 1942
5232 2057
5233 2091
5234 1129
5235 2279
5236 1755
5237 1959
5238 1739
5239 2760
5240 1485
5241 2327
5242 1486
5243 1912
5244 2413
5245 2165
5246 1923
5247 1601
5248 1877
5249 1600
5250 1891
5251 2014
5252 INF
5253 1777
5254 1596
5255 1564
5256 2200
5257 2126
5258 2152
5259 2003
5260 1598
5261 1674
5262 1529
5263 1467
5264 2029
5265 2420
5266 2522
5267 2547
5268 1468
5269 1354
5270 2490
5271 1782
5272 1891
5273 2002
5274 1927
5275 2434
5276 1337
5277 2371
5278 1951
5279 1814
5280 1699
5281 1768
5282 2698
5283 2702
5284 1797
5285 1865
5286 1891
5287 2040
5288 2163
5289 1953
5290 2071
5291 2124
5292 2235
5293 2291
5294 1170
5295 2150
5296 1903
5297 2077
5298 3094
5299 1544
5300 2351
5301 2305
5302 2372
5303 2098
5304 2246
5305 INF
5306 2239
5307 1873
5308 2170
5309 1675
5310 2735
5311 1674
5312 2623
5313 1888
5314 1859
5315 2358
5316 2109
5317 2328
5318 1802
5319 2135
5320 2477
5321 1953
5322 1847
5323 1979
5324 2897
5325 1859
5326 2245
5327 2411
5328 2226
5329 2215
5330 1225
5331 1560
5332 1987
5333 2616
5334 1945
5335 2200
5336 2054
5337 1659
5338 2157
5339 2187
5340 1459
5341 1804
5342 2459
5343 1954
5344 2992
5345 1871
5346 1412
5347 2553
5348 2392
5349 2520
5350 2334
5351 1704
5352 2400
5353 2051
5354 2510
5355 2005
5356 1674
5357 1660
5358 2291
5359 2230
5360 1499
5361 1439
5362 1363
5363 1753
5364 1497
5365 1974
5366 2338
5367 2346
5368 2314
5369 1973
5370 1823
5371 1532
5372 2224
5373 2582
5374 2536
5375 1825
5376 2358
5377 1893
5378 2083
5379 2098
5380 INF
5381 2066
5382 1919
5383 2125
5384 2129
5385 2428
5386 2087
5387 2219
5388 1987
5389 1823
5390 3014
5391 2713
5392 2570
5393 2035
5394 2115
5395 1986
5396 2380
5397 1947
5398 1276
5399 2389
5400 1390
5401 1922
5402 2097
5403 2243
5404 1701
5405 1433
5406 2642
5407 1818
5408 2187
5409 1985
5410 1772
5411 2059
5412 2063
5413 2538
5414 1841
5415 2230
5416 1804
5417 2217
5418 2040
5419 2071
5420 2039
5421 2240
5422 2432
5423 1574
5424 1860
5425 2325
5426 1662
5427 2509
5428 1723
5429 2078
5430 2262
5431 1650
5432 1515
5433 2766
5434 1494
5435 1811
5436 2199
5437 1863
5438 1621
5439 1716
5440 2190
5441 2267
5442 2066
5443 745
5444 2254
5445 2087
5446 2438
5447 2388
5448 2313
5449 2204
5450 1683
5451 2285
5452 2060
5453 2106
5454 1982
5455 2200
5456 2271
5457 2326
5458 2114
5459 2215
5460 1813
5461 2195
5462 2406
5463 2003
5464 1875
5465 2012
5466 2081
5467 2308
5468 1721
5469 2966
5470 2001
5471 2357
5472 2126
5473 1597
5474 2370
5475 2979
5476 2059
5477 1643
5478 2570
5479 2565
5480 1784
5481 2375
5482 2202
5483 1409
5484 1461
5485 2553
5486 2345
5487 1905
5488 1795
5489 2061
5490 2343
5491 1659
5492 2347
5493 2462
5494 2141
5495 1812
5496 1577
5497 1770
5498 1998
5499 2195
5500 2269
5501 1993
5502 1906
5503 1916
5504 1675
5505 1972
5506 1939
5507 1645
5508 2214
5509 1823
5510 2210
5511 1543
5512 1931
5513 2732
5514 1174
5515 2243
5516 1644
5517 2205
5518 2013
5519 1966
5520 2134
5521 2144
5522 2193
5523 2128
5524 2520
5525 2511
5526 1492
5527 1938
5528 1941
5529 2122
5530 2247
5531 1737
5532 2009
5533 2859
5534 2060
5535 1858
5536 1785
5537 2026
5538 1897
5539 2073
5540 2169
5541 2496
5542 2001
5543 2107
5544 2211
5545 2203
5546 1655
5547 2310
5548 2692
5549 487
5550 2933
5551 2088
5552 2236
5553 2417
5554 1881
5555 2507
5556 2359
5557 2087
5558 1431
5559 2466
5560 2125
5561 1857
5562 1960
5563 1969
5564 1634
5565 2063
5566 2455
5567 1431
5568 1630
5569 1788
5570 2567
5571 2598
5572 1917
5573 2131
5574 1883
5575 1393
5576 1642
5577 2670
5578 2171
5579 1818
5580 2354
5581 1391
5582 1811
5583 1794
5584 2337
5585 1983
5586 2353
5587 2049
5588 2335
5589 2398
5590 2585
5591 1926
5592 1518
5593 1777
5594 2392
5595 967
5596 2352
5597 2016
5598 2122
5599 INF
5600 1438
5601 2102
5602 2438
5603 1863
5604 2029
5605 2050
5606 2698
5607 1312
5608 1923
5609 1776
5610 2130
5611 1575
5612 2557
5613 1760
5614 2123
5615 2315
5616 2370
5617 1980
5618 2097
5619 2440
5620 2186
5621 1666
5622 1723
5623 1875
5624 1789
5625 2197
5626 2491
5627 2279
5628 1715
5629 1652
5630 2315
5631 2105
5632 1314
5633 1997
5634 2519
5635 2084
5636 1786
5637 1926
5638 2228
5639 2570
5640 2394
5641 1775
5642 2203
5643 1891
5644 1620
5645 1800
5646 2366
5647 2113
5648 2350
5649 1999
5650 1800
5651 2165
5652 2175
5653 1629
5654 2254
5655 2818
5656 2032
5657 2144
5658 1935
5659 2506
5660 2508
5661 2045
5662 1511
5663 2105
5664 1629
5665 1813
5666 1845
5667 2104
5668 INF
5669 2082
5670 1865
5671 1775
5672 1717
5673 2675
5674 1805
5675 1589
5676 2490
5677 1859
5678 2604
5679 1883
5680 2129
5681 1310
5682 2335
5683 1843
5684 2114
5685 2063
5686 2344
5687 1945
5688 1961
5689 2807
5690 1571
5691 1888
5692 1602
5693 2253
5694 2134
5695 2014
5696 2447
5697 2624
5698 2171
5699 2363
5700 1985
5701 2064
5702 2420
5703 2106
5704 1996
5705 2494
5706 2114
5707 1199
5708 2206
5709 1896
5710 1868
5711 1545
5712 1905
5713 3065
5714 2183
5715 2439
5716 2021
5717 2375
5718 2082
5719 2343
5720 2611
5721 1089
5722 1820
5723 2082
5724 2233
5725 2014
5726 1673
5727 2005
5728 2192
5729 1464
5730 1982
5731 1650
5732 2571
5733 2362
5734 1913
5735 2121
5736 2243
5737 2329
5738 2534
5739 2420
5740 1841
5741 2382
5742 2372
5743 1631
5744 1711
5745 2108
5746 871
5747 3128
5748 2097
5749 1766
5750 3804
5751 1532
5752 2130
5753 1650
5754 1644
5755 2016
5756 1920
5757 1925
5758 2727
5759 2170
5760 2074
5761 1384
5762 1804
5763 2168
5764 2374
5765 2052
5766 2582
5767 2349
5768 2293
5769 2193
5770 2032
5771 1842
5772 2600
5773 1880
5774 2481
5775 1867
5776 2096
5777 2892
5778 2575
5779 1540
5780 1350
5781 2189
5782 1657
5783 2135
5784 2099
5785 2643
5786 2201
5787 1972
5788 2248
5789 1919
5790 1620
5791 2902
5792 2198
5793 1768
5794 2202
5795 1411
5796 1371
5797 1622
5798 2014
5799 2328
5800 1908
5801 2434
5802 2190
5803 2577
5804 2315
5805 1858
5806 1783
5807 2134
5808 2197
5809 2463
5810 1635
5811 2086
5812 2128
5813 1969
5814 2615
5815 1868
5816 1610
5817 1963
5818 2317
5819 1795
5820 1656
5821 2125
5822 1756
5823 1981
5824 2229
5825 1679
5826 2052
5827 2357
5828 1893
5829 2126
5830 2444
5831 2289
5832 1112
5833 1840
5834 2007
5835 1857
5836 2382
5837 1663
5838 2326
5839 2367
5840 1709
5841 2102
5842 2472
5843 1769
5844 3001
5845 1735
5846 2082
5847 2082
5848 2123
5849 INF
5850 2175
5851 1947
5852 2514
5853 1838
5854 635
5855 2059
5856 2056
5857 1828
5858 2419
5859 1998
5860 1697
5861 1517
5862 2487
5863 1478
5864 2028
5865 2357
5866 2231
5867 2168
5868 2416
5869 2296
5870 2016
5871 2854
5872 1835
5873 1760
5874 2195
5875 2025
5876 2199
5877 2198
5878 1902
5879 1921
5880 2136
5881 1555
5882 2473
5883 1948
5884 2704
5885 1425
5886 1919
5887 2008
5888 1743
5889 2100
5890 1568
5891 2232
5892 1997
5893 2101
5894 2205
5895 1949
5896 2133
5897 2004
5898 2271
5899 2172
5900 1233
5901 2544
5902 1622
5903 2903
5904 1863
5905 1883
5906 2703
5907 2138
5908 2315
5909 1252
5910 1619
5911 2276
5912 1754
5913 2094
5914 1988
5915 2331
5916 2223
5917 2103
5918 1710
5919 2015
5920 2121
5921 1794
5922 2007
5923 2202
5924 1867
5925 1939
5926 1930
5927 2129
5928 1812
5929 2353
5930 1737
5931 1447
5932 2403
5933 2421
5934 2144
5935 1815
5936 1998
5937 1837
5938 1620
5939 2341
5940 1914
5941 2441
5942 2314
5943 2075
5944 2376
5945 1648
5946 2053
5947 2222
5948 1397
5949 2076
5950 2507
5951 2062
5952 2416
5953 2010
5954 2193
5955 1969
5956 1741
5957 2782
5958 2239
5959 2058
5960 1429
5961 2168
5962 1936
5963 1983
5964 1835
5965 2266
5966 1980
5967 1918
5968 2333
5969 2293
5970 2214
5971 1776
5972 1534
5973 1648
5974 1356
5975 2176
5976 2084
5977 1774
5978 2134
5979 2261
5980 2508
5981 2033
5982 2426
5983 2059
5984 2471
5985 1636
5986 1897
5987 1757
5988 1814
5989 1663
5990 1962
5991 1801
5992 1994
5993 2455
5994 3020
5995 2735
5996 2661
5997 2773
5998 2302
5999 1906
6000 2144
6001 1877
6002 2196
6003 2279
6004 2164
6005 832
6006 2839
6007 1790
6008 2151
6009 2447
6010 2036
6011 2334
6012 1879
6013 2143
6014 2722
6015 1473
6016 1984
6017 1967
6018 2608
6019 1363
6020 1540
6021 1988
6022 2161
6023 2071
6024 1971
6025 2030
6026 1837
6027 1682
6028 2164
6029 1241
6030 1387
6031 2401
6032 2564
6033 2185
6034 2211
6035 2021
6036 2290
6037 2141
6038 1855
6039 2242
6040 2161
6041 2059
6042 1875
6043 2031
6044 2028
6045 1780
6046 1907
6047 1906
6048 1848
6049 2417
6050 1891
6051 2110
6052 2075
6053 1386
6054 1954
6055 1902
6056 1766
6057 1091
6058 1992
6059 1896
6060 1852
6061 2099
6062 2355
6063 2056
6064 1785
6065 1521
6066 1746
6067 INF
6068 2184
6069 2192
6070 1690
6071 1892
6072 2148
6073 2324
6074 1989
6075 2451
6076 1988
6077 1552
6078 2078
6079 1928
6080 2729
6081 2547
6082 2002
6083 2295
6084 2606
6085 2494
6086 2023
6087 1869
6088 1906
6089 2017
6090 2889
6091 1973
6092 1919
6093 2365
6094 2048
6095 1948
6096 1861
6097 2262
6098 1852
6099 1622
6100 2000
6101 2356
6102 1349
6103 2188
6104 1640
6105 1915
6106 1373
6107 3329
6108 2302
6109 2341
6110 1970
6111 2451
6112 1988
6113 2401
6114 1973
6115 1918
6116 2435
6117 1840
6118 2371
6119 1700
6120 2544
6121 1755
6122 2149
6123 1799
6124 2245
6125 1990
6126 2172
6127 2291
6128 2036
6129 2206
6130 2056
6131 1612
6132 1972
6133 2070
6134 INF
6135 2457
6136 2545
6137 2106
6138 1744
6139 1945
6140 1855
6141 1943
6142 2249
6143 2169
6144 1834
6145 2930
6146 2102
6147 1997
6148 1800
6149 2301
6150 1682
6151 1964
6152 1991
6153 2315
6154 1951
6155 2231
6156 1853
6157 1367
6158 1709
6159 1879
6160 1285
6161 2483
6162 2407
6163 1720
6164 2199
6165 1668
6166 2135
6167 2816
6168 2675
6169 1997
6170 1960
6171 1921
6172 2134
6173 1538
6174 2037
6175 1896
6176 2008
6177 1184
6178 1317
6179 1899
6180 2045
6181 2058
6182 2410
6183 1959
6184 2394
6185 2214
6186 1930
6187 1943
6188 2237
6189 2117
6190 1993
6191 1728
6192 2303
6193 2346
6194 2312
6195 2763
6196 2492
6197 INF
6198 2940
6199 2030
6200 1587
6201 1968
6202 1890
6203 2311
6204 2090
6205 1856
6206 2391
6207 2356
6208 2106
6209 1352
6210 1972
6211 2267
6212 2025
6213 1958
6214 2141
6215 2299
6216 2054
6217 2518
6218 1990
6219 1964
6220 2350
6221 1102
6222 2062
6223 1996
6224 1318
6225 2292
6226 1957
6227 2175
6228 1425
6229 2839
6230 1401
6231 2586
6232 1819
6233 2392
6234 2091
6235 2132
6236 2041
6237 1635
6238 2557
6239 1993
6240 2125
6241 1647
6242 1780
6243 1944
6244 2019
6245 1731
6246 2037
6247 2129
6248 1903
6249 1528
6250 2137
6251 1939
6252 1449
6253 2345
6254 2349
6255 2121
6256 2356
6257 1994
6258 2040
6259 2184
6260 2119
6261 2232
6262 1098
6263 2256
6264 2269
6265 1525
6266 2311
6267 2022
6268 1559
6269 2096
6270 2813
6271 1365
6272 1999
6273 1506
6274 1567
6275 2013
6276 1345
6277 2121
6278 1904
6279 2389
6280 1981
6281 2178
6282 1990
6283 1962
6284 1803
6285 2073
6286 2410
6287 2011
6288 2063
6289 1684
6290 1836
6291 2183
6292 2098
6293 2597
6294 2182
6295 1972
6296 1729
6297 2277
6298 1513
6299 2038
6300 1468
6301 2106
6302 2306
6303 1192
6304 2103
6305 1993
6306 2235
6307 1947
6308 1932
6309 2287
6310 2420
6311 1820
6312 1414
6313 2136
6314 1628
6315 1961
6316 2414
6317 2244
6318 2016
6319 1658
6320 2248
6321 1596
6322 1935
6323 2565
6324 1917
6325 2139
6326 2566
6327 2059
6328 1700
6329 1661
6330 2152
6331 2033
6332 2327
6333 2775
6334 1502
6335 2357
6336 1573
6337 1906
6338 2339
6339 2293
6340 2085
6341 1783
6342 1695
6343 1536
6344 2063
6345 2234
6346 2000
6347 1602
6348 2070
6349 1505
6350 2072
6351 2090
6352 1466
6353 2469
6354 1900
6355 2102
6356 2046
6357 2128
6358 2052
6359 2060
6360 INF
6361 1984
6362 2605
6363 1859
6364 1950
6365 1862
6366 2017
6367 1801
6368 3009
6369 2060
6370 2232
6371 2059
6372 1749
6373 2257
6374 1847
6375 1911
6376 2270
6377 2004
6378 2234
6379 1991
6380 2373
6381 1760
6382 1639
6383 1779
6384 2423
6385 1663
6386 1896
6387 1713
6388 1420
6389 2289
6390 1783
6391 1466
6392 2047
6393 2615
6394 1722
6395 1623
6396 1881
6397 2375
6398 2091
6399 1729
6400 2691
6401 1809
6402 1789
6403 2285
6404 2237
6405 1581
6406 2113
6407 2109
6408 2432
6409 1807
6410 2411
6411 2272
6412 1585
6413 1186
6414 1890
6415 2763
6416 1988
6417 2221
6418 1601
6419 2242
6420 2357
6421 1906
6422 2099
6423 1851
6424 2296
6425 2206
6426 2010
6427 2374
6428 1213
6429 2110
6430 1685
6431 1707
6432 1766
6433 1645
6434 1703
6435 2644
6436 1543
6437 2277
6438 1675
6439 1868
6440 1654
6441 1894
6442 1724
6443 2003
6444 2597
6445 1766
6446 1593
6447 2171
6448 INF
6449 1688
6450 1786
6451 1663
6452 1557
6453 2129
6454 1846
6455 2007
6456 1999
6457 1404
6458 2777
6459 2221
6460 2184
6461 1955
6462 1956
6463 1266
6464 1998
6465 2073
6466 1840
6467 2603
6468 2235
6469 2453
6470 2752
6471 2585
6472 2022
6473 1418
6474 2369
6475 2300
6476 1663
6477 2016
6478 2706
6479 2129
6480 2093
6481 2028
6482 2434
6483 1203
6484 1883
6485 2051
6486 2230
6487 1945
6488 2818
6489 2527
6490 2791
6491 1910
6492 1925
6493 1579
6494 1816
6495 1846
6496 2092
6497 1936
6498 2180
6499 1841
6500 1899
6501 2059
6502 2099
6503 1750
6504 2686
6505 2291
6506 2120
6507 3039
6508 2292
6509 1882
6510 1645
6511 1989
6512 1919
6513 1536
6514 2194
6515 2098
6516 1945
6517 1934
6518 1953
6519 1659
6520 1892
6521 1769
6522 1991
6523 1689
6524 1922
6525 INF
6526 1295
6527 2354
6528 1862
6529 2419
6530 2046
6531 1367
6532 1943
6533 2016
6534 2089
6535 2580
6536 2115
6537 2692
6538 1656
6539 1654
6540 2523
6541 1256
6542 2563
6543 1427
6544 2300
6545 2560
6546 2424
6547 1693
6548 2275
6549 2340
6550 2564
6551 2665
6552 2038
6553 1480
6554 1667
6555 1941
6556 1757
6557 1826
6558 2323
6559 2185
6560 1919
6561 2042
6562 1986
6563 2054
6564 1927
6565 1560
6566 2019
6567 2386
6568 2087
6569 2438
6570 2116
6571 1950
6572 1580
6573 2132
6574 2046
6575 1410
6576 1515
6577 1888
6578 2060
6579 2190
6580 1809
6581 2016
6582 3249
6583 1937
6584 1837
6585 1627
6586 2046
6587 1702
6588 2574
6589 2145
6590 2008
6591 1843
6592 3084
6593 1934
6594 2084
6595 1863
6596 2172
6597 1854
6598 2658
6599 2069
6600 2575
6601 2040
6602 1585
6603 INF
6604 1653
6605 2078
6606 2105
6607 2493
6608 2186
6609 2022
6610 1565
6611 2168
6612 2097
6613 1717
6614 1860
6615 2118
6616 2099
6617 2016
6618 1764
6619 1426
6620 2217
6621 970
6622 1681
6623 1942
6624 2107
6625 1488
6626 2432
6627 1634
6628 1747
6629 2132
6630 1269
6631 2164
6632 2098
6633 2095
6634 2100
6635 2139
6636 1595
6637 2066
6638 2049
6639 1934
6640 1428
6641 2348
6642 2375
6643 1549
6644 2654
6645 2147
6646 1828
6647 2015
6648 2123
6649 2289
6650 2316
6651 1940
6652 1812
6653 1922
6654 1966
6655 1666
6656 1896
6657 2759
6658 2192
6659 2149
6660 1682
6661 2057
6662 2114
6663 2356
6664 1765
6665 2756
6666 2596
6667 1451
6668 2264
6669 2466
6670 2470
6671 1759
6672 1931
6673 633
6674 1687
6675 2522
6676 1901
6677 1690
6678 1848
6679 2135
6680 1757
6681 2067
6682 1878
6683 1460
6684 2712
6685 1717
6686 2120
6687 1944
6688 2254
6689 2429
6690 1784
6691 2071
6692 2178
6693 1528
6694 1877
6695 2526
6696 2132
6697 1855
6698 1943
6699 2069
6700 2466
6701 2015
6702 2247
6703 1882
6704 1938
6705 2557
6706 2141
6707 1781
6708 1892
6709 1747
6710 1760
6711 2413
6712 2053
6713 2026
6714 782
6715 1592
6716 2070
6717 2162
6718 2090
6719 2250
6720 2210
6721 2269
6722 2114
6723 1961
6724 2504
6725 1901
6726 2312
6727 1978
6728 3079
6729 1593
6730 1664
6731 2269
6732 2252
6733 1698
6734 1801
6735 1908
6736 2345
6737 1142
6738 2066
6739 1956
6740 2131
6741 2537
6742 2065
6743 1736
6744 2250
6745 2089
6746 2004
6747 2002
6748 2124
6749 2431
6750 1713
6751 2229
6752 2283
6753 2079
6754 1736
6755 1528
6756 1902
6757 2235
6758 3143
6759 1480
6760 1289
6761 2146
6762 1305
6763 1590
6764 2191
6765 1985
6766 2428
6767 2100
6768 1834
6769 1710
6770 2333
6771 1810
6772 2210
6773 2116
6774 2235
6775 2045
6776 1495
6777 2205
6778 2173
6779 1955
6780 2009
6781 1948
6782 2460
6783 2172
6784 1491
6785 1874
6786 2076
6787 1703
6788 2675
6789 2063
6790 1717
6791 1875
6792 1978
6793 2210
6794 2592
6795 2097
6796 1586
6797 2011
6798 1666
6799 2295
6800 2027
6801 1549
6802 2198
6803 1153
6804 2222
6805 1958
6806 1786
6807 2225
6808 1444
6809 2143
6810 2117
6811 1202
6812 2312
6813 2529
6814 1685
6815 2269
6816 1981
6817 2459
6818 1958
6819 1776
6820 2453
6821 1920
6822 1760
6823 2197
6824 2201
6825 2087
6826 1701
6827 2638
6828 1812
6829 1854
6830 1167
6831 2283
6832 1852
6833 2670
6834 1722
6835 2233
6836 2384
6837 2819
6838 3295
6839 1334
6840 1953
6841 1397
6842 2620
6843 2317
6844 2395
6845 2040
6846 1941
6847 960
6848 2045
6849 2153
6850 2334
6851 1954
6852 1838
6853 1960
6854 1706
6855 2564
6856 1994
6857 1647
6858 2283
6859 1805
6860 1996
6861 2113
6862 1825
6863 2439
6864 1741
6865 2248
6866 2360
6867 INF
6868 1972
6869 2338
6870 1779
6871 2390
6872 2615
6873 1676
6874 2137
6875 1694
6876 2142
6877 1991
6878 1910
6879 1977
6880 1841
6881 2190
6882 1987
6883 2190
6884 2413
6885 2434
6886 2552
6887 1968
6888 1940
6889 1805
6890 1728
6891 2069
6892 2771
6893 2314
6894 1727
6895 1791
6896 1746
6897 2088
6898 2362
6899 2479
6900 2749
6901 1799
6902 1629
6903 1675
6904 1824
6905 1264
6906 1644
6907 1623
6908 1929
6909 1629
6910 1996
6911 2130
6912 1694
6913 2128
6914 1715
6915 2187
6916 2068
6917 1453
6918 2227
6919 2052
6920 2137
6921 1989
6922 1699
6923 1819
6924 1034
6925 1866
6926 1636
6927 1256
6928 1945
6929 2180
6930 1554
6931 1932
6932 1756
6933 1977
6934 1771
6935 2001
6936 1770
6937 2003
6938 2082
6939 2571
6940 2410
6941 1973
6942 2332
6943 1289
6944 2130
6945 1613
6946 2111
6947 2021
6948 2002
6949 2195
6950 2205
6951 2034
6952 2043
6953 2089
6954 2409
6955 2516
6956 1883
6957 2267
6958 1680
6959 2718
6960 1410
6961 2383
6962 2642
6963 1236
6964 1948
6965 2151
6966 1872
6967 1244
6968 2003
6969 2469
6970 2167
6971 2449
6972 1946
6973 1721
6974 1730
6975 1938
6976 2016
6977 2271
6978 1922
6979 1484
6980 2159
6981 1491
6982 2023
6983 2329
6984 2024
6985 1568
6986 2834
6987 1788
6988 1808
6989 2153
6990 2089
6991 1464
6992 2214
6993 2062
6994 1546
6995 2236
6996 1870
6997 2432
6998 2167
6999 2086
7000 2116
7001 1805
7002 1749
7003 1317
7004 1708
7005 2174
7006 2136
7007 1940
7008 1781
7009 2621
7010 1531
7011 2218
7012 1966
7013 2617
7014 2109
7015 2055
7016 2473
7017 2733
7018 2255
7019 2145
7020 1939
7021 1992
7022 2592
7023 2125
7024 2806
7025 2113
7026 2317
7027 2256
7028 2188
7029 1773
7030 1497
7031 1778
7032 2099
7033 1427
7034 2159
7035 2161
7036 2438
7037 2438
7038 1813
7039 1625
7040 1879
7041 2459
7042 2359
7043 1745
7044 2243
7045 1890
7046 2257
7047 2120
7048 1836
7049 1765
7050 2476
7051 2235
7052 1881
7053 2235
7054 1249
7055 1957
7056 2186
7057 2053
7058 2281
7059 2202
7060 2093
7061 3069
7062 2293
7063 1128
7064 1894
7065 1746
7066 2327
7067 1717
7068 2232
7069 2467
7070 2074
7071 2289
7072 INF
7073 2569
7074 1892
7075 1608
7076 2181
7077 1915
7078 2344
7079 2743
7080 2333
7081 1689
7082 2099
7083 2261
7084 2208
7085 2705
7086 2145
7087 1826
7088 2094
7089 1619
7090 1940
7091 2568
7092 1072
7093 2090
7094 1992
7095 765
7096 2027
7097 2395
7098 2518
7099 2352
7100 2077
7101 1495
7102 1085
7103 1872
7104 1809
7105 1359
7106 2566
7107 2386
7108 1782
7109 1858
7110 1482
7111 2396
7112 1363
7113 2131
7114 1838
7115 1686
7116 2205
7117 2443
7118 2276
7119 1497
7120 1754
7121 1726
7122 1999
7123 2336
7124 2080
7125 2875
7126 2288
7127 2296
7128 2499
7129 1763
7130 1733
7131 2348
7132 2311
7133 2102
7134 1724
7135 1763
7136 1421
7137 2390
7138 2627
7139 2326
7140 1770
7141 1836
7142 2107
7143 2287
7144 1827
7145 1660
7146 1958
7147 2074
7148 2425
7149 1653
7150 2697
7151 2026
7152 2126
7153 2231
7154 1870
7155 1893
7156 1886
7157 2001
7158 1888
7159 1937
7160 1919
7161 2101
7162 2402
7163 1556
7164 2739
7165 2020
7166 2254
7167 1771
7168 1883
7169 2032
7170 1958
7171 2548
7172 1972
7173 1966
7174 2631
7175 2141
7176 1947
7177 1686
7178 1720
7179 2017
7180 1865
7181 1994
7182 2125
7183 INF
7184 2342
7185 1378
7186 2228
7187 2317
7188 2337
7189 1272
7190 2073
7191 2408
7192 1959
7193 2417
7194 2203
7195 1630
7196 2913
7197 1829
7198 1539
7199 2240
7200 2383
7201 2486
7202 2294
7203 2174
7204 2220
7205 2772
7206 1897
7207 1808
7208 1525
7209 1826
7210 2805
7211 2043
7212 2456
7213 2220
7214 1198
7215 2379
7216 1423
7217 1691
7218 2440
7219 2528
7220 1926
7221 2057
7222 1677
7223 2503
7224 2638
7225 2129
7226 2186
7227 1708
7228 1969
7229 1939
7230 1940
7231 1979
7232 2082
7233 1503
7234 1737
7235 1593
7236 2073
7237 2015
7238 2589
7239 2348
7240 1880
7241 2416
7242 2195
7243 2532
7244 1675
7245 1244
7246 2094
7247 1975
7248 1872
7249 1776
7250 1710
7251 2444
7252 2442
7253 2582
7254 1958
7255 2223
7256 1473
7257 2265
7258 1670
7259 1736
7260 2155
7261 2129
7262 2351
7263 2110
7264 2241
7265 2430
7266 1794
7267 2239
7268 2126
7269 1864
7270 2451
7271 1636
7272 1698
7273 1948
7274 1836
7275 2180
7276 1711
7277 2381
7278 1998
7279 1727
7280 1510
7281 1857
7282 2322
7283 1427
7284 1912
7285 1977
7286 1985
7287 1886
7288 2927
7289 866
7290 1616
7291 1463
7292 2386
7293 2139
7294 1996
7295 1637
7296 2521
7297 1908
7298 1822
7299 2388
7300 1969
7301 2201
7302 2238
7303 1726
7304 2476
7305 2141
7306 2211
7307 2210
7308 2485
7309 1756
7310 1875
7311 2096
7312 2255
7313 2406
7314 1997
7315 2275
7316 2776
7317 2124
7318 1951
7319 2019
7320 1128
7321 2362
7322 2263
7323 2047
7324 1597
7325 1571
7326 2379
7327 1930
7328 2019
7329 1698
7330 1610
7331 1732
7332 2238
7333 1821
7334 1986
7335 2085
7336 2046
7337 2173
7338 2356
7339 1929
7340 2190
7341 2455
7342 INF
7343 1693
7344 1546
7345 2005
7346 2253
7347 1871
7348 2057
7349 2095
7350 1860
7351 1873
7352 1986
7353 1833
7354 2334
7355 2239
7356 2864
7357 1875
7358 2241
7359 2479
7360 2286
7361 1864
7362 1229
7363 2058
7364 1877
7365 2045
7366 1705
7367 1897
7368 2914
7369 1899
7370 1335
7371 1928
7372 2688
7373 2210
7374 2344
7375 2324
7376 2349
7377 2151
7378 2371
7379 1636
7380 1756
7381 1856
7382 1815
7383 2257
7384 2016
7385 2180
7386 2005
7387 1906
7388 2542
7389 1771
7390 1403
7391 2198
7392 2178
7393 1569
7394 1515
7395 1591
7396 2355
7397 2172
7398 2369
7399 2004
7400 2425
7401 1716
7402 1889
7403 1794
7404 1943
7405 2125
7406 1910
7407 2112
7408 1963
7409 2223
7410 1691
7411 1550
7412 1816
7413 2065
7414 1686
7415 2186
7416 2778
7417 1671
7418 1993
7419 2364
7420 2158
7421 1602
7422 1445
7423 2276
7424 1959
7425 2778
7426 2112
7427 INF
7428 1840
7429 1968
7430 2163
7431 1754
7432 1596
7433 1791
7434 1506
7435 2424
7436 1836
7437 2018
7438 2081
7439 1889
7440 2049
7441 2026
7442 1894
7443 1321
7444 2508
7445 2386
7446 2451
7447 1933
7448 1903
7449 1393
7450 2259
7451 2317
7452 1951
7453 2029
7454 1876
7455 2475
7456 2067
7457 2180
7458 2174
7459 2014
7460 2065
7461 1866
7462 2224
7463 1867
7464 1969
7465 2130
7466 2047
7467 2444
7468 2023
7469 2148
7470 1990
7471 1817
7472 1792
7473 2530
7474 2222
7475 1767
7476 1932
7477 2134
7478 1929
7479 1751
7480 2008
7481 1838
7482 1818
7483 1329
7484 1995
7485 2800
7486 1861
7487 1559
7488 1497
7489 2135
7490 1951
7491 1728
7492 1967
7493 2479
7494 1917
7495 2449
7496 1437
7497 INF
7498 1300
7499 1944
7500 1971
7501 2151
7502 1221
7503 1861
7504 1818
7505 1777
7506 2102
7507 1779
7508 2250
7509 1539
7510 2283
7511 2309
7512 2423
7513 2034
7514 1834
7515 2341
7516 2053
7517 2282
7518 2406
7519 2391
7520 2462
7521 1955
7522 2248
7523 2019
7524 2055
7525 2106
7526 2219
7527 2128
7528 2166
7529 1805
7530 2062
7531 1875
7532 2661
7533 1997
7534 2632
7535 1651
7536 1363
7537 2380
7538 1732
7539 1814
7540 2014
7541 1695
7542 1956
7543 2250
7544 1739
7545 2210
7546 2030
7547 2276
7548 2215
7549 1879
7550 1479
7551 1873
7552 678
7553 2030
7554 2285
7555 2033
7556 1782
7557 2258
7558 1550
7559 2159
7560 1986
7561 2600
7562 2115
7563 2275
7564 1661
7565 2307
7566 1595
7567 1393
7568 1950
7569 2247
7570 1770
7571 1418
7572 2345
7573 2402
7574 3050
7575 1939
7576 2200
7577 2024
7578 1836
7579 1597
7580 2215
7581 2275
7582 2413
7583 2424
7584 2050
7585 1819
7586 1819
7587 2128
7588 1757
7589 1610
7590 1644
7591 2217
7592 2237
7593 2388
7594 2334
7595 2208
7596 2511
7597 2245
7598 1980
7599 1608
7600 2002
7601 956
7602 2100
7603 2124
7604 1978
7605 1921
7606 2099
7607 2585
7608 2056
7609 2055
7610 2039
7611 2283
7612 1549
7613 2099
7614 1978
7615 2276
7616 2097
7617 2161
7618 1755
7619 2209
7620 2705
7621 1944
7622 2050
7623 2367
7624 1749
7625 875
7626 1970
7627 1897
7628 2167
7629 1970
7630 1870
7631 2305
7632 2082
7633 2203
7634 1881
7635 2207
7636 1911
7637 1755
7638 2038
7639 2377
7640 1398
7641 2374
7642 2069
7643 2298
7644 1894
7645 1647
7646 1975
7647 2237
7648 1697
7649 1669
7650 2467
7651 1842
7652 2424
7653 2495
7654 2025
7655 1795
7656 2415
7657 1820
7658 2253
7659 1147
7660 1610
7661 2065
7662 1947
7663 2250
7664 2106
7665 2386
7666 1938
7667 2640
7668 2126
7669 1561
7670 2163
7671 2222
7672 2547
7673 1520
7674 2116
7675 2061
7676 2042
7677 1744
7678 INF
7679 2004
7680 2324
7681 2538
7682 1967
7683 2095
7684 1854
7685 1681
7686 2055
7687 2509
7688 2575
7689 1992
7690 1926
7691 INF
7692 2807
7693 2234
7694 2316
7695 2000
7696 1466
7697 2153
7698 2324
7699 2337
7700 1684
7701 2428
7702 2293
7703 1919
7704 1548
7705 2121
7706 1957
7707 1635
7708 2085
7709 1047
7710 1615
7711 1739
7712 2496
7713 1734
7714 2589
7715 2289
7716 1665
7717 1796
7718 2400
7719 2459
7720 2354
7721 1735
7722 1969
7723 2748
7724 2503
7725 1783
7726 2112
7727 2262
7728 1973
7729 1781
7730 1887
7731 1043
7732 1643
7733 2065
7734 2092
7735 2104
7736 1819
7737 1995
7738 2218
7739 1953
7740 1595
7741 2316
7742 2235
7743 1990
7744 2651
7745 1072
7746 1565
7747 1750
7748 1985
7749 1884
7750 2139
7751 2214
7752 1733
7753 2234
7754 2227
7755 2051
7756 1815
7757 2464
7758 1789
7759 1450
7760 2288
7761 1993
7762 2486
7763 1503
7764 2231
7765 1670
7766 2177
7767 2963
7768 2197
7769 2099
7770 1957
7771 2134
7772 1925
7773 2843
7774 2219
7775 1927
7776 2295
7777 2216
7778 2254
7779 1682
7780 1474
7781 1456
7782 1172
7783 2236
7784 2527
7785 2028
7786 2368
7787 2033
7788 2371
7789 2036
7790 2007
7791 1979
7792 2000
7793 2030
7794 2120
7795 2011
7796 1942
7797 1486
7798 1938
7799 2328
7800 1622
7801 2438
7802 1734
7803 1868
7804 2415
7805 1491
7806 2285
7807 2210
7808 1735
7809 1449
7810 2513
7811 1812
7812 1608
7813 1652
7814 2202
7815 2070
7816 2092
7817 1651
7818 2441
7819 1807
7820 1941
7821 2471
7822 2262
7823 3183
7824 2102
7825 2485
7826 2313
7827 2063
7828 1877
7829 1532
7830 2230
7831 1966
7832 2061
7833 2110
7834 1682
7835 1851
7836 2576
7837 1796
7838 2262
7839 1386
7840 1909
7841 1995
7842 1833
7843 1928
7844 1106
7845 1704
7846 1850
7847 1810
7848 2055
7849 1802
7850 2262
7851 2027
7852 1960
7853 2563
7854 2773
7855 2732
7856 2017
7857 2164
7858 1938
7859 2048
7860 2100
7861 2375
7862 2426
7863 2197
7864 1793
7865 2180
7866 2123
7867 2201
7868 2320
7869 2231
7870 1816
7871 2094
7872 2159
7873 2368
7874 2309
7875 1988
7876 1645
7877 1671
7878 1822
7879 2191
7880 2423
7881 2030
7882 1975
7883 1955
7884 1394
7885 1941
7886 2492
7887 1650
7888 1726
7889 1752
7890 1877
7891 1743
7892 2092
7893 2037
7894 2076
7895 1199
7896 2975
7897 2413
7898 2364
7899 1877
7900 2414
7901 2123
7902 3149
7903 1944
7904 2739
7905 2007
7906 1789
7907 1668
7908 2365
7909 2293
7910 2331
7911 2225
7912 1892
7913 2066
7914 1934
7915 1480
7916 1695
7917 1679
7918 2083
7919 2160
7920 2253
7921 1743
7922 2412
7923 2601
7924 2055
7925 1872
7926 2524
7927 1090
7928 2913
7929 2229
7930 1886
7931 2396
7932 1643
7933 2199
7934 1537
7935 1817
7936 1896
7937 1884
7938 1916
7939 2518
7940 2012
7941 2426
7942 2338
7943 2407
7944 1856
7945 2271
7946 2301
7947 1890
7948 1968
7949 1833
7950 2421
7951 1840
7952 2373
7953 1617
7954 2225
7955 2613
7956 1991
7957 1799
7958 2427
7959 1970
7960 2059
7961 1420
7962 2126
7963 1947
7964 2462
7965 2233
7966 1862
7967 2006
7968 2158
7969 2327
7970 2045
7971 2097
7972 2073
7973 1666
7974 2204
7975 2185
7976 2055
7977 2469
7978 2247
7979 INF
7980 2030
7981 1851
7982 2717
7983 1933
7984 2589
7985 1827
7986 1549
7987 2071
7988 1863
7989 2006
7990 2579
7991 1840
7992 2255
7993 1371
7994 2312
7995 2124
7996 2307
7997 2195
7998 1933
7999 2005
8000 2262
8001 1697
8002 1853
8003 2349
8004 2188
8005 2002
8006 2350
8007 2218
8008 2060
8009 1897
8010 1388
8011 2253
8012 2163
8013 1659
8014 2172
8015 2216
8016 2186
8017 1753
8018 2082
8019 1790
8020 2522
8021 1807
8022 3256
8023 2066
8024 3047
8025 1935
8026 1372
8027 2288
8028 2242
8029 2305
8030 3512
8031 1692
8032 2676
8033 1770
8034 2009
8035 2421
8036 2321
8037 1471
8038 2184
8039 1317
8040 1783
8041 1675
8042 2281
8043 2050
8044 1459
8045 1939
8046 2267
8047 1841
8048 2241
8049 1696
8050 1872
8051 2167
8052 2502
8053 1942
8054 2078
8055 1940
8056 1885
8057 1954
8058 2406
8059 2268
8060 2621
8061 1848
8062 1638
8063 2069
8064 1983
8065 2582
8066 2398
8067 2126
8068 1868
8069 1988
8070 1776
8071 1989
8072 1096
8073 2687
8074 2159
8075 1591
8076 2274
8077 1926
8078 2212
8079 2056
8080 2701
8081 2333
8082 1757
8083 2418
8084 1917
8085 1763
8086 1907
8087 2025
8088 2525
8089 2076
8090 1240
8091 2506
8092 2069
8093 2132
8094 2117
8095 2056
8096 1945
8097 2201
8098 1938
8099 1264
8100 2195
8101 2322
8102 2401
8103 2004
8104 2157
8105 2051
8106 2130
8107 1715
8108 1756
8109 1934
8110 1428
8111 2826
8112 2289
8113 2254
8114 2030
8115 2127
8116 1978
8117 1691
8118 1840
8119 1821
8120 1645
8121 2008
8122 1861
8123 2042
8124 2120
8125 2222
8126 1989
8127 1962
8128 1764
8129 2084
8130 1806
8131 1939
8132 2136
8133 2132
8134 1819
8135 2102
8136 2612
8137 2035
8138 2129
8139 1989
8140 1700
8141 2017
8142 2287
8143 1998
8144 1802
8145 2349
8146 1941
8147 2027
8148 2023
8149 2082
8150 3011
8151 2030
8152 2353
8153 2385
8154 1474
8155 2825
8156 1595
8157 2910
8158 3069
8159 1562
8160 1538
8161 2073
8162 1608
8163 2401
8164 1583
8165 2080
8166 1587
8167 1849
8168 1994
8169 2353
8170 2527
8171 2168
8172 2129
8173 2706
8174 1999
8175 1768
8176 2407
8177 2195
8178 INF
8179 1674
8180 2738
8181 2271
8182 1718
8183 1770
8184 2268
8185 1800
8186 1785
8187 2186
8188 2638
8189 2612
8190 1050
8191 1672
8192 1648
8193 2465
8194 1736
8195 2135
8196 2614
8197 2386
8198 3189
8199 2461
8200 1224
8201 1882
8202 1646
8203 2626
8204 2349
8205 1972
8206 860
8207 2195
8208 2461
8209 2287
8210 2267
8211 3177
8212 2289
8213 2294
8214 2705
8215 1905
8216 2060
8217 2067
8218 1926
8219 1756
8220 2040
8221 1518
8222 2468
8223 2367
8224 1564
8225 2244
8226 2128
8227 1959
8228 2103
8229 2085
8230 1498
8231 2489
8232 1886
8233 2189
8234 2304
8235 2144
8236 2523
8237 1810
8238 1194
8239 2264
8240 2424
8241 2902
8242 2279
8243 2063
8244 2105
8245 1604
8246 1361
8247 1840
8248 1793
8249 1939
8250 2320
8251 2259
8252 1793
8253 2081
8254 1823
8255 2157
8256 1988
8257 1308
8258 2694
8259 2376
8260 2130
8261 2431
8262 1260
8263 2138
8264 1660
8265 2552
8266 1758
8267 1742
8268 2259
8269 1803
8270 1683
8271 1939
8272 2197
8273 2353
8274 1631
8275 1810
8276 2265
8277 2282
8278 2456
8279 2408
8280 2114
8281 1827
8282 1766
8283 2395
8284 860
8285 1947
8286 1995
8287 2513
8288 2197
8289 1293
8290 2181
8291 2543
8292 1285
8293 1771
8294 2152
8295 1905
8296 2292
8297 2221
8298 1574
8299 1803
8300 2115
8301 1778
8302 1789
8303 2389
8304 2225
8305 2125
8306 1930
8307 2171
8308 1793
8309 2350
8310 2401
8311 1971
8312 1936
8313 1873
8314 2012
8315 2246
8316 1479
8317 2179
8318 1779
8319 1864
8320 1692
8321 2352
8322 1907
8323 2430
8324 1784
8325 2368
8326 2086
8327 1973
8328 1470
8329 2136
8330 2641
8331 1851
8332 2201
8333 2493
8334 1762
8335 2102
8336 2337
8337 2203
8338 1420
8339 1835
8340 1884
8341 1928
8342 2075
8343 2114
8344 2249
8345 2344
8346 1683
8347 2609
8348 2288
8349 2124
8350 2234
8351 1830
8352 2036
8353 2056
8354 2274
8355 1980
8356 2451
8357 1903
8358 1846
8359 1881
8360 2672
8361 1986
8362 2246
8363 3136
8364 2105
8365 1970
8366 2458
8367 2089
8368 1380
8369 2177
8370 2009
8371 INF
8372 1752
8373 2269
8374 2327
8375 1798
8376 1616
8377 2827
8378 1811
8379 1637
8380 1375
8381 1942
8382 1848
8383 2152
8384 1945
8385 2317
8386 1884
8387 2622
8388 1971
8389 1684
8390 2154
8391 2217
8392 1803
8393 2380
8394 1837
8395 1659
8396 2419
8397 1870
8398 1809
8399 2014
8400 3175
8401 2136
8402 1742
8403 2252
8404 2553
8405 2079
8406 2378
8407 2169
8408 1663
8409 1716
8410 2271
8411 1883
8412 1219
8413 1433
8414 1728
8415 2202
8416 2024
8417 1791
8418 1736
8419 1940
8420 1038
8421 1818
8422 2457
8423 2086
8424 2518
8425 2206
8426 2627
8427 1479
8428 2390
8429 2134
8430 2890
8431 1847
8432 1922
8433 2041
8434 1933
8435 1627
8436 1989
8437 2198
8438 2498
8439 2401
8440 2354
8441 2487
8442 2266
8443 2050
8444 2191
8445 2623
8446 2608
8447 2182
8448 1962
8449 2105
8450 2256
8451 1644
8452 2142
8453 2235
8454 1842
8455 2105
8456 1746
8457 1996
8458 1522
8459 1687
8460 2829
8461 1644
8462 2350
8463 1582
8464 INF
8465 1850
8466 2036
8467 1882
8468 2115
8469 2769
8470 2131
8471 1416
8472 1988
8473 2150
8474 2019
8475 1929
8476 2080
8477 2172
8478 2356
8479 2231
8480 1383
8481 1687
8482 1406
8483 2526
8484 1732
8485 2157
8486 1379
8487 2289
8488 2541
8489 2509
8490 2121
8491 2149
8492 1977
8493 1721
8494 2229
8495 2334
8496 2344
8497 2007
8498 2182
8499 2737
8500 2285
8501 2139
8502 2079
8503 2136
8504 1912
8505 2237
8506 INF
8507 2417
8508 2400
8509 1967
8510 1375
8511 1706
8512 3186
8513 1702
8514 2027
8515 2171
8516 2336
8517 1957
8518 2214
8519 2300
8520 2392
8521 1882
8522 1839
8523 1876
8524 1830
8525 1885
8526 1679
8527 1945
8528 2081
8529 2087
8530 1890
8531 1941
8532 1886
8533 2521
8534 2421
8535 2258
8536 1408
8537 1980
8538 1871
8539 1853
8540 2015
8541 1977
8542 2695
8543 1729
8544 2288
8545 1753
8546 2729
8547 2584
8548 1515
8549 2524
8550 2022
8551 2182
8552 1658
8553 2173
8554 1935
8555 2324
8556 2219
8557 1941
8558 1659
8559 2202
8560 1766
8561 2258
8562 1968
8563 1919
8564 1858
8565 1993
8566 2558
8567 1855
8568 1776
8569 1732
8570 1816
8571 1600
8572 1477
8573 1910
8574 1380
8575 2052
8576 1596
8577 1645
8578 1955
8579 1424
8580 1972
8581 2229
8582 2060
8583 2706
8584 2101
8585 2016
8586 2425
8587 1991
8588 2151
8589 2286
8590 2163
8591 2336
8592 1511
8593 2018
8594 2117
8595 2146
8596 2366
8597 2303
8598 1852
8599 1240
8600 2062
8601 1304
8602 2027
8603 1929
8604 1891
8605 1851
8606 1912
8607 1847
8608 1118
8609 2098
8610 1921
8611 1523
8612 2013
8613 1150
8614 2705
8615 1817
8616 1890
8617 1820
8618 2540
8619 2541
8620 2468
8621 2334
8622 1785
8623 1863
8624 2088
8625 1872
8626 2275
8627 2691
8628 2338
8629 2842
8630 1685
8631 2246
8632 2019
8633 2090
8634 2285
8635 2380
8636 1733
8637 1757
8638 1984
8639 2096
8640 1918
8641 2728
8642 2420
8643 1682
8644 2266
8645 1467
8646 1919
8647 2003
8648 1577
8649 1785
8650 2960
8651 2510
8652 2193
8653 1949
8654 2499
8655 2037
8656 1856
8657 1976
8658 2345
8659 2640
8660 2122
8661 1666
8662 2198
8663 2597
8664 2043
8665 2124
8666 1671
8667 2196
8668 2190
8669 1682
8670 1963
8671 INF
8672 1853
8673 2185
8674 2392
8675 1323
8676 1846
8677 1759
8678 2446
8679 2886
8680 2253
8681 2253
8682 2287
8683 1784
8684 2234
8685 2065
8686 1566
8687 2274
8688 2064
8689 1870
8690 1619
8691 2060
8692 2124
8693 1774
8694 2316
8695 1471
8696 2228
8697 1817
8698 1185
8699 2394
8700 2263
8701 1843
8702 1976
8703 1312
8704 1046
8705 INF
8706 1107
8707 2578
8708 2357
8709 2529
8710 2203
8711 2054
8712 1508
8713 1608
8714 2065
8715 2851
8716 2592
8717 2543
8718 2586
8719 2806
8720 2234
8721 2553
8722 1736
8723 1968
8724 2060
8725 2263
8726 2337
8727 1061
8728 2119
8729 2419
8730 2340
8731 1884
8732 2565
8733 1341
8734 1627
8735 1943
8736 1937
8737 2016
8738 2326
8739 1704
8740 2096
8741 1997
8742 1797
8743 2646
8744 2170
8745 1959
8746 1881
8747 1926
8748 1494
8749 2194
8750 2522
8751 2058
8752 1824
8753 1472
8754 3064
8755 2003
8756 1733
8757 2471
8758 2104
8759 2082
8760 1825
8761 1690
8762 1354
8763 1219
8764 2288
8765 1773
8766 2401
8767 2083
8768 868
8769 2237
8770 2277
8771 1444
8772 1603
8773 1639
8774 2975
8775 1261
8776 2226
8777 1902
8778 1602
8779 1735
8780 1910
8781 1973
8782 1586
8783 2291
8784 2682
8785 2250
8786 1605
8787 2154
8788 2109
8789 2297
8790 2514
8791 1695
8792 2064
8793 2507
8794 2538
8795 1994
8796 1836
8797 1709
8798 1899
8799 2743
8800 2284
8801 2069
8802 2165
8803 1254
8804 1556
8805 2142
8806 2080
8807 2506
8808 2419
8809 2844
8810 1541
8811 1744
8812 2118
8813 2289
8814 1991
8815 2929
8816 2017
8817 1785
8818 1949
8819 2268
8820 2054
8821 2000
8822 2992
8823 2055
8824 1657
8825 1904
8826 2041
8827 2047
8828 2125
8829 2098
8830 2082
8831 1629
8832 2354
8833 2431
8834 2009
8835 2152
8836 2688
8837 1976
8838 2360
8839 2198
8840 2128
8841 2143
8842 2007
8843 3431
8844 2486
8845 2128
8846 1945
8847 1726
8848 2538
8849 2826
8850 2107
8851 1603
8852 1672
8853 1632
8854 1707
8855 1856
8856 1360
8857 2097
8858 2236
8859 1764
8860 2014
8861 1430
8862 2481
8863 1687
8864 2391
8865 2149
8866 1684
8867 2300
8868 2455
8869 2202
8870 1793
8871 1662
8872 2212
8873 1919
8874 2217
8875 1978
8876 2088
8877 1894
8878 2296
8879 1775
8880 1417
8881 1814
8882 2342
8883 2114
8884 2413
8885 2490
8886 2121
8887 2104
8888 3072
8889 INF
8890 2124
8891 2479
8892 1977
8893 1288
8894 2769
8895 2300
8896 2725
8897 1894
8898 2020
8899 2181
8900 2072
8901 1461
8902 2174
8903 2249
8904 1739
8905 2920
8906 1986
8907 1884
8908 1924
8909 2631
8910 2668
8911 1878
8912 2496
8913 2194
8914 1695
8915 2206
8916 2206
8917 3184
8918 2281
8919 2273
8920 1221
8921 2673
8922 1750
8923 1711
8924 1873
8925 3026
8926 2396
8927 2477
8928 2364
8929 2568
8930 2397
8931 1836
8932 2388
8933 2345
8934 2502
8935 2595
8936 2235
8937 1921
8938 2004
8939 2198
8940 2011
8941 2242
8942 2102
8943 2450
8944 2412
8945 2039
8946 1584
8947 889
8948 1869
8949 2041
8950 2370
8951 1868
8952 2161
8953 2150
8954 1332
8955 1519
8956 2217
8957 2089
8958 2268
8959 2119
8960 2075
8961 1020
8962 1810
8963 1397
8964 1810
8965 1955
8966 2615
8967 2784
8968 2811
8969 2117
8970 1826
8971 2254
8972 1875
8973 1845
8974 2072
8975 2639
8976 1778
8977 1451
8978 2060
8979 2890
8980 2582
8981 1754
8982 2208
8983 2097
8984 1968
8985 2183
8986 2133
8987 2015
8988 1858
8989 3387
8990 2087
8991 1948
8992 1862
8993 2107
8994 1985
8995 2291
8996 2047
8997 2536
8998 1970
8999 1700
9000 1731
9001 2070
9002 2416
9003 1726
9004 2106
9005 2154
9006 1627
9007 1943
9008 2311
9009 1938
9010 2273
9011 1851
9012 2003
9013 1417
9014 2685
9015 2609
9016 2795
9017 2040
9018 2358
9019 1920
9020 2116
9021 2088
9022 1913
9023 1963
9024 1924
9025 INF
9026 2050
9027 1953
9028 1713
9029 1824
9030 2261
9031 1741
9032 2417
9033 1811
9034 1882
9035 2314
9036 1976
9037 1990
9038 1751
9039 2104
9040 1336
9041 2165
9042 1974
9043 2204
9044 1809
9045 2318
9046 2145
9047 1899
9048 2153
9049 1837
9050 1944
9051 2012
9052 1802
9053 2707
9054 2446
9055 2132
9056 2235
9057 1634
9058 1852
9059 2337
9060 2188
9061 2161
9062 2483
9063 1988
9064 2050
9065 1230
9066 2144
9067 2060
9068 1429
9069 2254
9070 1960
9071 1547
9072 2093
9073 1787
9074 1707
9075 1859
9076 2290
9077 2089
9078 2105
9079 2121
9080 1898
9081 1813
9082 1764
9083 1270
9084 3520
9085 1687
9086 2374
9087 2001
9088 2041
9089 1857
9090 1633
9091 1755
9092 1743
9093 1866
9094 1786
9095 1939
9096 2035
9097 1973
9098 1887
9099 2469
9100 2033
9101 2475
9102 2056
9103 2049
9104 1561
9105 1962
9106 1911
9107 2086
9108 2260
9109 2420
9110 1849
9111 1257
9112 1785
9113 2368
9114 1383
9115 1961
9116 3101
9117 1967
9118 2324
9119 1810
9120 2370
9121 2578
9122 1829
9123 2474
9124 1976
9125 1868
9126 2053
9127 2446
9128 1788
9129 2296
9130 2056
9131 2335
9132 2137
9133 1995
9134 1481
9135 2057
9136 1646
9137 1562
9138 2346
9139 1632
9140 1886
9141 1993
9142 1897
9143 2252
9144 1743
9145 2839
9146 1407
9147 2077
9148 2115
9149 1653
9150 1765
9151 1942
9152 2525
9153 1618
9154 2310
9155 2087
9156 1879
9157 1807
9158 2291
9159 2198
9160 1030
9161 1918
9162 2148
9163 2475
9164 2409
9165 2240
9166 1589
9167 1861
9168 2482
9169 2213
9170 2059
9171 2286
9172 1813
9173 2550
9174 2394
9175 1445
9176 2102
9177 1580
9178 1623
9179 2069
9180 2584
9181 2701
9182 2068
9183 2553
9184 1981
9185 2983
9186 2040
9187 1993
9188 1921
9189 2003
9190 1718
9191 2590
9192 2081
9193 INF
9194 2055
9195 2079
9196 1653
9197 2531
9198 2039
9199 2305
9200 1654
9201 1937
9202 1861
9203 1500
9204 2127
9205 2235
9206 2334
9207 2168
9208 1724
9209 2985
9210 2249
9211 2062
9212 2259
9213 1931
9214 2006
9215 2249
9216 2090
9217 1761
9218 1812
9219 2323
9220 1606
9221 1565
9222 2360
9223 1873
9224 1793
9225 2122
9226 1933
9227 1809
9228 2662
9229 1800
9230 2448
9231 1976
9232 2169
9233 2161
9234 1359
9235 1595
9236 1868
9237 1980
9238 1945
9239 2348
9240 2013
9241 1984
9242 2455
9243 1982
9244 2270
9245 INF
9246 1717
9247 2282
9248 1646
9249 1856
9250 1913
9251 2301
9252 2414
9253 1809
9254 2171
9255 1446
9256 2242
9257 2048
9258 1946
9259 2192
9260 1927
9261 1987
9262 1413
9263 2072
9264 2550
9265 1742
9266 2058
9267 1787
9268 1661
9269 2586
9270 894
9271 564
9272 2372
9273 2166
9274 1796
9275 2149
9276 1795
9277 1973
9278 2511
9279 849
9280 2131
9281 1980
9282 1911
9283 2499
9284 1635
9285 2210
9286 2037
9287 1618
9288 1816
9289 2148
9290 1961
9291 2260
9292 1946
9293 2019
9294 1898
9295 2317
9296 2160
9297 2275
9298 2642
9299 1957
9300 1929
9301 2324
9302 1670
9303 2130
9304 2254
9305 2479
9306 1771
9307 2478
9308 2161
9309 1513
9310 1878
9311 2534
9312 1590
9313 1142
9314 2073
9315 2129
9316 2544
9317 1632
9318 2147
9319 2181
9320 2227
9321 1532
9322 2097
9323 2026
9324 1888
9325 2148
9326 2000
9327 761
9328 1734
9329 2115
9330 1905
9331 2173
9332 1815
9333 2718
9334 2555
9335 2700
9336 2444
9337 2516
9338 2077
9339 2316
9340 1662
9341 2486
9342 1869
9343 2040
9344 2447
9345 2036
9346 2135
9347 1980
9348 2446
9349 1912
9350 2002
9351 1815
9352 2653
9353 2009
9354 2231
9355 1992
9356 1547
9357 2198
9358 2497
9359 1667
9360 2590
9361 2075
9362 1996
9363 2045
9364 1730
9365 2365
9366 1800
9367 2398
9368 1416
9369 2059
9370 2249
9371 2643
9372 2352
9373 2070
9374 1912
9375 2037
9376 1570
9377 2108
9378 1411
9379 INF
9380 2511
9381 1827
9382 1786
9383 1225
9384 2441
9385 2429
9386 1933
9387 2146
9388 1781
9389 2218
9390 2356
9391 1921
9392 1838
9393 1724
9394 1914
9395 1584
9396 1876
9397 2042
9398 1986
9399 2301
9400 1762
9401 2519
9402 1916
9403 1529
9404 2298
9405 1573
9406 2037
9407 1968
9408 2504
9409 1477
9410 2315
9411 2099
9412 2154
9413 2309
9414 1887
9415 1705
9416 1336
9417 1942
9418 1237
9419 1880
9420 2200
9421 2129
9422 2333
9423 2248
9424 2020
9425 2322
9426 1984
9427 2111
9428 2161
9429 2460
9430 1616
9431 2379
9432 1694
9433 1429
9434 1973
9435 2254
9436 2294
9437 1590
9438 1598
9439 2824
9440 1968
9441 1944
9442 1863
9443 1720
9444 1250
9445 2315
9446 1318
9447 1600
9448 1982
9449 1800
9450 2334
9451 2005
9452 2235
9453 1903
9454 2294
9455 1191
9456 1982
9457 1826
9458 2051
9459 1949
9460 1541
9461 2286
9462 1615
9463 1838
9464 2091
9465 2197
9466 1896
9467 1842
9468 1753
9469 2462
9470 2188
9471 1955
9472 1912
9473 2137
9474 2442
9475 1793
9476 2074
9477 2483
9478 1650
9479 1750
9480 1795
9481 2333
9482 2370
9483 1971
9484 2209
9485 1901
9486 2142
9487 2300
9488 1645
9489 2114
9490 1934
9491 2101
9492 1863
9493 2762
9494 2469
9495 1762
9496 1892
9497 2682
9498 1999
9499 2065
9500 1659
9501 1838
9502 912
9503 2340
9504 1890
9505 2043
9506 2603
9507 1826
9508 2093
9509 2790
9510 1866
9511 1692
9512 2628
9513 1863
9514 2194
9515 1759
9516 2149
9517 2103
9518 1778
9519 2320
9520 1904
9521 1914
9522 2418
9523 2033
9524 2474
9525 2093
9526 1860
9527 2140
9528 2389
9529 1894
9530 1976
9531 1438
9532 1576
9533 2334
9534 2493
9535 1990
9536 2033
9537 2165
9538 2833
9539 2310
9540 2786
9541 2189
9542 2186
9543 2460
9544 1593
9545 2317
9546 1826
9547 2052
9548 1922
9549 1995
9550 1921
9551 2066
9552 2417
9553 2058
9554 2208
9555 2435
9556 2090
9557 1821
9558 2677
9559 1749
9560 1411
9561 1908
9562 2405
9563 1855
9564 2035
9565 2305
9566 2154
9567 1780
9568 941
9569 2584
9570 1646
9571 2113
9572 1622
9573 1796
9574 2080
9575 1639
9576 1874
9577 1999
9578 2130
9579 2258
9580 1893
9581 2423
9582 1613
9583 2929
9584 2069
9585 2159
9586 1807
9587 2480
9588 1663
9589 1207
9590 2130
9591 1963
9592 2795
9593 1916
9594 2288
9595 2125
9596 2166
9597 2071
9598 2069
9599 2163
9600 1889
9601 2676
9602 1829
9603 1825
9604 1584
9605 2090
9606 1444
9607 2413
9608 2105
9609 2449
9610 2037
9611 2601
9612 2561
9613 1567
9614 2061
9615 740
9616 2425
9617 1986
9618 2239
9619 1941
9620 1188
9621 1768
9622 1760
9623 2092
9624 2016
9625 1924
9626 2139
9627 1964
9628 3093
9629 2602
9630 2186
9631 2223
9632 3206
9633 1948
9634 1763
9635 1931
9636 2252
9637 2220
9638 1996
9639 1946
9640 2034
9641 2113
9642 1926
9643 2406
9644 2423
9645 1388
9646 2143
9647 2179
9648 1800
9649 1869
9650 2289
9651 1879
9652 2361
9653 2893
9654 2225
9655 1488
9656 1528
9657 1526
9658 2386
9659 2072
9660 1843
9661 2497
9662 2239
9663 2207
9664 2280
9665 2322
9666 1914
9667 2465
9668 2533
9669 1792
9670 1862
9671 1868
9672 2371
9673 1911
9674 1949
9675 2102
9676 1432
9677 2238
9678 1803
9679 1466
9680 2863
9681 2208
9682 1051
9683 1331
9684 2494
9685 1876
9686 1926
9687 2426
9688 2658
9689 1928
9690 2100
9691 2002
9692 1467
9693 3036
9694 1998
9695 2179
9696 2834
9697 1763
9698 INF
9699 2147
9700 1851
9701 1964
9702 2275
9703 2060
9704 1660
9705 2116
9706 2141
9707 1929
9708 1575
9709 1928
9710 2141
9711 2308
9712 2226
9713 1998
9714 2413
9715 2133
9716 1901
9717 1969
9718 1649
9719 1890
9720 1990
9721 2244
9722 2083
9723 2200
9724 1427
9725 2120
9726 540
9727 1369
9728 2149
9729 2285
9730 2357
9731 1640
9732 1886
9733 2159
9734 1111
9735 2274
9736 1898
9737 2159
9738 2251
9739 2539
9740 1726
9741 2652
9742 2212
9743 2393
9744 2238
9745 2141
9746 1791
9747 2106
9748 2758
9749 1488
9750 1905
9751 2326
9752 2252
9753 1785
9754 2279
9755 INF
9756 2189
9757 2630
9758 1928
9759 1793
9760 1820
9761 2363
9762 2256
9763 1588
9764 1900
9765 1118
9766 1965
9767 2023
9768 2151
9769 1676
9770 2568
9771 2047
9772 2006
9773 1397
9774 1842
9775 2729
9776 2390
9777 1801
9778 1884
9779 2439
9780 2169
9781 2135
9782 2115
9783 2251
9784 1312
9785 1827
9786 2083
9787 2195
9788 1984
9789 2112
9790 2619
9791 2411
9792 2287
9793 1674
9794 1782
9795 2183
9796 1744
9797 2090
9798 2104
9799 1777
9800 2604
9801 2074
9802 2543
9803 2599
9804 1845
9805 2289
9806 1825
9807 1313
9808 1393
9809 2244
9810 1973
9811 1342
9812 2778
9813 1776
9814 2467
9815 1081
9816 1501
9817 2181
9818 2440
9819 2240
9820 2552
9821 2063
9822 2056
9823 2030
9824 2333
9825 1673
9826 2130
9827 1799
9828 2422
9829 2374
9830 1984
9831 2158
9832 2224
9833 2247
9834 2143
9835 2193
9836 1603
9837 1807
9838 2402
9839 1850
9840 1775
9841 2328
9842 2307
9843 1945
9844 2465
9845 2101
9846 2162
9847 1318
9848 1265
9849 2827
9850 2364
9851 2172
9852 1985
9853 2193
9854 2198
9855 2440
9856 1771
9857 1847
9858 2367
9859 2159
9860 997
9861 2890
9862 2145
9863 2361
9864 2063
9865 2132
9866 1627
9867 1659
9868 1855
9869 2034
9870 1448
9871 2283
9872 2229
9873 2678
9874 1736
9875 1688
9876 2027
9877 1319
9878 2374
9879 1866
9880 2408
9881 1930
9882 2205
9883 1246
9884 2064
9885 1945
9886 2290
9887 2385
9888 1550
9889 1884
9890 1862
9891 2060
9892 2338
9893 2020
9894 2228
9895 2242
9896 2123
9897 2379
9898 2212
9899 2211
9900 1983
9901 1839
9902 2113
9903 1782
9904 2006
9905 2684
9906 2199
9907 1692
9908 2151
9909 2454
9910 1929
9911 2004
9912 2039
9913 2182
9914 2045
9915 1981
9916 INF
9917 2400
9918 1990
9919 2091
9920 2035
9921 1801
9922 1784
9923 1768
9924 1729
9925 2205
9926 1221
9927 2864
9928 1319
9929 2244
9930 2147
9931 2116
9932 1742
9933 1408
9934 2338
9935 2196
9936 2021
9937 1870
9938 1379
9939 1492
9940 1766
9941 1772
9942 2010
9943 1756
9944 2202
9945 1757
9946 1841
9947 1865
9948 1891
9949 1998
9950 2344
9951 2041
9952 2014
9953 1880
9954 2685
9955 2680
9956 2095
9957 2000
9958 1906
9959 1801
9960 1593
9961 2112
9962 2644
9963 1985
9964 3003
9965 2041
9966 1504
9967 2300
9968 1877
9969 2470
9970 2308
9971 2169
9972 2072
9973 1950
9974 1445
9975 2015
9976 3368
9977 1771
9978 2259
9979 1792
9980 2386
9981 2176
9982 1694
9983 1836
9984 1851
9985 2541
9986 1049
9987 1633
9988 1450
9989 1856
9990 1777
9991 2178
9992 2154
9993 INF
9994 1824
9995 1549
9996 1444
9997 1508
9998 1538
9999 1857
