0 0
1 1383
2 1428
3 1719
4 1284
5 877
6 849
7 1026
8 1028
9 887
10 1313
11 1755
12 950
13 1512
14 1462
15 1199
16 947
17 1521
18 443
19 713
20 1481
21 1632
22 613
23 685
24 1322
25 833
26 958
27 874
28 988
29 1088
30 1029
31 649
32 1060
33 1159
34 1407
35 1441
36 1724
37 1128
38 857
39 1902
40 722
41 1402
42 1907
43 1297
44 1080
45 1141
46 1196
47 1079
48 991
49 1257
50 768
51 897
52 1474
53 1513
54 1452
55 1201
56 1099
57 248
58 960
59 827
60 1785
61 823
62 1137
63 1001
64 1489
65 1278
66 1370
67 838
68 2188
69 833
70 1030
71 1247
72 1687
73 1471
74 1348
75 974
76 1098
77 1299
78 1567
79 150
80 1450
81 1522
82 786
83 1465
84 1065
85 1282
86 1578
87 478
88 907
89 1043
90 764
91 1384
92 733
93 1019
94 1112
95 918
96 1961
97 1280
98 1285
99 977
100 1346
101 1639
102 926
103 740
104 960
105 1133
106 1205
107 2024
108 1493
109 1216
110 1415
111 701
112 904
113 1311
114 1341
115 1496
116 642
117 585
118 657
119 863
120 943
121 955
122 1140
123 1301
124 975
125 1090
126 1485
127 987
128 1435
129 1422
130 1233
131 1175
132 1693
133 1164
134 1053
135 399
136 1512
137 1119
138 1468
139 1949
140 710
141 1118
142 669
143 1066
144 1170
145 1386
146 1292
147 480
148 1369
149 676
150 2194
151 272
152 678
153 1951
154 1001
155 1612
156 496
157 911
158 1417
159 1400
160 987
161 705
162 1545
163 775
164 374
165 1502
166 1661
167 727
168 450
169 1067
170 446
171 1140
172 982
173 1295
174 959
175 1561
176 878
177 1215
178 479
179 1129
180 1231
181 1014
182 1253
183 1556
184 1150
185 1233
186 1056
187 1143
188 523
189 1215
190 827
191 832
192 1417
193 INF
194 1053
195 1206
196 1722
197 1244
198 974
199 1312
200 1524
201 1862
202 1084
203 1231
204 788
205 675
206 1197
207 1461
208 1097
209 INF
210 958
211 1098
212 252
213 1481
214 1434
215 895
216 425
217 1350
218 905
219 1294
220 1020
221 934
222 629
223 1466
224 1259
225 1125
226 890
227 1383
228 350
229 1207
230 1295
231 972
232 885
233 1228
234 1638
235 1630
236 1455
237 1210
238 1019
239 812
240 986
241 1099
242 1230
243 605
244 1224
245 922
246 1086
247 1181
248 1200
249 794
250 1316
251 1366
252 2207
253 872
254 851
255 720
256 1251
257 1287
258 1071
259 1182
260 1251
261 790
262 855
263 980
264 655
265 555
266 1631
267 1000
268 651
269 1480
270 641
271 1072
272 330
273 940
274 986
275 1196
276 959
277 1262
278 1087
279 1266
280 885
281 1146
282 1609
283 946
284 1043
285 832
286 1144
287 824
288 1189
289 92
290 1157
291 956
292 1459
293 817
294 1240
295 745
296 1563
297 833
298 1588
299 1764
300 301
301 841
302 370
303 1407
304 1025
305 729
306 538
307 1259
308 870
309 1147
310 1575
311 56
312 1391
313 1222
314 1879
315 988
316 1430
317 1027
318 1240
319 662
320 692
321 1166
322 1507
323 875
324 999
325 1028
326 1332
327 1341
328 709
329 1120
330 2149
331 1087
332 1220
333 1260
334 1059
335 177
336 1056
337 2172
338 917
339 714
340 1354
341 1238
342 1231
343 865
344 2011
345 1180
346 981
347 1283
348 885
349 1452
350 922
351 1358
352 620
353 976
354 1585
355 695
356 1119
357 28
358 1725
359 2142
360 839
361 1597
362 970
363 1076
364 INF
365 1112
366 1223
367 1024
368 1072
369 1118
370 742
371 INF
372 1243
373 1203
374 1195
375 1183
376 1098
377 1126
378 INF
379 1093
380 924
381 1380
382 1319
383 843
384 1347
385 1323
386 973
387 1319
388 1099
389 1303
390 1306
391 1079
392 1366
393 801
394 1145
395 1352
396 840
397 1058
398 451
399 1201
400 1258
401 139
402 851
403 856
404 1144
405 1367
406 1097
407 1142
408 1449
409 740
410 1353
411 822
412 731
413 724
414 1477
415 1498
416 865
417 789
418 664
419 1008
420 1450
421 791
422 1608
423 1077
424 1224
425 1930
426 1142
427 998
428 940
429 1231
430 1120
431 1366
432 1320
433 1431
434 2243
435 954
436 810
437 1465
438 1319
439 824
440 962
441 1401
442 1377
443 1701
444 1178
445 1282
446 1828
447 1739
448 1466
449 1239
450 892
451 1118
452 1345
453 1254
454 781
455 1203
456 1015
457 896
458 1179
459 811
460 1233
461 1075
462 938
463 1114
464 1289
465 803
466 1354
467 1047
468 1085
469 1604
470 623
471 1562
472 965
473 1465
474 1122
475 766
476 1248
477 934
478 INF
479 651
480 981
481 1074
482 1333
483 1201
484 1076
485 642
486 861
487 1253
488 1534
489 835
490 1169
491 894
492 1620
493 564
494 835
495 1053
496 1092
497 1450
498 1273
499 1169
500 1143
501 1088
502 1457
503 1341
504 102
505 1548
506 1543
507 933
508 1005
509 680
510 1331
511 1006
512 1329
513 1555
514 1092
515 1288
516 1281
517 1278
518 1077
519 1126
520 1185
521 1843
522 871
523 1111
524 1962
525 1433
526 936
527 1074
528 839
529 596
530 1495
531 1449
532 1428
533 618
534 INF
535 608
536 1117
537 1286
538 1259
539 996
540 1100
541 854
542 1071
543 670
544 826
545 1401
546 837
547 1168
548 1733
549 1566
550 1044
551 1388
552 1076
553 1191
554 1480
555 849
556 895
557 978
558 952
559 1072
560 1204
561 776
562 943
563 1358
564 1131
565 1066
566 1042
567 798
568 1329
569 1213
570 824
571 1435
572 859
573 1686
574 957
575 1175
576 1754
577 1194
578 1190
579 720
580 396
581 1268
582 939
583 1197
584 1153
585 664
586 974
587 1004
588 1099
589 925
590 993
591 1296
592 1821
593 1885
594 348
595 2273
596 1420
597 1150
598 1306
599 1656
600 583
601 216
602 1123
603 844
604 1245
605 1301
606 1414
607 1120
608 1298
609 842
610 1310
611 977
612 984
613 1085
614 1273
615 2073
616 1305
617 999
618 2124
619 1049
620 1291
621 1266
622 1395
623 1100
624 805
625 1717
626 1218
627 736
628 677
629 910
630 1175
631 1025
632 1109
633 935
634 704
635 847
636 1601
637 1076
638 296
639 2081
640 936
641 1415
642 1449
643 1095
644 1336
645 1606
646 1182
647 1392
648 776
649 722
650 821
651 1736
652 1439
653 1293
654 1066
655 1208
656 912
657 986
658 1649
659 1201
660 892
661 1195
662 1050
663 1257
664 916
665 816
666 754
667 1322
668 1200
669 400
670 927
671 884
672 877
673 1164
674 768
675 844
676 2113
677 1513
678 756
679 1904
680 385
681 INF
682 1645
683 1153
684 873
685 2201
686 1323
687 1035
688 864
689 1489
690 1838
691 1561
692 1091
693 476
694 934
695 1694
696 1088
697 1005
698 1088
699 1039
700 1437
701 758
702 791
703 684
704 571
705 826
706 1642
707 1117
708 1115
709 355
710 716
711 1301
712 1040
713 1070
714 1729
715 1388
716 523
717 1014
718 1149
719 1665
720 1070
721 1249
722 1675
723 1229
724 660
725 1465
726 1018
727 629
728 728
729 1101
730 617
731 1590
732 1412
733 1470
734 900
735 1278
736 1895
737 1322
738 1252
739 1196
740 544
741 725
742 1281
743 267
744 1232
745 2019
746 1176
747 944
748 579
749 600
750 1252
751 1298
752 1467
753 1142
754 1497
755 1268
756 1409
757 2283
758 1394
759 1109
760 898
761 901
762 1135
763 966
764 466
765 1079
766 885
767 1124
768 1287
769 766
770 1300
771 1260
772 797
773 1477
774 1079
775 1545
776 1568
777 1090
778 1017
779 666
780 1241
781 922
782 1126
783 1304
784 1226
785 1341
786 1569
787 1076
788 1002
789 695
790 938
791 907
792 596
793 889
794 6
795 INF
796 1035
797 1707
798 634
799 944
800 1016
801 846
802 714
803 685
804 1264
805 1022
806 1373
807 780
808 820
809 1298
810 899
811 1115
812 1427
813 2091
814 449
815 1307
816 1189
817 1333
818 936
819 598
820 914
821 886
822 1395
823 573
824 952
825 1243
826 880
827 1039
828 1102
829 1695
830 1321
831 586
832 1197
833 1004
834 831
835 1105
836 891
837 1165
838 1352
839 673
840 1281
841 1123
842 1107
843 1427
844 1245
845 178
846 995
847 1398
848 1044
849 819
850 1098
851 702
852 1084
853 791
854 843
855 827
856 697
857 1058
858 1045
859 749
860 996
861 911
862 1456
863 1309
864 548
865 922
866 1305
867 1375
868 782
869 881
870 1267
871 1357
872 666
873 1469
874 641
875 1813
876 2002
877 766
878 904
879 1127
880 495
881 1177
882 420
883 1375
884 1063
885 1137
886 1240
887 517
888 1220
889 1947
890 1117
891 819
892 887
893 1061
894 1207
895 715
896 1316
897 1284
898 878
899 1839
900 1099
901 1648
902 897
903 1035
904 1036
905 659
906 1419
907 933
908 1152
909 1241
910 833
911 914
912 1436
913 1265
914 1278
915 1134
916 1398
917 1745
918 1304
919 831
920 485
921 1264
922 1045
923 1707
924 1397
925 617
926 1054
927 1846
928 993
929 601
930 1656
931 620
932 1111
933 1302
934 634
935 994
936 1838
937 1238
938 897
939 386
940 1520
941 667
942 1087
943 480
944 589
945 978
946 1310
947 1466
948 1430
949 1320
950 1152
951 1036
952 336
953 1024
954 839
955 1619
956 346
957 997
958 733
959 1091
960 1407
961 1084
962 2245
963 1027
964 801
965 786
966 500
967 917
968 1064
969 1168
970 776
971 794
972 1152
973 1337
974 1430
975 1397
976 999
977 924
978 1713
979 1321
980 1338
981 711
982 1577
983 1397
984 1701
985 962
986 1194
987 1554
988 1141
989 1373
990 1240
991 1035
992 934
993 1273
994 1494
995 1237
996 1304
997 1180
998 1111
999 927
