0 0
1 495
2 940
3 680
4 812
5 114
6 573
7 868
8 246
9 169
10 707
11 603
12 22
13 411
14 883
15 901
16 604
17 996
18 893
19 659
20 785
21 602
22 759
23 833
24 963
25 595
26 331
27 641
28 264
29 419
30 756
31 884
32 528
33 755
34 308
35 439
36 92
37 198
38 75
39 782
40 576
41 301
42 628
43 108
44 813
45 296
46 84
47 114
48 413
49 684
50 39
51 793
52 283
53 472
54 615
55 154
56 493
57 596
58 247
59 628
60 126
61 594
62 219
63 767
64 733
65 931
66 166
67 805
68 705
69 717
70 121
71 261
72 746
73 51
74 17
75 466
76 303
77 474
78 85
79 641
80 631
81 50
82 218
83 809
84 718
85 391
86 674
87 591
88 22
89 815
90 12
91 73
92 127
93 483
94 905
95 635
96 37
97 59
98 393
99 706
100 963
101 909
102 143
103 419
104 96
105 256
106 877
107 660
108 430
109 41
110 776
111 213
112 920
113 536
114 266
115 127
116 594
117 817
118 120
119 967
120 279
121 925
122 949
123 955
124 426
125 713
126 451
127 68
128 455
129 503
130 834
131 661
132 421
133 493
134 15
135 891
136 52
137 630
138 778
139 715
140 976
141 374
142 649
143 124
144 618
145 181
146 268
147 848
148 530
149 19
150 848
151 238
152 63
153 533
154 144
155 146
156 311
157 1000
158 658
159 605
160 858
161 409
162 251
163 678
164 585
165 742
166 321
167 301
168 988
169 781
170 898
171 85
172 412
173 949
174 474
175 22
176 228
177 273
178 923
179 429
180 551
181 874
182 114
183 740
184 926
185 191
186 580
187 411
188 952
189 679
190 877
191 871
192 129
193 128
194 736
195 915
196 362
197 21
198 695
199 463
200 562
201 208
202 658
203 526
204 874
205 136
206 729
207 728
208 450
209 257
210 445
211 130
212 333
213 443
214 914
215 762
216 785
217 392
218 567
219 10
220 569
221 601
222 267
223 275
224 229
225 682
226 827
227 373
228 810
229 625
230 586
231 563
232 773
233 495
234 685
235 14
236 958
237 898
238 658
239 320
240 177
241 320
242 50
243 326
244 27
245 158
246 756
247 866
248 515
249 611
250 392
251 241
252 116
253 933
254 364
255 99
256 57
257 247
258 748
259 801
260 182
261 172
262 645
263 494
264 944
265 257
266 216
267 710
268 6
269 910
270 229
271 381
272 712
273 470
274 604
275 933
276 361
277 213
278 436
279 979
280 890
281 410
282 656
283 407
284 752
285 937
286 25
287 487
288 218
289 985
290 279
291 920
292 552
293 526
294 31
295 620
296 924
297 817
298 144
299 426
300 263
301 531
302 160
303 388
304 131
305 621
306 731
307 706
308 781
309 8
310 508
311 851
312 733
313 92
314 573
315 906
316 955
317 388
318 552
319 187
320 755
321 889
322 832
323 290
324 588
325 614
326 277
327 632
328 633
329 510
330 7
331 436
332 786
333 512
334 79
335 132
336 277
337 649
338 740
339 821
340 825
341 478
342 482
343 698
344 501
345 676
346 628
347 516
348 187
349 36
350 963
351 985
352 565
353 424
354 409
355 359
356 499
357 472
358 528
359 963
360 783
361 838
362 344
363 463
364 46
365 234
366 518
367 120
368 552
369 178
370 583
371 308
372 500
373 603
374 485
375 751
376 926
377 841
378 176
379 770
380 596
381 81
382 436
383 837
384 478
385 651
386 608
387 290
388 511
389 215
390 195
391 521
392 514
393 274
394 241
395 740
396 670
397 934
398 52
399 610
400 362
401 856
402 919
403 986
404 760
405 974
406 904
407 867
408 889
409 168
410 85
411 650
412 847
413 242
414 990
415 144
416 996
417 979
418 210
419 835
420 106
421 724
422 154
423 557
424 797
425 792
426 714
427 387
428 340
429 384
430 122
431 676
432 774
433 281
434 652
435 231
436 935
437 323
438 686
439 632
440 612
441 997
442 841
443 350
444 176
445 661
446 107
447 543
448 501
449 904
450 643
451 930
452 363
453 820
454 934
455 761
456 750
457 356
458 143
459 813
460 703
461 534
462 968
463 86
464 588
465 739
466 13
467 217
468 265
469 225
470 211
471 159
472 340
473 726
474 982
475 644
476 634
477 324
478 994
479 762
480 689
481 881
482 692
483 850
484 823
485 690
486 994
487 486
488 819
489 739
490 135
491 641
492 155
493 385
494 546
495 802
496 528
497 249
498 388
499 121
500 355
501 33
502 321
503 85
504 830
505 815
506 198
507 263
508 517
509 138
510 740
511 346
512 29
513 964
514 319
515 945
516 138
517 141
518 401
519 977
520 271
521 450
522 684
523 343
524 401
525 997
526 867
527 317
528 147
529 647
530 640
531 995
532 829
533 670
534 490
535 470
536 743
537 18
538 622
539 220
540 844
541 762
542 732
543 86
544 765
545 944
546 394
547 685
548 400
549 933
550 976
551 93
552 426
553 326
554 741
555 133
556 100
557 476
558 26
559 590
560 527
561 738
562 923
563 374
564 805
565 255
566 296
567 33
568 149
569 149
570 46
571 24
572 960
573 44
574 328
575 846
576 369
577 731
578 469
579 878
580 236
581 823
582 614
583 461
584 951
585 703
586 394
587 713
588 979
589 466
590 466
591 299
592 128
593 151
594 374
595 173
596 736
597 51
598 779
599 700
600 588
601 595
602 370
603 315
604 939
605 873
606 838
607 887
608 717
609 703
610 711
611 238
612 221
613 591
614 935
615 241
616 396
617 160
618 666
619 593
620 548
621 244
622 740
623 840
624 815
625 147
626 325
627 13
628 316
629 363
630 407
631 626
632 156
633 503
634 269
635 935
636 351
637 729
638 394
639 873
640 469
641 856
642 667
643 356
644 171
645 785
646 946
647 670
648 685
649 169
650 932
651 314
652 329
653 100
654 551
655 303
656 251
657 326
658 781
659 294
660 330
661 589
662 924
663 345
664 197
665 993
666 754
667 10
668 752
669 188
670 349
671 484
672 729
673 869
674 811
675 608
676 97
677 335
678 109
679 361
680 307
681 838
682 541
683 618
684 921
685 659
686 813
687 770
688 401
689 544
690 287
691 385
692 200
693 641
694 740
695 855
696 652
697 704
698 862
699 479
700 511
701 92
702 547
703 404
704 966
705 676
706 411
707 18
708 340
709 488
710 378
711 262
712 326
713 453
714 443
715 160
716 106
717 311
718 786
719 386
720 161
721 405
722 676
723 943
724 287
725 868
726 118
727 75
728 901
729 309
730 738
731 39
732 536
733 487
734 572
735 812
736 917
737 640
738 957
739 260
740 130
741 117
742 580
743 970
744 796
745 829
746 826
747 898
748 850
749 413
750 242
751 612
752 818
753 588
754 791
755 487
756 725
757 538
758 184
759 99
760 575
761 998
762 719
763 994
764 130
765 97
766 823
767 387
768 767
769 602
770 870
771 103
772 336
773 378
774 717
775 246
776 402
777 447
778 337
779 377
780 537
781 451
782 849
783 670
784 526
785 989
786 412
787 10
788 752
789 6
790 515
791 516
792 508
793 883
794 999
795 891
796 788
797 687
798 888
799 992
800 606
801 435
802 315
803 377
804 148
805 934
806 714
807 562
808 624
809 682
810 356
811 515
812 840
813 218
814 367
815 834
816 490
817 969
818 238
819 283
820 825
821 764
822 575
823 55
824 619
825 862
826 283
827 442
828 99
829 29
830 624
831 608
832 931
833 951
834 529
835 816
836 254
837 828
838 206
839 668
840 145
841 432
842 321
843 433
844 726
845 54
846 892
847 145
848 196
849 213
850 548
851 788
852 338
853 977
854 253
855 899
856 780
857 858
858 318
859 532
860 257
861 461
862 852
863 954
864 176
865 88
866 704
867 538
868 905
869 27
870 297
871 491
872 907
873 336
874 855
875 143
876 387
877 382
878 178
879 849
880 251
881 785
882 660
883 802
884 121
885 704
886 287
887 306
888 380
889 111
890 258
891 267
892 708
893 30
894 346
895 514
896 647
897 449
898 138
899 171
900 975
901 213
902 293
903 354
904 186
905 895
906 838
907 545
908 58
909 925
910 746
911 914
912 482
913 887
914 652
915 125
916 586
917 206
918 855
919 66
920 537
921 611
922 541
923 348
924 707
925 551
926 490
927 699
928 898
929 361
930 419
931 453
932 85
933 532
934 920
935 295
936 874
937 496
938 815
939 853
940 499
941 912
942 230
943 953
944 501
945 87
946 809
947 784
948 533
949 890
950 318
951 742
952 146
953 701
954 372
955 654
956 23
957 360
958 526
959 806
960 353
961 602
962 164
963 846
964 275
965 922
966 872
967 122
968 332
969 482
970 401
971 337
972 789
973 343
974 654
975 369
976 935
977 966
978 468
979 228
980 353
981 98
982 205
983 958
984 387
985 155
986 902
987 357
988 532
989 919
990 861
991 507
992 666
993 840
994 183
995 497
996 217
997 947
998 633
999 399
1000 633
1001 506
1002 384
1003 747
1004 839
1005 837
1006 316
1007 896
1008 621
1009 891
1010 73
1011 351
1012 606
1013 376
1014 975
1015 112
1016 500
1017 721
1018 644
1019 479
1020 658
1021 699
1022 892
1023 552
1024 594
1025 937
1026 453
1027 134
1028 200
1029 462
1030 787
1031 5
1032 810
1033 970
1034 477
1035 469
1036 697
1037 700
1038 867
1039 161
1040 332
1041 924
1042 99
1043 1000
1044 429
1045 351
1046 526
1047 706
1048 433
1049 984
1050 938
1051 639
1052 585
1053 259
1054 562
1055 351
1056 705
1057 857
1058 486
1059 884
1060 107
1061 189
1062 931
1063 46
1064 267
1065 313
1066 163
1067 225
1068 42
1069 843
1070 640
1071 740
1072 475
1073 933
1074 589
1075 934
1076 222
1077 465
1078 424
1079 588
1080 370
1081 614
1082 155
1083 975
1084 633
1085 207
1086 152
1087 645
1088 896
1089 813
1090 681
1091 278
1092 666
1093 560
1094 498
1095 657
1096 354
1097 126
1098 161
1099 6
1100 50
1101 953
1102 766
1103 450
1104 653
1105 391
1106 656
1107 541
1108 170
1109 7
1110 947
1111 827
1112 290
1113 852
1114 642
1115 239
1116 450
1117 749
1118 238
1119 677
1120 277
1121 720
1122 625
1123 437
1124 911
1125 881
1126 776
1127 311
1128 492
1129 24
1130 565
1131 935
1132 707
1133 259
1134 697
1135 262
1136 45
1137 834
1138 979
1139 568
1140 788
1141 98
1142 54
1143 959
1144 751
1145 645
1146 255
1147 84
1148 354
1149 801
1150 736
1151 842
1152 832
1153 776
1154 573
1155 468
1156 962
1157 838
1158 114
1159 916
1160 799
1161 16
1162 573
1163 440
1164 706
1165 238
1166 322
1167 284
1168 491
1169 515
1170 398
1171 945
1172 759
1173 622
1174 511
1175 419
1176 87
1177 207
1178 486
1179 597
1180 152
1181 174
1182 508
1183 274
1184 529
1185 995
1186 249
1187 664
1188 622
1189 94
1190 107
1191 205
1192 772
1193 9
1194 616
1195 199
1196 817
1197 705
1198 774
1199 169
1200 212
1201 860
1202 264
1203 842
1204 255
1205 451
1206 44
1207 17
1208 420
1209 902
1210 714
1211 73
1212 819
1213 974
1214 314
1215 125
1216 781
1217 567
1218 509
1219 966
1220 931
1221 575
1222 47
1223 227
1224 886
1225 763
1226 391
1227 165
1228 616
1229 583
1230 215
1231 593
1232 10
1233 700
1234 993
1235 179
1236 395
1237 79
1238 446
1239 267
1240 375
1241 928
1242 802
1243 351
1244 350
1245 735
1246 910
1247 970
1248 717
1249 442
1250 558
1251 341
1252 167
1253 680
1254 275
1255 473
1256 879
1257 764
1258 579
1259 941
1260 234
1261 473
1262 16
1263 516
1264 795
1265 167
1266 916
1267 748
1268 352
1269 850
1270 221
1271 127
1272 147
1273 458
1274 241
1275 291
1276 553
1277 298
1278 313
1279 934
1280 755
1281 247
1282 983
1283 695
1284 996
1285 122
1286 827
1287 111
1288 309
1289 383
1290 331
1291 885
1292 998
1293 931
1294 211
1295 354
1296 515
1297 317
1298 546
1299 889
1300 49
1301 714
1302 193
1303 640
1304 45
1305 310
1306 850
1307 440
1308 757
1309 428
1310 602
1311 353
1312 517
1313 446
1314 45
1315 944
1316 350
1317 978
1318 222
1319 447
1320 396
1321 503
1322 149
1323 720
1324 559
1325 352
1326 696
1327 58
1328 434
1329 830
1330 760
1331 664
1332 661
1333 960
1334 512
1335 567
1336 390
1337 99
1338 799
1339 407
1340 999
1341 721
1342 132
1343 591
1344 290
1345 409
1346 647
1347 350
1348 761
1349 761
1350 770
1351 237
1352 76
1353 307
1354 589
1355 625
1356 719
1357 139
1358 889
1359 525
1360 81
1361 194
1362 149
1363 358
1364 53
1365 408
1366 129
1367 623
1368 281
1369 783
1370 276
1371 260
1372 284
1373 592
1374 682
1375 959
1376 719
1377 572
1378 201
1379 333
1380 247
1381 281
1382 400
1383 780
1384 345
1385 637
1386 720
1387 366
1388 429
1389 521
1390 97
1391 490
1392 873
1393 930
1394 776
1395 203
1396 825
1397 75
1398 731
1399 395
1400 761
1401 131
1402 113
1403 898
1404 728
1405 950
1406 425
1407 516
1408 705
1409 743
1410 570
1411 744
1412 230
1413 845
1414 322
1415 764
1416 506
1417 751
1418 268
1419 251
1420 712
1421 560
1422 968
1423 848
1424 992
1425 452
1426 557
1427 275
1428 962
1429 137
1430 281
1431 179
1432 244
1433 804
1434 312
1435 380
1436 877
1437 122
1438 439
1439 837
1440 494
1441 296
1442 431
1443 783
1444 803
1445 251
1446 551
1447 392
1448 103
1449 932
1450 217
1451 877
1452 513
1453 924
1454 7
1455 870
1456 367
1457 25
1458 326
1459 399
1460 601
1461 345
1462 110
1463 328
1464 399
1465 358
1466 771
1467 768
1468 929
1469 800
1470 217
1471 100
1472 259
1473 712
1474 387
1475 161
1476 536
1477 258
1478 945
1479 434
1480 879
1481 842
1482 338
1483 410
1484 947
1485 57
1486 26
1487 184
1488 846
1489 808
1490 172
1491 537
1492 749
1493 389
1494 81
1495 808
1496 383
1497 763
1498 922
1499 713
1500 723
1501 461
1502 990
1503 214
1504 676
1505 365
1506 299
1507 19
1508 25
1509 754
1510 133
1511 892
1512 706
1513 466
1514 408
1515 792
1516 192
1517 716
1518 383
1519 562
1520 881
1521 871
1522 685
1523 163
1524 45
1525 363
1526 772
1527 582
1528 227
1529 757
1530 232
1531 747
1532 819
1533 884
1534 651
1535 31
1536 674
1537 53
1538 173
1539 271
1540 966
1541 948
1542 819
1543 724
1544 677
1545 972
1546 469
1547 86
1548 694
1549 103
1550 342
1551 718
1552 957
1553 734
1554 903
1555 123
1556 323
1557 444
1558 856
1559 407
1560 512
1561 765
1562 989
1563 63
1564 797
1565 189
1566 117
1567 858
1568 958
1569 953
1570 299
1571 202
1572 813
1573 827
1574 373
1575 49
1576 520
1577 433
1578 877
1579 710
1580 935
1581 292
1582 118
1583 766
1584 467
1585 157
1586 751
1587 163
1588 219
1589 102
1590 132
1591 758
1592 752
1593 546
1594 802
1595 785
1596 703
1597 620
1598 250
1599 722
1600 283
1601 216
1602 411
1603 546
1604 439
1605 49
1606 711
1607 302
1608 506
1609 102
1610 815
1611 697
1612 387
1613 521
1614 534
1615 174
1616 132
1617 747
1618 1
1619 86
1620 390
1621 75
1622 992
1623 363
1624 547
1625 353
1626 772
1627 828
1628 524
1629 814
1630 192
1631 482
1632 243
1633 570
1634 437
1635 280
1636 35
1637 923
1638 653
1639 606
1640 551
1641 222
1642 620
1643 378
1644 298
1645 173
1646 479
1647 677
1648 195
1649 399
1650 949
1651 27
1652 465
1653 671
1654 806
1655 380
1656 174
1657 670
1658 529
1659 67
1660 519
1661 520
1662 705
1663 233
1664 914
1665 470
1666 186
1667 877
1668 178
1669 428
1670 643
1671 851
1672 946
1673 153
1674 582
1675 974
1676 974
1677 120
1678 924
1679 381
1680 864
1681 272
1682 504
1683 641
1684 726
1685 32
1686 686
1687 6
1688 513
1689 784
1690 673
1691 401
1692 150
1693 859
1694 701
1695 174
1696 483
1697 754
1698 246
1699 590
1700 945
1701 793
1702 130
1703 281
1704 740
1705 351
1706 200
1707 157
1708 506
1709 769
1710 919
1711 655
1712 268
1713 863
1714 404
1715 273
1716 313
1717 368
1718 191
1719 147
1720 285
1721 840
1722 13
1723 112
1724 816
1725 255
1726 158
1727 143
1728 455
1729 287
1730 627
1731 209
1732 841
1733 143
1734 17
1735 329
1736 989
1737 872
1738 289
1739 483
1740 678
1741 67
1742 342
1743 472
1744 195
1745 137
1746 767
1747 794
1748 401
1749 139
1750 336
1751 401
1752 325
1753 892
1754 347
1755 978
1756 325
1757 899
1758 594
1759 897
1760 63
1761 334
1762 679
1763 799
1764 629
1765 948
1766 218
1767 121
1768 859
1769 287
1770 400
1771 821
1772 615
1773 939
1774 605
1775 202
1776 232
1777 542
1778 631
1779 29
1780 379
1781 35
1782 16
1783 782
1784 105
1785 80
1786 101
1787 500
1788 66
1789 74
1790 67
1791 521
1792 894
1793 437
1794 49
1795 724
1796 114
1797 550
1798 763
1799 166
1800 488
1801 575
1802 130
1803 547
1804 656
1805 936
1806 361
1807 318
1808 772
1809 401
1810 823
1811 474
1812 930
1813 926
1814 594
1815 210
1816 770
1817 481
1818 679
1819 232
1820 209
1821 897
1822 589
1823 737
1824 151
1825 770
1826 473
1827 513
1828 43
1829 866
1830 475
1831 869
1832 340
1833 670
1834 233
1835 278
1836 445
1837 274
1838 141
1839 4
1840 236
1841 432
1842 539
1843 34
1844 950
1845 882
1846 835
1847 1000
1848 522
1849 489
1850 358
1851 12
1852 145
1853 950
1854 322
1855 473
1856 709
1857 956
1858 913
1859 600
1860 881
1861 856
1862 318
1863 685
1864 551
1865 264
1866 104
1867 739
1868 154
1869 113
1870 93
1871 241
1872 883
1873 543
1874 468
1875 960
1876 210
1877 132
1878 245
1879 500
1880 681
1881 353
1882 217
1883 998
1884 609
1885 149
1886 110
1887 411
1888 753
1889 155
1890 29
1891 935
1892 253
1893 821
1894 766
1895 700
1896 289
1897 587
1898 611
1899 573
1900 590
1901 266
1902 748
1903 372
1904 666
1905 151
1906 456
1907 283
1908 530
1909 935
1910 712
1911 772
1912 171
1913 143
1914 912
1915 231
1916 908
1917 390
1918 421
1919 647
1920 299
1921 56
1922 59
1923 109
1924 72
1925 498
1926 947
1927 458
1928 672
1929 513
1930 981
1931 236
1932 181
1933 180
1934 282
1935 763
1936 73
1937 419
1938 685
1939 11
1940 422
1941 552
1942 729
1943 590
1944 514
1945 977
1946 714
1947 521
1948 670
1949 805
1950 331
1951 738
1952 992
1953 777
1954 250
1955 892
1956 377
1957 383
1958 675
1959 775
1960 878
1961 660
1962 565
1963 130
1964 946
1965 203
1966 116
1967 662
1968 679
1969 128
1970 349
1971 522
1972 24
1973 744
1974 825
1975 326
1976 77
1977 183
1978 564
1979 826
1980 748
1981 208
1982 615
1983 182
1984 595
1985 596
1986 163
1987 353
1988 669
1989 7
1990 500
1991 346
1992 72
1993 670
1994 394
1995 492
1996 861
1997 682
1998 348
1999 360
2000 861
2001 151
2002 996
2003 594
2004 411
2005 479
2006 428
2007 601
2008 342
2009 65
2010 789
2011 412
2012 201
2013 393
2014 548
2015 560
2016 457
2017 529
2018 867
2019 353
2020 975
2021 240
2022 639
2023 621
2024 322
2025 554
2026 282
2027 193
2028 136
2029 583
2030 14
2031 786
2032 655
2033 848
2034 414
2035 104
2036 79
2037 952
2038 943
2039 603
2040 545
2041 190
2042 360
2043 223
2044 850
2045 305
2046 787
2047 613
2048 990
2049 230
2050 697
2051 676
2052 551
2053 716
2054 138
2055 633
2056 342
2057 113
2058 122
2059 394
2060 907
2061 945
2062 782
2063 768
2064 315
2065 452
2066 659
2067 443
2068 220
2069 328
2070 850
2071 310
2072 340
2073 623
2074 918
2075 330
2076 321
2077 782
2078 533
2079 180
2080 46
2081 915
2082 859
2083 717
2084 339
2085 429
2086 901
2087 22
2088 849
2089 964
2090 721
2091 838
2092 477
2093 512
2094 520
2095 507
2096 107
2097 910
2098 674
2099 552
2100 800
2101 180
2102 672
2103 379
2104 904
2105 394
2106 796
2107 702
2108 115
2109 545
2110 195
2111 21
2112 993
2113 115
2114 388
2115 283
2116 485
2117 919
2118 270
2119 266
2120 856
2121 654
2122 310
2123 970
2124 470
2125 398
2126 281
2127 156
2128 68
2129 122
2130 999
2131 206
2132 872
2133 325
2134 513
2135 695
2136 607
2137 450
2138 110
2139 692
2140 752
2141 594
2142 836
2143 263
2144 618
2145 934
2146 11
2147 580
2148 519
2149 967
2150 325
2151 605
2152 477
2153 712
2154 726
2155 812
2156 713
2157 432
2158 121
2159 9
2160 988
2161 277
2162 810
2163 31
2164 982
2165 238
2166 140
2167 159
2168 732
2169 976
2170 426
2171 864
2172 279
2173 350
2174 301
2175 323
2176 499
2177 557
2178 970
2179 820
2180 947
2181 372
2182 467
2183 183
2184 745
2185 323
2186 187
2187 24
2188 622
2189 482
2190 436
2191 484
2192 20
2193 686
2194 484
2195 219
2196 384
2197 112
2198 438
2199 608
2200 448
2201 145
2202 173
2203 168
2204 422
2205 189
2206 266
2207 37
2208 165
2209 891
2210 463
2211 903
2212 723
2213 340
2214 112
2215 393
2216 40
2217 128
2218 593
2219 77
2220 493
2221 155
2222 949
2223 538
2224 357
2225 944
2226 536
2227 494
2228 872
2229 852
2230 705
2231 174
2232 80
2233 14
2234 434
2235 876
2236 249
2237 283
2238 491
2239 17
2240 397
2241 628
2242 699
2243 786
2244 814
2245 63
2246 632
2247 687
2248 858
2249 426
2250 48
2251 184
2252 200
2253 204
2254 215
2255 186
2256 480
2257 673
2258 283
2259 871
2260 254
2261 437
2262 850
2263 452
2264 337
2265 18
2266 360
2267 263
2268 613
2269 776
2270 830
2271 683
2272 918
2273 927
2274 792
2275 33
2276 576
2277 582
2278 615
2279 506
2280 874
2281 684
2282 790
2283 165
2284 736
2285 584
2286 102
2287 252
2288 877
2289 347
2290 6
2291 544
2292 199
2293 549
2294 14
2295 943
2296 653
2297 844
2298 868
2299 298
2300 429
2301 700
2302 796
2303 387
2304 223
2305 486
2306 588
2307 983
2308 286
2309 749
2310 975
2311 548
2312 905
2313 567
2314 804
2315 516
2316 368
2317 65
2318 8
2319 768
2320 858
2321 950
2322 103
2323 600
2324 261
2325 762
2326 69
2327 299
2328 395
2329 644
2330 809
2331 913
2332 727
2333 472
2334 168
2335 751
2336 975
2337 85
2338 96
2339 159
2340 123
2341 268
2342 917
2343 231
2344 516
2345 600
2346 194
2347 256
2348 414
2349 115
2350 330
2351 797
2352 895
2353 266
2354 330
2355 991
2356 12
2357 351
2358 471
2359 677
2360 815
2361 920
2362 262
2363 677
2364 978
2365 514
2366 160
2367 950
2368 760
2369 836
2370 521
2371 469
2372 339
2373 389
2374 53
2375 297
2376 903
2377 160
2378 825
2379 845
2380 317
2381 941
2382 124
2383 241
2384 866
2385 888
2386 12
2387 530
2388 103
2389 235
2390 326
2391 770
2392 367
2393 104
2394 993
2395 692
2396 197
2397 409
2398 513
2399 866
2400 760
2401 711
2402 686
2403 225
2404 233
2405 311
2406 11
2407 764
2408 885
2409 739
2410 74
2411 172
2412 348
2413 102
2414 270
2415 186
2416 785
2417 868
2418 629
2419 915
2420 685
2421 316
2422 512
2423 346
2424 119
2425 225
2426 233
2427 827
2428 327
2429 882
2430 835
2431 637
2432 730
2433 801
2434 70
2435 443
2436 307
2437 58
2438 326
2439 373
2440 965
2441 912
2442 368
2443 358
2444 116
2445 234
2446 409
2447 462
2448 329
2449 987
2450 364
2451 230
2452 520
2453 202
2454 715
2455 490
2456 1
2457 333
2458 466
2459 668
2460 941
2461 844
2462 456
2463 536
2464 431
2465 59
2466 245
2467 30
2468 603
2469 492
2470 219
2471 24
2472 731
2473 546
2474 381
2475 372
2476 322
2477 217
2478 952
2479 489
2480 846
2481 814
2482 840
2483 217
2484 813
2485 121
2486 325
2487 95
2488 891
2489 802
2490 881
2491 205
2492 781
2493 499
2494 193
2495 249
2496 616
2497 366
2498 101
2499 226
2500 77
2501 203
2502 182
2503 482
2504 919
2505 188
2506 81
2507 250
2508 61
2509 512
2510 619
2511 141
2512 322
2513 540
2514 694
2515 906
2516 548
2517 110
2518 222
2519 305
2520 133
2521 908
2522 159
2523 826
2524 27
2525 194
2526 83
2527 995
2528 993
2529 58
2530 859
2531 215
2532 616
2533 153
2534 292
2535 108
2536 592
2537 701
2538 537
2539 775
2540 692
2541 560
2542 883
2543 246
2544 431
2545 729
2546 221
2547 568
2548 180
2549 335
2550 767
2551 245
2552 90
2553 742
2554 993
2555 131
2556 654
2557 35
2558 627
2559 332
2560 165
2561 764
2562 461
2563 152
2564 537
2565 165
2566 135
2567 666
2568 341
2569 193
2570 136
2571 817
2572 144
2573 885
2574 561
2575 509
2576 510
2577 193
2578 32
2579 225
2580 503
2581 560
2582 783
2583 222
2584 4
2585 367
2586 734
2587 10
2588 444
2589 232
2590 757
2591 477
2592 642
2593 38
2594 615
2595 800
2596 410
2597 972
2598 839
2599 737
2600 940
2601 308
2602 620
2603 566
2604 675
2605 968
2606 419
2607 753
2608 818
2609 384
2610 307
2611 188
2612 746
2613 677
2614 969
2615 192
2616 924
2617 62
2618 437
2619 669
2620 250
2621 44
2622 69
2623 204
2624 42
2625 513
2626 381
2627 239
2628 838
2629 378
2630 737
2631 797
2632 762
2633 996
2634 516
2635 835
2636 387
2637 25
2638 515
2639 151
2640 62
2641 197
2642 524
2643 683
2644 151
2645 575
2646 770
2647 844
2648 510
2649 188
2650 989
2651 62
2652 121
2653 112
2654 622
2655 958
2656 127
2657 144
2658 342
2659 96
2660 424
2661 485
2662 46
2663 182
2664 455
2665 826
2666 104
2667 778
2668 695
2669 94
2670 9
2671 928
2672 325
2673 63
2674 782
2675 812
2676 221
2677 790
2678 115
2679 919
2680 872
2681 387
2682 785
2683 403
2684 823
2685 384
2686 254
2687 545
2688 24
2689 783
2690 159
2691 764
2692 341
2693 449
2694 525
2695 420
2696 996
2697 330
2698 914
2699 367
2700 749
2701 796
2702 801
2703 649
2704 998
2705 589
2706 637
2707 643
2708 70
2709 673
2710 824
2711 75
2712 964
2713 835
2714 826
2715 880
2716 596
2717 303
2718 907
2719 747
2720 955
2721 143
2722 259
2723 109
2724 651
2725 657
2726 483
2727 834
2728 197
2729 115
2730 801
2731 383
2732 97
2733 96
2734 961
2735 807
2736 326
2737 628
2738 961
2739 744
2740 200
2741 895
2742 950
2743 712
2744 906
2745 504
2746 554
2747 987
2748 983
2749 209
2750 270
2751 531
2752 315
2753 890
2754 460
2755 31
2756 181
2757 833
2758 145
2759 524
2760 102
2761 93
2762 777
2763 970
2764 891
2765 711
2766 757
2767 957
2768 828
2769 646
2770 186
2771 726
2772 133
2773 111
2774 712
2775 440
2776 149
2777 401
2778 443
2779 297
2780 467
2781 969
2782 727
2783 113
2784 778
2785 436
2786 146
2787 152
2788 38
2789 394
2790 747
2791 290
2792 853
2793 634
2794 119
2795 254
2796 104
2797 894
2798 536
2799 12
2800 643
2801 489
2802 343
2803 714
2804 854
2805 975
2806 195
2807 394
2808 606
2809 349
2810 761
2811 223
2812 790
2813 447
2814 599
2815 620
2816 30
2817 418
2818 792
2819 814
2820 544
2821 264
2822 431
2823 476
2824 130
2825 305
2826 966
2827 305
2828 660
2829 707
2830 999
2831 772
2832 195
2833 758
2834 404
2835 880
2836 100
2837 683
2838 15
2839 998
2840 951
2841 993
2842 293
2843 532
2844 504
2845 844
2846 660
2847 559
2848 790
2849 372
2850 387
2851 285
2852 364
2853 587
2854 384
2855 65
2856 502
2857 265
2858 765
2859 97
2860 727
2861 101
2862 1000
2863 661
2864 516
2865 786
2866 17
2867 602
2868 583
2869 455
2870 421
2871 963
2872 792
2873 979
2874 395
2875 252
2876 639
2877 561
2878 961
2879 229
2880 125
2881 911
2882 367
2883 741
2884 558
2885 922
2886 13
2887 435
2888 957
2889 575
2890 333
2891 808
2892 438
2893 728
2894 931
2895 480
2896 654
2897 986
2898 362
2899 902
2900 317
2901 791
2902 170
2903 177
2904 265
2905 468
2906 204
2907 363
2908 427
2909 791
2910 70
2911 435
2912 827
2913 292
2914 127
2915 724
2916 838
2917 874
2918 569
2919 591
2920 216
2921 745
2922 614
2923 386
2924 450
2925 941
2926 394
2927 782
2928 798
2929 646
2930 229
2931 103
2932 495
2933 617
2934 266
2935 222
2936 904
2937 819
2938 234
2939 724
2940 983
2941 648
2942 59
2943 760
2944 743
2945 735
2946 428
2947 104
2948 411
2949 309
2950 945
2951 689
2952 361
2953 470
2954 367
2955 209
2956 257
2957 810
2958 272
2959 958
2960 438
2961 670
2962 208
2963 128
2964 378
2965 695
2966 247
2967 429
2968 897
2969 944
2970 328
2971 945
2972 79
2973 290
2974 472
2975 931
2976 464
2977 409
2978 234
2979 358
2980 42
2981 557
2982 551
2983 451
2984 118
2985 196
2986 140
2987 911
2988 933
2989 46
2990 29
2991 719
2992 704
2993 897
2994 319
2995 632
2996 184
2997 585
2998 950
2999 706
3000 378
3001 751
3002 239
3003 569
3004 723
3005 488
3006 355
3007 551
3008 403
3009 811
3010 274
3011 858
3012 578
3013 751
3014 16
3015 501
3016 205
3017 204
3018 651
3019 869
3020 965
3021 637
3022 974
3023 821
3024 590
3025 56
3026 952
3027 507
3028 827
3029 505
3030 796
3031 835
3032 107
3033 696
3034 574
3035 296
3036 732
3037 583
3038 592
3039 513
3040 514
3041 97
3042 750
3043 91
3044 852
3045 414
3046 905
3047 711
3048 301
3049 927
3050 899
3051 995
3052 316
3053 441
3054 458
3055 514
3056 215
3057 433
3058 97
3059 157
3060 745
3061 78
3062 203
3063 258
3064 999
3065 55
3066 224
3067 836
3068 414
3069 400
3070 516
3071 712
3072 538
3073 466
3074 617
3075 608
3076 852
3077 367
3078 652
3079 482
3080 249
3081 923
3082 198
3083 21
3084 727
3085 919
3086 448
3087 758
3088 64
3089 213
3090 958
3091 614
3092 33
3093 326
3094 313
3095 591
3096 784
3097 537
3098 583
3099 900
3100 170
3101 854
3102 680
3103 665
3104 201
3105 4
3106 2
3107 884
3108 585
3109 232
3110 517
3111 123
3112 790
3113 866
3114 716
3115 63
3116 983
3117 895
3118 437
3119 653
3120 973
3121 201
3122 473
3123 258
3124 639
3125 648
3126 627
3127 445
3128 147
3129 197
3130 965
3131 909
3132 90
3133 289
3134 231
3135 993
3136 630
3137 327
3138 833
3139 658
3140 445
3141 884
3142 634
3143 25
3144 441
3145 228
3146 964
3147 363
3148 100
3149 510
3150 596
3151 43
3152 746
3153 613
3154 212
3155 585
3156 552
3157 395
3158 359
3159 587
3160 566
3161 503
3162 215
3163 304
3164 391
3165 636
3166 683
3167 234
3168 127
3169 855
3170 586
3171 54
3172 847
3173 904
3174 853
3175 203
3176 649
3177 901
3178 176
3179 875
3180 590
3181 115
3182 280
3183 30
3184 756
3185 163
3186 166
3187 969
3188 787
3189 486
3190 866
3191 396
3192 93
3193 910
3194 349
3195 701
3196 392
3197 41
3198 455
3199 974
3200 697
3201 407
3202 751
3203 779
3204 146
3205 318
3206 551
3207 983
3208 532
3209 675
3210 321
3211 645
3212 521
3213 85
3214 105
3215 108
3216 671
3217 705
3218 94
3219 108
3220 975
3221 962
3222 270
3223 111
3224 548
3225 794
3226 752
3227 948
3228 54
3229 770
3230 932
3231 56
3232 764
3233 989
3234 917
3235 371
3236 4
3237 760
3238 309
3239 253
3240 526
3241 455
3242 997
3243 730
3244 998
3245 433
3246 118
3247 6
3248 799
3249 417
3250 924
3251 922
3252 56
3253 37
3254 284
3255 450
3256 200
3257 429
3258 518
3259 285
3260 190
3261 145
3262 982
3263 31
3264 662
3265 490
3266 697
3267 982
3268 396
3269 75
3270 100
3271 326
3272 451
3273 342
3274 715
3275 751
3276 495
3277 254
3278 741
3279 397
3280 70
3281 279
3282 702
3283 366
3284 743
3285 963
3286 7
3287 179
3288 199
3289 915
3290 739
3291 963
3292 447
3293 91
3294 618
3295 649
3296 412
3297 473
3298 771
3299 344
3300 203
3301 284
3302 34
3303 701
3304 625
3305 147
3306 515
3307 347
3308 3
3309 895
3310 344
3311 791
3312 714
3313 303
3314 476
3315 40
3316 315
3317 935
3318 681
3319 420
3320 299
3321 415
3322 950
3323 643
3324 146
3325 950
3326 993
3327 412
3328 294
3329 141
3330 92
3331 825
3332 770
3333 528
3334 234
3335 93
3336 803
3337 308
3338 878
3339 218
3340 436
3341 493
3342 614
3343 810
3344 671
3345 66
3346 195
3347 545
3348 9
3349 931
3350 550
3351 946
3352 216
3353 845
3354 542
3355 671
3356 590
3357 359
3358 972
3359 682
3360 786
3361 76
3362 751
3363 356
3364 459
3365 561
3366 977
3367 958
3368 977
3369 859
3370 892
3371 31
3372 54
3373 823
3374 488
3375 804
3376 690
3377 304
3378 34
3379 502
3380 558
3381 801
3382 418
3383 66
3384 420
3385 744
3386 521
3387 436
3388 156
3389 66
3390 582
3391 841
3392 389
3393 393
3394 485
3395 130
3396 900
3397 578
3398 72
3399 740
3400 433
3401 933
3402 565
3403 831
3404 516
3405 411
3406 51
3407 455
3408 253
3409 201
3410 290
3411 627
3412 127
3413 797
3414 563
3415 32
3416 497
3417 810
3418 288
3419 121
3420 760
3421 282
3422 677
3423 991
3424 902
3425 415
3426 57
3427 583
3428 347
3429 631
3430 584
3431 925
3432 961
3433 86
3434 662
3435 503
3436 647
3437 702
3438 450
3439 361
3440 971
3441 673
3442 40
3443 924
3444 714
3445 961
3446 38
3447 67
3448 759
3449 198
3450 432
3451 967
3452 845
3453 679
3454 334
3455 756
3456 975
3457 906
3458 759
3459 327
3460 381
3461 877
3462 302
3463 253
3464 608
3465 927
3466 769
3467 717
3468 322
3469 767
3470 174
3471 160
3472 806
3473 982
3474 853
3475 183
3476 454
3477 807
3478 106
3479 357
3480 96
3481 615
3482 617
3483 357
3484 405
3485 82
3486 905
3487 86
3488 115
3489 182
3490 199
3491 719
3492 760
3493 725
3494 553
3495 619
3496 529
3497 622
3498 54
3499 276
3500 555
3501 368
3502 718
3503 922
3504 410
3505 652
3506 971
3507 710
3508 905
3509 991
3510 620
3511 508
3512 397
3513 390
3514 956
3515 394
3516 717
3517 11
3518 767
3519 780
3520 208
3521 79
3522 785
3523 496
3524 494
3525 147
3526 739
3527 205
3528 944
3529 69
3530 269
3531 197
3532 331
3533 784
3534 915
3535 302
3536 642
3537 34
3538 386
3539 303
3540 739
3541 46
3542 156
3543 347
3544 920
3545 540
3546 718
3547 732
3548 110
3549 69
3550 734
3551 315
3552 997
3553 211
3554 822
3555 699
3556 132
3557 740
3558 1
3559 297
3560 228
3561 793
3562 480
3563 644
3564 453
3565 699
3566 456
3567 790
3568 884
3569 592
3570 841
3571 678
3572 922
3573 719
3574 204
3575 727
3576 348
3577 626
3578 118
3579 109
3580 128
3581 894
3582 195
3583 344
3584 382
3585 176
3586 602
3587 105
3588 243
3589 69
3590 326
3591 676
3592 647
3593 743
3594 979
3595 369
3596 447
3597 574
3598 109
3599 531
3600 438
3601 373
3602 892
3603 419
3604 427
3605 6
3606 429
3607 446
3608 939
3609 947
3610 870
3611 359
3612 157
3613 618
3614 977
3615 299
3616 887
3617 106
3618 567
3619 482
3620 94
3621 620
3622 285
3623 437
3624 919
3625 508
3626 919
3627 170
3628 581
3629 864
3630 350
3631 349
3632 547
3633 270
3634 580
3635 695
3636 663
3637 944
3638 674
3639 837
3640 565
3641 426
3642 206
3643 968
3644 315
3645 894
3646 216
3647 216
3648 500
3649 759
3650 969
3651 733
3652 389
3653 187
3654 290
3655 362
3656 806
3657 812
3658 617
3659 578
3660 547
3661 653
3662 110
3663 784
3664 452
3665 164
3666 717
3667 229
3668 778
3669 50
3670 208
3671 210
3672 550
3673 185
3674 848
3675 533
3676 228
3677 170
3678 76
3679 865
3680 751
3681 665
3682 852
3683 152
3684 839
3685 47
3686 564
3687 897
3688 642
3689 395
3690 782
3691 939
3692 309
3693 532
3694 669
3695 256
3696 427
3697 51
3698 342
3699 830
3700 444
3701 352
3702 614
3703 685
3704 555
3705 493
3706 337
3707 748
3708 77
3709 802
3710 886
3711 312
3712 124
3713 634
3714 88
3715 585
3716 795
3717 929
3718 246
3719 972
3720 140
3721 317
3722 832
3723 921
3724 193
3725 339
3726 464
3727 635
3728 331
3729 549
3730 705
3731 11
3732 328
3733 448
3734 453
3735 37
3736 630
3737 707
3738 59
3739 578
3740 905
3741 753
3742 933
3743 635
3744 12
3745 104
3746 235
3747 766
3748 281
3749 727
3750 352
3751 211
3752 186
3753 510
3754 538
3755 10
3756 578
3757 158
3758 874
3759 484
3760 174
3761 687
3762 667
3763 706
3764 284
3765 951
3766 254
3767 36
3768 405
3769 415
3770 50
3771 5
3772 833
3773 581
3774 406
3775 254
3776 305
3777 214
3778 408
3779 254
3780 342
3781 63
3782 144
3783 983
3784 24
3785 760
3786 765
3787 364
3788 634
3789 29
3790 622
3791 34
3792 599
3793 333
3794 133
3795 500
3796 408
3797 98
3798 837
3799 175
3800 976
3801 161
3802 147
3803 116
3804 603
3805 758
3806 598
3807 55
3808 293
3809 633
3810 84
3811 751
3812 200
3813 533
3814 335
3815 449
3816 406
3817 352
3818 730
3819 851
3820 950
3821 414
3822 722
3823 489
3824 977
3825 255
3826 975
3827 750
3828 77
3829 878
3830 752
3831 634
3832 239
3833 506
3834 51
3835 815
3836 924
3837 56
3838 511
3839 831
3840 281
3841 661
3842 137
3843 532
3844 288
3845 856
3846 255
3847 761
3848 480
3849 507
3850 622
3851 990
3852 11
3853 598
3854 967
3855 567
3856 162
3857 391
3858 471
3859 61
3860 331
3861 873
3862 147
3863 554
3864 566
3865 387
3866 682
3867 619
3868 410
3869 146
3870 266
3871 986
3872 830
3873 322
3874 466
3875 951
3876 391
3877 779
3878 696
3879 520
3880 100
3881 641
3882 261
3883 175
3884 672
3885 902
3886 542
3887 249
3888 308
3889 13
3890 806
3891 468
3892 204
3893 800
3894 789
3895 182
3896 292
3897 300
3898 974
3899 437
3900 656
3901 642
3902 620
3903 150
3904 683
3905 507
3906 852
3907 469
3908 647
3909 554
3910 425
3911 589
3912 623
3913 983
3914 629
3915 901
3916 965
3917 81
3918 513
3919 390
3920 318
3921 847
3922 207
3923 310
3924 210
3925 538
3926 831
3927 193
3928 311
3929 727
3930 885
3931 867
3932 691
3933 225
3934 996
3935 854
3936 202
3937 346
3938 107
3939 565
3940 929
3941 983
3942 9
3943 794
3944 228
3945 612
3946 689
3947 642
3948 628
3949 501
3950 313
3951 348
3952 672
3953 910
3954 411
3955 835
3956 381
3957 21
3958 801
3959 957
3960 313
3961 91
3962 839
3963 272
3964 877
3965 665
3966 768
3967 69
3968 14
3969 919
3970 281
3971 534
3972 9
3973 906
3974 181
3975 888
3976 314
3977 789
3978 81
3979 590
3980 246
3981 644
3982 227
3983 496
3984 226
3985 987
3986 131
3987 150
3988 216
3989 88
3990 886
3991 464
3992 621
3993 754
3994 683
3995 915
3996 507
3997 346
3998 66
3999 393
4000 623
4001 336
4002 828
4003 944
4004 515
4005 256
4006 802
4007 171
4008 544
4009 528
4010 869
4011 235
4012 778
4013 542
4014 502
4015 128
4016 567
4017 361
4018 465
4019 652
4020 782
4021 611
4022 398
4023 225
4024 972
4025 768
4026 676
4027 479
4028 27
4029 280
4030 502
4031 113
4032 872
4033 734
4034 459
4035 43
4036 718
4037 466
4038 36
4039 655
4040 411
4041 292
4042 371
4043 743
4044 836
4045 871
4046 836
4047 658
4048 822
4049 435
4050 421
4051 312
4052 710
4053 657
4054 236
4055 529
4056 371
4057 866
4058 196
4059 282
4060 87
4061 610
4062 339
4063 520
4064 833
4065 942
4066 182
4067 758
4068 415
4069 987
4070 903
4071 31
4072 875
4073 334
4074 757
4075 855
4076 96
4077 291
4078 408
4079 598
4080 114
4081 443
4082 363
4083 995
4084 61
4085 791
4086 149
4087 201
4088 192
4089 638
4090 766
4091 87
4092 432
4093 193
4094 846
4095 855
4096 38
4097 921
4098 606
4099 815
4100 886
4101 722
4102 880
4103 443
4104 136
4105 965
4106 983
4107 609
4108 551
4109 708
4110 131
4111 195
4112 205
4113 540
4114 79
4115 675
4116 955
4117 34
4118 496
4119 634
4120 229
4121 897
4122 774
4123 735
4124 117
4125 385
4126 522
4127 657
4128 575
4129 410
4130 658
4131 238
4132 677
4133 650
4134 99
4135 933
4136 121
4137 416
4138 455
4139 185
4140 678
4141 956
4142 784
4143 746
4144 134
4145 957
4146 223
4147 251
4148 97
4149 287
4150 809
4151 945
4152 26
4153 64
4154 412
4155 277
4156 758
4157 770
4158 1000
4159 298
4160 915
4161 81
4162 127
4163 624
4164 908
4165 914
4166 8
4167 635
4168 925
4169 898
4170 469
4171 998
4172 789
4173 613
4174 621
4175 242
4176 278
4177 15
4178 609
4179 296
4180 57
4181 24
4182 899
4183 116
4184 915
4185 628
4186 39
4187 476
4188 295
4189 489
4190 578
4191 60
4192 550
4193 374
4194 156
4195 523
4196 745
4197 369
4198 355
4199 380
4200 695
4201 904
4202 915
4203 435
4204 681
4205 83
4206 564
4207 774
4208 782
4209 734
4210 488
4211 535
4212 595
4213 768
4214 724
4215 681
4216 787
4217 342
4218 549
4219 392
4220 605
4221 891
4222 373
4223 666
4224 350
4225 22
4226 37
4227 147
4228 575
4229 153
4230 812
4231 644
4232 418
4233 332
4234 574
4235 400
4236 379
4237 697
4238 103
4239 457
4240 600
4241 144
4242 473
4243 478
4244 819
4245 746
4246 402
4247 339
4248 371
4249 462
4250 234
4251 692
4252 510
4253 970
4254 787
4255 317
4256 339
4257 802
4258 227
4259 948
4260 724
4261 244
4262 447
4263 847
4264 161
4265 757
4266 625
4267 111
4268 999
4269 612
4270 591
4271 875
4272 321
4273 535
4274 730
4275 745
4276 401
4277 400
4278 106
4279 744
4280 314
4281 848
4282 453
4283 449
4284 817
4285 271
4286 912
4287 701
4288 660
4289 322
4290 873
4291 474
4292 198
4293 346
4294 836
4295 650
4296 770
4297 730
4298 479
4299 302
4300 107
4301 550
4302 54
4303 791
4304 560
4305 292
4306 357
4307 211
4308 972
4309 140
4310 712
4311 432
4312 613
4313 119
4314 725
4315 642
4316 260
4317 163
4318 856
4319 127
4320 883
4321 143
4322 438
4323 860
4324 689
4325 90
4326 399
4327 896
4328 579
4329 344
4330 412
4331 307
4332 940
4333 979
4334 45
4335 989
4336 330
4337 741
4338 754
4339 650
4340 584
4341 629
4342 417
4343 253
4344 798
4345 142
4346 193
4347 785
4348 270
4349 893
4350 5
4351 634
4352 577
4353 260
4354 127
4355 647
4356 138
4357 491
4358 297
4359 248
4360 82
4361 616
4362 102
4363 7
4364 522
4365 511
4366 976
4367 534
4368 581
4369 741
4370 342
4371 674
4372 786
4373 394
4374 207
4375 189
4376 622
4377 416
4378 886
4379 157
4380 88
4381 516
4382 748
4383 9
4384 163
4385 926
4386 875
4387 974
4388 191
4389 805
4390 225
4391 496
4392 43
4393 216
4394 102
4395 238
4396 646
4397 176
4398 897
4399 38
4400 986
4401 560
4402 286
4403 485
4404 592
4405 370
4406 44
4407 227
4408 470
4409 593
4410 203
4411 887
4412 822
4413 497
4414 574
4415 35
4416 833
4417 249
4418 906
4419 476
4420 312
4421 428
4422 312
4423 481
4424 151
4425 122
4426 222
4427 595
4428 67
4429 624
4430 972
4431 126
4432 72
4433 981
4434 850
4435 898
4436 932
4437 342
4438 658
4439 78
4440 674
4441 687
4442 786
4443 940
4444 976
4445 89
4446 316
4447 198
4448 189
4449 348
4450 666
4451 76
4452 966
4453 827
4454 551
4455 511
4456 324
4457 189
4458 922
4459 734
4460 540
4461 969
4462 167
4463 685
4464 750
4465 874
4466 432
4467 472
4468 773
4469 280
4470 278
4471 190
4472 606
4473 704
4474 379
4475 639
4476 673
4477 163
4478 232
4479 869
4480 86
4481 42
4482 759
4483 475
4484 413
4485 410
4486 869
4487 524
4488 915
4489 160
4490 749
4491 185
4492 13
4493 889
4494 632
4495 449
4496 231
4497 400
4498 843
4499 818
4500 463
4501 822
4502 544
4503 926
4504 962
4505 798
4506 463
4507 295
4508 185
4509 217
4510 935
4511 180
4512 226
4513 343
4514 267
4515 335
4516 779
4517 695
4518 587
4519 896
4520 691
4521 187
4522 319
4523 411
4524 431
4525 965
4526 213
4527 584
4528 104
4529 977
4530 35
4531 931
4532 444
4533 313
4534 346
4535 830
4536 948
4537 729
4538 435
4539 15
4540 345
4541 93
4542 510
4543 850
4544 691
4545 470
4546 648
4547 829
4548 674
4549 432
4550 309
4551 401
4552 927
4553 359
4554 337
4555 447
4556 548
4557 355
4558 58
4559 804
4560 99
4561 328
4562 771
4563 585
4564 988
4565 177
4566 213
4567 906
4568 340
4569 753
4570 854
4571 815
4572 642
4573 839
4574 72
4575 115
4576 378
4577 666
4578 230
4579 527
4580 267
4581 385
4582 995
4583 957
4584 204
4585 343
4586 761
4587 858
4588 82
4589 531
4590 825
4591 757
4592 861
4593 712
4594 172
4595 879
4596 323
4597 648
4598 75
4599 286
4600 570
4601 408
4602 740
4603 544
4604 174
4605 388
4606 363
4607 715
4608 425
4609 955
4610 646
4611 933
4612 258
4613 942
4614 502
4615 446
4616 252
4617 120
4618 123
4619 736
4620 625
4621 13
4622 936
4623 294
4624 307
4625 194
4626 661
4627 609
4628 799
4629 983
4630 373
4631 925
4632 378
4633 803
4634 956
4635 654
4636 432
4637 596
4638 377
4639 430
4640 630
4641 488
4642 751
4643 371
4644 319
4645 595
4646 996
4647 491
4648 486
4649 441
4650 92
4651 456
4652 150
4653 267
4654 724
4655 613
4656 985
4657 346
4658 266
4659 392
4660 894
4661 793
4662 306
4663 603
4664 907
4665 830
4666 670
4667 966
4668 130
4669 450
4670 61
4671 942
4672 484
4673 972
4674 852
4675 166
4676 466
4677 393
4678 673
4679 805
4680 518
4681 378
4682 406
4683 408
4684 433
4685 904
4686 989
4687 665
4688 872
4689 448
4690 421
4691 600
4692 809
4693 285
4694 734
4695 561
4696 481
4697 983
4698 366
4699 816
4700 141
4701 486
4702 517
4703 475
4704 10
4705 723
4706 71
4707 930
4708 572
4709 555
4710 899
4711 291
4712 135
4713 972
4714 163
4715 819
4716 398
4717 81
4718 487
4719 23
4720 858
4721 49
4722 113
4723 727
4724 754
4725 903
4726 890
4727 432
4728 408
4729 822
4730 15
4731 34
4732 488
4733 436
4734 337
4735 786
4736 918
4737 175
4738 930
4739 203
4740 486
4741 790
4742 147
4743 488
4744 893
4745 996
4746 110
4747 617
4748 793
4749 128
4750 687
4751 127
4752 999
4753 86
4754 771
4755 921
4756 286
4757 69
4758 677
4759 232
4760 290
4761 176
4762 184
4763 94
4764 113
4765 715
4766 532
4767 87
4768 661
4769 216
4770 662
4771 496
4772 716
4773 155
4774 429
4775 445
4776 12
4777 346
4778 171
4779 427
4780 82
4781 490
4782 104
4783 811
4784 424
4785 470
4786 656
4787 498
4788 828
4789 82
4790 298
4791 128
4792 158
4793 453
4794 634
4795 106
4796 23
4797 955
4798 505
4799 27
4800 935
4801 212
4802 358
4803 255
4804 516
4805 26
4806 913
4807 319
4808 442
4809 405
4810 157
4811 842
4812 860
4813 297
4814 335
4815 904
4816 473
4817 969
4818 939
4819 386
4820 111
4821 546
4822 766
4823 976
4824 583
4825 295
4826 808
4827 577
4828 641
4829 962
4830 449
4831 287
4832 837
4833 319
4834 294
4835 867
4836 77
4837 606
4838 996
4839 352
4840 831
4841 499
4842 690
4843 391
4844 33
4845 512
4846 718
4847 125
4848 827
4849 267
4850 992
4851 546
4852 603
4853 409
4854 17
4855 414
4856 675
4857 45
4858 590
4859 618
4860 676
4861 894
4862 295
4863 767
4864 337
4865 42
4866 579
4867 419
4868 969
4869 465
4870 829
4871 919
4872 177
4873 507
4874 633
4875 249
4876 695
4877 520
4878 767
4879 476
4880 410
4881 944
4882 148
4883 445
4884 967
4885 692
4886 40
4887 33
4888 252
4889 452
4890 923
4891 56
4892 59
4893 573
4894 710
4895 980
4896 61
4897 624
4898 171
4899 413
4900 983
4901 186
4902 255
4903 508
4904 541
4905 2
4906 984
4907 613
4908 236
4909 28
4910 508
4911 645
4912 135
4913 800
4914 384
4915 782
4916 329
4917 442
4918 892
4919 899
4920 195
4921 233
4922 717
4923 330
4924 436
4925 179
4926 770
4927 987
4928 780
4929 750
4930 751
4931 99
4932 790
4933 321
4934 316
4935 206
4936 522
4937 760
4938 776
4939 920
4940 485
4941 175
4942 410
4943 119
4944 704
4945 264
4946 651
4947 933
4948 607
4949 417
4950 430
4951 917
4952 163
4953 164
4954 47
4955 319
4956 221
4957 814
4958 920
4959 955
4960 493
4961 358
4962 215
4963 816
4964 384
4965 864
4966 509
4967 695
4968 207
4969 2
4970 398
4971 460
4972 330
4973 341
4974 40
4975 948
4976 47
4977 80
4978 84
4979 142
4980 946
4981 305
4982 968
4983 102
4984 507
4985 225
4986 763
4987 236
4988 720
4989 781
4990 492
4991 53
4992 842
4993 222
4994 209
4995 597
4996 264
4997 852
4998 278
4999 327
5000 863
5001 224
5002 392
5003 331
5004 800
5005 451
5006 704
5007 862
5008 629
5009 968
5010 94
5011 871
5012 138
5013 767
5014 87
5015 367
5016 547
5017 270
5018 390
5019 314
5020 593
5021 73
5022 448
5023 271
5024 713
5025 503
5026 886
5027 933
5028 230
5029 792
5030 660
5031 274
5032 651
5033 321
5034 123
5035 668
5036 619
5037 780
5038 762
5039 963
5040 30
5041 423
5042 992
5043 439
5044 874
5045 282
5046 649
5047 642
5048 544
5049 125
5050 253
5051 982
5052 308
5053 35
5054 653
5055 497
5056 667
5057 151
5058 100
5059 660
5060 282
5061 768
5062 214
5063 256
5064 194
5065 851
5066 794
5067 855
5068 412
5069 535
5070 532
5071 214
5072 597
5073 262
5074 920
5075 586
5076 416
5077 53
5078 619
5079 756
5080 340
5081 666
5082 371
5083 468
5084 414
5085 754
5086 952
5087 826
5088 143
5089 632
5090 14
5091 45
5092 107
5093 996
5094 563
5095 290
5096 461
5097 373
5098 628
5099 940
5100 430
5101 356
5102 549
5103 271
5104 476
5105 484
5106 201
5107 66
5108 858
5109 919
5110 650
5111 596
5112 268
5113 99
5114 348
5115 93
5116 647
5117 281
5118 576
5119 107
5120 135
5121 35
5122 25
5123 446
5124 519
5125 69
5126 508
5127 863
5128 450
5129 488
5130 48
5131 450
5132 384
5133 730
5134 394
5135 945
5136 976
5137 184
5138 67
5139 625
5140 173
5141 98
5142 647
5143 550
5144 663
5145 442
5146 144
5147 430
5148 720
5149 752
5150 608
5151 220
5152 414
5153 809
5154 990
5155 596
5156 843
5157 17
5158 878
5159 518
5160 759
5161 835
5162 352
5163 622
5164 978
5165 443
5166 100
5167 41
5168 642
5169 569
5170 574
5171 196
5172 12
5173 548
5174 969
5175 947
5176 271
5177 542
5178 361
5179 645
5180 633
5181 680
5182 512
5183 437
5184 404
5185 345
5186 922
5187 402
5188 386
5189 902
5190 230
5191 893
5192 664
5193 158
5194 333
5195 484
5196 395
5197 999
5198 960
5199 785
5200 850
5201 270
5202 416
5203 224
5204 241
5205 691
5206 80
5207 768
5208 602
5209 80
5210 800
5211 176
5212 865
5213 239
5214 536
5215 131
5216 758
5217 355
5218 549
5219 964
5220 730
5221 275
5222 617
5223 318
5224 687
5225 265
5226 816
5227 416
5228 852
5229 214
5230 281
5231 944
5232 383
5233 645
5234 142
5235 919
5236 858
5237 544
5238 998
5239 722
5240 43
5241 252
5242 377
5243 958
5244 137
5245 965
5246 56
5247 624
5248 1000
5249 658
5250 751
5251 112
5252 487
5253 669
5254 470
5255 104
5256 294
5257 611
5258 304
5259 185
5260 638
5261 736
5262 675
5263 818
5264 471
5265 650
5266 266
5267 41
5268 663
5269 111
5270 867
5271 603
5272 639
5273 886
5274 166
5275 723
5276 515
5277 403
5278 270
5279 771
5280 825
5281 252
5282 673
5283 761
5284 408
5285 95
5286 503
5287 287
5288 201
5289 302
5290 716
5291 945
5292 302
5293 685
5294 559
5295 226
5296 425
5297 98
5298 409
5299 451
5300 901
5301 373
5302 917
5303 482
5304 451
5305 375
5306 817
5307 725
5308 22
5309 714
5310 699
5311 280
5312 832
5313 405
5314 131
5315 106
5316 193
5317 583
5318 693
5319 266
5320 983
5321 654
5322 911
5323 576
5324 165
5325 609
5326 252
5327 656
5328 416
5329 152
5330 151
5331 981
5332 82
5333 156
5334 632
5335 281
5336 331
5337 857
5338 40
5339 853
5340 96
5341 322
5342 767
5343 517
5344 313
5345 189
5346 442
5347 408
5348 631
5349 653
5350 658
5351 333
5352 7
5353 1
5354 109
5355 981
5356 488
5357 73
5358 675
5359 365
5360 679
5361 619
5362 582
5363 255
5364 108
5365 979
5366 332
5367 839
5368 816
5369 215
5370 486
5371 221
5372 791
5373 983
5374 496
5375 651
5376 992
5377 425
5378 233
5379 194
5380 392
5381 810
5382 369
5383 623
5384 738
5385 283
5386 125
5387 347
5388 536
5389 576
5390 898
5391 575
5392 446
5393 774
5394 527
5395 651
5396 565
5397 966
5398 753
5399 433
5400 991
5401 755
5402 364
5403 175
5404 432
5405 166
5406 883
5407 608
5408 520
5409 241
5410 649
5411 306
5412 730
5413 218
5414 47
5415 492
5416 16
5417 418
5418 306
5419 740
5420 93
5421 510
5422 737
5423 538
5424 707
5425 959
5426 927
5427 829
5428 675
5429 167
5430 534
5431 929
5432 586
5433 382
5434 94
5435 601
5436 143
5437 130
5438 355
5439 818
5440 898
5441 32
5442 711
5443 452
5444 205
5445 226
5446 658
5447 681
5448 664
5449 466
5450 142
5451 28
5452 553
5453 281
5454 820
5455 486
5456 675
5457 510
5458 230
5459 216
5460 848
5461 763
5462 823
5463 605
5464 209
5465 159
5466 311
5467 405
5468 142
5469 215
5470 503
5471 883
5472 257
5473 710
5474 691
5475 911
5476 551
5477 676
5478 780
5479 673
5480 105
5481 901
5482 384
5483 969
5484 314
5485 843
5486 337
5487 103
5488 175
5489 538
5490 805
5491 185
5492 123
5493 160
5494 27
5495 922
5496 152
5497 911
5498 169
5499 175
5500 472
5501 553
5502 973
5503 783
5504 699
5505 531
5506 599
5507 72
5508 55
5509 841
5510 625
5511 388
5512 684
5513 957
5514 792
5515 257
5516 963
5517 508
5518 936
5519 779
5520 604
5521 718
5522 344
5523 76
5524 40
5525 107
5526 842
5527 41
5528 898
5529 134
5530 726
5531 844
5532 482
5533 483
5534 181
5535 313
5536 570
5537 994
5538 598
5539 935
5540 834
5541 247
5542 755
5543 202
5544 857
5545 968
5546 694
5547 279
5548 582
5549 126
5550 304
5551 82
5552 519
5553 86
5554 407
5555 579
5556 79
5557 904
5558 701
5559 448
5560 537
5561 399
5562 487
5563 314
5564 309
5565 436
5566 128
5567 774
5568 108
5569 287
5570 639
5571 959
5572 506
5573 484
5574 713
5575 474
5576 157
5577 85
5578 221
5579 193
5580 464
5581 599
5582 142
5583 510
5584 144
5585 578
5586 528
5587 477
5588 975
5589 467
5590 431
5591 425
5592 437
5593 649
5594 945
5595 259
5596 836
5597 878
5598 50
5599 759
5600 895
5601 7
5602 982
5603 167
5604 703
5605 277
5606 729
5607 670
5608 31
5609 90
5610 35
5611 406
5612 456
5613 15
5614 243
5615 308
5616 64
5617 865
5618 459
5619 955
5620 771
5621 699
5622 622
5623 185
5624 946
5625 175
5626 410
5627 897
5628 54
5629 429
5630 86
5631 591
5632 222
5633 937
5634 183
5635 437
5636 15
5637 441
5638 610
5639 455
5640 455
5641 69
5642 307
5643 268
5644 314
5645 449
5646 171
5647 686
5648 172
5649 103
5650 465
5651 421
5652 917
5653 737
5654 797
5655 507
5656 925
5657 940
5658 847
5659 853
5660 11
5661 758
5662 855
5663 157
5664 2
5665 578
5666 979
5667 216
5668 566
5669 743
5670 499
5671 46
5672 397
5673 184
5674 704
5675 868
5676 802
5677 344
5678 482
5679 238
5680 985
5681 731
5682 907
5683 565
5684 826
5685 790
5686 732
5687 208
5688 923
5689 191
5690 133
5691 303
5692 791
5693 571
5694 664
5695 11
5696 560
5697 189
5698 181
5699 739
5700 833
5701 356
5702 847
5703 765
5704 384
5705 295
5706 621
5707 527
5708 89
5709 181
5710 947
5711 108
5712 498
5713 287
5714 555
5715 141
5716 395
5717 865
5718 440
5719 831
5720 401
5721 968
5722 250
5723 363
5724 782
5725 374
5726 988
5727 598
5728 951
5729 1000
5730 184
5731 760
5732 17
5733 186
5734 720
5735 385
5736 73
5737 685
5738 782
5739 234
5740 943
5741 791
5742 459
5743 121
5744 74
5745 126
5746 954
5747 1
5748 855
5749 645
5750 575
5751 618
5752 630
5753 186
5754 880
5755 104
5756 150
5757 715
5758 826
5759 286
5760 935
5761 933
5762 922
5763 506
5764 666
5765 96
5766 741
5767 63
5768 779
5769 377
5770 230
5771 786
5772 521
5773 61
5774 67
5775 234
5776 807
5777 852
5778 157
5779 733
5780 285
5781 231
5782 735
5783 702
5784 653
5785 88
5786 793
5787 432
5788 473
5789 672
5790 786
5791 844
5792 64
5793 684
5794 678
5795 456
5796 521
5797 474
5798 776
5799 541
5800 440
5801 785
5802 410
5803 162
5804 580
5805 933
5806 773
5807 534
5808 594
5809 785
5810 954
5811 171
5812 203
5813 557
5814 231
5815 611
5816 258
5817 44
5818 14
5819 525
5820 946
5821 781
5822 124
5823 475
5824 100
5825 536
5826 993
5827 735
5828 147
5829 394
5830 212
5831 569
5832 830
5833 358
5834 805
5835 625
5836 603
5837 772
5838 502
5839 408
5840 404
5841 828
5842 164
5843 255
5844 572
5845 809
5846 775
5847 540
5848 204
5849 867
5850 254
5851 800
5852 409
5853 554
5854 530
5855 453
5856 815
5857 813
5858 387
5859 715
5860 992
5861 832
5862 698
5863 958
5864 868
5865 799
5866 239
5867 256
5868 191
5869 802
5870 658
5871 294
5872 179
5873 583
5874 534
5875 41
5876 448
5877 964
5878 746
5879 660
5880 226
5881 952
5882 972
5883 796
5884 956
5885 818
5886 27
5887 811
5888 75
5889 610
5890 375
5891 163
5892 297
5893 803
5894 70
5895 197
5896 99
5897 607
5898 770
5899 354
5900 898
5901 184
5902 11
5903 772
5904 515
5905 208
5906 551
5907 766
5908 316
5909 639
5910 453
5911 606
5912 935
5913 173
5914 366
5915 191
5916 165
5917 435
5918 995
5919 40
5920 599
5921 617
5922 551
5923 336
5924 968
5925 471
5926 957
5927 214
5928 392
5929 27
5930 171
5931 698
5932 563
5933 501
5934 266
5935 22
5936 797
5937 705
5938 537
5939 367
5940 388
5941 325
5942 927
5943 200
5944 48
5945 944
5946 118
5947 584
5948 900
5949 949
5950 839
5951 357
5952 994
5953 438
5954 589
5955 406
5956 287
5957 32
5958 479
5959 182
5960 689
5961 102
5962 828
5963 668
5964 550
5965 112
5966 524
5967 131
5968 463
5969 211
5970 873
5971 791
5972 675
5973 836
5974 187
5975 910
5976 779
5977 661
5978 70
5979 225
5980 975
5981 203
5982 84
5983 240
5984 514
5985 344
5986 108
5987 298
5988 105
5989 231
5990 376
5991 538
5992 589
5993 208
5994 146
5995 480
5996 83
5997 974
5998 53
5999 693
6000 104
6001 532
6002 262
6003 458
6004 37
6005 436
6006 144
6007 664
6008 8
6009 74
6010 128
6011 248
6012 225
6013 329
6014 364
6015 84
6016 331
6017 122
6018 636
6019 907
6020 752
6021 925
6022 877
6023 474
6024 119
6025 576
6026 408
6027 762
6028 42
6029 128
6030 116
6031 843
6032 533
6033 22
6034 506
6035 846
6036 823
6037 667
6038 151
6039 734
6040 434
6041 86
6042 132
6043 649
6044 442
6045 155
6046 944
6047 873
6048 776
6049 784
6050 958
6051 572
6052 734
6053 625
6054 877
6055 939
6056 80
6057 527
6058 255
6059 37
6060 601
6061 476
6062 798
6063 129
6064 179
6065 418
6066 711
6067 691
6068 417
6069 277
6070 602
6071 795
6072 582
6073 846
6074 888
6075 935
6076 286
6077 532
6078 342
6079 577
6080 467
6081 169
6082 28
6083 184
6084 802
6085 129
6086 366
6087 864
6088 955
6089 334
6090 270
6091 996
6092 694
6093 524
6094 496
6095 650
6096 371
6097 926
6098 837
6099 308
6100 697
6101 855
6102 430
6103 829
6104 729
6105 256
6106 36
6107 547
6108 310
6109 869
6110 393
6111 238
6112 871
6113 587
6114 401
6115 954
6116 197
6117 840
6118 632
6119 381
6120 245
6121 53
6122 133
6123 494
6124 990
6125 671
6126 182
6127 424
6128 54
6129 496
6130 499
6131 450
6132 112
6133 187
6134 947
6135 748
6136 717
6137 531
6138 617
6139 440
6140 690
6141 445
6142 121
6143 41
6144 983
6145 524
6146 664
6147 918
6148 732
6149 489
6150 765
6151 90
6152 606
6153 612
6154 205
6155 29
6156 572
6157 237
6158 679
6159 973
6160 592
6161 199
6162 144
6163 80
6164 965
6165 996
6166 266
6167 881
6168 237
6169 661
6170 536
6171 123
6172 490
6173 180
6174 332
6175 663
6176 206
6177 157
6178 126
6179 824
6180 543
6181 248
6182 238
6183 205
6184 663
6185 168
6186 753
6187 427
6188 927
6189 358
6190 28
6191 895
6192 429
6193 712
6194 654
6195 564
6196 99
6197 696
6198 524
6199 600
6200 790
6201 533
6202 194
6203 516
6204 128
6205 473
6206 25
6207 125
6208 898
6209 338
6210 315
6211 727
6212 182
6213 442
6214 929
6215 546
6216 973
6217 491
6218 740
6219 96
6220 559
6221 599
6222 540
6223 13
6224 83
6225 350
6226 876
6227 773
6228 631
6229 475
6230 358
6231 39
6232 981
6233 356
6234 34
6235 337
6236 869
6237 177
6238 823
6239 301
6240 250
6241 592
6242 301
6243 953
6244 129
6245 889
6246 364
6247 299
6248 931
6249 974
6250 879
6251 423
6252 764
6253 119
6254 38
6255 85
6256 743
6257 385
6258 216
6259 557
6260 666
6261 496
6262 112
6263 472
6264 466
6265 910
6266 720
6267 68
6268 159
6269 104
6270 877
6271 135
6272 863
6273 721
6274 846
6275 618
6276 746
6277 752
6278 278
6279 325
6280 26
6281 443
6282 541
6283 585
6284 709
6285 656
6286 141
6287 375
6288 526
6289 382
6290 288
6291 615
6292 748
6293 880
6294 729
6295 379
6296 862
6297 90
6298 731
6299 827
6300 868
6301 168
6302 31
6303 164
6304 902
6305 163
6306 229
6307 740
6308 574
6309 448
6310 788
6311 239
6312 61
6313 205
6314 714
6315 152
6316 812
6317 251
6318 208
6319 472
6320 804
6321 46
6322 822
6323 76
6324 981
6325 82
6326 777
6327 131
6328 756
6329 262
6330 380
6331 426
6332 1
6333 154
6334 879
6335 95
6336 318
6337 958
6338 525
6339 972
6340 813
6341 874
6342 535
6343 106
6344 105
6345 303
6346 801
6347 712
6348 445
6349 761
6350 435
6351 234
6352 319
6353 150
6354 310
6355 66
6356 415
6357 890
6358 213
6359 103
6360 883
6361 764
6362 162
6363 299
6364 395
6365 592
6366 623
6367 303
6368 544
6369 183
6370 827
6371 78
6372 472
6373 59
6374 406
6375 834
6376 828
6377 441
6378 531
6379 540
6380 880
6381 966
6382 724
6383 975
6384 1000
6385 260
6386 474
6387 747
6388 805
6389 636
6390 460
6391 121
6392 189
6393 761
6394 504
6395 907
6396 11
6397 970
6398 22
6399 671
6400 577
6401 769
6402 643
6403 319
6404 486
6405 718
6406 432
6407 539
6408 494
6409 704
6410 744
6411 974
6412 950
6413 391
6414 604
6415 366
6416 661
6417 251
6418 700
6419 99
6420 317
6421 814
6422 968
6423 879
6424 327
6425 808
6426 168
6427 808
6428 4
6429 521
6430 535
6431 897
6432 435
6433 355
6434 335
6435 371
6436 705
6437 141
6438 624
6439 560
6440 619
6441 14
6442 345
6443 907
6444 361
6445 357
6446 803
6447 326
6448 302
6449 637
6450 455
6451 960
6452 946
6453 96
6454 11
6455 609
6456 568
6457 184
6458 747
6459 502
6460 579
6461 621
6462 857
6463 23
6464 33
6465 435
6466 974
6467 272
6468 802
6469 463
6470 22
6471 378
6472 185
6473 991
6474 148
6475 653
6476 878
6477 565
6478 269
6479 748
6480 735
6481 274
6482 281
6483 780
6484 915
6485 540
6486 646
6487 276
6488 781
6489 175
6490 191
6491 903
6492 301
6493 5
6494 711
6495 450
6496 71
6497 557
6498 940
6499 397
6500 422
6501 516
6502 384
6503 35
6504 997
6505 275
6506 538
6507 216
6508 498
6509 304
6510 755
6511 976
6512 286
6513 897
6514 265
6515 385
6516 654
6517 420
6518 109
6519 224
6520 97
6521 681
6522 189
6523 182
6524 408
6525 625
6526 877
6527 989
6528 738
6529 652
6530 676
6531 692
6532 805
6533 244
6534 838
6535 675
6536 178
6537 952
6538 940
6539 176
6540 804
6541 497
6542 20
6543 310
6544 733
6545 272
6546 209
6547 293
6548 543
6549 577
6550 376
6551 286
6552 10
6553 317
6554 572
6555 478
6556 719
6557 289
6558 585
6559 455
6560 507
6561 862
6562 689
6563 371
6564 134
6565 47
6566 937
6567 735
6568 675
6569 321
6570 212
6571 766
6572 36
6573 89
6574 433
6575 273
6576 383
6577 151
6578 142
6579 230
6580 942
6581 787
6582 825
6583 247
6584 548
6585 772
6586 240
6587 451
6588 333
6589 231
6590 243
6591 92
6592 230
6593 93
6594 47
6595 337
6596 290
6597 870
6598 962
6599 364
6600 254
6601 282
6602 311
6603 367
6604 895
6605 485
6606 289
6607 762
6608 814
6609 3
6610 171
6611 652
6612 647
6613 109
6614 747
6615 132
6616 300
6617 66
6618 941
6619 525
6620 958
6621 490
6622 866
6623 101
6624 470
6625 857
6626 734
6627 936
6628 114
6629 616
6630 361
6631 929
6632 385
6633 386
6634 24
6635 626
6636 833
6637 36
6638 91
6639 839
6640 1000
6641 394
6642 854
6643 621
6644 493
6645 668
6646 460
6647 682
6648 525
6649 373
6650 48
6651 147
6652 207
6653 595
6654 188
6655 973
6656 406
6657 142
6658 709
6659 178
6660 104
6661 638
6662 548
6663 815
6664 321
6665 781
6666 211
6667 64
6668 304
6669 82
6670 191
6671 682
6672 552
6673 195
6674 909
6675 760
6676 87
6677 776
6678 880
6679 283
6680 152
6681 608
6682 817
6683 774
6684 942
6685 606
6686 367
6687 752
6688 716
6689 669
6690 384
6691 41
6692 267
6693 146
6694 788
6695 232
6696 38
6697 836
6698 67
6699 496
6700 436
6701 285
6702 614
6703 210
6704 658
6705 797
6706 335
6707 403
6708 555
6709 768
6710 453
6711 430
6712 74
6713 183
6714 723
6715 386
6716 676
6717 395
6718 913
6719 830
6720 334
6721 878
6722 512
6723 892
6724 937
6725 770
6726 716
6727 524
6728 618
6729 904
6730 939
6731 91
6732 790
6733 911
6734 482
6735 696
6736 716
6737 991
6738 774
6739 223
6740 746
6741 581
6742 171
6743 439
6744 695
6745 619
6746 913
6747 468
6748 862
6749 112
6750 211
6751 441
6752 283
6753 858
6754 249
6755 122
6756 901
6757 701
6758 933
6759 669
6760 79
6761 188
6762 339
6763 285
6764 916
6765 787
6766 889
6767 302
6768 632
6769 593
6770 807
6771 605
6772 167
6773 943
6774 880
6775 734
6776 896
6777 532
6778 538
6779 158
6780 331
6781 812
6782 148
6783 664
6784 394
6785 840
6786 553
6787 389
6788 571
6789 935
6790 885
6791 200
6792 608
6793 566
6794 751
6795 706
6796 59
6797 323
6798 584
6799 863
6800 129
6801 954
6802 201
6803 710
6804 27
6805 919
6806 856
6807 222
6808 366
6809 877
6810 572
6811 899
6812 940
6813 363
6814 413
6815 779
6816 814
6817 808
6818 61
6819 361
6820 912
6821 466
6822 394
6823 384
6824 565
6825 180
6826 20
6827 97
6828 251
6829 387
6830 768
6831 200
6832 130
6833 616
6834 4
6835 192
6836 841
6837 452
6838 378
6839 361
6840 974
6841 221
6842 301
6843 211
6844 148
6845 860
6846 890
6847 936
6848 646
6849 391
6850 68
6851 780
6852 526
6853 943
6854 472
6855 576
6856 532
6857 200
6858 422
6859 1
6860 855
6861 320
6862 27
6863 55
6864 824
6865 766
6866 574
6867 799
6868 925
6869 206
6870 103
6871 691
6872 131
6873 441
6874 970
6875 181
6876 479
6877 996
6878 869
6879 825
6880 79
6881 560
6882 194
6883 859
6884 152
6885 524
6886 989
6887 41
6888 981
6889 725
6890 251
6891 903
6892 621
6893 979
6894 509
6895 250
6896 172
6897 213
6898 351
6899 438
6900 880
6901 88
6902 891
6903 495
6904 183
6905 161
6906 252
6907 940
6908 871
6909 238
6910 332
6911 66
6912 124
6913 26
6914 972
6915 541
6916 170
6917 501
6918 827
6919 131
6920 955
6921 247
6922 811
6923 40
6924 249
6925 206
6926 123
6927 153
6928 572
6929 35
6930 384
6931 541
6932 98
6933 146
6934 445
6935 948
6936 136
6937 379
6938 93
6939 857
6940 46
6941 406
6942 654
6943 967
6944 564
6945 404
6946 520
6947 622
6948 629
6949 899
6950 624
6951 935
6952 199
6953 549
6954 785
6955 535
6956 290
6957 760
6958 651
6959 241
6960 469
6961 805
6962 508
6963 713
6964 187
6965 330
6966 123
6967 46
6968 306
6969 58
6970 325
6971 137
6972 613
6973 663
6974 504
6975 106
6976 339
6977 586
6978 950
6979 582
6980 674
6981 799
6982 17
6983 889
6984 506
6985 672
6986 242
6987 620
6988 617
6989 366
6990 14
6991 846
6992 969
6993 650
6994 514
6995 300
6996 602
6997 387
6998 698
6999 363
7000 380
7001 757
7002 109
7003 979
7004 105
7005 515
7006 547
7007 660
7008 172
7009 290
7010 42
7011 864
7012 291
7013 235
7014 666
7015 631
7016 497
7017 966
7018 209
7019 197
7020 712
7021 971
7022 298
7023 735
7024 55
7025 614
7026 836
7027 301
7028 905
7029 978
7030 111
7031 309
7032 776
7033 438
7034 418
7035 460
7036 385
7037 138
7038 918
7039 114
7040 701
7041 24
7042 124
7043 399
7044 391
7045 175
7046 720
7047 493
7048 646
7049 193
7050 517
7051 330
7052 280
7053 370
7054 49
7055 933
7056 95
7057 653
7058 770
7059 456
7060 749
7061 302
7062 465
7063 220
7064 920
7065 598
7066 868
7067 348
7068 419
7069 276
7070 346
7071 786
7072 439
7073 544
7074 754
7075 62
7076 928
7077 465
7078 698
7079 930
7080 419
7081 676
7082 12
7083 759
7084 732
7085 566
7086 696
7087 18
7088 990
7089 351
7090 91
7091 612
7092 880
7093 681
7094 389
7095 908
7096 90
7097 137
7098 828
7099 771
7100 737
7101 2
7102 389
7103 879
7104 853
7105 492
7106 724
7107 106
7108 894
7109 501
7110 899
7111 306
7112 692
7113 803
7114 266
7115 943
7116 676
7117 567
7118 198
7119 206
7120 987
7121 251
7122 338
7123 585
7124 710
7125 361
7126 602
7127 50
7128 322
7129 602
7130 22
7131 599
7132 167
7133 753
7134 436
7135 55
7136 304
7137 232
7138 297
7139 272
7140 295
7141 510
7142 873
7143 895
7144 545
7145 21
7146 462
7147 764
7148 613
7149 331
7150 98
7151 273
7152 633
7153 730
7154 702
7155 147
7156 30
7157 384
7158 770
7159 424
7160 800
7161 995
7162 963
7163 880
7164 276
7165 704
7166 599
7167 696
7168 207
7169 117
7170 622
7171 605
7172 169
7173 581
7174 108
7175 915
7176 943
7177 941
7178 234
7179 622
7180 43
7181 35
7182 498
7183 456
7184 923
7185 936
7186 108
7187 226
7188 872
7189 562
7190 141
7191 199
7192 263
7193 31
7194 533
7195 698
7196 423
7197 414
7198 129
7199 288
7200 235
7201 891
7202 380
7203 574
7204 340
7205 998
7206 301
7207 678
7208 807
7209 432
7210 384
7211 291
7212 997
7213 953
7214 600
7215 394
7216 144
7217 655
7218 16
7219 889
7220 608
7221 156
7222 59
7223 320
7224 550
7225 786
7226 864
7227 95
7228 227
7229 334
7230 332
7231 18
7232 832
7233 140
7234 843
7235 232
7236 849
7237 230
7238 359
7239 702
7240 103
7241 479
7242 915
7243 948
7244 55
7245 972
7246 885
7247 47
7248 741
7249 185
7250 971
7251 876
7252 148
7253 520
7254 865
7255 259
7256 862
7257 713
7258 131
7259 971
7260 685
7261 311
7262 275
7263 88
7264 527
7265 697
7266 495
7267 160
7268 121
7269 590
7270 238
7271 992
7272 159
7273 525
7274 472
7275 615
7276 175
7277 295
7278 409
7279 906
7280 378
7281 685
7282 442
7283 340
7284 997
7285 338
7286 861
7287 590
7288 71
7289 417
7290 14
7291 624
7292 383
7293 299
7294 413
7295 5
7296 997
7297 568
7298 99
7299 592
7300 439
7301 296
7302 880
7303 472
7304 281
7305 131
7306 897
7307 874
7308 785
7309 499
7310 874
7311 519
7312 729
7313 703
7314 309
7315 862
7316 989
7317 987
7318 77
7319 661
7320 113
7321 512
7322 57
7323 235
7324 51
7325 161
7326 62
7327 586
7328 829
7329 311
7330 817
7331 467
7332 657
7333 8
7334 406
7335 917
7336 193
7337 947
7338 523
7339 809
7340 926
7341 600
7342 606
7343 137
7344 655
7345 468
7346 156
7347 867
7348 362
7349 524
7350 157
7351 846
7352 780
7353 692
7354 45
7355 844
7356 458
7357 670
7358 465
7359 573
7360 390
7361 33
7362 435
7363 115
7364 333
7365 810
7366 182
7367 451
7368 283
7369 332
7370 636
7371 379
7372 204
7373 292
7374 239
7375 295
7376 896
7377 965
7378 193
7379 501
7380 998
7381 744
7382 512
7383 886
7384 314
7385 270
7386 230
7387 673
7388 228
7389 924
7390 945
7391 356
7392 236
7393 103
7394 276
7395 576
7396 137
7397 566
7398 400
7399 586
7400 258
7401 859
7402 158
7403 56
7404 324
7405 144
7406 893
7407 23
7408 676
7409 470
7410 316
7411 564
7412 969
7413 37
7414 8
7415 883
7416 922
7417 298
7418 215
7419 622
7420 335
7421 135
7422 810
7423 965
7424 323
7425 60
7426 14
7427 637
7428 728
7429 248
7430 555
7431 166
7432 546
7433 881
7434 11
7435 204
7436 670
7437 903
7438 451
7439 457
7440 790
7441 439
7442 178
7443 219
7444 217
7445 592
7446 444
7447 162
7448 996
7449 104
7450 549
7451 888
7452 245
7453 843
7454 136
7455 43
7456 581
7457 874
7458 849
7459 45
7460 878
7461 372
7462 255
7463 568
7464 298
7465 337
7466 950
7467 530
7468 572
7469 81
7470 438
7471 190
7472 909
7473 536
7474 669
7475 645
7476 893
7477 452
7478 251
7479 884
7480 257
7481 732
7482 372
7483 87
7484 430
7485 401
7486 733
7487 642
7488 873
7489 21
7490 335
7491 130
7492 671
7493 174
7494 23
7495 686
7496 723
7497 797
7498 134
7499 284
7500 137
7501 480
7502 959
7503 771
7504 734
7505 346
7506 384
7507 699
7508 991
7509 869
7510 372
7511 719
7512 803
7513 775
7514 549
7515 166
7516 597
7517 462
7518 112
7519 19
7520 680
7521 905
7522 435
7523 474
7524 657
7525 872
7526 98
7527 364
7528 743
7529 948
7530 412
7531 307
7532 53
7533 988
7534 152
7535 831
7536 277
7537 417
7538 904
7539 340
7540 6
7541 285
7542 354
7543 549
7544 873
7545 541
7546 30
7547 9
7548 761
7549 578
7550 177
7551 503
7552 636
7553 743
7554 742
7555 458
7556 744
7557 631
7558 733
7559 144
7560 124
7561 249
7562 657
7563 767
7564 192
7565 738
7566 712
7567 757
7568 87
7569 185
7570 859
7571 658
7572 649
7573 887
7574 112
7575 900
7576 499
7577 322
7578 921
7579 331
7580 361
7581 486
7582 145
7583 282
7584 936
7585 843
7586 587
7587 807
7588 638
7589 443
7590 893
7591 742
7592 27
7593 495
7594 672
7595 326
7596 413
7597 542
7598 677
7599 265
7600 715
7601 279
7602 162
7603 80
7604 693
7605 684
7606 771
7607 103
7608 33
7609 126
7610 392
7611 827
7612 730
7613 601
7614 27
7615 789
7616 31
7617 451
7618 525
7619 397
7620 374
7621 504
7622 204
7623 283
7624 439
7625 989
7626 232
7627 368
7628 213
7629 695
7630 889
7631 634
7632 721
7633 946
7634 67
7635 601
7636 422
7637 673
7638 514
7639 286
7640 213
7641 118
7642 161
7643 519
7644 887
7645 401
7646 109
7647 466
7648 860
7649 13
7650 577
7651 535
7652 698
7653 815
7654 357
7655 2
7656 929
7657 146
7658 276
7659 935
7660 264
7661 914
7662 201
7663 574
7664 474
7665 491
7666 434
7667 744
7668 342
7669 653
7670 614
7671 714
7672 789
7673 265
7674 972
7675 765
7676 268
7677 188
7678 795
7679 390
7680 300
7681 850
7682 173
7683 758
7684 63
7685 758
7686 194
7687 675
7688 452
7689 100
7690 14
7691 775
7692 68
7693 42
7694 40
7695 199
7696 589
7697 251
7698 773
7699 212
7700 651
7701 663
7702 455
7703 911
7704 718
7705 369
7706 593
7707 898
7708 769
7709 39
7710 834
7711 291
7712 700
7713 681
7714 717
7715 624
7716 51
7717 982
7718 463
7719 332
7720 610
7721 901
7722 327
7723 298
7724 209
7725 880
7726 165
7727 751
7728 191
7729 329
7730 212
7731 945
7732 600
7733 922
7734 392
7735 50
7736 628
7737 857
7738 460
7739 665
7740 311
7741 152
7742 548
7743 246
7744 484
7745 730
7746 633
7747 383
7748 80
7749 721
7750 914
7751 818
7752 952
7753 414
7754 415
7755 782
7756 356
7757 480
7758 709
7759 241
7760 875
7761 178
7762 694
7763 421
7764 931
7765 666
7766 554
7767 314
7768 250
7769 461
7770 616
7771 814
7772 340
7773 395
7774 120
7775 382
7776 286
7777 203
7778 584
7779 743
7780 725
7781 676
7782 167
7783 581
7784 79
7785 793
7786 413
7787 426
7788 265
7789 587
7790 438
7791 810
7792 204
7793 748
7794 309
7795 485
7796 462
7797 667
7798 745
7799 626
7800 916
7801 395
7802 346
7803 680
7804 694
7805 598
7806 753
7807 636
7808 154
7809 381
7810 760
7811 465
7812 107
7813 511
7814 611
7815 918
7816 917
7817 214
7818 465
7819 779
7820 68
7821 285
7822 98
7823 240
7824 525
7825 883
7826 67
7827 953
7828 655
7829 63
7830 167
7831 805
7832 92
7833 787
7834 616
7835 100
7836 223
7837 16
7838 263
7839 726
7840 323
7841 902
7842 549
7843 333
7844 191
7845 907
7846 998
7847 320
7848 527
7849 421
7850 300
7851 404
7852 21
7853 733
7854 717
7855 622
7856 122
7857 212
7858 7
7859 6
7860 190
7861 889
7862 43
7863 359
7864 40
7865 867
7866 559
7867 932
7868 604
7869 520
7870 434
7871 957
7872 983
7873 307
7874 141
7875 706
7876 403
7877 11
7878 810
7879 23
7880 866
7881 456
7882 941
7883 671
7884 299
7885 482
7886 88
7887 585
7888 103
7889 186
7890 100
7891 424
7892 754
7893 699
7894 167
7895 923
7896 567
7897 80
7898 656
7899 850
7900 722
7901 530
7902 801
7903 684
7904 118
7905 661
7906 258
7907 111
7908 711
7909 77
7910 586
7911 224
7912 690
7913 877
7914 383
7915 22
7916 746
7917 806
7918 548
7919 947
7920 276
7921 33
7922 664
7923 613
7924 362
7925 960
7926 535
7927 70
7928 413
7929 728
7930 322
7931 224
7932 251
7933 848
7934 519
7935 641
7936 857
7937 702
7938 857
7939 259
7940 552
7941 144
7942 575
7943 68
7944 775
7945 13
7946 520
7947 673
7948 29
7949 408
7950 931
7951 442
7952 13
7953 899
7954 212
7955 38
7956 724
7957 556
7958 980
7959 932
7960 822
7961 480
7962 313
7963 585
7964 556
7965 626
7966 228
7967 180
7968 501
7969 859
7970 614
7971 96
7972 920
7973 319
7974 716
7975 933
7976 436
7977 685
7978 402
7979 379
7980 968
7981 212
7982 291
7983 977
7984 84
7985 848
7986 650
7987 953
7988 454
7989 846
7990 538
7991 288
7992 568
7993 225
7994 445
7995 73
7996 10
7997 443
7998 811
7999 207
8000 67
8001 187
8002 760
8003 990
8004 553
8005 562
8006 936
8007 705
8008 842
8009 944
8010 27
8011 897
8012 121
8013 834
8014 59
8015 744
8016 802
8017 29
8018 763
8019 836
8020 954
8021 529
8022 465
8023 432
8024 938
8025 775
8026 879
8027 403
8028 659
8029 464
8030 129
8031 180
8032 495
8033 763
8034 468
8035 390
8036 154
8037 20
8038 793
8039 328
8040 255
8041 184
8042 944
8043 877
8044 81
8045 804
8046 111
8047 184
8048 892
8049 660
8050 793
8051 384
8052 967
8053 288
8054 511
8055 765
8056 2
8057 104
8058 782
8059 725
8060 614
8061 423
8062 599
8063 609
8064 598
8065 41
8066 166
8067 620
8068 556
8069 62
8070 118
8071 696
8072 553
8073 565
8074 409
8075 952
8076 365
8077 337
8078 655
8079 177
8080 442
8081 666
8082 841
8083 381
8084 690
8085 841
8086 967
8087 645
8088 317
8089 135
8090 802
8091 186
8092 793
8093 894
8094 833
8095 588
8096 430
8097 196
8098 429
8099 562
8100 424
8101 331
8102 848
8103 93
8104 601
8105 369
8106 376
8107 100
8108 495
8109 152
8110 489
8111 453
8112 706
8113 178
8114 334
8115 782
8116 814
8117 592
8118 926
8119 86
8120 118
8121 776
8122 962
8123 601
8124 983
8125 982
8126 712
8127 85
8128 472
8129 974
8130 753
8131 484
8132 905
8133 849
8134 152
8135 400
8136 795
8137 193
8138 616
8139 144
8140 282
8141 555
8142 626
8143 31
8144 581
8145 900
8146 180
8147 850
8148 593
8149 104
8150 430
8151 229
8152 69
8153 582
8154 968
8155 276
8156 730
8157 994
8158 114
8159 745
8160 77
8161 623
8162 421
8163 623
8164 185
8165 556
8166 731
8167 327
8168 684
8169 736
8170 651
8171 768
8172 417
8173 861
8174 645
8175 633
8176 461
8177 370
8178 939
8179 953
8180 123
8181 22
8182 249
8183 670
8184 699
8185 460
8186 161
8187 255
8188 208
8189 183
8190 599
8191 27
8192 482
8193 194
8194 427
8195 267
8196 563
8197 103
8198 31
8199 257
8200 646
8201 552
8202 500
8203 546
8204 130
8205 119
8206 394
8207 910
8208 887
8209 941
8210 798
8211 903
8212 827
8213 417
8214 447
8215 282
8216 77
8217 498
8218 700
8219 433
8220 665
8221 545
8222 916
8223 843
8224 501
8225 978
8226 471
8227 458
8228 525
8229 746
8230 727
8231 211
8232 380
8233 210
8234 113
8235 301
8236 839
8237 669
8238 939
8239 504
8240 971
8241 407
8242 971
8243 257
8244 465
8245 280
8246 584
8247 844
8248 781
8249 385
8250 803
8251 968
8252 859
8253 206
8254 146
8255 827
8256 132
8257 619
8258 364
8259 268
8260 750
8261 338
8262 321
8263 564
8264 70
8265 711
8266 681
8267 830
8268 309
8269 107
8270 892
8271 417
8272 175
8273 618
8274 244
8275 715
8276 955
8277 64
8278 556
8279 268
8280 643
8281 852
8282 932
8283 644
8284 772
8285 991
8286 576
8287 983
8288 920
8289 676
8290 570
8291 761
8292 856
8293 922
8294 540
8295 963
8296 691
8297 726
8298 439
8299 732
8300 252
8301 619
8302 204
8303 320
8304 294
8305 484
8306 124
8307 772
8308 255
8309 206
8310 283
8311 599
8312 172
8313 40
8314 274
8315 80
8316 888
8317 589
8318 837
8319 789
8320 481
8321 387
8322 101
8323 54
8324 10
8325 615
8326 219
8327 468
8328 927
8329 764
8330 357
8331 127
8332 216
8333 270
8334 783
8335 834
8336 204
8337 4
8338 14
8339 72
8340 789
8341 590
8342 336
8343 737
8344 935
8345 92
8346 4
8347 384
8348 734
8349 758
8350 565
8351 532
8352 29
8353 363
8354 434
8355 691
8356 948
8357 639
8358 893
8359 248
8360 230
8361 184
8362 962
8363 356
8364 806
8365 446
8366 961
8367 231
8368 405
8369 960
8370 655
8371 43
8372 328
8373 533
8374 720
8375 907
8376 588
8377 855
8378 187
8379 702
8380 383
8381 75
8382 539
8383 160
8384 296
8385 930
8386 119
8387 905
8388 246
8389 191
8390 612
8391 173
8392 183
8393 476
8394 521
8395 132
8396 14
8397 251
8398 223
8399 128
8400 211
8401 970
8402 709
8403 647
8404 222
8405 370
8406 456
8407 19
8408 266
8409 791
8410 224
8411 168
8412 72
8413 53
8414 501
8415 95
8416 165
8417 730
8418 453
8419 411
8420 198
8421 43
8422 7
8423 310
8424 628
8425 67
8426 162
8427 683
8428 89
8429 366
8430 951
8431 225
8432 977
8433 904
8434 346
8435 54
8436 256
8437 794
8438 486
8439 943
8440 116
8441 986
8442 655
8443 280
8444 257
8445 619
8446 340
8447 137
8448 126
8449 821
8450 843
8451 601
8452 827
8453 791
8454 716
8455 820
8456 816
8457 607
8458 871
8459 432
8460 221
8461 983
8462 163
8463 741
8464 879
8465 818
8466 912
8467 31
8468 6
8469 117
8470 65
8471 312
8472 464
8473 74
8474 592
8475 675
8476 175
8477 718
8478 724
8479 41
8480 847
8481 895
8482 9
8483 87
8484 205
8485 327
8486 865
8487 773
8488 661
8489 902
8490 945
8491 362
8492 96
8493 981
8494 455
8495 44
8496 834
8497 224
8498 437
8499 707
8500 291
8501 558
8502 485
8503 536
8504 979
8505 384
8506 476
8507 675
8508 478
8509 327
8510 545
8511 741
8512 311
8513 286
8514 485
8515 786
8516 631
8517 190
8518 359
8519 537
8520 349
8521 112
8522 261
8523 256
8524 45
8525 275
8526 434
8527 218
8528 239
8529 79
8530 856
8531 617
8532 368
8533 806
8534 503
8535 740
8536 696
8537 335
8538 858
8539 834
8540 171
8541 714
8542 702
8543 852
8544 191
8545 488
8546 905
8547 582
8548 810
8549 149
8550 113
8551 315
8552 113
8553 142
8554 582
8555 843
8556 138
8557 727
8558 756
8559 364
8560 348
8561 52
8562 92
8563 244
8564 484
8565 209
8566 776
8567 323
8568 624
8569 805
8570 677
8571 198
8572 320
8573 946
8574 196
8575 495
8576 483
8577 183
8578 468
8579 785
8580 461
8581 6
8582 860
8583 461
8584 617
8585 931
8586 778
8587 650
8588 704
8589 331
8590 896
8591 448
8592 326
8593 601
8594 114
8595 301
8596 318
8597 426
8598 944
8599 800
8600 919
8601 419
8602 260
8603 147
8604 733
8605 28
8606 128
8607 440
8608 629
8609 682
8610 818
8611 924
8612 873
8613 289
8614 747
8615 902
8616 541
8617 930
8618 478
8619 483
8620 877
8621 345
8622 996
8623 374
8624 249
8625 990
8626 601
8627 451
8628 495
8629 839
8630 919
8631 539
8632 623
8633 781
8634 1
8635 47
8636 383
8637 896
8638 496
8639 439
8640 198
8641 196
8642 902
8643 599
8644 706
8645 18
8646 614
8647 12
8648 427
8649 10
8650 534
8651 705
8652 282
8653 271
8654 430
8655 490
8656 96
8657 542
8658 15
8659 652
8660 487
8661 746
8662 675
8663 671
8664 168
8665 228
8666 552
8667 193
8668 703
8669 785
8670 73
8671 56
8672 158
8673 10
8674 293
8675 215
8676 947
8677 120
8678 200
8679 759
8680 536
8681 492
8682 159
8683 887
8684 579
8685 907
8686 691
8687 722
8688 300
8689 86
8690 11
8691 92
8692 231
8693 995
8694 679
8695 26
8696 832
8697 874
8698 488
8699 898
8700 292
8701 813
8702 25
8703 698
8704 759
8705 81
8706 843
8707 69
8708 362
8709 234
8710 494
8711 546
8712 858
8713 328
8714 58
8715 688
8716 15
8717 256
8718 93
8719 672
8720 461
8721 964
8722 135
8723 69
8724 752
8725 763
8726 274
8727 888
8728 433
8729 423
8730 307
8731 327
8732 917
8733 669
8734 493
8735 13
8736 391
8737 497
8738 402
8739 620
8740 661
8741 536
8742 648
8743 933
8744 640
8745 835
8746 294
8747 740
8748 453
8749 50
8750 76
8751 509
8752 39
8753 356
8754 116
8755 450
8756 807
8757 766
8758 8
8759 974
8760 716
8761 271
8762 409
8763 522
8764 175
8765 803
8766 952
8767 605
8768 147
8769 341
8770 40
8771 302
8772 221
8773 401
8774 404
8775 516
8776 181
8777 25
8778 365
8779 619
8780 304
8781 438
8782 151
8783 602
8784 251
8785 505
8786 216
8787 701
8788 376
8789 650
8790 492
8791 405
8792 965
8793 770
8794 109
8795 440
8796 711
8797 86
8798 460
8799 897
8800 643
8801 130
8802 658
8803 943
8804 191
8805 369
8806 788
8807 46
8808 49
8809 773
8810 830
8811 36
8812 170
8813 526
8814 934
8815 379
8816 500
8817 289
8818 832
8819 23
8820 972
8821 378
8822 97
8823 780
8824 907
8825 719
8826 125
8827 862
8828 926
8829 282
8830 520
8831 550
8832 100
8833 759
8834 310
8835 209
8836 46
8837 272
8838 426
8839 742
8840 392
8841 224
8842 322
8843 789
8844 578
8845 284
8846 733
8847 80
8848 25
8849 364
8850 442
8851 156
8852 797
8853 814
8854 827
8855 794
8856 931
8857 548
8858 650
8859 621
8860 640
8861 747
8862 839
8863 243
8864 392
8865 158
8866 480
8867 966
8868 630
8869 724
8870 387
8871 892
8872 941
8873 723
8874 415
8875 999
8876 133
8877 183
8878 497
8879 334
8880 382
8881 373
8882 582
8883 237
8884 314
8885 185
8886 404
8887 444
8888 198
8889 522
8890 813
8891 978
8892 480
8893 580
8894 271
8895 95
8896 292
8897 946
8898 296
8899 306
8900 507
8901 414
8902 917
8903 263
8904 891
8905 182
8906 923
8907 994
8908 351
8909 182
8910 586
8911 312
8912 840
8913 248
8914 567
8915 299
8916 447
8917 271
8918 310
8919 714
8920 994
8921 256
8922 145
8923 700
8924 838
8925 601
8926 453
8927 567
8928 56
8929 299
8930 620
8931 67
8932 400
8933 876
8934 273
8935 389
8936 72
8937 938
8938 203
8939 111
8940 518
8941 584
8942 233
8943 799
8944 59
8945 339
8946 16
8947 447
8948 176
8949 810
8950 250
8951 180
8952 641
8953 897
8954 408
8955 549
8956 987
8957 786
8958 731
8959 939
8960 740
8961 154
8962 442
8963 281
8964 449
8965 269
8966 86
8967 688
8968 404
8969 870
8970 101
8971 29
8972 666
8973 336
8974 942
8975 650
8976 424
8977 521
8978 352
8979 10
8980 470
8981 154
8982 134
8983 278
8984 924
8985 504
8986 156
8987 516
8988 851
8989 844
8990 166
8991 556
8992 965
8993 913
8994 243
8995 501
8996 672
8997 871
8998 585
8999 385
9000 190
9001 905
9002 709
9003 842
9004 106
9005 262
9006 503
9007 67
9008 685
9009 827
9010 820
9011 851
9012 956
9013 595
9014 761
9015 276
9016 841
9017 990
9018 729
9019 148
9020 18
9021 667
9022 640
9023 124
9024 868
9025 273
9026 298
9027 963
9028 304
9029 630
9030 435
9031 132
9032 337
9033 698
9034 759
9035 146
9036 956
9037 440
9038 207
9039 922
9040 704
9041 805
9042 200
9043 871
9044 572
9045 786
9046 502
9047 392
9048 724
9049 445
9050 549
9051 981
9052 231
9053 957
9054 833
9055 210
9056 537
9057 709
9058 501
9059 282
9060 148
9061 70
9062 705
9063 969
9064 598
9065 707
9066 875
9067 360
9068 12
9069 680
9070 631
9071 680
9072 47
9073 847
9074 886
9075 499
9076 927
9077 488
9078 763
9079 79
9080 632
9081 308
9082 302
9083 674
9084 259
9085 352
9086 85
9087 838
9088 216
9089 457
9090 58
9091 819
9092 861
9093 957
9094 63
9095 113
9096 205
9097 866
9098 211
9099 142
9100 292
9101 457
9102 216
9103 873
9104 735
9105 429
9106 57
9107 629
9108 170
9109 375
9110 430
9111 115
9112 226
9113 932
9114 298
9115 853
9116 389
9117 264
9118 399
9119 991
9120 72
9121 651
9122 304
9123 4
9124 819
9125 120
9126 37
9127 576
9128 734
9129 362
9130 761
9131 308
9132 114
9133 625
9134 433
9135 504
9136 169
9137 636
9138 962
9139 678
9140 399
9141 648
9142 125
9143 437
9144 632
9145 857
9146 888
9147 788
9148 23
9149 140
9150 210
9151 827
9152 631
9153 695
9154 901
9155 43
9156 74
9157 131
9158 553
9159 815
9160 440
9161 719
9162 886
9163 728
9164 825
9165 886
9166 713
9167 385
9168 623
9169 547
9170 880
9171 714
9172 926
9173 70
9174 839
9175 159
9176 680
9177 980
9178 150
9179 281
9180 625
9181 371
9182 315
9183 741
9184 328
9185 314
9186 799
9187 808
9188 147
9189 842
9190 531
9191 666
9192 124
9193 840
9194 17
9195 422
9196 66
9197 239
9198 294
9199 390
9200 928
9201 195
9202 314
9203 965
9204 628
9205 895
9206 622
9207 207
9208 403
9209 526
9210 389
9211 494
9212 285
9213 270
9214 149
9215 223
9216 479
9217 171
9218 356
9219 715
9220 672
9221 79
9222 990
9223 1000
9224 351
9225 102
9226 782
9227 144
9228 451
9229 8
9230 401
9231 71
9232 738
9233 934
9234 511
9235 56
9236 624
9237 113
9238 899
9239 188
9240 437
9241 948
9242 364
9243 581
9244 709
9245 259
9246 484
9247 1000
9248 71
9249 325
9250 193
9251 971
9252 270
9253 986
9254 886
9255 604
9256 128
9257 750
9258 405
9259 62
9260 87
9261 560
9262 475
9263 334
9264 83
9265 702
9266 731
9267 998
9268 371
9269 624
9270 134
9271 744
9272 734
9273 532
9274 994
9275 219
9276 579
9277 733
9278 152
9279 564
9280 216
9281 521
9282 321
9283 119
9284 982
9285 553
9286 824
9287 637
9288 146
9289 209
9290 922
9291 795
9292 446
9293 907
9294 524
9295 880
9296 924
9297 448
9298 518
9299 958
9300 698
9301 849
9302 560
9303 632
9304 106
9305 668
9306 742
9307 948
9308 489
9309 385
9310 961
9311 85
9312 142
9313 192
9314 757
9315 251
9316 226
9317 30
9318 59
9319 994
9320 505
9321 226
9322 779
9323 466
9324 343
9325 319
9326 178
9327 500
9328 10
9329 19
9330 551
9331 179
9332 493
9333 428
9334 782
9335 463
9336 387
9337 445
9338 804
9339 829
9340 742
9341 811
9342 259
9343 992
9344 313
9345 107
9346 324
9347 101
9348 282
9349 590
9350 47
9351 76
9352 834
9353 914
9354 587
9355 584
9356 75
9357 189
9358 444
9359 465
9360 376
9361 120
9362 422
9363 408
9364 150
9365 731
9366 788
9367 87
9368 308
9369 892
9370 764
9371 145
9372 879
9373 369
9374 725
9375 478
9376 241
9377 412
9378 160
9379 501
9380 395
9381 409
9382 895
9383 252
9384 826
9385 62
9386 330
9387 353
9388 894
9389 857
9390 498
9391 152
9392 991
9393 637
9394 722
9395 132
9396 66
9397 652
9398 455
9399 520
9400 975
9401 13
9402 591
9403 455
9404 791
9405 275
9406 951
9407 320
9408 969
9409 560
9410 556
9411 371
9412 929
9413 895
9414 949
9415 419
9416 190
9417 936
9418 357
9419 80
9420 153
9421 298
9422 769
9423 276
9424 292
9425 60
9426 555
9427 220
9428 196
9429 603
9430 986
9431 636
9432 751
9433 489
9434 878
9435 276
9436 758
9437 89
9438 580
9439 119
9440 790
9441 328
9442 335
9443 984
9444 760
9445 539
9446 620
9447 571
9448 489
9449 570
9450 18
9451 988
9452 968
9453 915
9454 373
9455 760
9456 381
9457 932
9458 331
9459 361
9460 679
9461 352
9462 701
9463 676
9464 990
9465 337
9466 869
9467 581
9468 218
9469 674
9470 156
9471 975
9472 580
9473 715
9474 947
9475 330
9476 577
9477 811
9478 855
9479 779
9480 757
9481 73
9482 804
9483 449
9484 196
9485 851
9486 139
9487 872
9488 965
9489 508
9490 510
9491 361
9492 986
9493 79
9494 124
9495 771
9496 558
9497 949
9498 17
9499 845
9500 204
9501 976
9502 822
9503 418
9504 753
9505 483
9506 284
9507 133
9508 311
9509 614
9510 257
9511 482
9512 647
9513 335
9514 106
9515 319
9516 457
9517 908
9518 870
9519 456
9520 729
9521 118
9522 699
9523 77
9524 540
9525 822
9526 58
9527 922
9528 507
9529 212
9530 857
9531 277
9532 391
9533 516
9534 268
9535 686
9536 264
9537 827
9538 269
9539 559
9540 698
9541 454
9542 921
9543 90
9544 320
9545 398
9546 751
9547 89
9548 337
9549 37
9550 215
9551 3
9552 301
9553 864
9554 81
9555 267
9556 914
9557 349
9558 302
9559 882
9560 462
9561 953
9562 550
9563 659
9564 220
9565 535
9566 22
9567 429
9568 590
9569 133
9570 485
9571 674
9572 330
9573 981
9574 48
9575 705
9576 30
9577 59
9578 408
9579 754
9580 642
9581 80
9582 626
9583 6
9584 244
9585 525
9586 728
9587 893
9588 458
9589 219
9590 504
9591 285
9592 620
9593 164
9594 662
9595 8
9596 426
9597 889
9598 289
9599 699
9600 156
9601 816
9602 95
9603 346
9604 774
9605 286
9606 111
9607 647
9608 131
9609 622
9610 387
9611 667
9612 205
9613 66
9614 754
9615 696
9616 92
9617 829
9618 217
9619 272
9620 56
9621 27
9622 476
9623 291
9624 230
9625 695
9626 879
9627 95
9628 125
9629 609
9630 342
9631 635
9632 338
9633 716
9634 877
9635 165
9636 312
9637 797
9638 166
9639 247
9640 291
9641 533
9642 298
9643 520
9644 447
9645 356
9646 442
9647 717
9648 688
9649 981
9650 531
9651 996
9652 980
9653 348
9654 652
9655 401
9656 555
9657 626
9658 27
9659 448
9660 311
9661 445
9662 365
9663 5
9664 818
9665 350
9666 779
9667 114
9668 366
9669 770
9670 399
9671 380
9672 711
9673 144
9674 524
9675 893
9676 770
9677 366
9678 996
9679 861
9680 714
9681 302
9682 586
9683 863
9684 245
9685 568
9686 543
9687 682
9688 187
9689 850
9690 499
9691 3
9692 894
9693 108
9694 387
9695 165
9696 546
9697 392
9698 378
9699 876
9700 370
9701 620
9702 743
9703 383
9704 424
9705 16
9706 647
9707 370
9708 391
9709 964
9710 664
9711 652
9712 355
9713 10
9714 731
9715 969
9716 295
9717 757
9718 412
9719 470
9720 505
9721 607
9722 655
9723 160
9724 110
9725 642
9726 291
9727 787
9728 511
9729 388
9730 142
9731 754
9732 237
9733 344
9734 745
9735 676
9736 582
9737 402
9738 400
9739 371
9740 424
9741 932
9742 402
9743 821
9744 281
9745 601
9746 173
9747 181
9748 136
9749 963
9750 449
9751 834
9752 773
9753 918
9754 590
9755 768
9756 373
9757 567
9758 616
9759 142
9760 342
9761 29
9762 6
9763 909
9764 118
9765 701
9766 77
9767 394
9768 874
9769 491
9770 384
9771 312
9772 811
9773 183
9774 814
9775 432
9776 30
9777 449
9778 830
9779 395
9780 261
9781 961
9782 235
9783 650
9784 335
9785 668
9786 583
9787 982
9788 231
9789 922
9790 662
9791 892
9792 989
9793 740
9794 591
9795 109
9796 722
9797 406
9798 751
9799 310
9800 472
9801 913
9802 935
9803 8
9804 644
9805 398
9806 292
9807 108
9808 811
9809 199
9810 774
9811 391
9812 980
9813 231
9814 420
9815 24
9816 507
9817 995
9818 761
9819 427
9820 861
9821 566
9822 82
9823 103
9824 382
9825 323
9826 47
9827 672
9828 329
9829 731
9830 973
9831 739
9832 997
9833 486
9834 436
9835 188
9836 746
9837 919
9838 151
9839 477
9840 947
9841 59
9842 478
9843 361
9844 761
9845 181
9846 154
9847 185
9848 55
9849 651
9850 740
9851 952
9852 16
9853 438
9854 815
9855 403
9856 357
9857 959
9858 607
9859 742
9860 583
9861 182
9862 863
9863 33
9864 189
9865 25
9866 383
9867 891
9868 849
9869 546
9870 236
9871 643
9872 438
9873 588
9874 936
9875 821
9876 839
9877 68
9878 684
9879 782
9880 300
9881 593
9882 592
9883 672
9884 11
9885 654
9886 309
9887 421
9888 387
9889 157
9890 694
9891 575
9892 583
9893 813
9894 55
9895 19
9896 720
9897 86
9898 886
9899 360
9900 221
9901 188
9902 517
9903 826
9904 668
9905 357
9906 102
9907 873
9908 278
9909 297
9910 97
9911 809
9912 778
9913 339
9914 798
9915 743
9916 236
9917 616
9918 682
9919 63
9920 781
9921 153
9922 696
9923 662
9924 156
9925 489
9926 445
9927 413
9928 714
9929 442
9930 230
9931 400
9932 870
9933 481
9934 457
9935 166
9936 175
9937 507
9938 570
9939 515
9940 557
9941 977
9942 371
9943 94
9944 344
9945 742
9946 751
9947 745
9948 514
9949 317
9950 41
9951 421
9952 562
9953 149
9954 677
9955 232
9956 487
9957 582
9958 121
9959 531
9960 375
9961 662
9962 687
9963 1000
9964 410
9965 206
9966 939
9967 528
9968 887
9969 730
9970 474
9971 480
9972 660
9973 530
9974 130
9975 774
9976 588
9977 532
9978 90
9979 619
9980 259
9981 691
9982 720
9983 199
9984 570
9985 821
9986 248
9987 962
9988 116
9989 1
9990 689
9991 173
9992 54
9993 306
9994 225
9995 780
9996 350
9997 682
9998 640
9999 451
